Copyright 1986-2022 Xilinx, Inc. All Rights Reserved. Copyright 2022-2025 Advanced Micro Devices, Inc. All Rights Reserved.
------------------------------------------------------------------------------------------------------------------------------------------------------------------------------------------------------------
| Tool Version      : Vivado v.2025.2 (win64) Build 6299465 Fri Nov 14 19:35:11 GMT 2025
| Date              : Wed Sep  9 18:06:55 2026
| Host              : Finesse running 64-bit major release  (build 9200)
| Command           : report_timing_summary -delay_type min -max_paths 20 -file D:/Workspace/ITS_STUDY_V35_P2F_B2_R3R/03_verification/vivado/reports_r3r_postroute/report_timing_hold_summary_postroute.rpt
| Design            : p2f_dct2_64_b1_step102
| Device            : xcku5p-ffvb676
| Speed File        : -2  PRODUCTION 1.29 05-01-2022
| Design State      : Routed
| Temperature Grade : E
------------------------------------------------------------------------------------------------------------------------------------------------------------------------------------------------------------

Timing Summary Report

------------------------------------------------------------------------------------------------
| Timer Settings
| --------------
------------------------------------------------------------------------------------------------

  Enable Multi Corner Analysis               :  Yes
  Enable Pessimism Removal                   :  Yes
  Pessimism Removal Resolution               :  Nearest Common Node
  Enable Input Delay Default Clock           :  No
  Enable Preset / Clear Arcs                 :  No
  Disable Flight Delays                      :  No
  Ignore I/O Paths                           :  No
  Timing Early Launch at Borrowing Latches   :  No
  Borrow Time for Max Delay Exceptions       :  Yes
  Merge Timing Exceptions                    :  Yes
  Inter-SLR Compensation                     :  Conservative

  Corner  Analyze    Analyze    
  Name    Max Paths  Min Paths  
  ------  ---------  ---------  
  Slow    Yes        Yes        
  Fast    Yes        Yes        


------------------------------------------------------------------------------------------------
| Report Methodology
| ------------------
------------------------------------------------------------------------------------------------

No report available as report_methodology has not been run prior. Run report_methodology on the current design for the summary of methodology violations.



check_timing report

Table of Contents
-----------------
1. checking no_clock (0)
2. checking constant_clock (0)
3. checking pulse_width_clock (0)
4. checking unconstrained_internal_endpoints (0)
5. checking no_input_delay (1042)
6. checking no_output_delay (128)
7. checking multiple_clock (0)
8. checking generated_clocks (0)
9. checking loops (0)
10. checking partial_input_delay (0)
11. checking partial_output_delay (0)
12. checking latch_loops (0)

1. checking no_clock (0)
------------------------
 There are 0 register/latch pins with no clock.


2. checking constant_clock (0)
------------------------------
 There are 0 register/latch pins with constant_clock.


3. checking pulse_width_clock (0)
---------------------------------
 There are 0 register/latch pins which need pulse_width check


4. checking unconstrained_internal_endpoints (0)
------------------------------------------------
 There are 0 pins that are not constrained for maximum delay.

 There are 0 pins that are not constrained for maximum delay due to constant clock.


5. checking no_input_delay (1042)
---------------------------------
 There are 1042 input ports with no input delay specified. (HIGH)

 There are 0 input ports with no input delay but user has a false path constraint.


6. checking no_output_delay (128)
---------------------------------
 There are 128 ports with no output delay specified. (HIGH)

 There are 0 ports with no output delay but user has a false path constraint

 There are 0 ports with no output delay but with a timing clock defined on it or propagating through it


7. checking multiple_clock (0)
------------------------------
 There are 0 register/latch pins with multiple clocks.


8. checking generated_clocks (0)
--------------------------------
 There are 0 generated clocks that are not connected to a clock source.


9. checking loops (0)
---------------------
 There are 0 combinational loops in the design.


10. checking partial_input_delay (0)
------------------------------------
 There are 0 input ports with partial input delay specified.


11. checking partial_output_delay (0)
-------------------------------------
 There are 0 ports with partial output delay specified.


12. checking latch_loops (0)
----------------------------
 There are 0 combinational latch loops in the design through latch input



------------------------------------------------------------------------------------------------
| Design Timing Summary
| ---------------------
------------------------------------------------------------------------------------------------

    WHS(ns)      THS(ns)  THS Failing Endpoints  THS Total Endpoints     WPWS(ns)     TPWS(ns)  TPWS Failing Endpoints  TPWS Total Endpoints  
    -------      -------  ---------------------  -------------------     --------     --------  ----------------------  --------------------  
      0.044        0.000                      0                33383        0.725        0.000                       0                 22563  


All user specified timing constraints are met.


------------------------------------------------------------------------------------------------
| Clock Summary
| -------------
------------------------------------------------------------------------------------------------

Clock  Waveform(ns)         Period(ns)      Frequency(MHz)
-----  ------------         ----------      --------------
clk    {0.000 1.000}        2.000           500.000         


------------------------------------------------------------------------------------------------
| Intra Clock Table
| -----------------
------------------------------------------------------------------------------------------------

Clock             WHS(ns)      THS(ns)  THS Failing Endpoints  THS Total Endpoints     WPWS(ns)     TPWS(ns)  TPWS Failing Endpoints  TPWS Total Endpoints  
-----             -------      -------  ---------------------  -------------------     --------     --------  ----------------------  --------------------  
clk                 0.044        0.000                      0                33383        0.725        0.000                       0                 22563  


------------------------------------------------------------------------------------------------
| Inter Clock Table
| -----------------
------------------------------------------------------------------------------------------------

From Clock    To Clock          WHS(ns)      THS(ns)  THS Failing Endpoints  THS Total Endpoints  
----------    --------          -------      -------  ---------------------  -------------------  


------------------------------------------------------------------------------------------------
| Other Path Groups Table
| -----------------------
------------------------------------------------------------------------------------------------

Path Group    From Clock    To Clock          WHS(ns)      THS(ns)  THS Failing Endpoints  THS Total Endpoints  
----------    ----------    --------          -------      -------  ---------------------  -------------------  


------------------------------------------------------------------------------------------------
| Timing Details
| --------------
------------------------------------------------------------------------------------------------


---------------------------------------------------------------------------------------------------
From Clock:  clk
  To Clock:  clk

Setup :           NA  Failing Endpoints,  Worst Slack           NA  ,  Total Violation           NA
Hold  :            0  Failing Endpoints,  Worst Slack        0.044ns,  Total Violation        0.000ns
PW    :            0  Failing Endpoints,  Worst Slack        0.725ns,  Total Violation        0.000ns
---------------------------------------------------------------------------------------------------


Min Delay Paths
--------------------------------------------------------------------------------------
Slack (MET) :             0.044ns  (arrival time - required time)
  Source:                 bf_pending_cycle_reg[4]/C
                            (rising edge-triggered cell FDCE clocked by clk  {rise@0.000ns fall@1.000ns period=2.000ns})
  Destination:            bf_pending_cycle_reg[4]/D
                            (rising edge-triggered cell FDCE clocked by clk  {rise@0.000ns fall@1.000ns period=2.000ns})
  Path Group:             clk
  Path Type:              Hold (Min at Fast Process Corner)
  Requirement:            0.000ns  (clk rise@0.000ns - clk rise@0.000ns)
  Data Path Delay:        0.096ns  (logic 0.054ns (56.436%)  route 0.042ns (43.564%))
  Logic Levels:           1  (LUT6=1)
  Clock Path Skew:        0.006ns (DCD - SCD - CPR)
    Destination Clock Delay (DCD):    0.018ns
    Source Clock Delay      (SCD):    0.012ns
    Clock Pessimism Removal (CPR):    -0.000ns

    Location             Delay type                Incr(ns)  Path(ns)    Netlist Resource(s)
  -------------------------------------------------------------------    -------------------
                         (clock clk rise edge)        0.000     0.000 r  
                                                      0.000     0.000 r  clk (IN)
                         net (fo=22562, unset)        0.012     0.012    clk
    SLICE_X40Y100        FDCE                                         r  bf_pending_cycle_reg[4]/C
  -------------------------------------------------------------------    -------------------
    SLICE_X40Y100        FDCE (Prop_BFF_SLICEL_C_Q)
                                                      0.039     0.051 r  bf_pending_cycle_reg[4]/Q
                         net (fo=3, routed)           0.027     0.078    bf_pending_cycle_reg_n_0_[4]
    SLICE_X40Y100        LUT6 (Prop_B6LUT_SLICEL_I5_O)
                                                      0.015     0.093 r  bf_pending_cycle[4]_i_1/O
                         net (fo=1, routed)           0.015     0.108    bf_pending_cycle[4]_i_1_n_0
    SLICE_X40Y100        FDCE                                         r  bf_pending_cycle_reg[4]/D
  -------------------------------------------------------------------    -------------------

                         (clock clk rise edge)        0.000     0.000 r  
                                                      0.000     0.000 r  clk (IN)
                         net (fo=22562, unset)        0.018     0.018    clk
    SLICE_X40Y100        FDCE                                         r  bf_pending_cycle_reg[4]/C
                         clock pessimism              0.000     0.018    
    SLICE_X40Y100        FDCE (Hold_BFF_SLICEL_C_D)
                                                      0.046     0.064    bf_pending_cycle_reg[4]
  -------------------------------------------------------------------
                         required time                         -0.064    
                         arrival time                           0.108    
  -------------------------------------------------------------------
                         slack                                  0.044    

Slack (MET) :             0.045ns  (arrival time - required time)
  Source:                 sched_coeff_reg_reg[17][3]/C
                            (rising edge-triggered cell FDCE clocked by clk  {rise@0.000ns fall@1.000ns period=2.000ns})
  Destination:            operand_coeff_reg_reg[17][3]/D
                            (rising edge-triggered cell FDCE clocked by clk  {rise@0.000ns fall@1.000ns period=2.000ns})
  Path Group:             clk
  Path Type:              Hold (Min at Fast Process Corner)
  Requirement:            0.000ns  (clk rise@0.000ns - clk rise@0.000ns)
  Data Path Delay:        0.098ns  (logic 0.039ns (39.796%)  route 0.059ns (60.204%))
  Logic Levels:           0  
  Clock Path Skew:        0.006ns (DCD - SCD - CPR)
    Destination Clock Delay (DCD):    0.018ns
    Source Clock Delay      (SCD):    0.012ns
    Clock Pessimism Removal (CPR):    -0.000ns

    Location             Delay type                Incr(ns)  Path(ns)    Netlist Resource(s)
  -------------------------------------------------------------------    -------------------
                         (clock clk rise edge)        0.000     0.000 r  
                                                      0.000     0.000 r  clk (IN)
                         net (fo=22562, unset)        0.012     0.012    clk
    SLICE_X47Y8          FDCE                                         r  sched_coeff_reg_reg[17][3]/C
  -------------------------------------------------------------------    -------------------
    SLICE_X47Y8          FDCE (Prop_DFF_SLICEL_C_Q)
                                                      0.039     0.051 r  sched_coeff_reg_reg[17][3]/Q
                         net (fo=1, routed)           0.059     0.110    sched_coeff_reg_reg[17][3]
    SLICE_X47Y10         FDCE                                         r  operand_coeff_reg_reg[17][3]/D
  -------------------------------------------------------------------    -------------------

                         (clock clk rise edge)        0.000     0.000 r  
                                                      0.000     0.000 r  clk (IN)
                         net (fo=22562, unset)        0.018     0.018    clk
    SLICE_X47Y10         FDCE                                         r  operand_coeff_reg_reg[17][3]/C
                         clock pessimism              0.000     0.018    
    SLICE_X47Y10         FDCE (Hold_AFF2_SLICEL_C_D)
                                                      0.047     0.065    operand_coeff_reg_reg[17][3]
  -------------------------------------------------------------------
                         required time                         -0.065    
                         arrival time                           0.110    
  -------------------------------------------------------------------
                         slack                                  0.045    

Slack (MET) :             0.045ns  (arrival time - required time)
  Source:                 bf_vector_id_reg[3]/C
                            (rising edge-triggered cell FDCE clocked by clk  {rise@0.000ns fall@1.000ns period=2.000ns})
  Destination:            capture_vector_id_reg[3]/D
                            (rising edge-triggered cell FDRE clocked by clk  {rise@0.000ns fall@1.000ns period=2.000ns})
  Path Group:             clk
  Path Type:              Hold (Min at Fast Process Corner)
  Requirement:            0.000ns  (clk rise@0.000ns - clk rise@0.000ns)
  Data Path Delay:        0.098ns  (logic 0.039ns (39.796%)  route 0.059ns (60.204%))
  Logic Levels:           0  
  Clock Path Skew:        0.007ns (DCD - SCD - CPR)
    Destination Clock Delay (DCD):    0.019ns
    Source Clock Delay      (SCD):    0.012ns
    Clock Pessimism Removal (CPR):    -0.000ns

    Location             Delay type                Incr(ns)  Path(ns)    Netlist Resource(s)
  -------------------------------------------------------------------    -------------------
                         (clock clk rise edge)        0.000     0.000 r  
                                                      0.000     0.000 r  clk (IN)
                         net (fo=22562, unset)        0.012     0.012    clk
    SLICE_X40Y125        FDCE                                         r  bf_vector_id_reg[3]/C
  -------------------------------------------------------------------    -------------------
    SLICE_X40Y125        FDCE (Prop_DFF_SLICEL_C_Q)
                                                      0.039     0.051 r  bf_vector_id_reg[3]/Q
                         net (fo=1, routed)           0.059     0.110    bf_vector_id_reg_n_0_[3]
    SLICE_X40Y125        FDRE                                         r  capture_vector_id_reg[3]/D
  -------------------------------------------------------------------    -------------------

                         (clock clk rise edge)        0.000     0.000 r  
                                                      0.000     0.000 r  clk (IN)
                         net (fo=22562, unset)        0.019     0.019    clk
    SLICE_X40Y125        FDRE                                         r  capture_vector_id_reg[3]/C
                         clock pessimism              0.000     0.019    
    SLICE_X40Y125        FDRE (Hold_HFF_SLICEL_C_D)
                                                      0.046     0.065    capture_vector_id_reg[3]
  -------------------------------------------------------------------
                         required time                         -0.065    
                         arrival time                           0.110    
  -------------------------------------------------------------------
                         slack                                  0.045    

Slack (MET) :             0.045ns  (arrival time - required time)
  Source:                 sched_coeff_reg_reg[15][3]/C
                            (rising edge-triggered cell FDCE clocked by clk  {rise@0.000ns fall@1.000ns period=2.000ns})
  Destination:            operand_coeff_reg_reg[15][3]/D
                            (rising edge-triggered cell FDCE clocked by clk  {rise@0.000ns fall@1.000ns period=2.000ns})
  Path Group:             clk
  Path Type:              Hold (Min at Fast Process Corner)
  Requirement:            0.000ns  (clk rise@0.000ns - clk rise@0.000ns)
  Data Path Delay:        0.098ns  (logic 0.038ns (38.776%)  route 0.060ns (61.224%))
  Logic Levels:           0  
  Clock Path Skew:        0.006ns (DCD - SCD - CPR)
    Destination Clock Delay (DCD):    0.019ns
    Source Clock Delay      (SCD):    0.013ns
    Clock Pessimism Removal (CPR):    -0.000ns

    Location             Delay type                Incr(ns)  Path(ns)    Netlist Resource(s)
  -------------------------------------------------------------------    -------------------
                         (clock clk rise edge)        0.000     0.000 r  
                                                      0.000     0.000 r  clk (IN)
                         net (fo=22562, unset)        0.013     0.013    clk
    SLICE_X81Y17         FDCE                                         r  sched_coeff_reg_reg[15][3]/C
  -------------------------------------------------------------------    -------------------
    SLICE_X81Y17         FDCE (Prop_AFF_SLICEM_C_Q)
                                                      0.038     0.051 r  sched_coeff_reg_reg[15][3]/Q
                         net (fo=1, routed)           0.060     0.111    sched_coeff_reg_reg[15][3]
    SLICE_X81Y17         FDCE                                         r  operand_coeff_reg_reg[15][3]/D
  -------------------------------------------------------------------    -------------------

                         (clock clk rise edge)        0.000     0.000 r  
                                                      0.000     0.000 r  clk (IN)
                         net (fo=22562, unset)        0.019     0.019    clk
    SLICE_X81Y17         FDCE                                         r  operand_coeff_reg_reg[15][3]/C
                         clock pessimism              0.000     0.019    
    SLICE_X81Y17         FDCE (Hold_AFF2_SLICEM_C_D)
                                                      0.047     0.066    operand_coeff_reg_reg[15][3]
  -------------------------------------------------------------------
                         required time                         -0.066    
                         arrival time                           0.111    
  -------------------------------------------------------------------
                         slack                                  0.045    

Slack (MET) :             0.047ns  (arrival time - required time)
  Source:                 sched_coeff_reg_reg[104][7]/C
                            (rising edge-triggered cell FDCE clocked by clk  {rise@0.000ns fall@1.000ns period=2.000ns})
  Destination:            operand_coeff_reg_reg[104][7]/D
                            (rising edge-triggered cell FDCE clocked by clk  {rise@0.000ns fall@1.000ns period=2.000ns})
  Path Group:             clk
  Path Type:              Hold (Min at Fast Process Corner)
  Requirement:            0.000ns  (clk rise@0.000ns - clk rise@0.000ns)
  Data Path Delay:        0.100ns  (logic 0.038ns (38.000%)  route 0.062ns (62.000%))
  Logic Levels:           0  
  Clock Path Skew:        0.006ns (DCD - SCD - CPR)
    Destination Clock Delay (DCD):    0.019ns
    Source Clock Delay      (SCD):    0.013ns
    Clock Pessimism Removal (CPR):    -0.000ns

    Location             Delay type                Incr(ns)  Path(ns)    Netlist Resource(s)
  -------------------------------------------------------------------    -------------------
                         (clock clk rise edge)        0.000     0.000 r  
                                                      0.000     0.000 r  clk (IN)
                         net (fo=22562, unset)        0.013     0.013    clk
    SLICE_X49Y23         FDCE                                         r  sched_coeff_reg_reg[104][7]/C
  -------------------------------------------------------------------    -------------------
    SLICE_X49Y23         FDCE (Prop_AFF_SLICEM_C_Q)
                                                      0.038     0.051 r  sched_coeff_reg_reg[104][7]/Q
                         net (fo=1, routed)           0.062     0.113    sched_coeff_reg_reg[104][7]
    SLICE_X49Y23         FDCE                                         r  operand_coeff_reg_reg[104][7]/D
  -------------------------------------------------------------------    -------------------

                         (clock clk rise edge)        0.000     0.000 r  
                                                      0.000     0.000 r  clk (IN)
                         net (fo=22562, unset)        0.019     0.019    clk
    SLICE_X49Y23         FDCE                                         r  operand_coeff_reg_reg[104][7]/C
                         clock pessimism              0.000     0.019    
    SLICE_X49Y23         FDCE (Hold_EFF2_SLICEM_C_D)
                                                      0.047     0.066    operand_coeff_reg_reg[104][7]
  -------------------------------------------------------------------
                         required time                         -0.066    
                         arrival time                           0.113    
  -------------------------------------------------------------------
                         slack                                  0.047    

Slack (MET) :             0.047ns  (arrival time - required time)
  Source:                 sched_coeff_reg_reg[110][5]/C
                            (rising edge-triggered cell FDCE clocked by clk  {rise@0.000ns fall@1.000ns period=2.000ns})
  Destination:            operand_coeff_reg_reg[110][5]/D
                            (rising edge-triggered cell FDCE clocked by clk  {rise@0.000ns fall@1.000ns period=2.000ns})
  Path Group:             clk
  Path Type:              Hold (Min at Fast Process Corner)
  Requirement:            0.000ns  (clk rise@0.000ns - clk rise@0.000ns)
  Data Path Delay:        0.100ns  (logic 0.037ns (37.000%)  route 0.063ns (63.000%))
  Logic Levels:           0  
  Clock Path Skew:        0.006ns (DCD - SCD - CPR)
    Destination Clock Delay (DCD):    0.019ns
    Source Clock Delay      (SCD):    0.013ns
    Clock Pessimism Removal (CPR):    -0.000ns

    Location             Delay type                Incr(ns)  Path(ns)    Netlist Resource(s)
  -------------------------------------------------------------------    -------------------
                         (clock clk rise edge)        0.000     0.000 r  
                                                      0.000     0.000 r  clk (IN)
                         net (fo=22562, unset)        0.013     0.013    clk
    SLICE_X61Y74         FDCE                                         r  sched_coeff_reg_reg[110][5]/C
  -------------------------------------------------------------------    -------------------
    SLICE_X61Y74         FDCE (Prop_FFF_SLICEM_C_Q)
                                                      0.037     0.050 r  sched_coeff_reg_reg[110][5]/Q
                         net (fo=1, routed)           0.063     0.113    sched_coeff_reg_reg[110][5]
    SLICE_X61Y75         FDCE                                         r  operand_coeff_reg_reg[110][5]/D
  -------------------------------------------------------------------    -------------------

                         (clock clk rise edge)        0.000     0.000 r  
                                                      0.000     0.000 r  clk (IN)
                         net (fo=22562, unset)        0.019     0.019    clk
    SLICE_X61Y75         FDCE                                         r  operand_coeff_reg_reg[110][5]/C
                         clock pessimism              0.000     0.019    
    SLICE_X61Y75         FDCE (Hold_GFF2_SLICEM_C_D)
                                                      0.047     0.066    operand_coeff_reg_reg[110][5]
  -------------------------------------------------------------------
                         required time                         -0.066    
                         arrival time                           0.113    
  -------------------------------------------------------------------
                         slack                                  0.047    

Slack (MET) :             0.047ns  (arrival time - required time)
  Source:                 sched_coeff_reg_reg[4][0]/C
                            (rising edge-triggered cell FDCE clocked by clk  {rise@0.000ns fall@1.000ns period=2.000ns})
  Destination:            operand_coeff_reg_reg[4][0]/D
                            (rising edge-triggered cell FDCE clocked by clk  {rise@0.000ns fall@1.000ns period=2.000ns})
  Path Group:             clk
  Path Type:              Hold (Min at Fast Process Corner)
  Requirement:            0.000ns  (clk rise@0.000ns - clk rise@0.000ns)
  Data Path Delay:        0.100ns  (logic 0.038ns (38.000%)  route 0.062ns (62.000%))
  Logic Levels:           0  
  Clock Path Skew:        0.006ns (DCD - SCD - CPR)
    Destination Clock Delay (DCD):    0.019ns
    Source Clock Delay      (SCD):    0.013ns
    Clock Pessimism Removal (CPR):    -0.000ns

    Location             Delay type                Incr(ns)  Path(ns)    Netlist Resource(s)
  -------------------------------------------------------------------    -------------------
                         (clock clk rise edge)        0.000     0.000 r  
                                                      0.000     0.000 r  clk (IN)
                         net (fo=22562, unset)        0.013     0.013    clk
    SLICE_X89Y110        FDCE                                         r  sched_coeff_reg_reg[4][0]/C
  -------------------------------------------------------------------    -------------------
    SLICE_X89Y110        FDCE (Prop_AFF_SLICEM_C_Q)
                                                      0.038     0.051 r  sched_coeff_reg_reg[4][0]/Q
                         net (fo=1, routed)           0.062     0.113    sched_coeff_reg_reg[4][0]
    SLICE_X89Y110        FDCE                                         r  operand_coeff_reg_reg[4][0]/D
  -------------------------------------------------------------------    -------------------

                         (clock clk rise edge)        0.000     0.000 r  
                                                      0.000     0.000 r  clk (IN)
                         net (fo=22562, unset)        0.019     0.019    clk
    SLICE_X89Y110        FDCE                                         r  operand_coeff_reg_reg[4][0]/C
                         clock pessimism              0.000     0.019    
    SLICE_X89Y110        FDCE (Hold_EFF2_SLICEM_C_D)
                                                      0.047     0.066    operand_coeff_reg_reg[4][0]
  -------------------------------------------------------------------
                         required time                         -0.066    
                         arrival time                           0.113    
  -------------------------------------------------------------------
                         slack                                  0.047    

Slack (MET) :             0.047ns  (arrival time - required time)
  Source:                 sched_coeff_reg_reg[55][0]/C
                            (rising edge-triggered cell FDCE clocked by clk  {rise@0.000ns fall@1.000ns period=2.000ns})
  Destination:            operand_coeff_reg_reg[55][0]/D
                            (rising edge-triggered cell FDCE clocked by clk  {rise@0.000ns fall@1.000ns period=2.000ns})
  Path Group:             clk
  Path Type:              Hold (Min at Fast Process Corner)
  Requirement:            0.000ns  (clk rise@0.000ns - clk rise@0.000ns)
  Data Path Delay:        0.100ns  (logic 0.038ns (38.000%)  route 0.062ns (62.000%))
  Logic Levels:           0  
  Clock Path Skew:        0.006ns (DCD - SCD - CPR)
    Destination Clock Delay (DCD):    0.019ns
    Source Clock Delay      (SCD):    0.013ns
    Clock Pessimism Removal (CPR):    -0.000ns

    Location             Delay type                Incr(ns)  Path(ns)    Netlist Resource(s)
  -------------------------------------------------------------------    -------------------
                         (clock clk rise edge)        0.000     0.000 r  
                                                      0.000     0.000 r  clk (IN)
                         net (fo=22562, unset)        0.013     0.013    clk
    SLICE_X49Y13         FDCE                                         r  sched_coeff_reg_reg[55][0]/C
  -------------------------------------------------------------------    -------------------
    SLICE_X49Y13         FDCE (Prop_BFF_SLICEM_C_Q)
                                                      0.038     0.051 r  sched_coeff_reg_reg[55][0]/Q
                         net (fo=1, routed)           0.062     0.113    sched_coeff_reg_reg[55][0]
    SLICE_X49Y12         FDCE                                         r  operand_coeff_reg_reg[55][0]/D
  -------------------------------------------------------------------    -------------------

                         (clock clk rise edge)        0.000     0.000 r  
                                                      0.000     0.000 r  clk (IN)
                         net (fo=22562, unset)        0.019     0.019    clk
    SLICE_X49Y12         FDCE                                         r  operand_coeff_reg_reg[55][0]/C
                         clock pessimism              0.000     0.019    
    SLICE_X49Y12         FDCE (Hold_BFF2_SLICEM_C_D)
                                                      0.047     0.066    operand_coeff_reg_reg[55][0]
  -------------------------------------------------------------------
                         required time                         -0.066    
                         arrival time                           0.113    
  -------------------------------------------------------------------
                         slack                                  0.047    

Slack (MET) :             0.047ns  (arrival time - required time)
  Source:                 sched_coeff_reg_reg[90][5]/C
                            (rising edge-triggered cell FDCE clocked by clk  {rise@0.000ns fall@1.000ns period=2.000ns})
  Destination:            operand_coeff_reg_reg[90][5]/D
                            (rising edge-triggered cell FDCE clocked by clk  {rise@0.000ns fall@1.000ns period=2.000ns})
  Path Group:             clk
  Path Type:              Hold (Min at Fast Process Corner)
  Requirement:            0.000ns  (clk rise@0.000ns - clk rise@0.000ns)
  Data Path Delay:        0.100ns  (logic 0.038ns (38.000%)  route 0.062ns (62.000%))
  Logic Levels:           0  
  Clock Path Skew:        0.006ns (DCD - SCD - CPR)
    Destination Clock Delay (DCD):    0.019ns
    Source Clock Delay      (SCD):    0.013ns
    Clock Pessimism Removal (CPR):    -0.000ns

    Location             Delay type                Incr(ns)  Path(ns)    Netlist Resource(s)
  -------------------------------------------------------------------    -------------------
                         (clock clk rise edge)        0.000     0.000 r  
                                                      0.000     0.000 r  clk (IN)
                         net (fo=22562, unset)        0.013     0.013    clk
    SLICE_X55Y79         FDCE                                         r  sched_coeff_reg_reg[90][5]/C
  -------------------------------------------------------------------    -------------------
    SLICE_X55Y79         FDCE (Prop_AFF_SLICEM_C_Q)
                                                      0.038     0.051 r  sched_coeff_reg_reg[90][5]/Q
                         net (fo=1, routed)           0.062     0.113    sched_coeff_reg_reg[90][5]
    SLICE_X55Y79         FDCE                                         r  operand_coeff_reg_reg[90][5]/D
  -------------------------------------------------------------------    -------------------

                         (clock clk rise edge)        0.000     0.000 r  
                                                      0.000     0.000 r  clk (IN)
                         net (fo=22562, unset)        0.019     0.019    clk
    SLICE_X55Y79         FDCE                                         r  operand_coeff_reg_reg[90][5]/C
                         clock pessimism              0.000     0.019    
    SLICE_X55Y79         FDCE (Hold_EFF2_SLICEM_C_D)
                                                      0.047     0.066    operand_coeff_reg_reg[90][5]
  -------------------------------------------------------------------
                         required time                         -0.066    
                         arrival time                           0.113    
  -------------------------------------------------------------------
                         slack                                  0.047    

Slack (MET) :             0.047ns  (arrival time - required time)
  Source:                 sched_coeff_reg_reg[94][5]/C
                            (rising edge-triggered cell FDCE clocked by clk  {rise@0.000ns fall@1.000ns period=2.000ns})
  Destination:            operand_coeff_reg_reg[94][5]/D
                            (rising edge-triggered cell FDCE clocked by clk  {rise@0.000ns fall@1.000ns period=2.000ns})
  Path Group:             clk
  Path Type:              Hold (Min at Fast Process Corner)
  Requirement:            0.000ns  (clk rise@0.000ns - clk rise@0.000ns)
  Data Path Delay:        0.100ns  (logic 0.038ns (38.000%)  route 0.062ns (62.000%))
  Logic Levels:           0  
  Clock Path Skew:        0.006ns (DCD - SCD - CPR)
    Destination Clock Delay (DCD):    0.019ns
    Source Clock Delay      (SCD):    0.013ns
    Clock Pessimism Removal (CPR):    -0.000ns

    Location             Delay type                Incr(ns)  Path(ns)    Netlist Resource(s)
  -------------------------------------------------------------------    -------------------
                         (clock clk rise edge)        0.000     0.000 r  
                                                      0.000     0.000 r  clk (IN)
                         net (fo=22562, unset)        0.013     0.013    clk
    SLICE_X49Y33         FDCE                                         r  sched_coeff_reg_reg[94][5]/C
  -------------------------------------------------------------------    -------------------
    SLICE_X49Y33         FDCE (Prop_AFF_SLICEM_C_Q)
                                                      0.038     0.051 r  sched_coeff_reg_reg[94][5]/Q
                         net (fo=1, routed)           0.062     0.113    sched_coeff_reg_reg[94][5]
    SLICE_X49Y33         FDCE                                         r  operand_coeff_reg_reg[94][5]/D
  -------------------------------------------------------------------    -------------------

                         (clock clk rise edge)        0.000     0.000 r  
                                                      0.000     0.000 r  clk (IN)
                         net (fo=22562, unset)        0.019     0.019    clk
    SLICE_X49Y33         FDCE                                         r  operand_coeff_reg_reg[94][5]/C
                         clock pessimism              0.000     0.019    
    SLICE_X49Y33         FDCE (Hold_EFF2_SLICEM_C_D)
                                                      0.047     0.066    operand_coeff_reg_reg[94][5]
  -------------------------------------------------------------------
                         required time                         -0.066    
                         arrival time                           0.113    
  -------------------------------------------------------------------
                         slack                                  0.047    

Slack (MET) :             0.048ns  (arrival time - required time)
  Source:                 sched_coeff_reg_reg[102][3]/C
                            (rising edge-triggered cell FDCE clocked by clk  {rise@0.000ns fall@1.000ns period=2.000ns})
  Destination:            operand_coeff_reg_reg[102][3]/D
                            (rising edge-triggered cell FDCE clocked by clk  {rise@0.000ns fall@1.000ns period=2.000ns})
  Path Group:             clk
  Path Type:              Hold (Min at Fast Process Corner)
  Requirement:            0.000ns  (clk rise@0.000ns - clk rise@0.000ns)
  Data Path Delay:        0.101ns  (logic 0.038ns (37.624%)  route 0.063ns (62.376%))
  Logic Levels:           0  
  Clock Path Skew:        0.006ns (DCD - SCD - CPR)
    Destination Clock Delay (DCD):    0.019ns
    Source Clock Delay      (SCD):    0.013ns
    Clock Pessimism Removal (CPR):    -0.000ns

    Location             Delay type                Incr(ns)  Path(ns)    Netlist Resource(s)
  -------------------------------------------------------------------    -------------------
                         (clock clk rise edge)        0.000     0.000 r  
                                                      0.000     0.000 r  clk (IN)
                         net (fo=22562, unset)        0.013     0.013    clk
    SLICE_X67Y110        FDCE                                         r  sched_coeff_reg_reg[102][3]/C
  -------------------------------------------------------------------    -------------------
    SLICE_X67Y110        FDCE (Prop_AFF_SLICEM_C_Q)
                                                      0.038     0.051 r  sched_coeff_reg_reg[102][3]/Q
                         net (fo=1, routed)           0.063     0.114    sched_coeff_reg_reg[102][3]
    SLICE_X67Y110        FDCE                                         r  operand_coeff_reg_reg[102][3]/D
  -------------------------------------------------------------------    -------------------

                         (clock clk rise edge)        0.000     0.000 r  
                                                      0.000     0.000 r  clk (IN)
                         net (fo=22562, unset)        0.019     0.019    clk
    SLICE_X67Y110        FDCE                                         r  operand_coeff_reg_reg[102][3]/C
                         clock pessimism              0.000     0.019    
    SLICE_X67Y110        FDCE (Hold_EFF2_SLICEM_C_D)
                                                      0.047     0.066    operand_coeff_reg_reg[102][3]
  -------------------------------------------------------------------
                         required time                         -0.066    
                         arrival time                           0.114    
  -------------------------------------------------------------------
                         slack                                  0.048    

Slack (MET) :             0.048ns  (arrival time - required time)
  Source:                 sched_coeff_reg_reg[18][5]/C
                            (rising edge-triggered cell FDCE clocked by clk  {rise@0.000ns fall@1.000ns period=2.000ns})
  Destination:            operand_coeff_reg_reg[18][5]/D
                            (rising edge-triggered cell FDCE clocked by clk  {rise@0.000ns fall@1.000ns period=2.000ns})
  Path Group:             clk
  Path Type:              Hold (Min at Fast Process Corner)
  Requirement:            0.000ns  (clk rise@0.000ns - clk rise@0.000ns)
  Data Path Delay:        0.101ns  (logic 0.038ns (37.624%)  route 0.063ns (62.376%))
  Logic Levels:           0  
  Clock Path Skew:        0.006ns (DCD - SCD - CPR)
    Destination Clock Delay (DCD):    0.019ns
    Source Clock Delay      (SCD):    0.013ns
    Clock Pessimism Removal (CPR):    -0.000ns

    Location             Delay type                Incr(ns)  Path(ns)    Netlist Resource(s)
  -------------------------------------------------------------------    -------------------
                         (clock clk rise edge)        0.000     0.000 r  
                                                      0.000     0.000 r  clk (IN)
                         net (fo=22562, unset)        0.013     0.013    clk
    SLICE_X61Y0          FDCE                                         r  sched_coeff_reg_reg[18][5]/C
  -------------------------------------------------------------------    -------------------
    SLICE_X61Y0          FDCE (Prop_BFF_SLICEM_C_Q)
                                                      0.038     0.051 r  sched_coeff_reg_reg[18][5]/Q
                         net (fo=1, routed)           0.063     0.114    sched_coeff_reg_reg[18][5]
    SLICE_X61Y0          FDCE                                         r  operand_coeff_reg_reg[18][5]/D
  -------------------------------------------------------------------    -------------------

                         (clock clk rise edge)        0.000     0.000 r  
                                                      0.000     0.000 r  clk (IN)
                         net (fo=22562, unset)        0.019     0.019    clk
    SLICE_X61Y0          FDCE                                         r  operand_coeff_reg_reg[18][5]/C
                         clock pessimism              0.000     0.019    
    SLICE_X61Y0          FDCE (Hold_GFF2_SLICEM_C_D)
                                                      0.047     0.066    operand_coeff_reg_reg[18][5]
  -------------------------------------------------------------------
                         required time                         -0.066    
                         arrival time                           0.114    
  -------------------------------------------------------------------
                         slack                                  0.048    

Slack (MET) :             0.048ns  (arrival time - required time)
  Source:                 sched_coeff_reg_reg[26][7]/C
                            (rising edge-triggered cell FDCE clocked by clk  {rise@0.000ns fall@1.000ns period=2.000ns})
  Destination:            operand_coeff_reg_reg[26][7]/D
                            (rising edge-triggered cell FDCE clocked by clk  {rise@0.000ns fall@1.000ns period=2.000ns})
  Path Group:             clk
  Path Type:              Hold (Min at Fast Process Corner)
  Requirement:            0.000ns  (clk rise@0.000ns - clk rise@0.000ns)
  Data Path Delay:        0.101ns  (logic 0.038ns (37.624%)  route 0.063ns (62.376%))
  Logic Levels:           0  
  Clock Path Skew:        0.006ns (DCD - SCD - CPR)
    Destination Clock Delay (DCD):    0.019ns
    Source Clock Delay      (SCD):    0.013ns
    Clock Pessimism Removal (CPR):    -0.000ns

    Location             Delay type                Incr(ns)  Path(ns)    Netlist Resource(s)
  -------------------------------------------------------------------    -------------------
                         (clock clk rise edge)        0.000     0.000 r  
                                                      0.000     0.000 r  clk (IN)
                         net (fo=22562, unset)        0.013     0.013    clk
    SLICE_X109Y76        FDCE                                         r  sched_coeff_reg_reg[26][7]/C
  -------------------------------------------------------------------    -------------------
    SLICE_X109Y76        FDCE (Prop_AFF_SLICEM_C_Q)
                                                      0.038     0.051 r  sched_coeff_reg_reg[26][7]/Q
                         net (fo=1, routed)           0.063     0.114    sched_coeff_reg_reg[26][7]
    SLICE_X109Y76        FDCE                                         r  operand_coeff_reg_reg[26][7]/D
  -------------------------------------------------------------------    -------------------

                         (clock clk rise edge)        0.000     0.000 r  
                                                      0.000     0.000 r  clk (IN)
                         net (fo=22562, unset)        0.019     0.019    clk
    SLICE_X109Y76        FDCE                                         r  operand_coeff_reg_reg[26][7]/C
                         clock pessimism              0.000     0.019    
    SLICE_X109Y76        FDCE (Hold_EFF2_SLICEM_C_D)
                                                      0.047     0.066    operand_coeff_reg_reg[26][7]
  -------------------------------------------------------------------
                         required time                         -0.066    
                         arrival time                           0.114    
  -------------------------------------------------------------------
                         slack                                  0.048    

Slack (MET) :             0.048ns  (arrival time - required time)
  Source:                 sched_coeff_reg_reg[4][3]/C
                            (rising edge-triggered cell FDCE clocked by clk  {rise@0.000ns fall@1.000ns period=2.000ns})
  Destination:            operand_coeff_reg_reg[4][3]/D
                            (rising edge-triggered cell FDCE clocked by clk  {rise@0.000ns fall@1.000ns period=2.000ns})
  Path Group:             clk
  Path Type:              Hold (Min at Fast Process Corner)
  Requirement:            0.000ns  (clk rise@0.000ns - clk rise@0.000ns)
  Data Path Delay:        0.101ns  (logic 0.038ns (37.624%)  route 0.063ns (62.376%))
  Logic Levels:           0  
  Clock Path Skew:        0.006ns (DCD - SCD - CPR)
    Destination Clock Delay (DCD):    0.019ns
    Source Clock Delay      (SCD):    0.013ns
    Clock Pessimism Removal (CPR):    -0.000ns

    Location             Delay type                Incr(ns)  Path(ns)    Netlist Resource(s)
  -------------------------------------------------------------------    -------------------
                         (clock clk rise edge)        0.000     0.000 r  
                                                      0.000     0.000 r  clk (IN)
                         net (fo=22562, unset)        0.013     0.013    clk
    SLICE_X89Y109        FDCE                                         r  sched_coeff_reg_reg[4][3]/C
  -------------------------------------------------------------------    -------------------
    SLICE_X89Y109        FDCE (Prop_AFF_SLICEM_C_Q)
                                                      0.038     0.051 r  sched_coeff_reg_reg[4][3]/Q
                         net (fo=1, routed)           0.063     0.114    sched_coeff_reg_reg[4][3]
    SLICE_X89Y110        FDCE                                         r  operand_coeff_reg_reg[4][3]/D
  -------------------------------------------------------------------    -------------------

                         (clock clk rise edge)        0.000     0.000 r  
                                                      0.000     0.000 r  clk (IN)
                         net (fo=22562, unset)        0.019     0.019    clk
    SLICE_X89Y110        FDCE                                         r  operand_coeff_reg_reg[4][3]/C
                         clock pessimism              0.000     0.019    
    SLICE_X89Y110        FDCE (Hold_BFF2_SLICEM_C_D)
                                                      0.047     0.066    operand_coeff_reg_reg[4][3]
  -------------------------------------------------------------------
                         required time                         -0.066    
                         arrival time                           0.114    
  -------------------------------------------------------------------
                         slack                                  0.048    

Slack (MET) :             0.048ns  (arrival time - required time)
  Source:                 sched_coeff_reg_reg[56][6]/C
                            (rising edge-triggered cell FDCE clocked by clk  {rise@0.000ns fall@1.000ns period=2.000ns})
  Destination:            operand_coeff_reg_reg[56][6]/D
                            (rising edge-triggered cell FDCE clocked by clk  {rise@0.000ns fall@1.000ns period=2.000ns})
  Path Group:             clk
  Path Type:              Hold (Min at Fast Process Corner)
  Requirement:            0.000ns  (clk rise@0.000ns - clk rise@0.000ns)
  Data Path Delay:        0.101ns  (logic 0.038ns (37.624%)  route 0.063ns (62.376%))
  Logic Levels:           0  
  Clock Path Skew:        0.006ns (DCD - SCD - CPR)
    Destination Clock Delay (DCD):    0.019ns
    Source Clock Delay      (SCD):    0.013ns
    Clock Pessimism Removal (CPR):    -0.000ns

    Location             Delay type                Incr(ns)  Path(ns)    Netlist Resource(s)
  -------------------------------------------------------------------    -------------------
                         (clock clk rise edge)        0.000     0.000 r  
                                                      0.000     0.000 r  clk (IN)
                         net (fo=22562, unset)        0.013     0.013    clk
    SLICE_X74Y118        FDCE                                         r  sched_coeff_reg_reg[56][6]/C
  -------------------------------------------------------------------    -------------------
    SLICE_X74Y118        FDCE (Prop_AFF_SLICEM_C_Q)
                                                      0.038     0.051 r  sched_coeff_reg_reg[56][6]/Q
                         net (fo=1, routed)           0.063     0.114    sched_coeff_reg_reg[56][6]
    SLICE_X74Y118        FDCE                                         r  operand_coeff_reg_reg[56][6]/D
  -------------------------------------------------------------------    -------------------

                         (clock clk rise edge)        0.000     0.000 r  
                                                      0.000     0.000 r  clk (IN)
                         net (fo=22562, unset)        0.019     0.019    clk
    SLICE_X74Y118        FDCE                                         r  operand_coeff_reg_reg[56][6]/C
                         clock pessimism              0.000     0.019    
    SLICE_X74Y118        FDCE (Hold_EFF2_SLICEM_C_D)
                                                      0.047     0.066    operand_coeff_reg_reg[56][6]
  -------------------------------------------------------------------
                         required time                         -0.066    
                         arrival time                           0.114    
  -------------------------------------------------------------------
                         slack                                  0.048    

Slack (MET) :             0.048ns  (arrival time - required time)
  Source:                 sched_coeff_reg_reg[57][1]/C
                            (rising edge-triggered cell FDCE clocked by clk  {rise@0.000ns fall@1.000ns period=2.000ns})
  Destination:            operand_coeff_reg_reg[57][1]/D
                            (rising edge-triggered cell FDCE clocked by clk  {rise@0.000ns fall@1.000ns period=2.000ns})
  Path Group:             clk
  Path Type:              Hold (Min at Fast Process Corner)
  Requirement:            0.000ns  (clk rise@0.000ns - clk rise@0.000ns)
  Data Path Delay:        0.101ns  (logic 0.038ns (37.624%)  route 0.063ns (62.376%))
  Logic Levels:           0  
  Clock Path Skew:        0.006ns (DCD - SCD - CPR)
    Destination Clock Delay (DCD):    0.019ns
    Source Clock Delay      (SCD):    0.013ns
    Clock Pessimism Removal (CPR):    -0.000ns

    Location             Delay type                Incr(ns)  Path(ns)    Netlist Resource(s)
  -------------------------------------------------------------------    -------------------
                         (clock clk rise edge)        0.000     0.000 r  
                                                      0.000     0.000 r  clk (IN)
                         net (fo=22562, unset)        0.013     0.013    clk
    SLICE_X67Y115        FDCE                                         r  sched_coeff_reg_reg[57][1]/C
  -------------------------------------------------------------------    -------------------
    SLICE_X67Y115        FDCE (Prop_AFF_SLICEM_C_Q)
                                                      0.038     0.051 r  sched_coeff_reg_reg[57][1]/Q
                         net (fo=1, routed)           0.063     0.114    sched_coeff_reg_reg[57][1]
    SLICE_X67Y115        FDCE                                         r  operand_coeff_reg_reg[57][1]/D
  -------------------------------------------------------------------    -------------------

                         (clock clk rise edge)        0.000     0.000 r  
                                                      0.000     0.000 r  clk (IN)
                         net (fo=22562, unset)        0.019     0.019    clk
    SLICE_X67Y115        FDCE                                         r  operand_coeff_reg_reg[57][1]/C
                         clock pessimism              0.000     0.019    
    SLICE_X67Y115        FDCE (Hold_EFF2_SLICEM_C_D)
                                                      0.047     0.066    operand_coeff_reg_reg[57][1]
  -------------------------------------------------------------------
                         required time                         -0.066    
                         arrival time                           0.114    
  -------------------------------------------------------------------
                         slack                                  0.048    

Slack (MET) :             0.048ns  (arrival time - required time)
  Source:                 sched_coeff_reg_reg[79][1]/C
                            (rising edge-triggered cell FDCE clocked by clk  {rise@0.000ns fall@1.000ns period=2.000ns})
  Destination:            operand_coeff_reg_reg[79][1]/D
                            (rising edge-triggered cell FDCE clocked by clk  {rise@0.000ns fall@1.000ns period=2.000ns})
  Path Group:             clk
  Path Type:              Hold (Min at Fast Process Corner)
  Requirement:            0.000ns  (clk rise@0.000ns - clk rise@0.000ns)
  Data Path Delay:        0.101ns  (logic 0.038ns (37.624%)  route 0.063ns (62.376%))
  Logic Levels:           0  
  Clock Path Skew:        0.006ns (DCD - SCD - CPR)
    Destination Clock Delay (DCD):    0.019ns
    Source Clock Delay      (SCD):    0.013ns
    Clock Pessimism Removal (CPR):    -0.000ns

    Location             Delay type                Incr(ns)  Path(ns)    Netlist Resource(s)
  -------------------------------------------------------------------    -------------------
                         (clock clk rise edge)        0.000     0.000 r  
                                                      0.000     0.000 r  clk (IN)
                         net (fo=22562, unset)        0.013     0.013    clk
    SLICE_X66Y82         FDCE                                         r  sched_coeff_reg_reg[79][1]/C
  -------------------------------------------------------------------    -------------------
    SLICE_X66Y82         FDCE (Prop_AFF_SLICEM_C_Q)
                                                      0.038     0.051 r  sched_coeff_reg_reg[79][1]/Q
                         net (fo=1, routed)           0.063     0.114    sched_coeff_reg_reg[79][1]
    SLICE_X66Y82         FDCE                                         r  operand_coeff_reg_reg[79][1]/D
  -------------------------------------------------------------------    -------------------

                         (clock clk rise edge)        0.000     0.000 r  
                                                      0.000     0.000 r  clk (IN)
                         net (fo=22562, unset)        0.019     0.019    clk
    SLICE_X66Y82         FDCE                                         r  operand_coeff_reg_reg[79][1]/C
                         clock pessimism              0.000     0.019    
    SLICE_X66Y82         FDCE (Hold_EFF2_SLICEM_C_D)
                                                      0.047     0.066    operand_coeff_reg_reg[79][1]
  -------------------------------------------------------------------
                         required time                         -0.066    
                         arrival time                           0.114    
  -------------------------------------------------------------------
                         slack                                  0.048    

Slack (MET) :             0.048ns  (arrival time - required time)
  Source:                 sched_coeff_reg_reg[88][5]/C
                            (rising edge-triggered cell FDCE clocked by clk  {rise@0.000ns fall@1.000ns period=2.000ns})
  Destination:            operand_coeff_reg_reg[88][5]/D
                            (rising edge-triggered cell FDCE clocked by clk  {rise@0.000ns fall@1.000ns period=2.000ns})
  Path Group:             clk
  Path Type:              Hold (Min at Fast Process Corner)
  Requirement:            0.000ns  (clk rise@0.000ns - clk rise@0.000ns)
  Data Path Delay:        0.101ns  (logic 0.038ns (37.624%)  route 0.063ns (62.376%))
  Logic Levels:           0  
  Clock Path Skew:        0.006ns (DCD - SCD - CPR)
    Destination Clock Delay (DCD):    0.019ns
    Source Clock Delay      (SCD):    0.013ns
    Clock Pessimism Removal (CPR):    -0.000ns

    Location             Delay type                Incr(ns)  Path(ns)    Netlist Resource(s)
  -------------------------------------------------------------------    -------------------
                         (clock clk rise edge)        0.000     0.000 r  
                                                      0.000     0.000 r  clk (IN)
                         net (fo=22562, unset)        0.013     0.013    clk
    SLICE_X50Y18         FDCE                                         r  sched_coeff_reg_reg[88][5]/C
  -------------------------------------------------------------------    -------------------
    SLICE_X50Y18         FDCE (Prop_AFF_SLICEM_C_Q)
                                                      0.038     0.051 r  sched_coeff_reg_reg[88][5]/Q
                         net (fo=1, routed)           0.063     0.114    sched_coeff_reg_reg[88][5]
    SLICE_X50Y18         FDCE                                         r  operand_coeff_reg_reg[88][5]/D
  -------------------------------------------------------------------    -------------------

                         (clock clk rise edge)        0.000     0.000 r  
                                                      0.000     0.000 r  clk (IN)
                         net (fo=22562, unset)        0.019     0.019    clk
    SLICE_X50Y18         FDCE                                         r  operand_coeff_reg_reg[88][5]/C
                         clock pessimism              0.000     0.019    
    SLICE_X50Y18         FDCE (Hold_EFF2_SLICEM_C_D)
                                                      0.047     0.066    operand_coeff_reg_reg[88][5]
  -------------------------------------------------------------------
                         required time                         -0.066    
                         arrival time                           0.114    
  -------------------------------------------------------------------
                         slack                                  0.048    

Slack (MET) :             0.048ns  (arrival time - required time)
  Source:                 sched_coeff_reg_reg[96][5]/C
                            (rising edge-triggered cell FDCE clocked by clk  {rise@0.000ns fall@1.000ns period=2.000ns})
  Destination:            operand_coeff_reg_reg[96][5]/D
                            (rising edge-triggered cell FDCE clocked by clk  {rise@0.000ns fall@1.000ns period=2.000ns})
  Path Group:             clk
  Path Type:              Hold (Min at Fast Process Corner)
  Requirement:            0.000ns  (clk rise@0.000ns - clk rise@0.000ns)
  Data Path Delay:        0.101ns  (logic 0.038ns (37.624%)  route 0.063ns (62.376%))
  Logic Levels:           0  
  Clock Path Skew:        0.006ns (DCD - SCD - CPR)
    Destination Clock Delay (DCD):    0.019ns
    Source Clock Delay      (SCD):    0.013ns
    Clock Pessimism Removal (CPR):    -0.000ns

    Location             Delay type                Incr(ns)  Path(ns)    Netlist Resource(s)
  -------------------------------------------------------------------    -------------------
                         (clock clk rise edge)        0.000     0.000 r  
                                                      0.000     0.000 r  clk (IN)
                         net (fo=22562, unset)        0.013     0.013    clk
    SLICE_X55Y13         FDCE                                         r  sched_coeff_reg_reg[96][5]/C
  -------------------------------------------------------------------    -------------------
    SLICE_X55Y13         FDCE (Prop_AFF_SLICEM_C_Q)
                                                      0.038     0.051 r  sched_coeff_reg_reg[96][5]/Q
                         net (fo=1, routed)           0.063     0.114    sched_coeff_reg_reg[96][5]
    SLICE_X55Y13         FDCE                                         r  operand_coeff_reg_reg[96][5]/D
  -------------------------------------------------------------------    -------------------

                         (clock clk rise edge)        0.000     0.000 r  
                                                      0.000     0.000 r  clk (IN)
                         net (fo=22562, unset)        0.019     0.019    clk
    SLICE_X55Y13         FDCE                                         r  operand_coeff_reg_reg[96][5]/C
                         clock pessimism              0.000     0.019    
    SLICE_X55Y13         FDCE (Hold_EFF2_SLICEM_C_D)
                                                      0.047     0.066    operand_coeff_reg_reg[96][5]
  -------------------------------------------------------------------
                         required time                         -0.066    
                         arrival time                           0.114    
  -------------------------------------------------------------------
                         slack                                  0.048    

Slack (MET) :             0.048ns  (arrival time - required time)
  Source:                 sched_coeff_reg_reg[9][7]/C
                            (rising edge-triggered cell FDCE clocked by clk  {rise@0.000ns fall@1.000ns period=2.000ns})
  Destination:            operand_coeff_reg_reg[9][7]/D
                            (rising edge-triggered cell FDCE clocked by clk  {rise@0.000ns fall@1.000ns period=2.000ns})
  Path Group:             clk
  Path Type:              Hold (Min at Fast Process Corner)
  Requirement:            0.000ns  (clk rise@0.000ns - clk rise@0.000ns)
  Data Path Delay:        0.101ns  (logic 0.038ns (37.624%)  route 0.063ns (62.376%))
  Logic Levels:           0  
  Clock Path Skew:        0.006ns (DCD - SCD - CPR)
    Destination Clock Delay (DCD):    0.019ns
    Source Clock Delay      (SCD):    0.013ns
    Clock Pessimism Removal (CPR):    -0.000ns

    Location             Delay type                Incr(ns)  Path(ns)    Netlist Resource(s)
  -------------------------------------------------------------------    -------------------
                         (clock clk rise edge)        0.000     0.000 r  
                                                      0.000     0.000 r  clk (IN)
                         net (fo=22562, unset)        0.013     0.013    clk
    SLICE_X81Y96         FDCE                                         r  sched_coeff_reg_reg[9][7]/C
  -------------------------------------------------------------------    -------------------
    SLICE_X81Y96         FDCE (Prop_AFF_SLICEM_C_Q)
                                                      0.038     0.051 r  sched_coeff_reg_reg[9][7]/Q
                         net (fo=1, routed)           0.063     0.114    sched_coeff_reg_reg[9][7]
    SLICE_X81Y96         FDCE                                         r  operand_coeff_reg_reg[9][7]/D
  -------------------------------------------------------------------    -------------------

                         (clock clk rise edge)        0.000     0.000 r  
                                                      0.000     0.000 r  clk (IN)
                         net (fo=22562, unset)        0.019     0.019    clk
    SLICE_X81Y96         FDCE                                         r  operand_coeff_reg_reg[9][7]/C
                         clock pessimism              0.000     0.019    
    SLICE_X81Y96         FDCE (Hold_EFF2_SLICEM_C_D)
                                                      0.047     0.066    operand_coeff_reg_reg[9][7]
  -------------------------------------------------------------------
                         required time                         -0.066    
                         arrival time                           0.114    
  -------------------------------------------------------------------
                         slack                                  0.048    





Pulse Width Checks
--------------------------------------------------------------------------------------
Clock Name:         clk
Waveform(ns):       { 0.000 1.000 }
Period(ns):         2.000
Sources:            { clk }

Check Type        Corner  Lib Pin  Reference Pin  Required(ns)  Actual(ns)  Slack(ns)  Location       Pin
Min Period        n/a     FDCE/C   n/a            0.550         2.000       1.450      SLICE_X45Y101  bf_active_reg/C
Min Period        n/a     FDCE/C   n/a            0.550         2.000       1.450      SLICE_X42Y96   bf_cycle_reg[0]/C
Min Period        n/a     FDCE/C   n/a            0.550         2.000       1.450      SLICE_X42Y94   bf_cycle_reg[1]/C
Min Period        n/a     FDCE/C   n/a            0.550         2.000       1.450      SLICE_X42Y94   bf_cycle_reg[2]/C
Min Period        n/a     FDCE/C   n/a            0.550         2.000       1.450      SLICE_X42Y94   bf_cycle_reg[3]/C
Min Period        n/a     FDCE/C   n/a            0.550         2.000       1.450      SLICE_X42Y95   bf_cycle_reg[4]/C
Min Period        n/a     FDCE/C   n/a            0.550         2.000       1.450      SLICE_X42Y95   bf_cycle_reg[5]/C
Min Period        n/a     FDCE/C   n/a            0.550         2.000       1.450      SLICE_X40Y101  bf_pending_cycle_reg[0]/C
Min Period        n/a     FDCE/C   n/a            0.550         2.000       1.450      SLICE_X40Y101  bf_pending_cycle_reg[1]/C
Min Period        n/a     FDCE/C   n/a            0.550         2.000       1.450      SLICE_X40Y100  bf_pending_cycle_reg[2]/C
Min Period        n/a     FDCE/C   n/a            0.550         2.000       1.450      SLICE_X40Y100  bf_pending_cycle_reg[3]/C
Min Period        n/a     FDCE/C   n/a            0.550         2.000       1.450      SLICE_X40Y100  bf_pending_cycle_reg[4]/C
Min Period        n/a     FDCE/C   n/a            0.550         2.000       1.450      SLICE_X41Y100  bf_pending_cycle_reg[5]/C
Min Period        n/a     FDCE/C   n/a            0.550         2.000       1.450      SLICE_X46Y108  bf_pending_reg/C
Min Period        n/a     FDRE/C   n/a            0.550         2.000       1.450      SLICE_X40Y94   bf_pending_vector_id_reg[0]/C
Min Period        n/a     FDRE/C   n/a            0.550         2.000       1.450      SLICE_X36Y123  bf_pending_vector_id_reg[10]/C
Min Period        n/a     FDRE/C   n/a            0.550         2.000       1.450      SLICE_X39Y125  bf_pending_vector_id_reg[11]/C
Min Period        n/a     FDRE/C   n/a            0.550         2.000       1.450      SLICE_X40Y126  bf_pending_vector_id_reg[12]/C
Min Period        n/a     FDRE/C   n/a            0.550         2.000       1.450      SLICE_X36Y123  bf_pending_vector_id_reg[13]/C
Min Period        n/a     FDRE/C   n/a            0.550         2.000       1.450      SLICE_X40Y126  bf_pending_vector_id_reg[14]/C
Low Pulse Width   Slow    FDCE/C   n/a            0.275         1.000       0.725      SLICE_X45Y101  bf_active_reg/C
Low Pulse Width   Fast    FDCE/C   n/a            0.275         1.000       0.725      SLICE_X45Y101  bf_active_reg/C
Low Pulse Width   Slow    FDCE/C   n/a            0.275         1.000       0.725      SLICE_X42Y96   bf_cycle_reg[0]/C
Low Pulse Width   Fast    FDCE/C   n/a            0.275         1.000       0.725      SLICE_X42Y96   bf_cycle_reg[0]/C
Low Pulse Width   Slow    FDCE/C   n/a            0.275         1.000       0.725      SLICE_X42Y94   bf_cycle_reg[1]/C
Low Pulse Width   Fast    FDCE/C   n/a            0.275         1.000       0.725      SLICE_X42Y94   bf_cycle_reg[1]/C
Low Pulse Width   Slow    FDCE/C   n/a            0.275         1.000       0.725      SLICE_X42Y94   bf_cycle_reg[2]/C
Low Pulse Width   Fast    FDCE/C   n/a            0.275         1.000       0.725      SLICE_X42Y94   bf_cycle_reg[2]/C
Low Pulse Width   Slow    FDCE/C   n/a            0.275         1.000       0.725      SLICE_X42Y94   bf_cycle_reg[3]/C
Low Pulse Width   Fast    FDCE/C   n/a            0.275         1.000       0.725      SLICE_X42Y94   bf_cycle_reg[3]/C
Low Pulse Width   Slow    FDCE/C   n/a            0.275         1.000       0.725      SLICE_X42Y95   bf_cycle_reg[4]/C
Low Pulse Width   Fast    FDCE/C   n/a            0.275         1.000       0.725      SLICE_X42Y95   bf_cycle_reg[4]/C
Low Pulse Width   Slow    FDCE/C   n/a            0.275         1.000       0.725      SLICE_X42Y95   bf_cycle_reg[5]/C
Low Pulse Width   Fast    FDCE/C   n/a            0.275         1.000       0.725      SLICE_X42Y95   bf_cycle_reg[5]/C
Low Pulse Width   Slow    FDCE/C   n/a            0.275         1.000       0.725      SLICE_X40Y101  bf_pending_cycle_reg[0]/C
Low Pulse Width   Fast    FDCE/C   n/a            0.275         1.000       0.725      SLICE_X40Y101  bf_pending_cycle_reg[0]/C
Low Pulse Width   Slow    FDCE/C   n/a            0.275         1.000       0.725      SLICE_X40Y101  bf_pending_cycle_reg[1]/C
Low Pulse Width   Fast    FDCE/C   n/a            0.275         1.000       0.725      SLICE_X40Y101  bf_pending_cycle_reg[1]/C
Low Pulse Width   Slow    FDCE/C   n/a            0.275         1.000       0.725      SLICE_X40Y100  bf_pending_cycle_reg[2]/C
Low Pulse Width   Fast    FDCE/C   n/a            0.275         1.000       0.725      SLICE_X40Y100  bf_pending_cycle_reg[2]/C
High Pulse Width  Slow    FDCE/C   n/a            0.275         1.000       0.725      SLICE_X45Y101  bf_active_reg/C
High Pulse Width  Fast    FDCE/C   n/a            0.275         1.000       0.725      SLICE_X45Y101  bf_active_reg/C
High Pulse Width  Slow    FDCE/C   n/a            0.275         1.000       0.725      SLICE_X42Y96   bf_cycle_reg[0]/C
High Pulse Width  Fast    FDCE/C   n/a            0.275         1.000       0.725      SLICE_X42Y96   bf_cycle_reg[0]/C
High Pulse Width  Slow    FDCE/C   n/a            0.275         1.000       0.725      SLICE_X42Y94   bf_cycle_reg[1]/C
High Pulse Width  Fast    FDCE/C   n/a            0.275         1.000       0.725      SLICE_X42Y94   bf_cycle_reg[1]/C
High Pulse Width  Slow    FDCE/C   n/a            0.275         1.000       0.725      SLICE_X42Y94   bf_cycle_reg[2]/C
High Pulse Width  Fast    FDCE/C   n/a            0.275         1.000       0.725      SLICE_X42Y94   bf_cycle_reg[2]/C
High Pulse Width  Slow    FDCE/C   n/a            0.275         1.000       0.725      SLICE_X42Y94   bf_cycle_reg[3]/C
High Pulse Width  Fast    FDCE/C   n/a            0.275         1.000       0.725      SLICE_X42Y94   bf_cycle_reg[3]/C
High Pulse Width  Slow    FDCE/C   n/a            0.275         1.000       0.725      SLICE_X42Y95   bf_cycle_reg[4]/C
High Pulse Width  Fast    FDCE/C   n/a            0.275         1.000       0.725      SLICE_X42Y95   bf_cycle_reg[4]/C
High Pulse Width  Slow    FDCE/C   n/a            0.275         1.000       0.725      SLICE_X42Y95   bf_cycle_reg[5]/C
High Pulse Width  Fast    FDCE/C   n/a            0.275         1.000       0.725      SLICE_X42Y95   bf_cycle_reg[5]/C
High Pulse Width  Slow    FDCE/C   n/a            0.275         1.000       0.725      SLICE_X40Y101  bf_pending_cycle_reg[0]/C
High Pulse Width  Fast    FDCE/C   n/a            0.275         1.000       0.725      SLICE_X40Y101  bf_pending_cycle_reg[0]/C
High Pulse Width  Slow    FDCE/C   n/a            0.275         1.000       0.725      SLICE_X40Y101  bf_pending_cycle_reg[1]/C
High Pulse Width  Fast    FDCE/C   n/a            0.275         1.000       0.725      SLICE_X40Y101  bf_pending_cycle_reg[1]/C
High Pulse Width  Slow    FDCE/C   n/a            0.275         1.000       0.725      SLICE_X40Y100  bf_pending_cycle_reg[2]/C
High Pulse Width  Fast    FDCE/C   n/a            0.275         1.000       0.725      SLICE_X40Y100  bf_pending_cycle_reg[2]/C



