Reading pref.tcl

# 2020.4

# vsim -c work.r4c_latency_contract_tb -do "run -all; quit -f" 
# Start time: 01:55:40 on Sep 13,2026
# ** Note: (vsim-3812) Design is being optimized...
# //  ModelSim SE-64 2020.4 Oct 13 2020
# //
# //  Copyright 1991-2020 Mentor Graphics Corporation
# //  All Rights Reserved.
# //
# //  ModelSim SE-64 and its associated documentation contain trade
# //  secrets and commercial or financial information that are the property of
# //  Mentor Graphics Corporation and are privileged, confidential,
# //  and exempt from disclosure under the Freedom of Information Act,
# //  5 U.S.C. Section 552. Furthermore, this information
# //  is prohibited from disclosure under the Trade Secrets Act,
# //  18 U.S.C. Section 1905.
# //
# Loading sv_std.std
# Loading work.r4c_latency_contract_tb(fast)
# run -all
# R4C_LATENCY_PASS start_accept_edge=1 group0_result_fire_edge=24 transaction_latency=23 groups=16 group_ii=1
# ** Note: $finish    : 03_verification/tb/r4c_latency_contract_tb.sv(114)
#    Time: 87001 ps  Iteration: 0  Instance: /r4c_latency_contract_tb
# End time: 01:55:41 on Sep 13,2026, Elapsed time: 0:00:01
# Errors: 0, Warnings: 0
