# vsim -c -t 1ps -lib work_r3r_syn work_r3r_syn.p2f_dct2_64_b1_tb -l D:\Workspace\ITS_STUDY_V35_P2F_B2_R3R\03_verification\sim\logs\p2f_b2_r3r_synthesis_define.log -do "run -all; quit -f" 
# Start time: 16:47:26 on Sep 09,2026
# ** Note: (vsim-3812) Design is being optimized...
# //  ModelSim SE-64 2020.4 Oct 13 2020
# //
# //  Copyright 1991-2020 Mentor Graphics Corporation
# //  All Rights Reserved.
# //
# //  ModelSim SE-64 and its associated documentation contain trade
# //  secrets and commercial or financial information that are the property of
# //  Mentor Graphics Corporation and are privileged, confidential,
# //  and exempt from disclosure under the Freedom of Information Act,
# //  5 U.S.C. Section 552. Furthermore, this information
# //  is prohibited from disclosure under the Trade Secrets Act,
# //  18 U.S.C. Section 1905.
# //
# Loading sv_std.std
# Loading work.p2f_dct2_64_b1_tb(fast)
# run -all
# ERR biased v0 g0
# B1_FIRE tick=23 vector=0 group=0 first=1 last=0
# ERR biased v0 g1
# ERR biased v0 g2
# ERR biased v0 g3
# ERR biased v0 g4
# ERR biased v0 g5
# ERR biased v0 g6
# ERR biased v0 g7
# ERR biased v0 g8
# ERR biased v0 g9
# ERR biased v0 g10
# ERR biased v0 g11
# ERR biased v0 g12
# ERR biased v0 g13
# ERR biased v0 g14
# ERR biased v0 g15
# B1_FIRE tick=38 vector=0 group=15 first=0 last=1
# ERR raw v1 g0
# ERR biased v1 g0
# ERR shifted v1 g0
# B1_FIRE tick=39 vector=1 group=0 first=1 last=0
# ERR raw v1 g1
# ERR biased v1 g1
# ERR shifted v1 g1
# ERR raw v1 g2
# ERR biased v1 g2
# ERR shifted v1 g2
# ERR raw v1 g3
# ERR biased v1 g3
# ERR shifted v1 g3
# ERR raw v1 g4
# ERR biased v1 g4
# ERR shifted v1 g4
# ERR raw v1 g5
# ERR biased v1 g5
# ERR shifted v1 g5
# ERR raw v1 g6
# ERR biased v1 g6
# ERR shifted v1 g6
# ERR raw v1 g7
# ERR biased v1 g7
# ERR shifted v1 g7
# ERR raw v1 g8
# ERR biased v1 g8
# ERR shifted v1 g8
# ERR raw v1 g9
# ERR biased v1 g9
# ERR shifted v1 g9
# ERR raw v1 g10
# ERR biased v1 g10
# ERR shifted v1 g10
# ERR raw v1 g11
# ERR biased v1 g11
# ERR shifted v1 g11
# ERR raw v1 g12
# ERR biased v1 g12
# ERR shifted v1 g12
# ERR raw v1 g13
# ERR biased v1 g13
# ERR shifted v1 g13
# ERR raw v1 g14
# ERR biased v1 g14
# ERR shifted v1 g14
# ERR raw v1 g15
# ERR biased v1 g15
# ERR shifted v1 g15
# B1_FIRE tick=54 vector=1 group=15 first=0 last=1
# ERR raw v2 g0
# ERR biased v2 g0
# ERR shifted v2 g0
# B1_FIRE tick=55 vector=2 group=0 first=1 last=0
# ERR raw v2 g1
# ERR biased v2 g1
# ERR shifted v2 g1
# ERR raw v2 g2
# ERR biased v2 g2
# ERR shifted v2 g2
# ERR raw v2 g3
# ERR biased v2 g3
# ERR shifted v2 g3
# ERR raw v2 g4
# ERR biased v2 g4
# ERR shifted v2 g4
# ERR raw v2 g5
# ERR biased v2 g5
# ERR shifted v2 g5
# ERR raw v2 g6
# ERR biased v2 g6
# ERR shifted v2 g6
# ERR raw v2 g7
# ERR biased v2 g7
# ERR shifted v2 g7
# ERR raw v2 g8
# ERR biased v2 g8
# ERR shifted v2 g8
# ERR raw v2 g9
# ERR biased v2 g9
# ERR shifted v2 g9
# ERR raw v2 g10
# ERR biased v2 g10
# ERR shifted v2 g10
# ERR raw v2 g11
# ERR biased v2 g11
# ERR shifted v2 g11
# ERR raw v2 g12
# ERR biased v2 g12
# ERR shifted v2 g12
# ERR raw v2 g13
# ERR biased v2 g13
# ERR shifted v2 g13
# ERR raw v2 g14
# ERR biased v2 g14
# ERR shifted v2 g14
# ERR raw v2 g15
# ERR biased v2 g15
# ERR shifted v2 g15
# B1_FIRE tick=70 vector=2 group=15 first=0 last=1
# ERR raw v3 g0
# ERR biased v3 g0
# ERR shifted v3 g0
# B1_FIRE tick=71 vector=3 group=0 first=1 last=0
# ERR raw v3 g1
# ERR biased v3 g1
# ERR shifted v3 g1
# ERR raw v3 g2
# ERR biased v3 g2
# ERR shifted v3 g2
# ERR raw v3 g3
# ERR biased v3 g3
# ERR shifted v3 g3
# ERR raw v3 g4
# ERR biased v3 g4
# ERR shifted v3 g4
# ERR raw v3 g5
# ERR biased v3 g5
# ERR shifted v3 g5
# ERR raw v3 g6
# ERR biased v3 g6
# ERR shifted v3 g6
# ERR raw v3 g7
# ERR biased v3 g7
# ERR shifted v3 g7
# ERR raw v3 g8
# ERR biased v3 g8
# ERR shifted v3 g8
# ERR raw v3 g9
# ERR biased v3 g9
# ERR shifted v3 g9
# ERR raw v3 g10
# ERR biased v3 g10
# ERR shifted v3 g10
# ERR raw v3 g11
# ERR biased v3 g11
# ERR shifted v3 g11
# ERR raw v3 g12
# ERR biased v3 g12
# ERR shifted v3 g12
# ERR raw v3 g13
# ERR biased v3 g13
# ERR shifted v3 g13
# ERR raw v3 g14
# ERR biased v3 g14
# ERR shifted v3 g14
# ERR raw v3 g15
# ERR biased v3 g15
# ERR shifted v3 g15
# B1_FIRE tick=86 vector=3 group=15 first=0 last=1
# ERR raw v4 g0
# ERR biased v4 g0
# ERR shifted v4 g0
# B1_FIRE tick=87 vector=4 group=0 first=1 last=0
# ERR raw v4 g1
# ERR biased v4 g1
# ERR shifted v4 g1
# ERR raw v4 g2
# ERR biased v4 g2
# ERR shifted v4 g2
# ERR raw v4 g3
# ERR biased v4 g3
# ERR shifted v4 g3
# ERR raw v4 g4
# ERR biased v4 g4
# ERR shifted v4 g4
# ERR raw v4 g5
# ERR biased v4 g5
# ERR shifted v4 g5
# ERR raw v4 g6
# ERR biased v4 g6
# ERR shifted v4 g6
# ERR raw v4 g7
# ERR biased v4 g7
# ERR shifted v4 g7
# ERR raw v4 g8
# ERR biased v4 g8
# ERR shifted v4 g8
# ERR raw v4 g9
# ERR biased v4 g9
# ERR shifted v4 g9
# ERR raw v4 g10
# ERR biased v4 g10
# ERR shifted v4 g10
# ERR raw v4 g11
# ERR biased v4 g11
# ERR shifted v4 g11
# ERR raw v4 g12
# ERR biased v4 g12
# ERR shifted v4 g12
# ERR raw v4 g13
# ERR biased v4 g13
# ERR shifted v4 g13
# ERR raw v4 g14
# ERR biased v4 g14
# ERR shifted v4 g14
# ERR raw v4 g15
# ERR biased v4 g15
# ERR shifted v4 g15
# B1_FIRE tick=102 vector=4 group=15 first=0 last=1
# ERR raw v5 g0
# ERR biased v5 g0
# ERR shifted v5 g0
# B1_FIRE tick=103 vector=5 group=0 first=1 last=0
# ERR raw v5 g1
# ERR biased v5 g1
# ERR shifted v5 g1
# ERR raw v5 g2
# ERR biased v5 g2
# ERR shifted v5 g2
# ERR raw v5 g3
# ERR biased v5 g3
# ERR shifted v5 g3
# ERR raw v5 g4
# ERR biased v5 g4
# ERR shifted v5 g4
# ERR raw v5 g5
# ERR biased v5 g5
# ERR shifted v5 g5
# ERR raw v5 g6
# ERR biased v5 g6
# ERR shifted v5 g6
# ERR raw v5 g7
# ERR biased v5 g7
# ERR shifted v5 g7
# ERR raw v5 g8
# ERR biased v5 g8
# ERR shifted v5 g8
# ERR raw v5 g9
# ERR biased v5 g9
# ERR shifted v5 g9
# ERR raw v5 g10
# ERR biased v5 g10
# ERR shifted v5 g10
# ERR raw v5 g11
# ERR biased v5 g11
# ERR shifted v5 g11
# ERR raw v5 g12
# ERR biased v5 g12
# ERR shifted v5 g12
# ERR raw v5 g13
# ERR biased v5 g13
# ERR shifted v5 g13
# ERR raw v5 g14
# ERR biased v5 g14
# ERR shifted v5 g14
# ERR raw v5 g15
# ERR biased v5 g15
# ERR shifted v5 g15
# B1_FIRE tick=118 vector=5 group=15 first=0 last=1
# ERR raw v6 g0
# ERR biased v6 g0
# ERR shifted v6 g0
# B1_FIRE tick=119 vector=6 group=0 first=1 last=0
# ERR raw v6 g1
# ERR biased v6 g1
# ERR shifted v6 g1
# ERR raw v6 g2
# ERR biased v6 g2
# ERR shifted v6 g2
# ERR raw v6 g3
# ERR biased v6 g3
# ERR shifted v6 g3
# ERR raw v6 g4
# ERR biased v6 g4
# ERR shifted v6 g4
# ERR raw v6 g5
# ERR biased v6 g5
# ERR shifted v6 g5
# ERR raw v6 g6
# ERR biased v6 g6
# ERR shifted v6 g6
# ERR raw v6 g7
# ERR biased v6 g7
# ERR shifted v6 g7
# ERR raw v6 g8
# ERR biased v6 g8
# ERR shifted v6 g8
# ERR raw v6 g9
# ERR biased v6 g9
# ERR shifted v6 g9
# ERR raw v6 g10
# ERR biased v6 g10
# ERR shifted v6 g10
# ERR raw v6 g11
# ERR biased v6 g11
# ERR shifted v6 g11
# ERR raw v6 g12
# ERR biased v6 g12
# ERR shifted v6 g12
# ERR raw v6 g13
# ERR biased v6 g13
# ERR shifted v6 g13
# ERR raw v6 g14
# ERR biased v6 g14
# ERR shifted v6 g14
# ERR raw v6 g15
# ERR biased v6 g15
# ERR shifted v6 g15
# B1_FIRE tick=134 vector=6 group=15 first=0 last=1
# ERR raw v7 g0
# ERR biased v7 g0
# ERR shifted v7 g0
# B1_FIRE tick=135 vector=7 group=0 first=1 last=0
# ERR raw v7 g1
# ERR biased v7 g1
# ERR shifted v7 g1
# ERR raw v7 g2
# ERR biased v7 g2
# ERR shifted v7 g2
# ERR raw v7 g3
# ERR biased v7 g3
# ERR shifted v7 g3
# ERR raw v7 g4
# ERR biased v7 g4
# ERR shifted v7 g4
# ERR raw v7 g5
# ERR biased v7 g5
# ERR shifted v7 g5
# ERR raw v7 g6
# ERR biased v7 g6
# ERR shifted v7 g6
# ERR raw v7 g7
# ERR biased v7 g7
# ERR shifted v7 g7
# ERR raw v7 g8
# ERR biased v7 g8
# ERR shifted v7 g8
# ERR raw v7 g9
# ERR biased v7 g9
# ERR shifted v7 g9
# ERR raw v7 g10
# ERR biased v7 g10
# ERR shifted v7 g10
# ERR raw v7 g11
# ERR biased v7 g11
# ERR shifted v7 g11
# ERR raw v7 g12
# ERR biased v7 g12
# ERR shifted v7 g12
# ERR raw v7 g13
# ERR biased v7 g13
# ERR shifted v7 g13
# ERR raw v7 g14
# ERR biased v7 g14
# ERR shifted v7 g14
# ERR raw v7 g15
# ERR biased v7 g15
# ERR shifted v7 g15
# B1_FIRE tick=150 vector=7 group=15 first=0 last=1
# ERR raw v8 g0
# ERR biased v8 g0
# ERR shifted v8 g0
# B1_FIRE tick=151 vector=8 group=0 first=1 last=0
# ERR raw v8 g1
# ERR biased v8 g1
# ERR shifted v8 g1
# ERR raw v8 g2
# ERR biased v8 g2
# ERR shifted v8 g2
# ERR raw v8 g3
# ERR biased v8 g3
# ERR shifted v8 g3
# ERR raw v8 g4
# ERR biased v8 g4
# ERR shifted v8 g4
# ERR raw v8 g5
# ERR biased v8 g5
# ERR shifted v8 g5
# ERR raw v8 g6
# ERR biased v8 g6
# ERR shifted v8 g6
# ERR raw v8 g7
# ERR biased v8 g7
# ERR shifted v8 g7
# ERR raw v8 g8
# ERR biased v8 g8
# ERR shifted v8 g8
# ERR raw v8 g9
# ERR biased v8 g9
# ERR shifted v8 g9
# ERR raw v8 g10
# ERR biased v8 g10
# ERR shifted v8 g10
# ERR raw v8 g11
# ERR biased v8 g11
# ERR shifted v8 g11
# ERR raw v8 g12
# ERR biased v8 g12
# ERR shifted v8 g12
# ERR raw v8 g13
# ERR biased v8 g13
# ERR shifted v8 g13
# ERR raw v8 g14
# ERR biased v8 g14
# ERR shifted v8 g14
# ERR raw v8 g15
# ERR biased v8 g15
# ERR shifted v8 g15
# B1_FIRE tick=166 vector=8 group=15 first=0 last=1
# ERR raw v9 g0
# ERR biased v9 g0
# ERR shifted v9 g0
# B1_FIRE tick=167 vector=9 group=0 first=1 last=0
# ERR raw v9 g1
# ERR biased v9 g1
# ERR shifted v9 g1
# ERR raw v9 g2
# ERR biased v9 g2
# ERR shifted v9 g2
# ERR raw v9 g3
# ERR biased v9 g3
# ERR shifted v9 g3
# ERR raw v9 g4
# ERR biased v9 g4
# ERR shifted v9 g4
# ERR raw v9 g5
# ERR biased v9 g5
# ERR shifted v9 g5
# ERR raw v9 g6
# ERR biased v9 g6
# ERR shifted v9 g6
# ERR raw v9 g7
# ERR biased v9 g7
# ERR shifted v9 g7
# ERR raw v9 g8
# ERR biased v9 g8
# ERR shifted v9 g8
# ERR raw v9 g9
# ERR biased v9 g9
# ERR shifted v9 g9
# ERR raw v9 g10
# ERR biased v9 g10
# ERR shifted v9 g10
# ERR raw v9 g11
# ERR biased v9 g11
# ERR shifted v9 g11
# ERR raw v9 g12
# ERR biased v9 g12
# ERR shifted v9 g12
# ERR raw v9 g13
# ERR biased v9 g13
# ERR shifted v9 g13
# ERR raw v9 g14
# ERR biased v9 g14
# ERR shifted v9 g14
# ERR raw v9 g15
# ERR biased v9 g15
# ERR shifted v9 g15
# B1_FIRE tick=182 vector=9 group=15 first=0 last=1
# ERR raw v10 g0
# ERR biased v10 g0
# ERR shifted v10 g0
# B1_FIRE tick=183 vector=10 group=0 first=1 last=0
# ERR raw v10 g1
# ERR biased v10 g1
# ERR shifted v10 g1
# ERR raw v10 g2
# ERR biased v10 g2
# ERR shifted v10 g2
# ERR raw v10 g3
# ERR biased v10 g3
# ERR shifted v10 g3
# ERR raw v10 g4
# ERR biased v10 g4
# ERR shifted v10 g4
# ERR raw v10 g5
# ERR biased v10 g5
# ERR shifted v10 g5
# ERR raw v10 g6
# ERR biased v10 g6
# ERR shifted v10 g6
# ERR raw v10 g7
# ERR biased v10 g7
# ERR raw v10 g8
# ERR biased v10 g8
# ERR raw v10 g9
# ERR biased v10 g9
# ERR shifted v10 g9
# ERR raw v10 g10
# ERR biased v10 g10
# ERR shifted v10 g10
# ERR raw v10 g11
# ERR biased v10 g11
# ERR shifted v10 g11
# ERR raw v10 g12
# ERR biased v10 g12
# ERR shifted v10 g12
# ERR raw v10 g13
# ERR biased v10 g13
# ERR shifted v10 g13
# ERR raw v10 g14
# ERR biased v10 g14
# ERR shifted v10 g14
# ERR raw v10 g15
# ERR biased v10 g15
# ERR shifted v10 g15
# B1_FIRE tick=198 vector=10 group=15 first=0 last=1
# ERR raw v11 g0
# ERR biased v11 g0
# ERR shifted v11 g0
# B1_FIRE tick=199 vector=11 group=0 first=1 last=0
# ERR raw v11 g1
# ERR biased v11 g1
# ERR shifted v11 g1
# ERR raw v11 g2
# ERR biased v11 g2
# ERR shifted v11 g2
# ERR raw v11 g3
# ERR biased v11 g3
# ERR raw v11 g4
# ERR biased v11 g4
# ERR raw v11 g5
# ERR biased v11 g5
# ERR shifted v11 g5
# ERR raw v11 g6
# ERR biased v11 g6
# ERR shifted v11 g6
# ERR raw v11 g7
# ERR biased v11 g7
# ERR shifted v11 g7
# ERR raw v11 g8
# ERR biased v11 g8
# ERR shifted v11 g8
# ERR raw v11 g9
# ERR biased v11 g9
# ERR shifted v11 g9
# ERR raw v11 g10
# ERR biased v11 g10
# ERR shifted v11 g10
# ERR raw v11 g11
# ERR biased v11 g11
# ERR raw v11 g12
# ERR biased v11 g12
# ERR raw v11 g13
# ERR biased v11 g13
# ERR shifted v11 g13
# ERR raw v11 g14
# ERR biased v11 g14
# ERR shifted v11 g14
# ERR raw v11 g15
# ERR biased v11 g15
# ERR shifted v11 g15
# B1_FIRE tick=214 vector=11 group=15 first=0 last=1
# ERR raw v12 g0
# ERR biased v12 g0
# ERR shifted v12 g0
# B1_FIRE tick=215 vector=12 group=0 first=1 last=0
# ERR raw v12 g1
# ERR biased v12 g1
# ERR shifted v12 g1
# ERR raw v12 g2
# ERR biased v12 g2
# ERR raw v12 g3
# ERR biased v12 g3
# ERR shifted v12 g3
# ERR raw v12 g4
# ERR biased v12 g4
# ERR shifted v12 g4
# ERR raw v12 g5
# ERR biased v12 g5
# ERR shifted v12 g5
# ERR raw v12 g6
# ERR biased v12 g6
# ERR shifted v12 g6
# ERR raw v12 g7
# ERR biased v12 g7
# ERR shifted v12 g7
# ERR raw v12 g8
# ERR biased v12 g8
# ERR shifted v12 g8
# ERR raw v12 g9
# ERR biased v12 g9
# ERR shifted v12 g9
# ERR raw v12 g10
# ERR biased v12 g10
# ERR shifted v12 g10
# ERR raw v12 g11
# ERR biased v12 g11
# ERR shifted v12 g11
# ERR raw v12 g12
# ERR biased v12 g12
# ERR shifted v12 g12
# ERR raw v12 g13
# ERR biased v12 g13
# ERR raw v12 g14
# ERR biased v12 g14
# ERR shifted v12 g14
# ERR raw v12 g15
# ERR biased v12 g15
# ERR shifted v12 g15
# B1_FIRE tick=230 vector=12 group=15 first=0 last=1
# ERR raw v13 g0
# ERR biased v13 g0
# ERR shifted v13 g0
# B1_FIRE tick=231 vector=13 group=0 first=1 last=0
# ERR raw v13 g1
# ERR biased v13 g1
# ERR shifted v13 g1
# ERR raw v13 g2
# ERR biased v13 g2
# ERR shifted v13 g2
# ERR raw v13 g3
# ERR biased v13 g3
# ERR shifted v13 g3
# ERR raw v13 g4
# ERR biased v13 g4
# ERR shifted v13 g4
# ERR raw v13 g5
# ERR biased v13 g5
# ERR shifted v13 g5
# ERR raw v13 g6
# ERR biased v13 g6
# ERR shifted v13 g6
# ERR raw v13 g7
# ERR biased v13 g7
# ERR shifted v13 g7
# ERR raw v13 g8
# ERR biased v13 g8
# ERR shifted v13 g8
# ERR raw v13 g9
# ERR biased v13 g9
# ERR shifted v13 g9
# ERR raw v13 g10
# ERR biased v13 g10
# ERR shifted v13 g10
# ERR raw v13 g11
# ERR biased v13 g11
# ERR shifted v13 g11
# ERR raw v13 g12
# ERR biased v13 g12
# ERR shifted v13 g12
# ERR raw v13 g13
# ERR biased v13 g13
# ERR shifted v13 g13
# ERR raw v13 g14
# ERR biased v13 g14
# ERR shifted v13 g14
# ERR raw v13 g15
# ERR biased v13 g15
# ERR shifted v13 g15
# B1_FIRE tick=246 vector=13 group=15 first=0 last=1
# ERR raw v14 g0
# ERR biased v14 g0
# ERR shifted v14 g0
# B1_FIRE tick=247 vector=14 group=0 first=1 last=0
# ERR raw v14 g1
# ERR biased v14 g1
# ERR shifted v14 g1
# ERR raw v14 g2
# ERR biased v14 g2
# ERR shifted v14 g2
# ERR raw v14 g3
# ERR biased v14 g3
# ERR shifted v14 g3
# ERR raw v14 g4
# ERR biased v14 g4
# ERR shifted v14 g4
# ERR raw v14 g5
# ERR biased v14 g5
# ERR shifted v14 g5
# ERR raw v14 g6
# ERR biased v14 g6
# ERR shifted v14 g6
# ERR raw v14 g7
# ERR biased v14 g7
# ERR shifted v14 g7
# ERR raw v14 g8
# ERR biased v14 g8
# ERR shifted v14 g8
# ERR raw v14 g9
# ERR biased v14 g9
# ERR shifted v14 g9
# ERR raw v14 g10
# ERR biased v14 g10
# ERR shifted v14 g10
# ERR raw v14 g11
# ERR biased v14 g11
# ERR shifted v14 g11
# ERR raw v14 g12
# ERR biased v14 g12
# ERR shifted v14 g12
# ERR raw v14 g13
# ERR biased v14 g13
# ERR shifted v14 g13
# ERR raw v14 g14
# ERR biased v14 g14
# ERR shifted v14 g14
# ERR raw v14 g15
# ERR biased v14 g15
# ERR shifted v14 g15
# B1_FIRE tick=262 vector=14 group=15 first=0 last=1
# ERR raw v15 g0
# ERR biased v15 g0
# ERR shifted v15 g0
# B1_FIRE tick=263 vector=15 group=0 first=1 last=0
# ERR raw v15 g1
# ERR biased v15 g1
# ERR shifted v15 g1
# ERR raw v15 g2
# ERR biased v15 g2
# ERR shifted v15 g2
# ERR raw v15 g3
# ERR biased v15 g3
# ERR shifted v15 g3
# ERR raw v15 g4
# ERR biased v15 g4
# ERR shifted v15 g4
# ERR raw v15 g5
# ERR biased v15 g5
# ERR shifted v15 g5
# ERR raw v15 g6
# ERR biased v15 g6
# ERR shifted v15 g6
# ERR raw v15 g7
# ERR biased v15 g7
# ERR shifted v15 g7
# ERR raw v15 g8
# ERR biased v15 g8
# ERR shifted v15 g8
# ERR raw v15 g9
# ERR biased v15 g9
# ERR shifted v15 g9
# ERR raw v15 g10
# ERR biased v15 g10
# ERR shifted v15 g10
# ERR raw v15 g11
# ERR biased v15 g11
# ERR shifted v15 g11
# ERR raw v15 g12
# ERR biased v15 g12
# ERR shifted v15 g12
# ERR raw v15 g13
# ERR biased v15 g13
# ERR shifted v15 g13
# ERR raw v15 g14
# ERR biased v15 g14
# ERR shifted v15 g14
# ERR raw v15 g15
# ERR biased v15 g15
# ERR shifted v15 g15
# B1_FIRE tick=278 vector=15 group=15 first=0 last=1
# ERR raw v16 g0
# ERR biased v16 g0
# B1_FIRE tick=279 vector=16 group=0 first=1 last=0
# ERR raw v16 g1
# ERR biased v16 g1
# ERR shifted v16 g1
# ERR raw v16 g2
# ERR biased v16 g2
# ERR shifted v16 g2
# ERR raw v16 g3
# ERR biased v16 g3
# ERR shifted v16 g3
# ERR raw v16 g4
# ERR biased v16 g4
# ERR shifted v16 g4
# ERR raw v16 g5
# ERR biased v16 g5
# ERR shifted v16 g5
# ERR raw v16 g6
# ERR biased v16 g6
# ERR shifted v16 g6
# ERR raw v16 g7
# ERR biased v16 g7
# ERR shifted v16 g7
# ERR raw v16 g8
# ERR biased v16 g8
# ERR shifted v16 g8
# ERR raw v16 g9
# ERR biased v16 g9
# ERR shifted v16 g9
# ERR raw v16 g10
# ERR biased v16 g10
# ERR shifted v16 g10
# ERR raw v16 g11
# ERR biased v16 g11
# ERR shifted v16 g11
# ERR raw v16 g12
# ERR biased v16 g12
# ERR shifted v16 g12
# ERR raw v16 g13
# ERR biased v16 g13
# ERR shifted v16 g13
# ERR raw v16 g14
# ERR biased v16 g14
# ERR shifted v16 g14
# ERR raw v16 g15
# ERR biased v16 g15
# B1_FIRE tick=294 vector=16 group=15 first=0 last=1
# ERR raw v17 g0
# ERR biased v17 g0
# ERR shifted v17 g0
# B1_FIRE tick=295 vector=17 group=0 first=1 last=0
# ERR raw v17 g1
# ERR biased v17 g1
# ERR shifted v17 g1
# ERR raw v17 g2
# ERR biased v17 g2
# ERR shifted v17 g2
# ERR raw v17 g3
# ERR biased v17 g3
# ERR shifted v17 g3
# ERR raw v17 g4
# ERR biased v17 g4
# ERR shifted v17 g4
# ERR raw v17 g5
# ERR biased v17 g5
# ERR shifted v17 g5
# ERR raw v17 g6
# ERR biased v17 g6
# ERR shifted v17 g6
# ERR raw v17 g7
# ERR biased v17 g7
# ERR shifted v17 g7
# ERR raw v17 g8
# ERR biased v17 g8
# ERR shifted v17 g8
# ERR raw v17 g9
# ERR biased v17 g9
# ERR shifted v17 g9
# ERR raw v17 g10
# ERR biased v17 g10
# ERR shifted v17 g10
# ERR raw v17 g11
# ERR biased v17 g11
# ERR shifted v17 g11
# ERR raw v17 g12
# ERR biased v17 g12
# ERR shifted v17 g12
# ERR raw v17 g13
# ERR biased v17 g13
# ERR shifted v17 g13
# ERR raw v17 g14
# ERR biased v17 g14
# ERR shifted v17 g14
# ERR raw v17 g15
# ERR biased v17 g15
# ERR shifted v17 g15
# B1_FIRE tick=310 vector=17 group=15 first=0 last=1
# ERR raw v18 g0
# ERR biased v18 g0
# ERR shifted v18 g0
# B1_FIRE tick=311 vector=18 group=0 first=1 last=0
# ERR raw v18 g1
# ERR biased v18 g1
# ERR shifted v18 g1
# ERR raw v18 g2
# ERR biased v18 g2
# ERR shifted v18 g2
# ERR raw v18 g3
# ERR biased v18 g3
# ERR shifted v18 g3
# ERR raw v18 g4
# ERR biased v18 g4
# ERR shifted v18 g4
# ERR raw v18 g5
# ERR biased v18 g5
# ERR shifted v18 g5
# ERR raw v18 g6
# ERR biased v18 g6
# ERR shifted v18 g6
# ERR raw v18 g7
# ERR biased v18 g7
# ERR shifted v18 g7
# ERR raw v18 g8
# ERR biased v18 g8
# ERR shifted v18 g8
# ERR raw v18 g9
# ERR biased v18 g9
# ERR shifted v18 g9
# ERR raw v18 g10
# ERR biased v18 g10
# ERR shifted v18 g10
# ERR raw v18 g11
# ERR biased v18 g11
# ERR shifted v18 g11
# ERR raw v18 g12
# ERR biased v18 g12
# ERR shifted v18 g12
# ERR raw v18 g13
# ERR biased v18 g13
# ERR shifted v18 g13
# ERR raw v18 g14
# ERR biased v18 g14
# ERR shifted v18 g14
# ERR raw v18 g15
# ERR biased v18 g15
# ERR shifted v18 g15
# B1_FIRE tick=326 vector=18 group=15 first=0 last=1
# ERR raw v19 g0
# ERR biased v19 g0
# ERR shifted v19 g0
# B1_FIRE tick=327 vector=19 group=0 first=1 last=0
# ERR raw v19 g1
# ERR biased v19 g1
# ERR shifted v19 g1
# ERR raw v19 g2
# ERR biased v19 g2
# ERR shifted v19 g2
# ERR raw v19 g3
# ERR biased v19 g3
# ERR shifted v19 g3
# ERR raw v19 g4
# ERR biased v19 g4
# ERR shifted v19 g4
# ERR raw v19 g5
# ERR biased v19 g5
# ERR shifted v19 g5
# ERR raw v19 g6
# ERR biased v19 g6
# ERR shifted v19 g6
# ERR raw v19 g7
# ERR biased v19 g7
# ERR shifted v19 g7
# ERR raw v19 g8
# ERR biased v19 g8
# ERR shifted v19 g8
# ERR raw v19 g9
# ERR biased v19 g9
# ERR shifted v19 g9
# ERR raw v19 g10
# ERR biased v19 g10
# ERR shifted v19 g10
# ERR raw v19 g11
# ERR biased v19 g11
# ERR shifted v19 g11
# ERR raw v19 g12
# ERR biased v19 g12
# ERR shifted v19 g12
# ERR raw v19 g13
# ERR biased v19 g13
# ERR shifted v19 g13
# ERR raw v19 g14
# ERR biased v19 g14
# ERR shifted v19 g14
# ERR raw v19 g15
# ERR biased v19 g15
# ERR shifted v19 g15
# B1_FIRE tick=342 vector=19 group=15 first=0 last=1
# ERR raw v20 g0
# ERR biased v20 g0
# ERR shifted v20 g0
# B1_FIRE tick=343 vector=20 group=0 first=1 last=0
# ERR raw v20 g1
# ERR biased v20 g1
# ERR shifted v20 g1
# ERR raw v20 g2
# ERR biased v20 g2
# ERR shifted v20 g2
# ERR raw v20 g3
# ERR biased v20 g3
# ERR shifted v20 g3
# ERR raw v20 g4
# ERR biased v20 g4
# ERR shifted v20 g4
# ERR raw v20 g5
# ERR biased v20 g5
# ERR shifted v20 g5
# ERR raw v20 g6
# ERR biased v20 g6
# ERR shifted v20 g6
# ERR raw v20 g7
# ERR biased v20 g7
# ERR shifted v20 g7
# ERR raw v20 g8
# ERR biased v20 g8
# ERR shifted v20 g8
# ERR raw v20 g9
# ERR biased v20 g9
# ERR shifted v20 g9
# ERR raw v20 g10
# ERR biased v20 g10
# ERR shifted v20 g10
# ERR raw v20 g11
# ERR biased v20 g11
# ERR shifted v20 g11
# ERR raw v20 g12
# ERR biased v20 g12
# ERR shifted v20 g12
# ERR raw v20 g13
# ERR biased v20 g13
# ERR shifted v20 g13
# ERR raw v20 g14
# ERR biased v20 g14
# ERR shifted v20 g14
# ERR raw v20 g15
# ERR biased v20 g15
# ERR shifted v20 g15
# B1_FIRE tick=358 vector=20 group=15 first=0 last=1
# ERR raw v21 g0
# ERR biased v21 g0
# ERR shifted v21 g0
# B1_FIRE tick=359 vector=21 group=0 first=1 last=0
# ERR raw v21 g1
# ERR biased v21 g1
# ERR shifted v21 g1
# ERR raw v21 g2
# ERR biased v21 g2
# ERR shifted v21 g2
# ERR raw v21 g3
# ERR biased v21 g3
# ERR shifted v21 g3
# ERR raw v21 g4
# ERR biased v21 g4
# ERR shifted v21 g4
# ERR raw v21 g5
# ERR biased v21 g5
# ERR shifted v21 g5
# ERR raw v21 g6
# ERR biased v21 g6
# ERR shifted v21 g6
# ERR raw v21 g7
# ERR biased v21 g7
# ERR shifted v21 g7
# ERR raw v21 g8
# ERR biased v21 g8
# ERR shifted v21 g8
# ERR raw v21 g9
# ERR biased v21 g9
# ERR shifted v21 g9
# ERR raw v21 g10
# ERR biased v21 g10
# ERR shifted v21 g10
# ERR raw v21 g11
# ERR biased v21 g11
# ERR shifted v21 g11
# ERR raw v21 g12
# ERR biased v21 g12
# ERR shifted v21 g12
# ERR raw v21 g13
# ERR biased v21 g13
# ERR shifted v21 g13
# ERR raw v21 g14
# ERR biased v21 g14
# ERR shifted v21 g14
# ERR raw v21 g15
# ERR biased v21 g15
# ERR shifted v21 g15
# B1_FIRE tick=374 vector=21 group=15 first=0 last=1
# ERR raw v22 g0
# ERR biased v22 g0
# ERR shifted v22 g0
# B1_FIRE tick=375 vector=22 group=0 first=1 last=0
# ERR raw v22 g1
# ERR biased v22 g1
# ERR shifted v22 g1
# ERR raw v22 g2
# ERR biased v22 g2
# ERR shifted v22 g2
# ERR raw v22 g3
# ERR biased v22 g3
# ERR shifted v22 g3
# ERR raw v22 g4
# ERR biased v22 g4
# ERR shifted v22 g4
# ERR raw v22 g5
# ERR biased v22 g5
# ERR shifted v22 g5
# ERR raw v22 g6
# ERR biased v22 g6
# ERR shifted v22 g6
# ERR raw v22 g7
# ERR biased v22 g7
# ERR shifted v22 g7
# ERR raw v22 g8
# ERR biased v22 g8
# ERR shifted v22 g8
# ERR raw v22 g9
# ERR biased v22 g9
# ERR shifted v22 g9
# ERR raw v22 g10
# ERR biased v22 g10
# ERR shifted v22 g10
# ERR raw v22 g11
# ERR biased v22 g11
# ERR shifted v22 g11
# ERR raw v22 g12
# ERR biased v22 g12
# ERR shifted v22 g12
# ERR raw v22 g13
# ERR biased v22 g13
# ERR shifted v22 g13
# ERR raw v22 g14
# ERR biased v22 g14
# ERR shifted v22 g14
# ERR raw v22 g15
# ERR biased v22 g15
# ERR shifted v22 g15
# B1_FIRE tick=390 vector=22 group=15 first=0 last=1
# ERR raw v23 g0
# ERR biased v23 g0
# ERR shifted v23 g0
# B1_FIRE tick=391 vector=23 group=0 first=1 last=0
# ERR raw v23 g1
# ERR biased v23 g1
# ERR shifted v23 g1
# ERR raw v23 g2
# ERR biased v23 g2
# ERR shifted v23 g2
# ERR raw v23 g3
# ERR biased v23 g3
# ERR shifted v23 g3
# ERR raw v23 g4
# ERR biased v23 g4
# ERR shifted v23 g4
# ERR raw v23 g5
# ERR biased v23 g5
# ERR shifted v23 g5
# ERR raw v23 g6
# ERR biased v23 g6
# ERR shifted v23 g6
# ERR raw v23 g7
# ERR biased v23 g7
# ERR shifted v23 g7
# ERR raw v23 g8
# ERR biased v23 g8
# ERR shifted v23 g8
# ERR raw v23 g9
# ERR biased v23 g9
# ERR shifted v23 g9
# ERR raw v23 g10
# ERR biased v23 g10
# ERR shifted v23 g10
# ERR raw v23 g11
# ERR biased v23 g11
# ERR shifted v23 g11
# ERR raw v23 g12
# ERR biased v23 g12
# ERR shifted v23 g12
# ERR raw v23 g13
# ERR biased v23 g13
# ERR shifted v23 g13
# ERR raw v23 g14
# ERR biased v23 g14
# ERR shifted v23 g14
# ERR raw v23 g15
# ERR biased v23 g15
# ERR shifted v23 g15
# B1_FIRE tick=406 vector=23 group=15 first=0 last=1
# ERR raw v24 g0
# ERR biased v24 g0
# ERR shifted v24 g0
# B1_FIRE tick=407 vector=24 group=0 first=1 last=0
# ERR raw v24 g1
# ERR biased v24 g1
# ERR shifted v24 g1
# ERR raw v24 g2
# ERR biased v24 g2
# ERR shifted v24 g2
# ERR raw v24 g3
# ERR biased v24 g3
# ERR shifted v24 g3
# ERR raw v24 g4
# ERR biased v24 g4
# ERR shifted v24 g4
# ERR raw v24 g5
# ERR biased v24 g5
# ERR shifted v24 g5
# ERR raw v24 g6
# ERR biased v24 g6
# ERR shifted v24 g6
# ERR raw v24 g7
# ERR biased v24 g7
# ERR shifted v24 g7
# ERR raw v24 g8
# ERR biased v24 g8
# ERR shifted v24 g8
# ERR raw v24 g9
# ERR biased v24 g9
# ERR shifted v24 g9
# ERR raw v24 g10
# ERR biased v24 g10
# ERR shifted v24 g10
# ERR raw v24 g11
# ERR biased v24 g11
# ERR shifted v24 g11
# ERR raw v24 g12
# ERR biased v24 g12
# ERR shifted v24 g12
# ERR raw v24 g13
# ERR biased v24 g13
# ERR shifted v24 g13
# ERR raw v24 g14
# ERR biased v24 g14
# ERR shifted v24 g14
# ERR raw v24 g15
# ERR biased v24 g15
# ERR shifted v24 g15
# B1_FIRE tick=422 vector=24 group=15 first=0 last=1
# ERR raw v25 g0
# ERR biased v25 g0
# ERR shifted v25 g0
# B1_FIRE tick=423 vector=25 group=0 first=1 last=0
# ERR raw v25 g1
# ERR biased v25 g1
# ERR shifted v25 g1
# ERR raw v25 g2
# ERR biased v25 g2
# ERR shifted v25 g2
# ERR raw v25 g3
# ERR biased v25 g3
# ERR shifted v25 g3
# ERR raw v25 g4
# ERR biased v25 g4
# ERR shifted v25 g4
# ERR raw v25 g5
# ERR biased v25 g5
# ERR shifted v25 g5
# ERR raw v25 g6
# ERR biased v25 g6
# ERR shifted v25 g6
# ERR raw v25 g7
# ERR biased v25 g7
# ERR shifted v25 g7
# ERR raw v25 g8
# ERR biased v25 g8
# ERR shifted v25 g8
# ERR raw v25 g9
# ERR biased v25 g9
# ERR shifted v25 g9
# ERR raw v25 g10
# ERR biased v25 g10
# ERR shifted v25 g10
# ERR raw v25 g11
# ERR biased v25 g11
# ERR shifted v25 g11
# ERR raw v25 g12
# ERR biased v25 g12
# ERR shifted v25 g12
# ERR raw v25 g13
# ERR biased v25 g13
# ERR shifted v25 g13
# ERR raw v25 g14
# ERR biased v25 g14
# ERR shifted v25 g14
# ERR raw v25 g15
# ERR biased v25 g15
# ERR shifted v25 g15
# B1_FIRE tick=438 vector=25 group=15 first=0 last=1
# ERR raw v26 g0
# ERR biased v26 g0
# ERR shifted v26 g0
# B1_FIRE tick=439 vector=26 group=0 first=1 last=0
# ERR raw v26 g1
# ERR biased v26 g1
# ERR shifted v26 g1
# ERR raw v26 g2
# ERR biased v26 g2
# ERR shifted v26 g2
# ERR raw v26 g3
# ERR biased v26 g3
# ERR shifted v26 g3
# ERR raw v26 g4
# ERR biased v26 g4
# ERR shifted v26 g4
# ERR raw v26 g5
# ERR biased v26 g5
# ERR shifted v26 g5
# ERR raw v26 g6
# ERR biased v26 g6
# ERR shifted v26 g6
# ERR raw v26 g7
# ERR biased v26 g7
# ERR shifted v26 g7
# ERR raw v26 g8
# ERR biased v26 g8
# ERR shifted v26 g8
# ERR raw v26 g9
# ERR biased v26 g9
# ERR shifted v26 g9
# ERR raw v26 g10
# ERR biased v26 g10
# ERR shifted v26 g10
# ERR raw v26 g11
# ERR biased v26 g11
# ERR shifted v26 g11
# ERR raw v26 g12
# ERR biased v26 g12
# ERR shifted v26 g12
# ERR raw v26 g13
# ERR biased v26 g13
# ERR shifted v26 g13
# ERR raw v26 g14
# ERR biased v26 g14
# ERR shifted v26 g14
# ERR raw v26 g15
# ERR biased v26 g15
# ERR shifted v26 g15
# B1_FIRE tick=454 vector=26 group=15 first=0 last=1
# ERR raw v27 g0
# ERR biased v27 g0
# ERR shifted v27 g0
# B1_FIRE tick=455 vector=27 group=0 first=1 last=0
# ERR raw v27 g1
# ERR biased v27 g1
# ERR shifted v27 g1
# ERR raw v27 g2
# ERR biased v27 g2
# ERR shifted v27 g2
# ERR raw v27 g3
# ERR biased v27 g3
# ERR shifted v27 g3
# ERR raw v27 g4
# ERR biased v27 g4
# ERR shifted v27 g4
# ERR raw v27 g5
# ERR biased v27 g5
# ERR shifted v27 g5
# ERR raw v27 g6
# ERR biased v27 g6
# ERR shifted v27 g6
# ERR raw v27 g7
# ERR biased v27 g7
# ERR shifted v27 g7
# ERR raw v27 g8
# ERR biased v27 g8
# ERR shifted v27 g8
# ERR raw v27 g9
# ERR biased v27 g9
# ERR shifted v27 g9
# ERR raw v27 g10
# ERR biased v27 g10
# ERR shifted v27 g10
# ERR raw v27 g11
# ERR biased v27 g11
# ERR shifted v27 g11
# ERR raw v27 g12
# ERR biased v27 g12
# ERR shifted v27 g12
# ERR raw v27 g13
# ERR biased v27 g13
# ERR shifted v27 g13
# ERR raw v27 g14
# ERR biased v27 g14
# ERR shifted v27 g14
# ERR raw v27 g15
# ERR biased v27 g15
# ERR shifted v27 g15
# B1_FIRE tick=470 vector=27 group=15 first=0 last=1
# ERR raw v28 g0
# ERR biased v28 g0
# ERR shifted v28 g0
# B1_FIRE tick=471 vector=28 group=0 first=1 last=0
# ERR raw v28 g1
# ERR biased v28 g1
# ERR shifted v28 g1
# ERR raw v28 g2
# ERR biased v28 g2
# ERR shifted v28 g2
# ERR raw v28 g3
# ERR biased v28 g3
# ERR shifted v28 g3
# ERR raw v28 g4
# ERR biased v28 g4
# ERR shifted v28 g4
# ERR raw v28 g5
# ERR biased v28 g5
# ERR shifted v28 g5
# ERR raw v28 g6
# ERR biased v28 g6
# ERR shifted v28 g6
# ERR raw v28 g7
# ERR biased v28 g7
# ERR shifted v28 g7
# ERR raw v28 g8
# ERR biased v28 g8
# ERR shifted v28 g8
# ERR raw v28 g9
# ERR biased v28 g9
# ERR shifted v28 g9
# ERR raw v28 g10
# ERR biased v28 g10
# ERR shifted v28 g10
# ERR raw v28 g11
# ERR biased v28 g11
# ERR shifted v28 g11
# ERR raw v28 g12
# ERR biased v28 g12
# ERR shifted v28 g12
# ERR raw v28 g13
# ERR biased v28 g13
# ERR shifted v28 g13
# ERR raw v28 g14
# ERR biased v28 g14
# ERR shifted v28 g14
# ERR raw v28 g15
# ERR biased v28 g15
# ERR shifted v28 g15
# B1_FIRE tick=486 vector=28 group=15 first=0 last=1
# ERR raw v29 g0
# ERR biased v29 g0
# ERR shifted v29 g0
# B1_FIRE tick=487 vector=29 group=0 first=1 last=0
# ERR raw v29 g1
# ERR biased v29 g1
# ERR shifted v29 g1
# ERR raw v29 g2
# ERR biased v29 g2
# ERR shifted v29 g2
# ERR raw v29 g3
# ERR biased v29 g3
# ERR shifted v29 g3
# ERR raw v29 g4
# ERR biased v29 g4
# ERR shifted v29 g4
# ERR raw v29 g5
# ERR biased v29 g5
# ERR shifted v29 g5
# ERR raw v29 g6
# ERR biased v29 g6
# ERR shifted v29 g6
# ERR raw v29 g7
# ERR biased v29 g7
# ERR shifted v29 g7
# ERR raw v29 g8
# ERR biased v29 g8
# ERR shifted v29 g8
# ERR raw v29 g9
# ERR biased v29 g9
# ERR shifted v29 g9
# ERR raw v29 g10
# ERR biased v29 g10
# ERR shifted v29 g10
# ERR raw v29 g11
# ERR biased v29 g11
# ERR shifted v29 g11
# ERR raw v29 g12
# ERR biased v29 g12
# ERR shifted v29 g12
# ERR raw v29 g13
# ERR biased v29 g13
# ERR shifted v29 g13
# ERR raw v29 g14
# ERR biased v29 g14
# ERR shifted v29 g14
# ERR raw v29 g15
# ERR biased v29 g15
# ERR shifted v29 g15
# B1_FIRE tick=502 vector=29 group=15 first=0 last=1
# ERR raw v30 g0
# ERR biased v30 g0
# ERR shifted v30 g0
# B1_FIRE tick=503 vector=30 group=0 first=1 last=0
# ERR raw v30 g1
# ERR biased v30 g1
# ERR shifted v30 g1
# ERR raw v30 g2
# ERR biased v30 g2
# ERR shifted v30 g2
# ERR raw v30 g3
# ERR biased v30 g3
# ERR shifted v30 g3
# ERR raw v30 g4
# ERR biased v30 g4
# ERR shifted v30 g4
# ERR raw v30 g5
# ERR biased v30 g5
# ERR shifted v30 g5
# ERR raw v30 g6
# ERR biased v30 g6
# ERR shifted v30 g6
# ERR raw v30 g7
# ERR biased v30 g7
# ERR shifted v30 g7
# ERR raw v30 g8
# ERR biased v30 g8
# ERR shifted v30 g8
# ERR raw v30 g9
# ERR biased v30 g9
# ERR shifted v30 g9
# ERR raw v30 g10
# ERR biased v30 g10
# ERR shifted v30 g10
# ERR raw v30 g11
# ERR biased v30 g11
# ERR shifted v30 g11
# ERR raw v30 g12
# ERR biased v30 g12
# ERR shifted v30 g12
# ERR raw v30 g13
# ERR biased v30 g13
# ERR shifted v30 g13
# ERR raw v30 g14
# ERR biased v30 g14
# ERR shifted v30 g14
# ERR raw v30 g15
# ERR biased v30 g15
# ERR shifted v30 g15
# B1_FIRE tick=518 vector=30 group=15 first=0 last=1
# ERR raw v31 g0
# ERR biased v31 g0
# ERR shifted v31 g0
# B1_FIRE tick=519 vector=31 group=0 first=1 last=0
# ERR raw v31 g1
# ERR biased v31 g1
# ERR shifted v31 g1
# ERR raw v31 g2
# ERR biased v31 g2
# ERR shifted v31 g2
# ERR raw v31 g3
# ERR biased v31 g3
# ERR shifted v31 g3
# ERR raw v31 g4
# ERR biased v31 g4
# ERR shifted v31 g4
# ERR raw v31 g5
# ERR biased v31 g5
# ERR shifted v31 g5
# ERR raw v31 g6
# ERR biased v31 g6
# ERR shifted v31 g6
# ERR raw v31 g7
# ERR biased v31 g7
# ERR shifted v31 g7
# ERR raw v31 g8
# ERR biased v31 g8
# ERR shifted v31 g8
# ERR raw v31 g9
# ERR biased v31 g9
# ERR shifted v31 g9
# ERR raw v31 g10
# ERR biased v31 g10
# ERR shifted v31 g10
# ERR raw v31 g11
# ERR biased v31 g11
# ERR shifted v31 g11
# ERR raw v31 g12
# ERR biased v31 g12
# ERR shifted v31 g12
# ERR raw v31 g13
# ERR biased v31 g13
# ERR shifted v31 g13
# ERR raw v31 g14
# ERR biased v31 g14
# ERR shifted v31 g14
# ERR raw v31 g15
# ERR biased v31 g15
# ERR shifted v31 g15
# B1_FIRE tick=534 vector=31 group=15 first=0 last=1
# ERR raw v32 g0
# ERR biased v32 g0
# ERR shifted v32 g0
# B1_FIRE tick=535 vector=32 group=0 first=1 last=0
# ERR raw v32 g1
# ERR biased v32 g1
# ERR shifted v32 g1
# ERR raw v32 g2
# ERR biased v32 g2
# ERR shifted v32 g2
# ERR raw v32 g3
# ERR biased v32 g3
# ERR shifted v32 g3
# ERR raw v32 g4
# ERR biased v32 g4
# ERR shifted v32 g4
# ERR raw v32 g5
# ERR biased v32 g5
# ERR shifted v32 g5
# ERR raw v32 g6
# ERR biased v32 g6
# ERR shifted v32 g6
# ERR raw v32 g7
# ERR biased v32 g7
# ERR shifted v32 g7
# ERR raw v32 g8
# ERR biased v32 g8
# ERR shifted v32 g8
# ERR raw v32 g9
# ERR biased v32 g9
# ERR shifted v32 g9
# ERR raw v32 g10
# ERR biased v32 g10
# ERR shifted v32 g10
# ERR raw v32 g11
# ERR biased v32 g11
# ERR shifted v32 g11
# ERR raw v32 g12
# ERR biased v32 g12
# ERR shifted v32 g12
# ERR raw v32 g13
# ERR biased v32 g13
# ERR shifted v32 g13
# ERR raw v32 g14
# ERR biased v32 g14
# ERR shifted v32 g14
# ERR raw v32 g15
# ERR biased v32 g15
# ERR shifted v32 g15
# B1_FIRE tick=550 vector=32 group=15 first=0 last=1
# ERR raw v33 g0
# ERR biased v33 g0
# ERR shifted v33 g0
# B1_FIRE tick=551 vector=33 group=0 first=1 last=0
# ERR raw v33 g1
# ERR biased v33 g1
# ERR shifted v33 g1
# ERR raw v33 g2
# ERR biased v33 g2
# ERR shifted v33 g2
# ERR raw v33 g3
# ERR biased v33 g3
# ERR shifted v33 g3
# ERR raw v33 g4
# ERR biased v33 g4
# ERR shifted v33 g4
# ERR raw v33 g5
# ERR biased v33 g5
# ERR shifted v33 g5
# ERR raw v33 g6
# ERR biased v33 g6
# ERR shifted v33 g6
# ERR raw v33 g7
# ERR biased v33 g7
# ERR shifted v33 g7
# ERR raw v33 g8
# ERR biased v33 g8
# ERR shifted v33 g8
# ERR raw v33 g9
# ERR biased v33 g9
# ERR shifted v33 g9
# ERR raw v33 g10
# ERR biased v33 g10
# ERR shifted v33 g10
# ERR raw v33 g11
# ERR biased v33 g11
# ERR shifted v33 g11
# ERR raw v33 g12
# ERR biased v33 g12
# ERR shifted v33 g12
# ERR raw v33 g13
# ERR biased v33 g13
# ERR shifted v33 g13
# ERR raw v33 g14
# ERR biased v33 g14
# ERR shifted v33 g14
# ERR raw v33 g15
# ERR biased v33 g15
# ERR shifted v33 g15
# B1_FIRE tick=566 vector=33 group=15 first=0 last=1
# ERR raw v34 g0
# ERR biased v34 g0
# ERR shifted v34 g0
# B1_FIRE tick=567 vector=34 group=0 first=1 last=0
# ERR raw v34 g1
# ERR biased v34 g1
# ERR shifted v34 g1
# ERR raw v34 g2
# ERR biased v34 g2
# ERR shifted v34 g2
# ERR raw v34 g3
# ERR biased v34 g3
# ERR shifted v34 g3
# ERR raw v34 g4
# ERR biased v34 g4
# ERR shifted v34 g4
# ERR raw v34 g5
# ERR biased v34 g5
# ERR shifted v34 g5
# ERR raw v34 g6
# ERR biased v34 g6
# ERR shifted v34 g6
# ERR raw v34 g7
# ERR biased v34 g7
# ERR shifted v34 g7
# ERR raw v34 g8
# ERR biased v34 g8
# ERR shifted v34 g8
# ERR raw v34 g9
# ERR biased v34 g9
# ERR shifted v34 g9
# ERR raw v34 g10
# ERR biased v34 g10
# ERR shifted v34 g10
# ERR raw v34 g11
# ERR biased v34 g11
# ERR shifted v34 g11
# ERR raw v34 g12
# ERR biased v34 g12
# ERR shifted v34 g12
# ERR raw v34 g13
# ERR biased v34 g13
# ERR shifted v34 g13
# ERR raw v34 g14
# ERR biased v34 g14
# ERR shifted v34 g14
# ERR raw v34 g15
# ERR biased v34 g15
# ERR shifted v34 g15
# B1_FIRE tick=582 vector=34 group=15 first=0 last=1
# ERR raw v35 g0
# ERR biased v35 g0
# ERR shifted v35 g0
# B1_FIRE tick=583 vector=35 group=0 first=1 last=0
# ERR raw v35 g1
# ERR biased v35 g1
# ERR shifted v35 g1
# ERR raw v35 g2
# ERR biased v35 g2
# ERR shifted v35 g2
# ERR raw v35 g3
# ERR biased v35 g3
# ERR shifted v35 g3
# ERR raw v35 g4
# ERR biased v35 g4
# ERR shifted v35 g4
# ERR raw v35 g5
# ERR biased v35 g5
# ERR shifted v35 g5
# ERR raw v35 g6
# ERR biased v35 g6
# ERR shifted v35 g6
# ERR raw v35 g7
# ERR biased v35 g7
# ERR shifted v35 g7
# ERR raw v35 g8
# ERR biased v35 g8
# ERR shifted v35 g8
# ERR raw v35 g9
# ERR biased v35 g9
# ERR shifted v35 g9
# ERR raw v35 g10
# ERR biased v35 g10
# ERR shifted v35 g10
# ERR raw v35 g11
# ERR biased v35 g11
# ERR shifted v35 g11
# ERR raw v35 g12
# ERR biased v35 g12
# ERR shifted v35 g12
# ERR raw v35 g13
# ERR biased v35 g13
# ERR shifted v35 g13
# ERR raw v35 g14
# ERR biased v35 g14
# ERR shifted v35 g14
# ERR raw v35 g15
# ERR biased v35 g15
# ERR shifted v35 g15
# B1_FIRE tick=598 vector=35 group=15 first=0 last=1
# ERR raw v36 g0
# ERR biased v36 g0
# ERR shifted v36 g0
# B1_FIRE tick=599 vector=36 group=0 first=1 last=0
# ERR raw v36 g1
# ERR biased v36 g1
# ERR shifted v36 g1
# ERR raw v36 g2
# ERR biased v36 g2
# ERR shifted v36 g2
# ERR raw v36 g3
# ERR biased v36 g3
# ERR shifted v36 g3
# ERR raw v36 g4
# ERR biased v36 g4
# ERR shifted v36 g4
# ERR raw v36 g5
# ERR biased v36 g5
# ERR shifted v36 g5
# ERR raw v36 g6
# ERR biased v36 g6
# ERR shifted v36 g6
# ERR raw v36 g7
# ERR biased v36 g7
# ERR shifted v36 g7
# ERR raw v36 g8
# ERR biased v36 g8
# ERR shifted v36 g8
# ERR raw v36 g9
# ERR biased v36 g9
# ERR shifted v36 g9
# ERR raw v36 g10
# ERR biased v36 g10
# ERR shifted v36 g10
# ERR raw v36 g11
# ERR biased v36 g11
# ERR shifted v36 g11
# ERR raw v36 g12
# ERR biased v36 g12
# ERR shifted v36 g12
# ERR raw v36 g13
# ERR biased v36 g13
# ERR shifted v36 g13
# ERR raw v36 g14
# ERR biased v36 g14
# ERR shifted v36 g14
# ERR raw v36 g15
# ERR biased v36 g15
# ERR shifted v36 g15
# B1_FIRE tick=614 vector=36 group=15 first=0 last=1
# ERR raw v37 g0
# ERR biased v37 g0
# ERR shifted v37 g0
# B1_FIRE tick=615 vector=37 group=0 first=1 last=0
# ERR raw v37 g1
# ERR biased v37 g1
# ERR shifted v37 g1
# ERR raw v37 g2
# ERR biased v37 g2
# ERR shifted v37 g2
# ERR raw v37 g3
# ERR biased v37 g3
# ERR shifted v37 g3
# ERR raw v37 g4
# ERR biased v37 g4
# ERR shifted v37 g4
# ERR raw v37 g5
# ERR biased v37 g5
# ERR shifted v37 g5
# ERR raw v37 g6
# ERR biased v37 g6
# ERR shifted v37 g6
# ERR raw v37 g7
# ERR biased v37 g7
# ERR shifted v37 g7
# ERR raw v37 g8
# ERR biased v37 g8
# ERR shifted v37 g8
# ERR raw v37 g9
# ERR biased v37 g9
# ERR shifted v37 g9
# ERR raw v37 g10
# ERR biased v37 g10
# ERR shifted v37 g10
# ERR raw v37 g11
# ERR biased v37 g11
# ERR shifted v37 g11
# ERR raw v37 g12
# ERR biased v37 g12
# ERR shifted v37 g12
# ERR raw v37 g13
# ERR biased v37 g13
# ERR shifted v37 g13
# ERR raw v37 g14
# ERR biased v37 g14
# ERR shifted v37 g14
# ERR raw v37 g15
# ERR biased v37 g15
# ERR shifted v37 g15
# B1_FIRE tick=630 vector=37 group=15 first=0 last=1
# ERR raw v38 g0
# ERR biased v38 g0
# ERR shifted v38 g0
# B1_FIRE tick=631 vector=38 group=0 first=1 last=0
# ERR raw v38 g1
# ERR biased v38 g1
# ERR shifted v38 g1
# ERR raw v38 g2
# ERR biased v38 g2
# ERR shifted v38 g2
# ERR raw v38 g3
# ERR biased v38 g3
# ERR shifted v38 g3
# ERR raw v38 g4
# ERR biased v38 g4
# ERR shifted v38 g4
# ERR raw v38 g5
# ERR biased v38 g5
# ERR shifted v38 g5
# ERR raw v38 g6
# ERR biased v38 g6
# ERR shifted v38 g6
# ERR raw v38 g7
# ERR biased v38 g7
# ERR shifted v38 g7
# ERR raw v38 g8
# ERR biased v38 g8
# ERR shifted v38 g8
# ERR raw v38 g9
# ERR biased v38 g9
# ERR shifted v38 g9
# ERR raw v38 g10
# ERR biased v38 g10
# ERR shifted v38 g10
# ERR raw v38 g11
# ERR biased v38 g11
# ERR shifted v38 g11
# ERR raw v38 g12
# ERR biased v38 g12
# ERR shifted v38 g12
# ERR raw v38 g13
# ERR biased v38 g13
# ERR shifted v38 g13
# ERR raw v38 g14
# ERR biased v38 g14
# ERR shifted v38 g14
# ERR raw v38 g15
# ERR biased v38 g15
# ERR shifted v38 g15
# B1_FIRE tick=646 vector=38 group=15 first=0 last=1
# ERR raw v39 g0
# ERR biased v39 g0
# ERR shifted v39 g0
# B1_FIRE tick=647 vector=39 group=0 first=1 last=0
# ERR raw v39 g1
# ERR biased v39 g1
# ERR shifted v39 g1
# ERR raw v39 g2
# ERR biased v39 g2
# ERR shifted v39 g2
# ERR raw v39 g3
# ERR biased v39 g3
# ERR shifted v39 g3
# ERR raw v39 g4
# ERR biased v39 g4
# ERR shifted v39 g4
# ERR raw v39 g5
# ERR biased v39 g5
# ERR shifted v39 g5
# ERR raw v39 g6
# ERR biased v39 g6
# ERR shifted v39 g6
# ERR raw v39 g7
# ERR biased v39 g7
# ERR shifted v39 g7
# ERR raw v39 g8
# ERR biased v39 g8
# ERR shifted v39 g8
# ERR raw v39 g9
# ERR biased v39 g9
# ERR shifted v39 g9
# ERR raw v39 g10
# ERR biased v39 g10
# ERR shifted v39 g10
# ERR raw v39 g11
# ERR biased v39 g11
# ERR shifted v39 g11
# ERR raw v39 g12
# ERR biased v39 g12
# ERR shifted v39 g12
# ERR raw v39 g13
# ERR biased v39 g13
# ERR shifted v39 g13
# ERR raw v39 g14
# ERR biased v39 g14
# ERR shifted v39 g14
# ERR raw v39 g15
# ERR biased v39 g15
# ERR shifted v39 g15
# B1_FIRE tick=662 vector=39 group=15 first=0 last=1
# ERR raw v40 g0
# ERR biased v40 g0
# ERR shifted v40 g0
# B1_FIRE tick=663 vector=40 group=0 first=1 last=0
# ERR raw v40 g1
# ERR biased v40 g1
# ERR shifted v40 g1
# ERR raw v40 g2
# ERR biased v40 g2
# ERR shifted v40 g2
# ERR raw v40 g3
# ERR biased v40 g3
# ERR shifted v40 g3
# ERR raw v40 g4
# ERR biased v40 g4
# ERR shifted v40 g4
# ERR raw v40 g5
# ERR biased v40 g5
# ERR shifted v40 g5
# ERR raw v40 g6
# ERR biased v40 g6
# ERR shifted v40 g6
# ERR raw v40 g7
# ERR biased v40 g7
# ERR shifted v40 g7
# ERR raw v40 g8
# ERR biased v40 g8
# ERR shifted v40 g8
# ERR raw v40 g9
# ERR biased v40 g9
# ERR shifted v40 g9
# ERR raw v40 g10
# ERR biased v40 g10
# ERR shifted v40 g10
# ERR raw v40 g11
# ERR biased v40 g11
# ERR shifted v40 g11
# ERR raw v40 g12
# ERR biased v40 g12
# ERR shifted v40 g12
# ERR raw v40 g13
# ERR biased v40 g13
# ERR shifted v40 g13
# ERR raw v40 g14
# ERR biased v40 g14
# ERR shifted v40 g14
# ERR raw v40 g15
# ERR biased v40 g15
# ERR shifted v40 g15
# B1_FIRE tick=678 vector=40 group=15 first=0 last=1
# ERR raw v41 g0
# ERR biased v41 g0
# ERR shifted v41 g0
# B1_FIRE tick=679 vector=41 group=0 first=1 last=0
# ERR raw v41 g1
# ERR biased v41 g1
# ERR shifted v41 g1
# ERR raw v41 g2
# ERR biased v41 g2
# ERR shifted v41 g2
# ERR raw v41 g3
# ERR biased v41 g3
# ERR shifted v41 g3
# ERR raw v41 g4
# ERR biased v41 g4
# ERR shifted v41 g4
# ERR raw v41 g5
# ERR biased v41 g5
# ERR shifted v41 g5
# ERR raw v41 g6
# ERR biased v41 g6
# ERR shifted v41 g6
# ERR raw v41 g7
# ERR biased v41 g7
# ERR shifted v41 g7
# ERR raw v41 g8
# ERR biased v41 g8
# ERR shifted v41 g8
# ERR raw v41 g9
# ERR biased v41 g9
# ERR shifted v41 g9
# ERR raw v41 g10
# ERR biased v41 g10
# ERR shifted v41 g10
# ERR raw v41 g11
# ERR biased v41 g11
# ERR shifted v41 g11
# ERR raw v41 g12
# ERR biased v41 g12
# ERR shifted v41 g12
# ERR raw v41 g13
# ERR biased v41 g13
# ERR shifted v41 g13
# ERR raw v41 g14
# ERR biased v41 g14
# ERR shifted v41 g14
# ERR raw v41 g15
# ERR biased v41 g15
# ERR shifted v41 g15
# B1_FIRE tick=694 vector=41 group=15 first=0 last=1
# ERR raw v42 g0
# ERR biased v42 g0
# ERR shifted v42 g0
# B1_FIRE tick=695 vector=42 group=0 first=1 last=0
# ERR raw v42 g1
# ERR biased v42 g1
# ERR shifted v42 g1
# ERR raw v42 g2
# ERR biased v42 g2
# ERR shifted v42 g2
# ERR raw v42 g3
# ERR biased v42 g3
# ERR shifted v42 g3
# ERR raw v42 g4
# ERR biased v42 g4
# ERR shifted v42 g4
# ERR raw v42 g5
# ERR biased v42 g5
# ERR shifted v42 g5
# ERR raw v42 g6
# ERR biased v42 g6
# ERR shifted v42 g6
# ERR raw v42 g7
# ERR biased v42 g7
# ERR shifted v42 g7
# ERR raw v42 g8
# ERR biased v42 g8
# ERR shifted v42 g8
# ERR raw v42 g9
# ERR biased v42 g9
# ERR shifted v42 g9
# ERR raw v42 g10
# ERR biased v42 g10
# ERR shifted v42 g10
# ERR raw v42 g11
# ERR biased v42 g11
# ERR shifted v42 g11
# ERR raw v42 g12
# ERR biased v42 g12
# ERR shifted v42 g12
# ERR raw v42 g13
# ERR biased v42 g13
# ERR shifted v42 g13
# ERR raw v42 g14
# ERR biased v42 g14
# ERR shifted v42 g14
# ERR raw v42 g15
# ERR biased v42 g15
# ERR shifted v42 g15
# B1_FIRE tick=710 vector=42 group=15 first=0 last=1
# ERR raw v43 g0
# ERR biased v43 g0
# ERR shifted v43 g0
# B1_FIRE tick=711 vector=43 group=0 first=1 last=0
# ERR raw v43 g1
# ERR biased v43 g1
# ERR shifted v43 g1
# ERR raw v43 g2
# ERR biased v43 g2
# ERR shifted v43 g2
# ERR raw v43 g3
# ERR biased v43 g3
# ERR shifted v43 g3
# ERR raw v43 g4
# ERR biased v43 g4
# ERR shifted v43 g4
# ERR raw v43 g5
# ERR biased v43 g5
# ERR shifted v43 g5
# ERR raw v43 g6
# ERR biased v43 g6
# ERR shifted v43 g6
# ERR raw v43 g7
# ERR biased v43 g7
# ERR shifted v43 g7
# ERR raw v43 g8
# ERR biased v43 g8
# ERR shifted v43 g8
# ERR raw v43 g9
# ERR biased v43 g9
# ERR shifted v43 g9
# ERR raw v43 g10
# ERR biased v43 g10
# ERR shifted v43 g10
# ERR raw v43 g11
# ERR biased v43 g11
# ERR shifted v43 g11
# ERR raw v43 g12
# ERR biased v43 g12
# ERR shifted v43 g12
# ERR raw v43 g13
# ERR biased v43 g13
# ERR shifted v43 g13
# ERR raw v43 g14
# ERR biased v43 g14
# ERR shifted v43 g14
# ERR raw v43 g15
# ERR biased v43 g15
# ERR shifted v43 g15
# B1_FIRE tick=726 vector=43 group=15 first=0 last=1
# ERR raw v44 g0
# ERR biased v44 g0
# ERR shifted v44 g0
# B1_FIRE tick=727 vector=44 group=0 first=1 last=0
# ERR raw v44 g1
# ERR biased v44 g1
# ERR shifted v44 g1
# ERR raw v44 g2
# ERR biased v44 g2
# ERR shifted v44 g2
# ERR raw v44 g3
# ERR biased v44 g3
# ERR shifted v44 g3
# ERR raw v44 g4
# ERR biased v44 g4
# ERR shifted v44 g4
# ERR raw v44 g5
# ERR biased v44 g5
# ERR shifted v44 g5
# ERR raw v44 g6
# ERR biased v44 g6
# ERR shifted v44 g6
# ERR raw v44 g7
# ERR biased v44 g7
# ERR shifted v44 g7
# ERR raw v44 g8
# ERR biased v44 g8
# ERR shifted v44 g8
# ERR raw v44 g9
# ERR biased v44 g9
# ERR shifted v44 g9
# ERR raw v44 g10
# ERR biased v44 g10
# ERR shifted v44 g10
# ERR raw v44 g11
# ERR biased v44 g11
# ERR shifted v44 g11
# ERR raw v44 g12
# ERR biased v44 g12
# ERR shifted v44 g12
# ERR raw v44 g13
# ERR biased v44 g13
# ERR shifted v44 g13
# ERR raw v44 g14
# ERR biased v44 g14
# ERR shifted v44 g14
# ERR raw v44 g15
# ERR biased v44 g15
# ERR shifted v44 g15
# B1_FIRE tick=742 vector=44 group=15 first=0 last=1
# ERR raw v45 g0
# ERR biased v45 g0
# ERR shifted v45 g0
# B1_FIRE tick=743 vector=45 group=0 first=1 last=0
# ERR raw v45 g1
# ERR biased v45 g1
# ERR shifted v45 g1
# ERR raw v45 g2
# ERR biased v45 g2
# ERR shifted v45 g2
# ERR raw v45 g3
# ERR biased v45 g3
# ERR shifted v45 g3
# ERR raw v45 g4
# ERR biased v45 g4
# ERR shifted v45 g4
# ERR raw v45 g5
# ERR biased v45 g5
# ERR shifted v45 g5
# ERR raw v45 g6
# ERR biased v45 g6
# ERR shifted v45 g6
# ERR raw v45 g7
# ERR biased v45 g7
# ERR shifted v45 g7
# ERR raw v45 g8
# ERR biased v45 g8
# ERR shifted v45 g8
# ERR raw v45 g9
# ERR biased v45 g9
# ERR shifted v45 g9
# ERR raw v45 g10
# ERR biased v45 g10
# ERR shifted v45 g10
# ERR raw v45 g11
# ERR biased v45 g11
# ERR shifted v45 g11
# ERR raw v45 g12
# ERR biased v45 g12
# ERR shifted v45 g12
# ERR raw v45 g13
# ERR biased v45 g13
# ERR shifted v45 g13
# ERR raw v45 g14
# ERR biased v45 g14
# ERR shifted v45 g14
# ERR raw v45 g15
# ERR biased v45 g15
# ERR shifted v45 g15
# B1_FIRE tick=758 vector=45 group=15 first=0 last=1
# ERR raw v46 g0
# ERR biased v46 g0
# ERR shifted v46 g0
# B1_FIRE tick=759 vector=46 group=0 first=1 last=0
# ERR raw v46 g1
# ERR biased v46 g1
# ERR shifted v46 g1
# ERR raw v46 g2
# ERR biased v46 g2
# ERR shifted v46 g2
# ERR raw v46 g3
# ERR biased v46 g3
# ERR shifted v46 g3
# ERR raw v46 g4
# ERR biased v46 g4
# ERR shifted v46 g4
# ERR raw v46 g5
# ERR biased v46 g5
# ERR shifted v46 g5
# ERR raw v46 g6
# ERR biased v46 g6
# ERR shifted v46 g6
# ERR raw v46 g7
# ERR biased v46 g7
# ERR shifted v46 g7
# ERR raw v46 g8
# ERR biased v46 g8
# ERR shifted v46 g8
# ERR raw v46 g9
# ERR biased v46 g9
# ERR shifted v46 g9
# ERR raw v46 g10
# ERR biased v46 g10
# ERR shifted v46 g10
# ERR raw v46 g11
# ERR biased v46 g11
# ERR shifted v46 g11
# ERR raw v46 g12
# ERR biased v46 g12
# ERR shifted v46 g12
# ERR raw v46 g13
# ERR biased v46 g13
# ERR shifted v46 g13
# ERR raw v46 g14
# ERR biased v46 g14
# ERR shifted v46 g14
# ERR raw v46 g15
# ERR biased v46 g15
# ERR shifted v46 g15
# B1_FIRE tick=774 vector=46 group=15 first=0 last=1
# ERR raw v47 g0
# ERR biased v47 g0
# ERR shifted v47 g0
# B1_FIRE tick=775 vector=47 group=0 first=1 last=0
# ERR raw v47 g1
# ERR biased v47 g1
# ERR shifted v47 g1
# ERR raw v47 g2
# ERR biased v47 g2
# ERR shifted v47 g2
# ERR raw v47 g3
# ERR biased v47 g3
# ERR shifted v47 g3
# ERR raw v47 g4
# ERR biased v47 g4
# ERR shifted v47 g4
# ERR raw v47 g5
# ERR biased v47 g5
# ERR shifted v47 g5
# ERR raw v47 g6
# ERR biased v47 g6
# ERR shifted v47 g6
# ERR raw v47 g7
# ERR biased v47 g7
# ERR shifted v47 g7
# ERR raw v47 g8
# ERR biased v47 g8
# ERR shifted v47 g8
# ERR raw v47 g9
# ERR biased v47 g9
# ERR shifted v47 g9
# ERR raw v47 g10
# ERR biased v47 g10
# ERR shifted v47 g10
# ERR raw v47 g11
# ERR biased v47 g11
# ERR shifted v47 g11
# ERR raw v47 g12
# ERR biased v47 g12
# ERR shifted v47 g12
# ERR raw v47 g13
# ERR biased v47 g13
# ERR shifted v47 g13
# ERR raw v47 g14
# ERR biased v47 g14
# ERR shifted v47 g14
# ERR raw v47 g15
# ERR biased v47 g15
# ERR shifted v47 g15
# B1_FIRE tick=790 vector=47 group=15 first=0 last=1
# ERR raw v48 g0
# ERR biased v48 g0
# ERR shifted v48 g0
# B1_FIRE tick=791 vector=48 group=0 first=1 last=0
# ERR raw v48 g1
# ERR biased v48 g1
# ERR shifted v48 g1
# ERR raw v48 g2
# ERR biased v48 g2
# ERR shifted v48 g2
# ERR raw v48 g3
# ERR biased v48 g3
# ERR shifted v48 g3
# ERR raw v48 g4
# ERR biased v48 g4
# ERR shifted v48 g4
# ERR raw v48 g5
# ERR biased v48 g5
# ERR shifted v48 g5
# ERR raw v48 g6
# ERR biased v48 g6
# ERR shifted v48 g6
# ERR raw v48 g7
# ERR biased v48 g7
# ERR shifted v48 g7
# ERR raw v48 g8
# ERR biased v48 g8
# ERR shifted v48 g8
# ERR raw v48 g9
# ERR biased v48 g9
# ERR shifted v48 g9
# ERR raw v48 g10
# ERR biased v48 g10
# ERR shifted v48 g10
# ERR raw v48 g11
# ERR biased v48 g11
# ERR shifted v48 g11
# ERR raw v48 g12
# ERR biased v48 g12
# ERR shifted v48 g12
# ERR raw v48 g13
# ERR biased v48 g13
# ERR shifted v48 g13
# ERR raw v48 g14
# ERR biased v48 g14
# ERR shifted v48 g14
# ERR raw v48 g15
# ERR biased v48 g15
# ERR shifted v48 g15
# B1_FIRE tick=806 vector=48 group=15 first=0 last=1
# B1_FAIL cases=49 fires=784 errors=2310
# ** Note: $finish    : D:/Workspace/ITS_STUDY_V35_P2F_B2_R3R/03_verification/tb/p2f_dct2_64_b1_tb.sv(4144)
#    Time: 1814 ns  Iteration: 1  Instance: /p2f_dct2_64_b1_tb
# End time: 16:47:28 on Sep 09,2026, Elapsed time: 0:00:02
# Errors: 0, Warnings: 0
