# vsim -c -lib work102 -l D:\Workspace\ITS_STUDY_V35_P2F_B1_R2\03_verification\sim\logs\p2f_b1_step102_functional.log p2f_dct2_64_b1_tb -do "run_p2f_b1.do" 
# Start time: 21:18:18 on Sep 05,2026
# ** Note: (vsim-3813) Design is being optimized due to module recompilation...
# //  ModelSim SE-64 2020.4 Oct 13 2020
# //
# //  Copyright 1991-2020 Mentor Graphics Corporation
# //  All Rights Reserved.
# //
# //  ModelSim SE-64 and its associated documentation contain trade
# //  secrets and commercial or financial information that are the property of
# //  Mentor Graphics Corporation and are privileged, confidential,
# //  and exempt from disclosure under the Freedom of Information Act,
# //  5 U.S.C. Section 552. Furthermore, this information
# //  is prohibited from disclosure under the Trade Secrets Act,
# //  18 U.S.C. Section 1905.
# //
# Loading sv_std.std
# Loading work.p2f_dct2_64_b1_tb(fast)
# do run_p2f_b1.do
# B1_FIRE tick=21 vector=0 group=0 first=1 last=0
# B1_FIRE tick=36 vector=0 group=15 first=0 last=1
# B1_FIRE tick=37 vector=1 group=0 first=1 last=0
# B1_FIRE tick=52 vector=1 group=15 first=0 last=1
# B1_FIRE tick=53 vector=2 group=0 first=1 last=0
# B1_FIRE tick=68 vector=2 group=15 first=0 last=1
# B1_FIRE tick=69 vector=3 group=0 first=1 last=0
# B1_FIRE tick=84 vector=3 group=15 first=0 last=1
# B1_FIRE tick=85 vector=4 group=0 first=1 last=0
# B1_FIRE tick=100 vector=4 group=15 first=0 last=1
# B1_FIRE tick=101 vector=5 group=0 first=1 last=0
# B1_FIRE tick=116 vector=5 group=15 first=0 last=1
# B1_FIRE tick=117 vector=6 group=0 first=1 last=0
# B1_FIRE tick=132 vector=6 group=15 first=0 last=1
# B1_FIRE tick=133 vector=7 group=0 first=1 last=0
# B1_FIRE tick=148 vector=7 group=15 first=0 last=1
# B1_FIRE tick=149 vector=8 group=0 first=1 last=0
# B1_FIRE tick=164 vector=8 group=15 first=0 last=1
# B1_FIRE tick=165 vector=9 group=0 first=1 last=0
# B1_FIRE tick=180 vector=9 group=15 first=0 last=1
# B1_FIRE tick=181 vector=10 group=0 first=1 last=0
# B1_FIRE tick=196 vector=10 group=15 first=0 last=1
# B1_FIRE tick=197 vector=11 group=0 first=1 last=0
# B1_FIRE tick=212 vector=11 group=15 first=0 last=1
# B1_FIRE tick=213 vector=12 group=0 first=1 last=0
# B1_FIRE tick=228 vector=12 group=15 first=0 last=1
# B1_FIRE tick=229 vector=13 group=0 first=1 last=0
# B1_FIRE tick=244 vector=13 group=15 first=0 last=1
# B1_FIRE tick=245 vector=14 group=0 first=1 last=0
# B1_FIRE tick=260 vector=14 group=15 first=0 last=1
# B1_FIRE tick=261 vector=15 group=0 first=1 last=0
# B1_FIRE tick=276 vector=15 group=15 first=0 last=1
# B1_FIRE tick=277 vector=16 group=0 first=1 last=0
# B1_FIRE tick=292 vector=16 group=15 first=0 last=1
# B1_FIRE tick=293 vector=17 group=0 first=1 last=0
# B1_FIRE tick=308 vector=17 group=15 first=0 last=1
# B1_FIRE tick=309 vector=18 group=0 first=1 last=0
# B1_FIRE tick=324 vector=18 group=15 first=0 last=1
# B1_FIRE tick=325 vector=19 group=0 first=1 last=0
# B1_FIRE tick=340 vector=19 group=15 first=0 last=1
# B1_FIRE tick=341 vector=20 group=0 first=1 last=0
# B1_FIRE tick=356 vector=20 group=15 first=0 last=1
# B1_FIRE tick=357 vector=21 group=0 first=1 last=0
# B1_FIRE tick=372 vector=21 group=15 first=0 last=1
# B1_FIRE tick=373 vector=22 group=0 first=1 last=0
# B1_FIRE tick=388 vector=22 group=15 first=0 last=1
# B1_FIRE tick=389 vector=23 group=0 first=1 last=0
# B1_FIRE tick=404 vector=23 group=15 first=0 last=1
# B1_FIRE tick=405 vector=24 group=0 first=1 last=0
# B1_FIRE tick=420 vector=24 group=15 first=0 last=1
# B1_FIRE tick=421 vector=25 group=0 first=1 last=0
# B1_FIRE tick=436 vector=25 group=15 first=0 last=1
# B1_FIRE tick=437 vector=26 group=0 first=1 last=0
# B1_FIRE tick=452 vector=26 group=15 first=0 last=1
# B1_FIRE tick=453 vector=27 group=0 first=1 last=0
# B1_FIRE tick=468 vector=27 group=15 first=0 last=1
# B1_FIRE tick=469 vector=28 group=0 first=1 last=0
# B1_FIRE tick=484 vector=28 group=15 first=0 last=1
# B1_FIRE tick=485 vector=29 group=0 first=1 last=0
# B1_FIRE tick=500 vector=29 group=15 first=0 last=1
# B1_FIRE tick=501 vector=30 group=0 first=1 last=0
# B1_FIRE tick=516 vector=30 group=15 first=0 last=1
# B1_FIRE tick=517 vector=31 group=0 first=1 last=0
# B1_FIRE tick=532 vector=31 group=15 first=0 last=1
# B1_FIRE tick=533 vector=32 group=0 first=1 last=0
# B1_FIRE tick=548 vector=32 group=15 first=0 last=1
# B1_FIRE tick=549 vector=33 group=0 first=1 last=0
# B1_FIRE tick=564 vector=33 group=15 first=0 last=1
# B1_FIRE tick=565 vector=34 group=0 first=1 last=0
# B1_FIRE tick=580 vector=34 group=15 first=0 last=1
# B1_FIRE tick=581 vector=35 group=0 first=1 last=0
# B1_FIRE tick=596 vector=35 group=15 first=0 last=1
# B1_FIRE tick=597 vector=36 group=0 first=1 last=0
# B1_FIRE tick=612 vector=36 group=15 first=0 last=1
# B1_FIRE tick=613 vector=37 group=0 first=1 last=0
# B1_FIRE tick=628 vector=37 group=15 first=0 last=1
# B1_FIRE tick=629 vector=38 group=0 first=1 last=0
# B1_FIRE tick=644 vector=38 group=15 first=0 last=1
# B1_FIRE tick=645 vector=39 group=0 first=1 last=0
# B1_FIRE tick=660 vector=39 group=15 first=0 last=1
# B1_FIRE tick=661 vector=40 group=0 first=1 last=0
# B1_FIRE tick=676 vector=40 group=15 first=0 last=1
# B1_FIRE tick=677 vector=41 group=0 first=1 last=0
# B1_FIRE tick=692 vector=41 group=15 first=0 last=1
# B1_FIRE tick=693 vector=42 group=0 first=1 last=0
# B1_FIRE tick=708 vector=42 group=15 first=0 last=1
# B1_FIRE tick=709 vector=43 group=0 first=1 last=0
# B1_FIRE tick=724 vector=43 group=15 first=0 last=1
# B1_FIRE tick=725 vector=44 group=0 first=1 last=0
# B1_FIRE tick=740 vector=44 group=15 first=0 last=1
# B1_FIRE tick=741 vector=45 group=0 first=1 last=0
# B1_FIRE tick=756 vector=45 group=15 first=0 last=1
# B1_FIRE tick=757 vector=46 group=0 first=1 last=0
# B1_FIRE tick=772 vector=46 group=15 first=0 last=1
# B1_FIRE tick=773 vector=47 group=0 first=1 last=0
# B1_FIRE tick=788 vector=47 group=15 first=0 last=1
# B1_FIRE tick=789 vector=48 group=0 first=1 last=0
# B1_FIRE tick=804 vector=48 group=15 first=0 last=1
# B1_PASS cases=49 fires=784 positive_wrap_outputs=950 negative_wrap_outputs=935
# ** Note: $finish    : D:/Workspace/ITS_STUDY_V35_P2F_B1_R2/03_verification/tb/p2f_dct2_64_b1_tb.sv(4144)
#    Time: 1814 ns  Iteration: 1  Instance: /p2f_dct2_64_b1_tb
# End time: 21:18:19 on Sep 05,2026, Elapsed time: 0:00:01
# Errors: 0, Warnings: 0
