Reading pref.tcl

# 2020.4

# vsim -c -t 1ps -onfinish exit -do "run -all; quit -f" p2f_dct2_64_b1_tb 
# Start time: 12:31:08 on Sep 05,2026
# ** Note: (vsim-3813) Design is being optimized due to module recompilation...
# //  ModelSim SE-64 2020.4 Oct 13 2020
# //
# //  Copyright 1991-2020 Mentor Graphics Corporation
# //  All Rights Reserved.
# //
# //  ModelSim SE-64 and its associated documentation contain trade
# //  secrets and commercial or financial information that are the property of
# //  Mentor Graphics Corporation and are privileged, confidential,
# //  and exempt from disclosure under the Freedom of Information Act,
# //  5 U.S.C. Section 552. Furthermore, this information
# //  is prohibited from disclosure under the Trade Secrets Act,
# //  18 U.S.C. Section 1905.
# //
# Loading sv_std.std
# Loading work.p2f_dct2_64_b1_tb(fast)
# run -all
# B1_FIRE tick=15 vector=0 group=0 first=1 last=0
# B1_FIRE tick=30 vector=0 group=15 first=0 last=1
# B1_FIRE tick=31 vector=1 group=0 first=1 last=0
# B1_FIRE tick=46 vector=1 group=15 first=0 last=1
# B1_FIRE tick=47 vector=2 group=0 first=1 last=0
# B1_FIRE tick=62 vector=2 group=15 first=0 last=1
# B1_FIRE tick=63 vector=3 group=0 first=1 last=0
# B1_FIRE tick=78 vector=3 group=15 first=0 last=1
# B1_FIRE tick=79 vector=4 group=0 first=1 last=0
# B1_FIRE tick=94 vector=4 group=15 first=0 last=1
# B1_FIRE tick=95 vector=5 group=0 first=1 last=0
# B1_FIRE tick=110 vector=5 group=15 first=0 last=1
# B1_FIRE tick=111 vector=6 group=0 first=1 last=0
# B1_FIRE tick=126 vector=6 group=15 first=0 last=1
# B1_FIRE tick=127 vector=7 group=0 first=1 last=0
# B1_FIRE tick=142 vector=7 group=15 first=0 last=1
# B1_FIRE tick=143 vector=8 group=0 first=1 last=0
# B1_FIRE tick=158 vector=8 group=15 first=0 last=1
# B1_FIRE tick=159 vector=9 group=0 first=1 last=0
# B1_FIRE tick=174 vector=9 group=15 first=0 last=1
# B1_FIRE tick=175 vector=10 group=0 first=1 last=0
# B1_FIRE tick=190 vector=10 group=15 first=0 last=1
# B1_FIRE tick=191 vector=11 group=0 first=1 last=0
# B1_FIRE tick=206 vector=11 group=15 first=0 last=1
# B1_FIRE tick=207 vector=12 group=0 first=1 last=0
# B1_FIRE tick=222 vector=12 group=15 first=0 last=1
# B1_FIRE tick=223 vector=13 group=0 first=1 last=0
# B1_FIRE tick=238 vector=13 group=15 first=0 last=1
# B1_FIRE tick=239 vector=14 group=0 first=1 last=0
# B1_FIRE tick=254 vector=14 group=15 first=0 last=1
# B1_FIRE tick=255 vector=15 group=0 first=1 last=0
# B1_FIRE tick=270 vector=15 group=15 first=0 last=1
# B1_FIRE tick=271 vector=16 group=0 first=1 last=0
# B1_FIRE tick=286 vector=16 group=15 first=0 last=1
# B1_FIRE tick=287 vector=17 group=0 first=1 last=0
# B1_FIRE tick=302 vector=17 group=15 first=0 last=1
# B1_FIRE tick=303 vector=18 group=0 first=1 last=0
# B1_FIRE tick=318 vector=18 group=15 first=0 last=1
# B1_FIRE tick=319 vector=19 group=0 first=1 last=0
# B1_FIRE tick=334 vector=19 group=15 first=0 last=1
# B1_FIRE tick=335 vector=20 group=0 first=1 last=0
# B1_FIRE tick=350 vector=20 group=15 first=0 last=1
# B1_FIRE tick=351 vector=21 group=0 first=1 last=0
# B1_FIRE tick=366 vector=21 group=15 first=0 last=1
# B1_FIRE tick=367 vector=22 group=0 first=1 last=0
# B1_FIRE tick=382 vector=22 group=15 first=0 last=1
# B1_FIRE tick=383 vector=23 group=0 first=1 last=0
# B1_FIRE tick=398 vector=23 group=15 first=0 last=1
# B1_FIRE tick=399 vector=24 group=0 first=1 last=0
# B1_FIRE tick=414 vector=24 group=15 first=0 last=1
# B1_FIRE tick=415 vector=25 group=0 first=1 last=0
# B1_FIRE tick=430 vector=25 group=15 first=0 last=1
# B1_FIRE tick=431 vector=26 group=0 first=1 last=0
# B1_FIRE tick=446 vector=26 group=15 first=0 last=1
# B1_FIRE tick=447 vector=27 group=0 first=1 last=0
# B1_FIRE tick=462 vector=27 group=15 first=0 last=1
# B1_FIRE tick=463 vector=28 group=0 first=1 last=0
# B1_FIRE tick=478 vector=28 group=15 first=0 last=1
# B1_FIRE tick=479 vector=29 group=0 first=1 last=0
# B1_FIRE tick=494 vector=29 group=15 first=0 last=1
# B1_FIRE tick=495 vector=30 group=0 first=1 last=0
# B1_FIRE tick=510 vector=30 group=15 first=0 last=1
# B1_FIRE tick=511 vector=31 group=0 first=1 last=0
# B1_FIRE tick=526 vector=31 group=15 first=0 last=1
# B1_FIRE tick=527 vector=32 group=0 first=1 last=0
# B1_FIRE tick=542 vector=32 group=15 first=0 last=1
# B1_FIRE tick=543 vector=33 group=0 first=1 last=0
# B1_FIRE tick=558 vector=33 group=15 first=0 last=1
# B1_FIRE tick=559 vector=34 group=0 first=1 last=0
# B1_FIRE tick=574 vector=34 group=15 first=0 last=1
# B1_FIRE tick=575 vector=35 group=0 first=1 last=0
# B1_FIRE tick=590 vector=35 group=15 first=0 last=1
# B1_FIRE tick=591 vector=36 group=0 first=1 last=0
# B1_FIRE tick=606 vector=36 group=15 first=0 last=1
# B1_FIRE tick=607 vector=37 group=0 first=1 last=0
# B1_FIRE tick=622 vector=37 group=15 first=0 last=1
# B1_FIRE tick=623 vector=38 group=0 first=1 last=0
# B1_FIRE tick=638 vector=38 group=15 first=0 last=1
# B1_FIRE tick=639 vector=39 group=0 first=1 last=0
# B1_FIRE tick=654 vector=39 group=15 first=0 last=1
# B1_FIRE tick=655 vector=40 group=0 first=1 last=0
# B1_FIRE tick=670 vector=40 group=15 first=0 last=1
# B1_FIRE tick=671 vector=41 group=0 first=1 last=0
# B1_FIRE tick=686 vector=41 group=15 first=0 last=1
# B1_FIRE tick=687 vector=42 group=0 first=1 last=0
# B1_FIRE tick=702 vector=42 group=15 first=0 last=1
# B1_FIRE tick=703 vector=43 group=0 first=1 last=0
# B1_FIRE tick=718 vector=43 group=15 first=0 last=1
# B1_FIRE tick=719 vector=44 group=0 first=1 last=0
# B1_FIRE tick=734 vector=44 group=15 first=0 last=1
# B1_FIRE tick=735 vector=45 group=0 first=1 last=0
# B1_FIRE tick=750 vector=45 group=15 first=0 last=1
# B1_FIRE tick=751 vector=46 group=0 first=1 last=0
# B1_FIRE tick=766 vector=46 group=15 first=0 last=1
# B1_FIRE tick=767 vector=47 group=0 first=1 last=0
# B1_FIRE tick=782 vector=47 group=15 first=0 last=1
# B1_FIRE tick=783 vector=48 group=0 first=1 last=0
# B1_FIRE tick=798 vector=48 group=15 first=0 last=1
# B1_PASS cases=49 fires=784 positive_wrap_outputs=950 negative_wrap_outputs=935
# ** Note: $finish    : 03_verification/tb/p2f_dct2_64_b1_tb.sv(4144)
#    Time: 1814 ns  Iteration: 1  Instance: /p2f_dct2_64_b1_tb
# End time: 12:31:09 on Sep 05,2026, Elapsed time: 0:00:01
# Errors: 0, Warnings: 0
