# vsim -c -t 1ps -lib work_r3r work_r3r.p2f_dct2_64_b1_tb -l D:\Workspace\ITS_STUDY_V35_P2F_B2_R3R\03_verification\sim\logs\p2f_b2_r3r_normal.log -do "run -all; quit -f" 
# Start time: 16:47:04 on Sep 09,2026
# ** Note: (vsim-3812) Design is being optimized...
# //  ModelSim SE-64 2020.4 Oct 13 2020
# //
# //  Copyright 1991-2020 Mentor Graphics Corporation
# //  All Rights Reserved.
# //
# //  ModelSim SE-64 and its associated documentation contain trade
# //  secrets and commercial or financial information that are the property of
# //  Mentor Graphics Corporation and are privileged, confidential,
# //  and exempt from disclosure under the Freedom of Information Act,
# //  5 U.S.C. Section 552. Furthermore, this information
# //  is prohibited from disclosure under the Trade Secrets Act,
# //  18 U.S.C. Section 1905.
# //
# Loading sv_std.std
# Loading work.p2f_dct2_64_b1_tb(fast)
# run -all
# B1_FIRE tick=23 vector=0 group=0 first=1 last=0
# B1_FIRE tick=38 vector=0 group=15 first=0 last=1
# B1_FIRE tick=39 vector=1 group=0 first=1 last=0
# B1_FIRE tick=54 vector=1 group=15 first=0 last=1
# B1_FIRE tick=55 vector=2 group=0 first=1 last=0
# B1_FIRE tick=70 vector=2 group=15 first=0 last=1
# B1_FIRE tick=71 vector=3 group=0 first=1 last=0
# B1_FIRE tick=86 vector=3 group=15 first=0 last=1
# B1_FIRE tick=87 vector=4 group=0 first=1 last=0
# B1_FIRE tick=102 vector=4 group=15 first=0 last=1
# B1_FIRE tick=103 vector=5 group=0 first=1 last=0
# B1_FIRE tick=118 vector=5 group=15 first=0 last=1
# B1_FIRE tick=119 vector=6 group=0 first=1 last=0
# B1_FIRE tick=134 vector=6 group=15 first=0 last=1
# B1_FIRE tick=135 vector=7 group=0 first=1 last=0
# B1_FIRE tick=150 vector=7 group=15 first=0 last=1
# B1_FIRE tick=151 vector=8 group=0 first=1 last=0
# B1_FIRE tick=166 vector=8 group=15 first=0 last=1
# B1_FIRE tick=167 vector=9 group=0 first=1 last=0
# B1_FIRE tick=182 vector=9 group=15 first=0 last=1
# B1_FIRE tick=183 vector=10 group=0 first=1 last=0
# B1_FIRE tick=198 vector=10 group=15 first=0 last=1
# B1_FIRE tick=199 vector=11 group=0 first=1 last=0
# B1_FIRE tick=214 vector=11 group=15 first=0 last=1
# B1_FIRE tick=215 vector=12 group=0 first=1 last=0
# B1_FIRE tick=230 vector=12 group=15 first=0 last=1
# B1_FIRE tick=231 vector=13 group=0 first=1 last=0
# B1_FIRE tick=246 vector=13 group=15 first=0 last=1
# B1_FIRE tick=247 vector=14 group=0 first=1 last=0
# B1_FIRE tick=262 vector=14 group=15 first=0 last=1
# B1_FIRE tick=263 vector=15 group=0 first=1 last=0
# B1_FIRE tick=278 vector=15 group=15 first=0 last=1
# B1_FIRE tick=279 vector=16 group=0 first=1 last=0
# B1_FIRE tick=294 vector=16 group=15 first=0 last=1
# B1_FIRE tick=295 vector=17 group=0 first=1 last=0
# B1_FIRE tick=310 vector=17 group=15 first=0 last=1
# B1_FIRE tick=311 vector=18 group=0 first=1 last=0
# B1_FIRE tick=326 vector=18 group=15 first=0 last=1
# B1_FIRE tick=327 vector=19 group=0 first=1 last=0
# B1_FIRE tick=342 vector=19 group=15 first=0 last=1
# B1_FIRE tick=343 vector=20 group=0 first=1 last=0
# B1_FIRE tick=358 vector=20 group=15 first=0 last=1
# B1_FIRE tick=359 vector=21 group=0 first=1 last=0
# B1_FIRE tick=374 vector=21 group=15 first=0 last=1
# B1_FIRE tick=375 vector=22 group=0 first=1 last=0
# B1_FIRE tick=390 vector=22 group=15 first=0 last=1
# B1_FIRE tick=391 vector=23 group=0 first=1 last=0
# B1_FIRE tick=406 vector=23 group=15 first=0 last=1
# B1_FIRE tick=407 vector=24 group=0 first=1 last=0
# B1_FIRE tick=422 vector=24 group=15 first=0 last=1
# B1_FIRE tick=423 vector=25 group=0 first=1 last=0
# B1_FIRE tick=438 vector=25 group=15 first=0 last=1
# B1_FIRE tick=439 vector=26 group=0 first=1 last=0
# B1_FIRE tick=454 vector=26 group=15 first=0 last=1
# B1_FIRE tick=455 vector=27 group=0 first=1 last=0
# B1_FIRE tick=470 vector=27 group=15 first=0 last=1
# B1_FIRE tick=471 vector=28 group=0 first=1 last=0
# B1_FIRE tick=486 vector=28 group=15 first=0 last=1
# B1_FIRE tick=487 vector=29 group=0 first=1 last=0
# B1_FIRE tick=502 vector=29 group=15 first=0 last=1
# B1_FIRE tick=503 vector=30 group=0 first=1 last=0
# B1_FIRE tick=518 vector=30 group=15 first=0 last=1
# B1_FIRE tick=519 vector=31 group=0 first=1 last=0
# B1_FIRE tick=534 vector=31 group=15 first=0 last=1
# B1_FIRE tick=535 vector=32 group=0 first=1 last=0
# B1_FIRE tick=550 vector=32 group=15 first=0 last=1
# B1_FIRE tick=551 vector=33 group=0 first=1 last=0
# B1_FIRE tick=566 vector=33 group=15 first=0 last=1
# B1_FIRE tick=567 vector=34 group=0 first=1 last=0
# B1_FIRE tick=582 vector=34 group=15 first=0 last=1
# B1_FIRE tick=583 vector=35 group=0 first=1 last=0
# B1_FIRE tick=598 vector=35 group=15 first=0 last=1
# B1_FIRE tick=599 vector=36 group=0 first=1 last=0
# B1_FIRE tick=614 vector=36 group=15 first=0 last=1
# B1_FIRE tick=615 vector=37 group=0 first=1 last=0
# B1_FIRE tick=630 vector=37 group=15 first=0 last=1
# B1_FIRE tick=631 vector=38 group=0 first=1 last=0
# B1_FIRE tick=646 vector=38 group=15 first=0 last=1
# B1_FIRE tick=647 vector=39 group=0 first=1 last=0
# B1_FIRE tick=662 vector=39 group=15 first=0 last=1
# B1_FIRE tick=663 vector=40 group=0 first=1 last=0
# B1_FIRE tick=678 vector=40 group=15 first=0 last=1
# B1_FIRE tick=679 vector=41 group=0 first=1 last=0
# B1_FIRE tick=694 vector=41 group=15 first=0 last=1
# B1_FIRE tick=695 vector=42 group=0 first=1 last=0
# B1_FIRE tick=710 vector=42 group=15 first=0 last=1
# B1_FIRE tick=711 vector=43 group=0 first=1 last=0
# B1_FIRE tick=726 vector=43 group=15 first=0 last=1
# B1_FIRE tick=727 vector=44 group=0 first=1 last=0
# B1_FIRE tick=742 vector=44 group=15 first=0 last=1
# B1_FIRE tick=743 vector=45 group=0 first=1 last=0
# B1_FIRE tick=758 vector=45 group=15 first=0 last=1
# B1_FIRE tick=759 vector=46 group=0 first=1 last=0
# B1_FIRE tick=774 vector=46 group=15 first=0 last=1
# B1_FIRE tick=775 vector=47 group=0 first=1 last=0
# B1_FIRE tick=790 vector=47 group=15 first=0 last=1
# B1_FIRE tick=791 vector=48 group=0 first=1 last=0
# B1_FIRE tick=806 vector=48 group=15 first=0 last=1
# B1_PASS cases=49 fires=784 positive_wrap_outputs=950 negative_wrap_outputs=935
# ** Note: $finish    : D:/Workspace/ITS_STUDY_V35_P2F_B2_R3R/03_verification/tb/p2f_dct2_64_b1_tb.sv(4144)
#    Time: 1814 ns  Iteration: 1  Instance: /p2f_dct2_64_b1_tb
# End time: 16:47:05 on Sep 09,2026, Elapsed time: 0:00:01
# Errors: 0, Warnings: 0
