# vsim -c -lib work102 -l D:\Workspace\ITS_STUDY_V35_P2F_B1_R2\03_verification\sim\logs\step102_debug.log step102_debug_tb -do "run -all; quit -f" 
# Start time: 21:14:32 on Sep 05,2026
# ** Note: (vsim-3813) Design is being optimized due to module recompilation...
# //  ModelSim SE-64 2020.4 Oct 13 2020
# //
# //  Copyright 1991-2020 Mentor Graphics Corporation
# //  All Rights Reserved.
# //
# //  ModelSim SE-64 and its associated documentation contain trade
# //  secrets and commercial or financial information that are the property of
# //  Mentor Graphics Corporation and are privileged, confidential,
# //  and exempt from disclosure under the Freedom of Information Act,
# //  5 U.S.C. Section 552. Furthermore, this information
# //  is prohibited from disclosure under the Trade Secrets Act,
# //  18 U.S.C. Section 1905.
# //
# Loading sv_std.std
# Loading work.step102_debug_tb(fast)
# run -all
# DBG t=46000 v=0 g=0 raw=ffff0081ff0001797d0dfffda284bb00073c7187 st=0208e5f48a13f1c6
# ROOT 121401735 -39680837 24739085 -16743937
# ** Note: $finish    : D:/Workspace/ITS_STUDY_V35_P2F_B1_R2/03_verification/tb/step102_debug_tb.sv(14)
#    Time: 128 ns  Iteration: 1  Instance: /step102_debug_tb
# End time: 21:14:33 on Sep 05,2026, Elapsed time: 0:00:01
# Errors: 0, Warnings: 0
