# vsim -c -lib work102 -l D:\Workspace\ITS_STUDY_V35_P2F_B1_R2\03_verification\sim\logs\step102_trace.log step102_trace_tb -do "run -all; quit -f" 
# Start time: 21:17:02 on Sep 05,2026
# ** Note: (vsim-3812) Design is being optimized...
# //  ModelSim SE-64 2020.4 Oct 13 2020
# //
# //  Copyright 1991-2020 Mentor Graphics Corporation
# //  All Rights Reserved.
# //
# //  ModelSim SE-64 and its associated documentation contain trade
# //  secrets and commercial or financial information that are the property of
# //  Mentor Graphics Corporation and are privileged, confidential,
# //  and exempt from disclosure under the Freedom of Information Act,
# //  5 U.S.C. Section 552. Furthermore, this information
# //  is prohibited from disclosure under the Trade Secrets Act,
# //  18 U.S.C. Section 1905.
# //
# Loading sv_std.std
# Loading work.step102_trace_tb(fast)
# run -all
# TRACE START t=9000 v=0 bfa=0 bfcy=0 pend=0
# TRACE START t=41000 v=1 bfa=1 bfcy=16 pend=0
# TRACE FINAL t=43000 bfv=0 pend=1
# TRACE START t=73000 v=2 bfa=1 bfcy=15 pend=0
# TRACE FINAL t=77000 bfv=1 pend=1
# TRACE START t=105000 v=3 bfa=1 bfcy=14 pend=0
# TRACE FINAL t=111000 bfv=2 pend=1
# TRACE START t=137000 v=4 bfa=1 bfcy=13 pend=0
# TRACE FINAL t=145000 bfv=3 pend=1
# TRACE START t=169000 v=5 bfa=1 bfcy=12 pend=0
# TRACE FINAL t=179000 bfv=4 pend=1
# TRACE START t=201000 v=6 bfa=1 bfcy=11 pend=0
# TRACE FINAL t=213000 bfv=5 pend=1
# TRACE START t=233000 v=7 bfa=1 bfcy=10 pend=0
# TRACE FINAL t=247000 bfv=6 pend=1
# TRACE START t=265000 v=8 bfa=1 bfcy=9 pend=0
# TRACE FINAL t=281000 bfv=7 pend=1
# TRACE START t=297000 v=9 bfa=1 bfcy=8 pend=0
# TRACE FINAL t=315000 bfv=8 pend=1
# TRACE START t=329000 v=10 bfa=1 bfcy=7 pend=0
# TRACE FINAL t=349000 bfv=9 pend=1
# TRACE START t=361000 v=11 bfa=1 bfcy=6 pend=0
# TRACE FINAL t=383000 bfv=10 pend=1
# TRACE START t=393000 v=12 bfa=1 bfcy=5 pend=0
# TRACE FINAL t=417000 bfv=11 pend=1
# TRACE START t=425000 v=13 bfa=1 bfcy=4 pend=0
# TRACE FINAL t=451000 bfv=12 pend=1
# TRACE START t=457000 v=14 bfa=1 bfcy=3 pend=0
# TRACE FINAL t=485000 bfv=13 pend=1
# TRACE START t=489000 v=15 bfa=1 bfcy=2 pend=0
# TRACE FINAL t=519000 bfv=14 pend=1
# TRACE START t=521000 v=16 bfa=1 bfcy=1 pend=0
# ** Error: Step102 butterfly pending overflow
#    Time: 553 ns  Scope: step102_trace_tb.dut File: D:/Workspace/ITS_STUDY_V35_P2F_B1_R2/02_rtl/rtl/p2f_dct2_64_b1_step102.sv Line: 492
# TRACE START t=553000 v=17 bfa=1 bfcy=17 pend=1
# TRACE FINAL t=553000 bfv=15 pend=1
# TRACE START t=585000 v=18 bfa=1 bfcy=16 pend=0
# TRACE FINAL t=587000 bfv=16 pend=1
# TRACE START t=617000 v=19 bfa=1 bfcy=15 pend=0
# TRACE FINAL t=621000 bfv=18 pend=1
# TRACE FINAL t=655000 bfv=19 pend=0
# ** Note: $finish    : D:/Workspace/ITS_STUDY_V35_P2F_B1_R2/03_verification/tb/step102_trace_tb.sv(12)
#    Time: 706 ns  Iteration: 1  Instance: /step102_trace_tb
# End time: 21:17:03 on Sep 05,2026, Elapsed time: 0:00:01
# Errors: 1, Warnings: 0
