# vsim -c -lib work102 -l D:\Workspace\ITS_STUDY_V35_P2F_B1_R2\03_verification\sim\logs\step102_dot_debug.log step102_dot_debug_tb -do "run -all; quit -f" 
# Start time: 21:13:13 on Sep 05,2026
# ** Note: (vsim-3813) Design is being optimized due to module recompilation...
# //  ModelSim SE-64 2020.4 Oct 13 2020
# //
# //  Copyright 1991-2020 Mentor Graphics Corporation
# //  All Rights Reserved.
# //
# //  ModelSim SE-64 and its associated documentation contain trade
# //  secrets and commercial or financial information that are the property of
# //  Mentor Graphics Corporation and are privileged, confidential,
# //  and exempt from disclosure under the Freedom of Information Act,
# //  5 U.S.C. Section 552. Furthermore, this information
# //  is prohibited from disclosure under the Trade Secrets Act,
# //  18 U.S.C. Section 1905.
# //
# Loading sv_std.std
# Loading work.step102_dot_debug_tb(fast)
# run -all
# D t=10000 redcy=2 ra=1 bfcy=2 bfa=1 d0=0 d1=0 d4=0 d5=0 sig0=0 sig1=0
# D t=12000 redcy=3 ra=1 bfcy=3 bfa=1 d0=4194176 d1=3899273 d4=0 d5=0 sig0=0 sig1=0
# D t=14000 redcy=4 ra=1 bfcy=4 bfa=1 d0=4194176 d1=3899273 d4=7601944 d5=-2686894 sig0=8093449 sig1=0
# D t=16000 redcy=5 ra=1 bfcy=5 bfa=1 d0=4194176 d1=3899273 d4=7601944 d5=-2686894 sig0=8093449 sig1=15695393
# D t=18000 redcy=6 ra=1 bfcy=6 bfa=1 d0=4194176 d1=3899273 d4=7601944 d5=-2686894 sig0=8093449 sig1=15695393
# D t=20000 redcy=7 ra=1 bfcy=7 bfa=1 d0=4194176 d1=3899273 d4=7601944 d5=-2686894 sig0=8093449 sig1=15695393
# D t=22000 redcy=8 ra=1 bfcy=8 bfa=1 d0=4194176 d1=3899273 d4=7601944 d5=-2686894 sig0=8093449 sig1=15695393
# D t=24000 redcy=9 ra=1 bfcy=9 bfa=1 d0=4194176 d1=3899273 d4=7601944 d5=-2686894 sig0=8093449 sig1=15695393
# D t=26000 redcy=10 ra=1 bfcy=10 bfa=1 d0=4194176 d1=3899273 d4=7601944 d5=-2686894 sig0=8093449 sig1=15695393
# D t=28000 redcy=11 ra=1 bfcy=11 bfa=1 d0=4194176 d1=3899273 d4=7601944 d5=-2686894 sig0=8093449 sig1=15695393
# D t=30000 redcy=12 ra=1 bfcy=12 bfa=1 d0=4194176 d1=3899273 d4=7601944 d5=-2686894 sig0=8093449 sig1=15695393
# D t=32000 redcy=13 ra=1 bfcy=13 bfa=1 d0=4194176 d1=3899273 d4=7601944 d5=-2686894 sig0=8093449 sig1=15695393
# D t=34000 redcy=14 ra=1 bfcy=14 bfa=1 d0=4194176 d1=3899273 d4=7601944 d5=-2686894 sig0=8093449 sig1=15695393
# D t=36000 redcy=15 ra=1 bfcy=15 bfa=1 d0=4194176 d1=3899273 d4=7601944 d5=-2686894 sig0=8093449 sig1=15695393
# D t=38000 redcy=16 ra=1 bfcy=16 bfa=1 d0=4194176 d1=3899273 d4=7601944 d5=-2686894 sig0=8093449 sig1=15695393
# D t=40000 redcy=17 ra=1 bfcy=17 bfa=1 d0=4194176 d1=3899273 d4=7601944 d5=-2686894 sig0=8093449 sig1=15695393
# D t=42000 redcy=17 ra=0 bfcy=17 bfa=0 d0=4194176 d1=3899273 d4=7601944 d5=-2686894 sig0=8093449 sig1=15695393
# D t=44000 redcy=17 ra=0 bfcy=17 bfa=0 d0=4194176 d1=3899273 d4=7601944 d5=-2686894 sig0=8093449 sig1=15695393
# D t=46000 redcy=17 ra=0 bfcy=17 bfa=0 d0=4194176 d1=3899273 d4=7601944 d5=-2686894 sig0=8093449 sig1=15695393
# D t=48000 redcy=17 ra=0 bfcy=17 bfa=0 d0=4194176 d1=3899273 d4=7601944 d5=-2686894 sig0=8093449 sig1=15695393
# D t=50000 redcy=17 ra=0 bfcy=17 bfa=0 d0=4194176 d1=3899273 d4=7601944 d5=-2686894 sig0=8093449 sig1=15695393
# D t=52000 redcy=17 ra=0 bfcy=17 bfa=0 d0=4194176 d1=3899273 d4=7601944 d5=-2686894 sig0=8093449 sig1=15695393
# D t=54000 redcy=17 ra=0 bfcy=17 bfa=0 d0=4194176 d1=3899273 d4=7601944 d5=-2686894 sig0=8093449 sig1=15695393
# D t=56000 redcy=17 ra=0 bfcy=17 bfa=0 d0=4194176 d1=3899273 d4=7601944 d5=-2686894 sig0=8093449 sig1=15695393
# D t=58000 redcy=17 ra=0 bfcy=17 bfa=0 d0=4194176 d1=3899273 d4=7601944 d5=-2686894 sig0=8093449 sig1=15695393
# D t=60000 redcy=17 ra=0 bfcy=17 bfa=0 d0=4194176 d1=3899273 d4=7601944 d5=-2686894 sig0=8093449 sig1=15695393
# D t=62000 redcy=17 ra=0 bfcy=17 bfa=0 d0=4194176 d1=3899273 d4=7601944 d5=-2686894 sig0=8093449 sig1=15695393
# D t=64000 redcy=17 ra=0 bfcy=17 bfa=0 d0=4194176 d1=3899273 d4=7601944 d5=-2686894 sig0=8093449 sig1=15695393
# D t=66000 redcy=17 ra=0 bfcy=17 bfa=0 d0=4194176 d1=3899273 d4=7601944 d5=-2686894 sig0=8093449 sig1=15695393
# D t=68000 redcy=17 ra=0 bfcy=17 bfa=0 d0=4194176 d1=3899273 d4=7601944 d5=-2686894 sig0=8093449 sig1=15695393
# ** Note: $finish    : D:/Workspace/ITS_STUDY_V35_P2F_B1_R2/03_verification/tb/step102_dot_debug_tb.sv(15)
#    Time: 68 ns  Iteration: 1  Instance: /step102_dot_debug_tb
# End time: 21:13:14 on Sep 05,2026, Elapsed time: 0:00:01
# Errors: 0, Warnings: 0
