Copyright 1986-2022 Xilinx, Inc. All Rights Reserved. Copyright 2022-2025 Advanced Micro Devices, Inc. All Rights Reserved.
---------------------------------------------------------------------------------------------------------------------------------------------------------------
| Tool Version : Vivado v.2025.2 (win64) Build 6299465 Fri Nov 14 19:35:11 GMT 2025
| Date         : Mon Sep  7 23:35:45 2026
| Host         : Finesse running 64-bit major release  (build 9200)
| Command      : report_design_analysis -congestion -file D:/Workspace/ITS_STUDY_V35_P2F_B2_R3/03_verification/output/p2f_b2_r3_timing_topology/congestion.rpt
| Design       : p2f_dct2_64_b1_step102
| Device       : xcku5p
| Design State : Routed
---------------------------------------------------------------------------------------------------------------------------------------------------------------

Report Design Analysis

Table of Contents
-----------------
1. Placer Final Level Congestion Reporting
2. Router Initial Congestion

1. Placer Final Level Congestion Reporting
------------------------------------------

+-----------+-------+-------+-------------------------------+---------------+----------------+-----+--------+------+------+------+------+-----+-------+-----+------------------------------+
| Direction |  Type | Level |             Window            | Combined LUTs | Avg LUT Inputs | LUT | LUTRAM | Flop | MUXF | RAMB | URAM | DSP | CARRY | SRL |          Cell Names          |
+-----------+-------+-------+-------------------------------+---------------+----------------+-----+--------+------+------+------+------+-----+-------+-----+------------------------------+
| West      | Short |     5 | (CLEL_R_X35Y156,CLEM_X51Y187) |            0% |          3.924 | 72% | 0%     |  18% |  18% | 0%   | NA   | 27% |   15% |  0% | p2f_dct2_64_b1_step102(100%) |
+-----------+-------+-------+-------------------------------+---------------+----------------+-----+--------+------+------+------+------+-----+-------+-----+------------------------------+


2. Router Initial Congestion
----------------------------

+-----------+--------+-------+-------------------------------+---------------+----------------+-----+--------+------+------+------+------+-----+-------+-----+-----------------------------------------------------------------------------------+-------------------------------------------------------------------------------------------------------------------------------------------------------------------------------------------------------------------------------------------------------------------------------------------------------------------------------------------------------------------------+
| Direction |  Type  | Level |             Window            | Combined LUTs | Avg LUT Inputs | LUT | LUTRAM | Flop | MUXF | RAMB | URAM | DSP | CARRY | SRL |                                     Cell Names                                    |                                                                                                                                                                               Sub Windows                                                                                                                                                                               |
+-----------+--------+-------+-------------------------------+---------------+----------------+-----+--------+------+------+------+------+-----+-------+-----+-----------------------------------------------------------------------------------+-------------------------------------------------------------------------------------------------------------------------------------------------------------------------------------------------------------------------------------------------------------------------------------------------------------------------------------------------------------------------+
| North     | Global |     5 | (CLEM_X48Y154,CLEM_X63Y185)   |            0% |          5.235 | 75% |     0% |  19% |  29% |   0% |   0% | 44% |    4% |  0% | vector_buf_b_reg[9][7](0%),vector_buf_b_reg[9][6](0%),vector_buf_b_reg[9][5](0%)  | (CLEM_X48Y170,CLEL_R_X63Y185), (CLEM_X48Y154,CLEL_R_X63Y169)                                                                                                                                                                                                                                                                                                            |
| East      | Global |     6 | (CLEM_X41Y151,CLEM_R_X72Y230) |            0% |          5.531 | 78% |     0% |  12% |  39% |   0% |   0% | 26% |    2% |  0% | vector_buf_b_reg[9][9](0%),vector_buf_b_reg[9][8](0%),vector_buf_b_reg[9][7](0%)  | (CLEM_X41Y199,CLEL_R_X56Y214), (CLEM_X41Y167,CLEL_R_X56Y182), (CLEM_X41Y151,CLEL_R_X56Y166), (CLEL_R_X57Y215,CLEM_R_X72Y230), (CLEL_R_X57Y199,CLEM_R_X72Y214), (CLEL_R_X57Y183,CLEM_R_X72Y198), (CLEL_R_X57Y167,CLEM_R_X72Y182), (CLEL_R_X57Y151,CLEM_R_X72Y166)                                                                                                        |
| East      | Global |     6 | (CLEM_X41Y167,CLEM_R_X72Y230) |            0% |          5.582 | 75% |     0% |  10% |  36% |   0% |   0% | 18% |    2% |  0% | vector_buf_b_reg[9][9](0%),vector_buf_b_reg[9][8](0%),vector_buf_b_reg[9][7](0%)  | (CLEM_X41Y199,CLEM_R_X72Y230), (CLEM_X41Y167,CLEM_R_X72Y198)                                                                                                                                                                                                                                                                                                            |
| West      | Global |     5 | (CLEM_X40Y156,CLEL_L_X55Y219) |            0% |          5.564 | 70% |     0% |  15% |  27% |   0% |   0% | 25% |    6% |  0% | vector_buf_b_reg[9][8](0%),vector_buf_b_reg[9][5](0%),vector_buf_b_reg[9][4](0%)  | (CLEM_X40Y204,CLEL_R_X55Y219), (CLEM_X40Y188,CLEL_R_X55Y203), (CLEM_X40Y172,CLEL_R_X55Y187), (CLEM_X40Y156,CLEL_R_X55Y171)                                                                                                                                                                                                                                              |
| North     | Long   |     5 | (CLEM_X41Y155,CLEM_R_X72Y186) |            0% |          5.363 | 76% |     0% |  16% |  30% |   0% |   0% | 43% |    5% |  0% | vector_buf_b_reg[9][7](0%),vector_buf_b_reg[9][6](0%),vector_buf_b_reg[9][5](0%)  | (CLEM_X41Y171,CLEL_R_X56Y186), (CLEM_X41Y155,CLEL_R_X56Y170), (CLEL_R_X57Y171,CLEM_R_X72Y186), (CLEL_R_X57Y155,CLEM_R_X72Y170)                                                                                                                                                                                                                                          |
| East      | Long   |     6 | (CLEM_X35Y139,CLEM_X66Y234)   |            0% |          5.472 | 68% |     0% |  11% |  27% |   0% |   0% | 23% |    5% |  0% | vector_buf_b_reg[9][9](0%),vector_buf_b_reg[9][8](0%),vector_buf_b_reg[9][7](0%)  | (CLEM_X35Y203,CLEM_X66Y234), (CLEM_X35Y171,CLEM_X66Y202), (CLEM_X35Y139,CLEM_X66Y170)                                                                                                                                                                                                                                                                                   |
| West      | Long   |     5 | (CLEL_R_X39Y153,CLEM_X54Y216) |            0% |          5.539 | 71% |     0% |  16% |  26% |   0% |   0% | 25% |    7% |  0% | vector_buf_b_reg[9][5](0%),vector_buf_b_reg[9][4](0%),vector_buf_b_reg[9][3](0%)  | (CLEL_R_X39Y201,CLEL_R_X54Y216), (CLEL_R_X39Y185,CLEL_R_X54Y200), (CLEL_R_X39Y169,CLEL_R_X54Y184), (CLEL_R_X39Y153,CLEL_R_X54Y168)                                                                                                                                                                                                                                      |
| West      | Long   |     5 | (CLEL_R_X39Y153,CLEM_X62Y224) |            0% |          5.535 | 72% |     0% |  18% |  30% |   0% |   0% | 22% |    5% |  0% | vector_buf_b_reg[9][5](0%),vector_buf_b_reg[9][4](0%),vector_buf_b_reg[9][3](0%)  | (CLEL_R_X39Y193,CLEL_R_X46Y200), (CLEL_R_X47Y217,CLEL_R_X54Y224), (CLEL_R_X47Y209,CLEL_R_X54Y216), (CLEL_R_X47Y201,CLEL_R_X54Y208), (CLEL_R_X47Y193,CLEL_R_X54Y200), (CLEL_R_X47Y185,CLEL_R_X54Y192), (CLEL_R_X47Y177,CLEL_R_X54Y184), (CLEL_R_X47Y169,CLEL_R_X54Y176), (CLEL_R_X47Y161,CLEL_R_X54Y168), (CLEL_R_X47Y153,CLEL_R_X54Y160), (CLEL_L_X55Y161,CLEM_X62Y168) |
| North     | Short  |     5 | (CLEM_X48Y189,CLEM_X63Y220)   |            0% |          5.691 | 76% |     0% |  14% |  39% |   0% |   0% | 11% |    2% |  0% | vector_buf_b_reg[9][9](0%),vector_buf_b_reg[9][8](0%),vector_buf_b_reg[9][1](0%)  | (CLEM_X48Y205,CLEL_R_X63Y220), (CLEM_X48Y189,CLEL_R_X63Y204)                                                                                                                                                                                                                                                                                                            |
| East      | Short  |     5 | (CLEM_X48Y151,CLEM_X63Y230)   |            0% |          5.487 | 74% |     0% |  14% |  34% |   0% |   0% | 24% |    2% |  0% | vector_buf_b_reg[9][9](0%),vector_buf_b_reg[9][8](0%),vector_buf_b_reg[9][7](0%)  | (CLEM_X48Y215,CLEL_R_X63Y230), (CLEM_X48Y199,CLEL_R_X63Y214), (CLEM_X48Y183,CLEL_R_X63Y198), (CLEM_X48Y167,CLEL_R_X63Y182), (CLEM_X48Y151,CLEL_R_X63Y166)                                                                                                                                                                                                               |
| West      | Short  |     5 | (CLEM_X43Y163,CLEM_X58Y226)   |            0% |          5.691 | 72% |     0% |  14% |  33% |   0% |   0% | 17% |    3% |  0% | vector_buf_b_reg[9][8](0%),vector_buf_b_reg[9][4](0%),vector_buf_b_reg[9][14](0%) | (CLEM_X43Y219,CLEL_R_X50Y226), (CLEM_X43Y211,CLEL_R_X50Y218), (CLEM_X43Y203,CLEL_R_X50Y210), (CLEM_X43Y195,CLEL_R_X50Y202), (CLEM_X43Y187,CLEL_R_X50Y194), (CLEM_X43Y179,CLEL_R_X50Y186), (CLEM_X43Y171,CLEL_R_X50Y178), (CLEM_X43Y163,CLEL_R_X50Y170), (CLEM_X51Y211,CLEM_X58Y218), (CLEM_X51Y203,CLEM_X58Y210)                                                        |
+-----------+--------+-------+-------------------------------+---------------+----------------+-----+--------+------+------+------+------+-----+-------+-----+-----------------------------------------------------------------------------------+-------------------------------------------------------------------------------------------------------------------------------------------------------------------------------------------------------------------------------------------------------------------------------------------------------------------------------------------------------------------------+


