Copyright 1986-2022 Xilinx, Inc. All Rights Reserved. Copyright 2022-2025 Advanced Micro Devices, Inc. All Rights Reserved.
-------------------------------------------------------------------------------------------------------------------------------------------------------------------
| Tool Version : Vivado v.2025.2 (win64) Build 6299465 Fri Nov 14 19:35:11 GMT 2025
| Date         : Mon Sep  7 23:35:36 2026
| Host         : Finesse running 64-bit major release  (build 9200)
| Command      : report_high_fanout_nets -max_nets 200 -file D:/Workspace/ITS_STUDY_V35_P2F_B2_R3/03_verification/output/p2f_b2_r3_timing_topology/high_fanout.rpt
| Design       : p2f_dct2_64_b1_step102
| Device       : xcku5p
| Design State : Routed
-------------------------------------------------------------------------------------------------------------------------------------------------------------------

High Fan-out Nets Information

1. Summary
----------

+-----------------------------------------+--------+-------------+
| Net Name                                | Fanout | Driver Type |
+-----------------------------------------+--------+-------------+
| rst_n                                   |  20596 | PORT        |
| final10_mem[1][60][0]_i_1_n_0           |   1040 | LUT3        |
| final10_mem[2][60][0]_i_1_n_0           |   1040 | LUT3        |
| final10_mem[3][60][0]_i_1_n_0           |   1040 | LUT3        |
| ready_vector_id[0]                      |   1040 | LUT3        |
| vector_buf_b[22][15]_i_1_n_0            |   1029 | BUFGCE      |
| vector_buf_a[22][15]_i_1_n_0            |   1024 | BUFGCE      |
| sched_src_reg_reg_n_0_[10][1]           |    800 | FDCE        |
| operand_valid_reg_reg[95]_rep__0_n_0    |    288 | FDCE        |
| operand_valid_reg_reg[87]_rep__3_n_0    |    288 | FDCE        |
| signal_reg[94][21]_i_3_n_0              |    273 | LUT5        |
| red_s0_data295_out                      |    266 | LUT6        |
| issue_active_reg_rep__5_n_0             |    265 | FDCE        |
| signal_reg[46][23]_i_1_n_0              |    264 | LUT6        |
| signal_reg[18][23]_i_1_n_0              |    264 | LUT3        |
| issue_cycle_reg[2]_rep__5_n_0           |    252 | FDCE        |
| issue_active_reg_rep__3_n_0             |    245 | FDCE        |
| sched_src_reg_reg_n_0_[42][0]_repN_48   |    243 | FDCE        |
| issue_cycle_reg[3]_rep__4_n_0           |    242 | FDCE        |
| sched_src_reg_reg_n_0_[42][0]_repN_13   |    241 | FDCE        |
| issue_cycle_reg[1]_rep_n_0              |    238 | FDCE        |
| issue_cycle_reg[0]_rep__6_n_0           |    238 | FDCE        |
| sched_src_reg_reg_n_0_[42][0]_repN_21   |    238 | FDCE        |
| issue_cycle_reg[4]_rep__5_n_0           |    237 | FDCE        |
| sched_src_reg_reg_n_0_[42][0]_repN_44   |    235 | FDCE        |
| sched_src_reg_reg_n_0_[42][0]_repN_4    |    234 | FDCE        |
| issue_active_reg_rep__4_n_0             |    233 | FDCE        |
| sched_src_reg_reg_n_0_[42][0]_repN_23   |    232 | FDCE        |
| sched_src_reg_reg_n_0_[42][0]_repN_28   |    231 | FDCE        |
| sched_src_reg_reg_n_0_[42][0]_repN_54   |    230 | FDCE        |
| sched_src_reg_reg_n_0_[42][0]_repN_3    |    222 | FDCE        |
| sched_src_reg_reg_n_0_[42][0]_repN_52   |    222 | FDCE        |
| sched_src_reg_reg_n_0_[42][0]_repN_2    |    221 | FDCE        |
| sched_src_reg_reg_n_0_[42][0]_repN      |    221 | FDCE        |
| sched_src_reg_reg[46][5]_rep__2_n_0     |    220 | FDCE        |
| operand_valid_reg_reg[12]__0            |    216 | FDCE        |
| sched_src_reg_reg_n_0_[42][0]_repN_34   |    215 | FDCE        |
| bf_bank_reg_rep__16_n_0                 |    214 | FDCE        |
| sched_src_reg_reg[67][1]_rep__7_n_0     |    214 | FDCE        |
| sched_src_reg_reg[74][4]_rep_n_0        |    213 | FDCE        |
| sched_src_reg_reg_n_0_[42][0]_repN_38   |    210 | FDCE        |
| output_group[1]_i_3_n_0                 |    209 | LUT2        |
| sched_src_reg_reg_n_0_[42][0]_repN_16   |    208 | FDCE        |
| sched_src_reg_reg[28][2]_rep__8_n_0     |    207 | FDCE        |
| sched_src_reg_reg_n_0_[42][0]_repN_19   |    203 | FDCE        |
| sched_src_reg_reg[24][2]_rep__6_n_0     |    202 | FDCE        |
| sched_src_reg_reg[29][5]_rep__3_n_0     |    201 | FDCE        |
| sched_src_reg_reg_n_0_[42][0]_repN_8    |    200 | FDCE        |
| issue_cycle_reg[0]_rep__1_n_0           |    200 | FDCE        |
| sched_src_reg_reg_n_0_[42][0]_repN_9    |    200 | FDCE        |
| sched_src_reg_reg[15][4]_rep_n_0        |    199 | FDCE        |
| operand_valid_reg_reg[87]_rep__0_n_0    |    199 | FDCE        |
| (null)[0].key[2]                        |    199 | FDCE        |
| sched_src_reg_reg[46][5]_rep__5_n_0     |    198 | FDCE        |
| issue_cycle_reg[1]_rep__7_n_0           |    195 | FDCE        |
| sched_src_reg_reg_n_0_[42][0]_repN_47   |    194 | FDCE        |
| sched_src_reg_reg_n_0_[42][0]_repN_46   |    194 | FDCE        |
| bf_bank_reg_rep__9_n_0                  |    193 | FDCE        |
| red_s1_data[1][23]_i_21_n_0             |    192 | LUT6        |
| (null)[0].key[1]                        |    192 | FDCE        |
| sched_bank_reg_reg[0]_rep__4_n_0        |    192 | FDCE        |
| signal_reg[32][23]_i_1_n_0              |    192 | LUT6        |
| result_first_INST_0_i_1_n_0             |    188 | LUT2        |
| sched_src_reg_reg[28][2]_rep__4_n_0     |    187 | FDCE        |
| sched_src_reg_reg_n_0_[42][0]_repN_49   |    187 | FDCE        |
| result_group[0]                         |    187 | FDCE        |
| sched_src_reg_reg[67][4]_rep__2_n_0     |    186 | FDCE        |
| sched_bank_reg_reg[0]_rep_n_0           |    185 | FDCE        |
| red_s0_data[47][23]_i_3_n_0             |    185 | LUT6        |
| sched_src_reg_reg_n_0_[42][0]_repN_33   |    185 | FDCE        |
| result_stage16_flat[25]_INST_0_i_11_n_0 |    184 | LUT3        |
| result_stage16_flat[25]_INST_0_i_12_n_0 |    184 | LUT3        |
| sched_src_reg_reg_n_0_[42][0]_repN_7    |    184 | FDCE        |
| issue_cycle_reg[2]_rep__4_n_0           |    184 | FDCE        |
| sched_src_reg_reg_n_0_[67][1]           |    183 | FDCE        |
| issue_cycle_reg[2]                      |    183 | FDCE        |
| sched_src_reg_reg_n_0_[42][0]_repN_12   |    182 | FDCE        |
| issue_cycle_reg[4]_rep__1_n_0           |    182 | FDCE        |
| issue_cycle_reg[4]_rep__3_n_0           |    182 | FDCE        |
| issue_cycle_reg[3]_rep__3_n_0           |    181 | FDCE        |
| issue_active_reg_rep__2_n_0             |    181 | FDCE        |
| sched_src_reg_reg_n_0_[42][0]_repN_41   |    180 | FDCE        |
| issue_cycle_reg[3]_rep__2_n_0           |    180 | FDCE        |
| sched_src_reg_reg_n_0_[42][0]_repN_31   |    179 | FDCE        |
| issue_cycle_reg[0]_rep__3_n_0           |    179 | FDCE        |
| issue_cycle_reg[1]_rep__0_n_0           |    178 | FDCE        |
| sched_bank_reg_reg[0]_rep__1_n_0        |    177 | FDCE        |
| sched_src_reg_reg_n_0_[42][0]_repN_51   |    175 | FDCE        |
| sched_src_reg_reg_n_0_[67][3]           |    174 | FDCE        |
| (null)[0].key[0]                        |    173 | FDCE        |
| issue_cycle_reg[0]_rep__0_n_0           |    172 | FDCE        |
| result_stage16_flat[15]_INST_0_i_15_n_0 |    172 | LUT2        |
| sched_valid_reg_reg[67]_rep__2_n_0      |    171 | FDCE        |
| sched_src_reg_reg[46][5]_rep__1_n_0     |    171 | FDCE        |
| sched_src_reg_reg_n_0_[42][0]_repN_22   |    171 | FDCE        |
| sched_valid_reg_reg[67]_rep__0_n_0      |    170 | FDCE        |
| sched_src_reg_reg[75][3]_rep__1_n_0     |    170 | FDCE        |
| signal_reg[22][23]_i_18_n_0             |    168 | LUT6        |
| operand_valid_reg_reg[58]_rep__1_n_0    |    168 | FDCE        |
| operand_valid_reg_reg[58]_rep__0_n_0    |    168 | FDCE        |
| result_stage16_flat[59]_INST_0_i_16_n_0 |    168 | LUT2        |
| red_s1_data[1][23]_i_22_n_0             |    168 | LUT6        |
| operand_valid_reg_reg[45]__0            |    168 | FDCE        |
| sched_src_reg_reg[127][5]_rep__7_n_0    |    167 | FDCE        |
| signal_reg[48][23]_i_3_n_0              |    166 | LUT6        |
| sched_src_reg_reg_n_0_[42][0]_repN_25   |    166 | FDCE        |
| sched_src_reg_reg[24][1]_rep__16_n_0    |    163 | FDCE        |
| issue_cycle_reg[4]_rep__7_n_0           |    162 | FDCE        |
| sched_bank_reg_reg[0]_rep__6_n_0        |    162 | FDCE        |
| sched_src_reg_reg[67][4]_rep_n_0        |    162 | FDCE        |
| sched_src_reg_reg[127][5]_rep__14_n_0   |    162 | FDCE        |
| result_stage16_flat[15]_INST_0_i_14_n_0 |    161 | LUT2        |
| issue_cycle_reg[1]_rep__1_n_0           |    161 | FDCE        |
| sched_src_reg_reg_n_0_[70][1]           |    160 | FDCE        |
| sched_src_reg_reg[67][1]_rep__3_n_0     |    160 | FDCE        |
| sched_src_reg_reg_n_0_[42][0]_repN_40   |    160 | FDCE        |
| sched_src_reg_reg_n_0_[70][0]           |    160 | FDCE        |
| sched_src_reg_reg[16][3]_rep_n_0        |    159 | FDCE        |
| sched_src_reg_reg_n_0_[42][0]_repN_5    |    159 | FDCE        |
| sched_src_reg_reg[28][4]_rep__16_n_0    |    158 | FDCE        |
| sched_valid_reg_reg[126]_rep_n_0        |    158 | FDCE        |
| sched_src_reg_reg[127][5]_rep__4_n_0    |    157 | FDCE        |
| issue_active_reg_rep__0_n_0             |    157 | FDCE        |
| issue_active_reg_rep__1_n_0             |    157 | FDCE        |
| issue_cycle_reg[3]_rep__6_n_0           |    157 | FDCE        |
| red_s1_data[23][23]_i_6_n_0             |    156 | LUT5        |
| sched_src_reg_reg[29][2]_rep__4_n_0     |    156 | FDCE        |
| (null)[0].key[5]                        |    156 | FDCE        |
| operand_coeff_reg_reg_n_0_[63][7]       |    155 | FDCE        |
| result_stage16_flat[40]_INST_0_i_4_n_0  |    154 | LUT2        |
| red_s1_data[7][23]_i_19_n_0             |    154 | LUT6        |
| result_stage16_flat[63]_INST_0_i_22_n_0 |    154 | LUT2        |
| sched_src_reg_reg[28][1]_rep__19_n_0    |    153 | FDCE        |
| sched_src_reg_reg[127][5]_rep__16_n_0   |    153 | FDCE        |
| issue_cycle_reg[2]_rep__3_n_0           |    153 | FDCE        |
| sched_src_reg_reg[24][2]_rep__3_n_0     |    152 | FDCE        |
| sched_src_reg_reg[28][1]_rep__5_n_0     |    152 | FDCE        |
| sched_src_reg_reg[46][2]_rep__3_n_0     |    152 | FDCE        |
| sched_bank_reg_reg[0]_rep__9_n_0        |    151 | FDCE        |
| sched_src_reg_reg_n_0_[42][0]_repN_42   |    151 | FDCE        |
| sched_bank_reg_reg[0]_rep__13_n_0       |    151 | FDCE        |
| sched_src_reg_reg[127][5]_rep__15_n_0   |    151 | FDCE        |
| sched_src_reg_reg_n_0_[42][0]_repN_11   |    151 | FDCE        |
| bf_bank_reg_rep__13_n_0                 |    151 | FDCE        |
| sched_src_reg_reg[127][5]_rep__5_n_0    |    151 | FDCE        |
| result_valid                            |    151 | FDCE        |
| sched_src_reg_reg[29][5]_rep__2_n_0     |    149 | FDCE        |
| sched_src_reg_reg[99][2]_rep__4_n_0     |    148 | FDCE        |
| red_s0_data[12][23]_i_18_n_0            |    148 | LUT5        |
| sched_src_reg_reg[75][3]_rep__0_n_0     |    148 | FDCE        |
| issue_cycle_reg[1]                      |    148 | FDCE        |
| signal_reg[32][7]_i_2_n_0               |    148 | LUT6        |
| sched_src_reg_reg[29][5]_rep__6_n_0     |    148 | FDCE        |
| sched_src_reg_reg_n_0_[42][0]_repN_18   |    148 | FDCE        |
| issue_cycle_reg[0]_rep__7_n_0           |    148 | FDCE        |
| red_s0_data[11][23]_i_23_n_0            |    147 | LUT6        |
| sched_src_reg_reg[28][4]_rep__14_n_0    |    147 | FDCE        |
| p_424_in                                |    146 | LUT6        |
| red_s0_data[1][23]_i_3_n_0              |    146 | LUT2        |
| red_s0_data[3][23]_i_3_n_0              |    146 | LUT6        |
| sched_valid_reg_reg[126]_rep__3_n_0     |    146 | FDCE        |
| issue_cycle_reg[3]_rep__1_n_0           |    146 | FDCE        |
| issue_cycle_reg[0]_rep__2_n_0           |    145 | FDCE        |
| sched_src_reg_reg[28][1]_rep_n_0        |    145 | FDCE        |
| issue_cycle_reg[4]_rep__2_n_0           |    145 | FDCE        |
| sched_src_reg_reg[28][4]_rep__1_n_0     |    145 | FDCE        |
| red_s1_data[17][23]_i_22_n_0            |    145 | LUT5        |
| sched_valid_reg_reg[16]__0              |    145 | FDCE        |
| issue_cycle_reg[2]_rep_n_0              |    144 | FDCE        |
| sched_src_reg_reg[71][3]_rep_n_0        |    144 | FDCE        |
| sched_src_reg_reg[127][5]_rep__8_n_0    |    144 | FDCE        |
| red_s0_data[1][23]_i_20_n_0             |    144 | LUT6        |
| red_s2_data[1][23]_i_19_n_0             |    144 | LUT6        |
| red_s0_data[12][23]_i_19_n_0            |    144 | LUT6        |
| signal_reg[2][23]_i_19_n_0              |    144 | LUT6        |
| sched_src_reg_reg_n_0_[71][3]           |    144 | FDCE        |
| sched_src_reg_reg[74][5]_rep__1_n_0     |    144 | FDCE        |
| red_s1_data[17][23]_i_21_n_0            |    144 | LUT6        |
| signal_reg[94][21]_i_56_n_0             |    144 | LUT4        |
| signal_reg[94][21]_i_57_n_0             |    144 | LUT5        |
| sched_src_reg_reg[24][2]_rep__7_n_0     |    144 | FDCE        |
| red_s0_data[55][23]_i_1_n_0             |    144 | LUT3        |
| red_s0_data37_out                       |    144 | LUT2        |
| signal_reg[48][23]_i_1_n_0              |    144 | LUT4        |
| sched_src_reg_reg[24][1]_rep__17_n_0    |    144 | FDCE        |
| (null)[0].key[3]                        |    143 | FDCE        |
| sched_valid_reg_reg[126]_rep__2_n_0     |    143 | FDCE        |
| sched_src_reg_reg[16][3]_rep__0_n_0     |    143 | FDCE        |
| sched_src_reg_reg_n_0_[46][2]           |    142 | FDCE        |
| sched_src_reg_reg[42][4]_rep__5_n_0     |    142 | FDCE        |
| bf_bank_reg_rep__5_n_0                  |    142 | FDCE        |
| issue_cycle_reg[1]_rep__3_n_0           |    142 | FDCE        |
| sched_src_reg_reg_n_0_[42][0]_repN_43   |    142 | FDCE        |
| sched_src_reg_reg[28][4]_rep__15_n_0    |    142 | FDCE        |
| sched_src_reg_reg[75][3]_rep__2_n_0     |    142 | FDCE        |
| sched_src_reg_reg[28][4]_rep__7_n_0     |    141 | FDCE        |
| issue_cycle_reg[4]_rep__4_n_0           |    141 | FDCE        |
| issue_cycle_reg[2]_rep__7_n_0           |    141 | FDCE        |
| sched_src_reg_reg_n_0_[42][0]_repN_36   |    141 | FDCE        |
| sched_src_reg_reg[127][5]_rep__18_n_0   |    141 | FDCE        |
+-----------------------------------------+--------+-------------+


