19000,0,0,2,0
19000,0,1,2,0
19000,0,2,2,0
19000,0,3,2,0
21000,0,4,3,0
21000,0,5,3,0
21000,0,6,3,0
21000,0,7,3,0
23000,0,8,4,0
23000,0,9,4,0
23000,0,10,4,0
23000,0,11,4,0
23000,0,12,4,0
23000,0,13,4,0
23000,0,14,4,0
23000,0,15,4,0
27000,0,16,6,0
27000,0,17,6,0
27000,0,18,6,0
27000,0,19,6,0
27000,0,20,6,0
27000,0,21,6,0
27000,0,22,6,0
27000,0,23,6,0
29000,0,24,7,0
29000,0,25,7,0
29000,0,26,7,0
29000,0,27,7,0
29000,0,28,7,0
29000,0,29,7,0
29000,0,30,7,0
29000,0,31,7,0
33000,0,32,9,0
33000,0,33,9,0
33000,0,34,9,0
33000,0,35,9,0
35000,0,36,10,0
35000,0,37,10,0
35000,0,38,10,0
35000,0,39,10,0
37000,0,40,11,0
37000,0,41,11,0
37000,0,42,11,0
37000,0,43,11,0
39000,0,44,12,0
39000,0,45,12,0
39000,0,46,12,0
39000,0,47,12,0
41000,0,48,13,0
41000,0,49,13,0
41000,0,50,13,0
41000,0,51,13,0
43000,0,52,14,0
43000,0,53,14,0
43000,0,54,14,0
43000,0,55,14,0
45000,0,56,15,0
45000,0,57,15,0
45000,0,58,15,0
45000,0,59,15,0
47000,0,60,16,0
47000,0,61,16,0
47000,0,62,16,0
47000,0,63,16,0
51000,1,0,2,4194176
51000,1,1,2,3899273
51000,1,2,2,0
51000,1,3,2,-1540049
53000,1,4,3,7601944
53000,1,5,3,-2686894
53000,1,6,3,1769418
53000,1,7,3,-1507282
55000,1,8,4,15105587
55000,1,9,4,-5078885
55000,1,10,4,3178399
55000,1,11,4,-2391991
55000,1,12,4,1933253
55000,1,13,4,-1736651
55000,1,14,4,1540049
55000,1,15,4,-1408981
59000,1,16,6,30211174
59000,1,17,6,-10092236
59000,1,18,6,6160196
59000,1,19,6,-4456312
59000,1,20,6,3473302
59000,1,21,6,-2817962
59000,1,22,6,2555826
59000,1,23,6,-2359224
61000,1,24,7,2031554
61000,1,25,7,-1900486
61000,1,26,7,1703884
61000,1,27,7,-1638350
61000,1,28,7,1638350
61000,1,29,7,-1572816
61000,1,30,7,1507282
61000,1,31,7,-1507282
65000,1,32,9,60389581
65000,1,33,9,-20282773
65000,1,34,9,12091023
65000,1,35,9,-8683255
67000,1,36,10,6848303
67000,1,37,10,-5603157
67000,1,38,10,4620147
67000,1,39,10,-4161409
69000,1,40,11,3702671
69000,1,41,11,-3178399
69000,1,42,11,2981797
69000,1,43,11,-2785195
71000,1,44,12,2588593
71000,1,45,12,-2588593
71000,1,46,12,2195389
71000,1,47,12,-2064321
73000,1,48,13,1933253
73000,1,49,13,-1998787
73000,1,50,13,1802185
73000,1,51,13,-1736651
75000,1,52,14,1736651
75000,1,53,14,-1802185
75000,1,54,14,1605583
75000,1,55,14,-1802185
77000,1,56,15,1671117
77000,1,57,15,-1540049
77000,1,58,15,1540049
77000,1,59,15,-1540049
79000,1,60,16,1474515
79000,1,61,16,-1474515
79000,1,62,16,1474515
79000,1,63,16,-1540049
83000,2,0,2,-4194304
83000,2,1,2,-3899392
83000,2,2,2,0
83000,2,3,2,1540096
85000,2,4,3,-7602176
85000,2,5,3,2686976
85000,2,6,3,-1769472
85000,2,7,3,1507328
87000,2,8,4,-15106048
87000,2,9,4,5079040
87000,2,10,4,-3178496
87000,2,11,4,2392064
87000,2,12,4,-1933312
87000,2,13,4,1736704
87000,2,14,4,-1540096
87000,2,15,4,1409024
91000,2,16,6,-30212096
91000,2,17,6,10092544
91000,2,18,6,-6160384
91000,2,19,6,4456448
91000,2,20,6,-3473408
91000,2,21,6,2818048
91000,2,22,6,-2555904
91000,2,23,6,2359296
93000,2,24,7,-2031616
93000,2,25,7,1900544
93000,2,26,7,-1703936
93000,2,27,7,1638400
93000,2,28,7,-1638400
93000,2,29,7,1572864
93000,2,30,7,-1507328
93000,2,31,7,1507328
97000,2,32,9,-60391424
97000,2,33,9,20283392
97000,2,34,9,-12091392
97000,2,35,9,8683520
99000,2,36,10,-6848512
99000,2,37,10,5603328
99000,2,38,10,-4620288
99000,2,39,10,4161536
101000,2,40,11,-3702784
101000,2,41,11,3178496
101000,2,42,11,-2981888
101000,2,43,11,2785280
103000,2,44,12,-2588672
103000,2,45,12,2588672
103000,2,46,12,-2195456
103000,2,47,12,2064384
105000,2,48,13,-1933312
105000,2,49,13,1998848
105000,2,50,13,-1802240
105000,2,51,13,1736704
107000,2,52,14,-1736704
107000,2,53,14,1802240
107000,2,54,14,-1605632
107000,2,55,14,1802240
109000,2,56,15,-1671168
109000,2,57,15,1540096
109000,2,58,15,-1540096
109000,2,59,15,1540096
111000,2,60,16,-1474560
111000,2,61,16,1474560
111000,2,62,16,-1474560
111000,2,63,16,1540096
115000,3,0,2,4194176
115000,3,1,2,3899273
115000,3,2,2,0
115000,3,3,2,-1540049
117000,3,4,3,7601944
117000,3,5,3,-2686894
117000,3,6,3,1769418
117000,3,7,3,-1507282
119000,3,8,4,15105587
119000,3,9,4,-5078885
119000,3,10,4,3178399
119000,3,11,4,-2391991
119000,3,12,4,1933253
119000,3,13,4,-1736651
119000,3,14,4,1540049
119000,3,15,4,-1408981
123000,3,16,6,30211174
123000,3,17,6,-10092236
123000,3,18,6,6160196
123000,3,19,6,-4456312
123000,3,20,6,3473302
123000,3,21,6,-2817962
123000,3,22,6,2555826
123000,3,23,6,-2359224
125000,3,24,7,2031554
125000,3,25,7,-1900486
125000,3,26,7,1703884
125000,3,27,7,-1638350
125000,3,28,7,1638350
125000,3,29,7,-1572816
125000,3,30,7,1507282
125000,3,31,7,-1507282
129000,3,32,9,-60391424
129000,3,33,9,20283392
129000,3,34,9,-12091392
129000,3,35,9,8683520
131000,3,36,10,-6848512
131000,3,37,10,5603328
131000,3,38,10,-4620288
131000,3,39,10,4161536
133000,3,40,11,-3702784
133000,3,41,11,3178496
133000,3,42,11,-2981888
133000,3,43,11,2785280
135000,3,44,12,-2588672
135000,3,45,12,2588672
135000,3,46,12,-2195456
135000,3,47,12,2064384
137000,3,48,13,-1933312
137000,3,49,13,1998848
137000,3,50,13,-1802240
137000,3,51,13,1736704
139000,3,52,14,-1736704
139000,3,53,14,1802240
139000,3,54,14,-1605632
139000,3,55,14,1802240
141000,3,56,15,-1671168
141000,3,57,15,1540096
141000,3,58,15,-1540096
141000,3,59,15,1540096
143000,3,60,16,-1474560
143000,3,61,16,1474560
143000,3,62,16,-1474560
143000,3,63,16,1540096
147000,4,0,2,-4194304
147000,4,1,2,-3899392
147000,4,2,2,0
147000,4,3,2,1540096
149000,4,4,3,-7602176
149000,4,5,3,2686976
149000,4,6,3,-1769472
149000,4,7,3,1507328
151000,4,8,4,-15106048
151000,4,9,4,5079040
151000,4,10,4,-3178496
151000,4,11,4,2392064
151000,4,12,4,-1933312
151000,4,13,4,1736704
151000,4,14,4,-1540096
151000,4,15,4,1409024
155000,4,16,6,-30212096
155000,4,17,6,10092544
155000,4,18,6,-6160384
155000,4,19,6,4456448
155000,4,20,6,-3473408
155000,4,21,6,2818048
155000,4,22,6,-2555904
155000,4,23,6,2359296
157000,4,24,7,-2031616
157000,4,25,7,1900544
157000,4,26,7,-1703936
157000,4,27,7,1638400
157000,4,28,7,-1638400
157000,4,29,7,1572864
157000,4,30,7,-1507328
157000,4,31,7,1507328
161000,4,32,9,60389581
161000,4,33,9,-20282773
161000,4,34,9,12091023
161000,4,35,9,-8683255
163000,4,36,10,6848303
163000,4,37,10,-5603157
163000,4,38,10,4620147
163000,4,39,10,-4161409
165000,4,40,11,3702671
165000,4,41,11,-3178399
165000,4,42,11,2981797
165000,4,43,11,-2785195
167000,4,44,12,2588593
167000,4,45,12,-2588593
167000,4,46,12,2195389
167000,4,47,12,-2064321
169000,4,48,13,1933253
169000,4,49,13,-1998787
169000,4,50,13,1802185
169000,4,51,13,-1736651
171000,4,52,14,1736651
171000,4,53,14,-1802185
171000,4,54,14,1605583
171000,4,55,14,-1802185
173000,4,56,15,1671117
173000,4,57,15,-1540049
173000,4,58,15,1540049
173000,4,59,15,-1540049
175000,4,60,16,1474515
175000,4,61,16,-1474515
175000,4,62,16,1474515
175000,4,63,16,-1540049
179000,5,0,2,2097088
179000,5,1,2,0
179000,5,2,2,2097088
179000,5,3,2,0
181000,5,4,3,0
181000,5,5,3,0
181000,5,6,3,0
181000,5,7,3,0
183000,5,8,4,0
183000,5,9,4,0
183000,5,10,4,0
183000,5,11,4,0
183000,5,12,4,0
183000,5,13,4,0
183000,5,14,4,0
183000,5,15,4,0
187000,5,16,6,0
187000,5,17,6,0
187000,5,18,6,0
187000,5,19,6,0
187000,5,20,6,0
187000,5,21,6,0
187000,5,22,6,0
187000,5,23,6,0
189000,5,24,7,0
189000,5,25,7,0
189000,5,26,7,0
189000,5,27,7,0
189000,5,28,7,0
189000,5,29,7,0
189000,5,30,7,0
189000,5,31,7,0
193000,5,32,9,0
193000,5,33,9,0
193000,5,34,9,0
193000,5,35,9,0
195000,5,36,10,0
195000,5,37,10,0
195000,5,38,10,0
195000,5,39,10,0
197000,5,40,11,0
197000,5,41,11,0
197000,5,42,11,0
197000,5,43,11,0
199000,5,44,12,0
199000,5,45,12,0
199000,5,46,12,0
199000,5,47,12,0
201000,5,48,13,0
201000,5,49,13,0
201000,5,50,13,0
201000,5,51,13,0
203000,5,52,14,0
203000,5,53,14,0
203000,5,54,14,0
203000,5,55,14,0
205000,5,56,15,0
205000,5,57,15,0
205000,5,58,15,0
205000,5,59,15,0
207000,5,60,16,0
207000,5,61,16,0
207000,5,62,16,0
207000,5,63,16,0
211000,6,0,2,0
211000,6,1,2,0
211000,6,2,2,0
211000,6,3,2,0
213000,6,4,3,0
213000,6,5,3,0
213000,6,6,3,0
213000,6,7,3,0
215000,6,8,4,0
215000,6,9,4,0
215000,6,10,4,0
215000,6,11,4,0
215000,6,12,4,0
215000,6,13,4,0
215000,6,14,4,0
215000,6,15,4,0
219000,6,16,6,0
219000,6,17,6,0
219000,6,18,6,0
219000,6,19,6,0
219000,6,20,6,0
219000,6,21,6,0
219000,6,22,6,0
219000,6,23,6,0
221000,6,24,7,0
221000,6,25,7,0
221000,6,26,7,0
221000,6,27,7,0
221000,6,28,7,0
221000,6,29,7,0
221000,6,30,7,0
221000,6,31,7,0
225000,6,32,9,-65536
225000,6,33,9,229376
225000,6,34,9,-360448
225000,6,35,9,491520
227000,6,36,10,-655360
227000,6,37,10,786432
227000,6,38,10,-917504
227000,6,39,10,1081344
229000,6,40,11,-1212416
229000,6,41,11,1343488
229000,6,42,11,-1441792
229000,6,43,11,1572864
231000,6,44,12,-1703936
231000,6,45,12,1835008
231000,6,46,12,-1933312
231000,6,47,12,2031616
233000,6,48,13,-2129920
233000,6,49,13,2260992
233000,6,50,13,-2326528
233000,6,51,13,2392064
235000,6,52,14,-2523136
235000,6,53,14,2588672
235000,6,54,14,-2654208
235000,6,55,14,2719744
237000,6,56,15,-2752512
237000,6,57,15,2818048
237000,6,58,15,-2850816
237000,6,59,15,2883584
239000,6,60,16,-2949120
239000,6,61,16,2949120
239000,6,62,16,-2949120
239000,6,63,16,2981888
243000,7,0,2,2097088
243000,7,1,2,0
243000,7,2,2,2097088
243000,7,3,2,0
245000,7,4,3,0
245000,7,5,3,0
245000,7,6,3,0
245000,7,7,3,0
247000,7,8,4,0
247000,7,9,4,0
247000,7,10,4,0
247000,7,11,4,0
247000,7,12,4,0
247000,7,13,4,0
247000,7,14,4,0
247000,7,15,4,0
251000,7,16,6,0
251000,7,17,6,0
251000,7,18,6,0
251000,7,19,6,0
251000,7,20,6,0
251000,7,21,6,0
251000,7,22,6,0
251000,7,23,6,0
253000,7,24,7,0
253000,7,25,7,0
253000,7,26,7,0
253000,7,27,7,0
253000,7,28,7,0
253000,7,29,7,0
253000,7,30,7,0
253000,7,31,7,0
257000,7,32,9,-65536
257000,7,33,9,229376
257000,7,34,9,-360448
257000,7,35,9,491520
259000,7,36,10,-655360
259000,7,37,10,786432
259000,7,38,10,-917504
259000,7,39,10,1081344
261000,7,40,11,-1212416
261000,7,41,11,1343488
261000,7,42,11,-1441792
261000,7,43,11,1572864
263000,7,44,12,-1703936
263000,7,45,12,1835008
263000,7,46,12,-1933312
263000,7,47,12,2031616
265000,7,48,13,-2129920
265000,7,49,13,2260992
265000,7,50,13,-2326528
265000,7,51,13,2392064
267000,7,52,14,-2523136
267000,7,53,14,2588672
267000,7,54,14,-2654208
267000,7,55,14,2719744
269000,7,56,15,-2752512
269000,7,57,15,2818048
269000,7,58,15,-2850816
269000,7,59,15,2883584
271000,7,60,16,-2949120
271000,7,61,16,2949120
271000,7,62,16,-2949120
271000,7,63,16,2981888
275000,8,0,2,4194176
275000,8,1,2,2719661
275000,8,2,2,0
275000,8,3,2,1179612
277000,8,4,3,0
277000,8,5,3,0
277000,8,6,3,0
277000,8,7,3,0
279000,8,8,4,0
279000,8,9,4,0
279000,8,10,4,0
279000,8,11,4,0
279000,8,12,4,0
279000,8,13,4,0
279000,8,14,4,0
279000,8,15,4,0
283000,8,16,6,0
283000,8,17,6,0
283000,8,18,6,0
283000,8,19,6,0
283000,8,20,6,0
283000,8,21,6,0
283000,8,22,6,0
283000,8,23,6,0
285000,8,24,7,0
285000,8,25,7,0
285000,8,26,7,0
285000,8,27,7,0
285000,8,28,7,0
285000,8,29,7,0
285000,8,30,7,0
285000,8,31,7,0
289000,8,32,9,-6356992
289000,8,33,9,2392064
289000,8,34,9,-2555904
289000,8,35,9,-1638400
291000,8,36,10,-1540096
291000,8,37,10,196608
291000,8,38,10,5832704
291000,8,39,10,2326528
293000,8,40,11,-3211264
293000,8,41,11,8159232
293000,8,42,11,2228224
293000,8,43,11,2457600
295000,8,44,12,-917504
295000,8,45,12,-425984
295000,8,46,12,1572864
295000,8,47,12,1343488
297000,8,48,13,-10256384
297000,8,49,13,1835008
297000,8,50,13,-3112960
297000,8,51,13,-1409024
299000,8,52,14,-4587520
299000,8,53,14,-1867776
299000,8,54,14,32768
299000,8,55,14,6488064
301000,8,56,15,-6881280
301000,8,57,15,5734400
301000,8,58,15,2916352
301000,8,59,15,5046272
303000,8,60,16,294912
303000,8,61,16,1933312
303000,8,62,16,-163840
303000,8,63,16,8224768
307000,9,0,2,64
307000,9,1,2,0
307000,9,2,2,64
307000,9,3,2,0
309000,9,4,3,0
309000,9,5,3,0
309000,9,6,3,0
309000,9,7,3,0
311000,9,8,4,0
311000,9,9,4,0
311000,9,10,4,0
311000,9,11,4,0
311000,9,12,4,0
311000,9,13,4,0
311000,9,14,4,0
311000,9,15,4,0
315000,9,16,6,0
315000,9,17,6,0
315000,9,18,6,0
315000,9,19,6,0
315000,9,20,6,0
315000,9,21,6,0
315000,9,22,6,0
315000,9,23,6,0
317000,9,24,7,0
317000,9,25,7,0
317000,9,26,7,0
317000,9,27,7,0
317000,9,28,7,0
317000,9,29,7,0
317000,9,30,7,0
317000,9,31,7,0
321000,9,32,9,0
321000,9,33,9,0
321000,9,34,9,0
321000,9,35,9,0
323000,9,36,10,0
323000,9,37,10,0
323000,9,38,10,0
323000,9,39,10,0
325000,9,40,11,0
325000,9,41,11,0
325000,9,42,11,0
325000,9,43,11,0
327000,9,44,12,0
327000,9,45,12,0
327000,9,46,12,0
327000,9,47,12,0
329000,9,48,13,0
329000,9,49,13,0
329000,9,50,13,0
329000,9,51,13,0
331000,9,52,14,0
331000,9,53,14,0
331000,9,54,14,0
331000,9,55,14,0
333000,9,56,15,0
333000,9,57,15,0
333000,9,58,15,0
333000,9,59,15,0
335000,9,60,16,0
335000,9,61,16,0
335000,9,62,16,0
335000,9,63,16,0
339000,10,0,2,0
339000,10,1,2,0
339000,10,2,2,0
339000,10,3,2,0
341000,10,4,3,0
341000,10,5,3,0
341000,10,6,3,0
341000,10,7,3,0
343000,10,8,4,0
343000,10,9,4,0
343000,10,10,4,0
343000,10,11,4,0
343000,10,12,4,0
343000,10,13,4,0
343000,10,14,4,0
343000,10,15,4,0
347000,10,16,6,0
347000,10,17,6,0
347000,10,18,6,0
347000,10,19,6,0
347000,10,20,6,0
347000,10,21,6,0
347000,10,22,6,0
347000,10,23,6,0
349000,10,24,7,0
349000,10,25,7,0
349000,10,26,7,0
349000,10,27,7,0
349000,10,28,7,0
349000,10,29,7,0
349000,10,30,7,0
349000,10,31,7,0
353000,10,32,9,91
353000,10,33,9,90
353000,10,34,9,90
353000,10,35,9,90
355000,10,36,10,88
355000,10,37,10,87
355000,10,38,10,86
355000,10,39,10,84
357000,10,40,11,83
357000,10,41,11,81
357000,10,42,11,79
357000,10,43,11,77
359000,10,44,12,73
359000,10,45,12,71
359000,10,46,12,69
359000,10,47,12,65
361000,10,48,13,62
361000,10,49,13,59
361000,10,50,13,56
361000,10,51,13,52
363000,10,52,14,48
363000,10,53,14,44
363000,10,54,14,41
363000,10,55,14,37
365000,10,56,15,33
365000,10,57,15,28
365000,10,58,15,24
365000,10,59,15,20
367000,10,60,16,15
367000,10,61,16,11
367000,10,62,16,7
367000,10,63,16,2
371000,11,0,2,0
371000,11,1,2,0
371000,11,2,2,0
371000,11,3,2,0
373000,11,4,3,0
373000,11,5,3,0
373000,11,6,3,0
373000,11,7,3,0
375000,11,8,4,0
375000,11,9,4,0
375000,11,10,4,0
375000,11,11,4,0
375000,11,12,4,0
375000,11,13,4,0
375000,11,14,4,0
375000,11,15,4,0
379000,11,16,6,90
379000,11,17,6,90
379000,11,18,6,88
379000,11,19,6,85
379000,11,20,6,82
379000,11,21,6,78
379000,11,22,6,73
379000,11,23,6,67
381000,11,24,7,61
381000,11,25,7,54
381000,11,26,7,46
381000,11,27,7,38
381000,11,28,7,31
381000,11,29,7,22
381000,11,30,7,13
381000,11,31,7,4
385000,11,32,9,0
385000,11,33,9,0
385000,11,34,9,0
385000,11,35,9,0
387000,11,36,10,0
387000,11,37,10,0
387000,11,38,10,0
387000,11,39,10,0
389000,11,40,11,0
389000,11,41,11,0
389000,11,42,11,0
389000,11,43,11,0
391000,11,44,12,0
391000,11,45,12,0
391000,11,46,12,0
391000,11,47,12,0
393000,11,48,13,0
393000,11,49,13,0
393000,11,50,13,0
393000,11,51,13,0
395000,11,52,14,0
395000,11,53,14,0
395000,11,54,14,0
395000,11,55,14,0
397000,11,56,15,0
397000,11,57,15,0
397000,11,58,15,0
397000,11,59,15,0
399000,11,60,16,0
399000,11,61,16,0
399000,11,62,16,0
399000,11,63,16,0
403000,12,0,2,0
403000,12,1,2,0
403000,12,2,2,0
403000,12,3,2,0
405000,12,4,3,0
405000,12,5,3,0
405000,12,6,3,0
405000,12,7,3,0
407000,12,8,4,0
407000,12,9,4,0
407000,12,10,4,0
407000,12,11,4,0
407000,12,12,4,0
407000,12,13,4,0
407000,12,14,4,0
407000,12,15,4,0
411000,12,16,6,0
411000,12,17,6,0
411000,12,18,6,0
411000,12,19,6,0
411000,12,20,6,0
411000,12,21,6,0
411000,12,22,6,0
411000,12,23,6,0
413000,12,24,7,0
413000,12,25,7,0
413000,12,26,7,0
413000,12,27,7,0
413000,12,28,7,0
413000,12,29,7,0
413000,12,30,7,0
413000,12,31,7,0
417000,12,32,9,90
417000,12,33,9,88
417000,12,34,9,84
417000,12,35,9,79
419000,12,36,10,71
419000,12,37,10,62
419000,12,38,10,52
419000,12,39,10,41
421000,12,40,11,28
421000,12,41,11,15
421000,12,42,11,2
421000,12,43,11,-11
423000,12,44,12,-24
423000,12,45,12,-37
423000,12,46,12,-48
423000,12,47,12,-59
425000,12,48,13,-69
425000,12,49,13,-77
425000,12,50,13,-83
425000,12,51,13,-87
427000,12,52,14,-90
427000,12,53,14,-91
427000,12,54,14,-90
427000,12,55,14,-86
429000,12,56,15,-81
429000,12,57,15,-73
429000,12,58,15,-65
429000,12,59,15,-56
431000,12,60,16,-44
431000,12,61,16,-33
431000,12,62,16,-20
431000,12,63,16,-7
435000,13,0,2,0
435000,13,1,2,0
435000,13,2,2,0
435000,13,3,2,0
437000,13,4,3,0
437000,13,5,3,0
437000,13,6,3,0
437000,13,7,3,0
439000,13,8,4,0
439000,13,9,4,0
439000,13,10,4,0
439000,13,11,4,0
439000,13,12,4,0
439000,13,13,4,0
439000,13,14,4,0
439000,13,15,4,0
443000,13,16,6,0
443000,13,17,6,0
443000,13,18,6,0
443000,13,19,6,0
443000,13,20,6,0
443000,13,21,6,0
443000,13,22,6,0
443000,13,23,6,0
445000,13,24,7,0
445000,13,25,7,0
445000,13,26,7,0
445000,13,27,7,0
445000,13,28,7,0
445000,13,29,7,0
445000,13,30,7,0
445000,13,31,7,0
449000,13,32,9,90
449000,13,33,9,79
449000,13,34,9,59
449000,13,35,9,33
451000,13,36,10,2
451000,13,37,10,-28
451000,13,38,10,-56
451000,13,39,10,-77
453000,13,40,11,-88
453000,13,41,11,-90
453000,13,42,11,-81
453000,13,43,11,-62
455000,13,44,12,-37
455000,13,45,12,-7
455000,13,46,12,24
455000,13,47,12,52
457000,13,48,13,73
457000,13,49,13,87
457000,13,50,13,90
457000,13,51,13,83
459000,13,52,14,65
459000,13,53,14,41
459000,13,54,14,11
459000,13,55,14,-20
461000,13,56,15,-48
461000,13,57,15,-71
461000,13,58,15,-86
461000,13,59,15,-91
463000,13,60,16,-84
463000,13,61,16,-69
463000,13,62,16,-44
463000,13,63,16,-15
467000,14,0,2,0
467000,14,1,2,0
467000,14,2,2,0
467000,14,3,2,0
469000,14,4,3,0
469000,14,5,3,0
469000,14,6,3,0
469000,14,7,3,0
471000,14,8,4,0
471000,14,9,4,0
471000,14,10,4,0
471000,14,11,4,0
471000,14,12,4,0
471000,14,13,4,0
471000,14,14,4,0
471000,14,15,4,0
475000,14,16,6,0
475000,14,17,6,0
475000,14,18,6,0
475000,14,19,6,0
475000,14,20,6,0
475000,14,21,6,0
475000,14,22,6,0
475000,14,23,6,0
477000,14,24,7,0
477000,14,25,7,0
477000,14,26,7,0
477000,14,27,7,0
477000,14,28,7,0
477000,14,29,7,0
477000,14,30,7,0
477000,14,31,7,0
481000,14,32,9,84
481000,14,33,9,41
481000,14,34,9,-24
481000,14,35,9,-77
483000,14,36,10,-90
483000,14,37,10,-56
483000,14,38,10,7
483000,14,39,10,65
485000,14,40,11,91
485000,14,41,11,69
485000,14,42,11,11
485000,14,43,11,-52
487000,14,44,12,-88
487000,14,45,12,-79
487000,14,46,12,-28
487000,14,47,12,37
489000,14,48,13,83
489000,14,49,13,86
489000,14,50,13,44
489000,14,51,13,-20
491000,14,52,14,-73
491000,14,53,14,-90
491000,14,54,14,-59
491000,14,55,14,2
493000,14,56,15,62
493000,14,57,15,90
493000,14,58,15,71
493000,14,59,15,15
495000,14,60,16,-48
495000,14,61,16,-87
495000,14,62,16,-81
495000,14,63,16,-33
499000,15,0,2,0
499000,15,1,2,0
499000,15,2,2,0
499000,15,3,2,0
501000,15,4,3,0
501000,15,5,3,0
501000,15,6,3,0
501000,15,7,3,0
503000,15,8,4,0
503000,15,9,4,0
503000,15,10,4,0
503000,15,11,4,0
503000,15,12,4,0
503000,15,13,4,0
503000,15,14,4,0
503000,15,15,4,0
507000,15,16,6,0
507000,15,17,6,0
507000,15,18,6,0
507000,15,19,6,0
507000,15,20,6,0
507000,15,21,6,0
507000,15,22,6,0
507000,15,23,6,0
509000,15,24,7,0
509000,15,25,7,0
509000,15,26,7,0
509000,15,27,7,0
509000,15,28,7,0
509000,15,29,7,0
509000,15,30,7,0
509000,15,31,7,0
513000,15,32,9,65
513000,15,33,9,-59
513000,15,34,9,-71
513000,15,35,9,52
515000,15,36,10,77
515000,15,37,10,-44
515000,15,38,10,-81
515000,15,39,10,37
517000,15,40,11,84
517000,15,41,11,-28
517000,15,42,11,-87
517000,15,43,11,20
519000,15,44,12,90
519000,15,45,12,-11
519000,15,46,12,-90
519000,15,47,12,2
521000,15,48,13,91
521000,15,49,13,7
521000,15,50,13,-90
521000,15,51,13,-15
523000,15,52,14,88
523000,15,53,14,24
523000,15,54,14,-86
523000,15,55,14,-33
525000,15,56,15,83
525000,15,57,15,41
525000,15,58,15,-79
525000,15,59,15,-48
527000,15,60,16,73
527000,15,61,16,56
527000,15,62,16,-69
527000,15,63,16,-62
531000,16,0,2,0
531000,16,1,2,0
531000,16,2,2,0
531000,16,3,2,0
533000,16,4,3,0
533000,16,5,3,0
533000,16,6,3,0
533000,16,7,3,0
535000,16,8,4,0
535000,16,9,4,0
535000,16,10,4,0
535000,16,11,4,0
535000,16,12,4,0
535000,16,13,4,0
535000,16,14,4,0
535000,16,15,4,0
539000,16,16,6,0
539000,16,17,6,0
539000,16,18,6,0
539000,16,19,6,0
539000,16,20,6,0
539000,16,21,6,0
539000,16,22,6,0
539000,16,23,6,0
541000,16,24,7,0
541000,16,25,7,0
541000,16,26,7,0
541000,16,27,7,0
541000,16,28,7,0
541000,16,29,7,0
541000,16,30,7,0
541000,16,31,7,0
545000,16,32,9,2
545000,16,33,9,-7
545000,16,34,9,11
545000,16,35,9,-15
547000,16,36,10,20
547000,16,37,10,-24
547000,16,38,10,28
547000,16,39,10,-33
549000,16,40,11,37
549000,16,41,11,-41
549000,16,42,11,44
549000,16,43,11,-48
551000,16,44,12,52
551000,16,45,12,-56
551000,16,46,12,59
551000,16,47,12,-62
553000,16,48,13,65
553000,16,49,13,-69
553000,16,50,13,71
553000,16,51,13,-73
555000,16,52,14,77
555000,16,53,14,-79
555000,16,54,14,81
555000,16,55,14,-83
557000,16,56,15,84
557000,16,57,15,-86
557000,16,58,15,87
557000,16,59,15,-88
559000,16,60,16,90
559000,16,61,16,-90
559000,16,62,16,90
559000,16,63,16,-91
563000,17,0,2,35392
563000,17,1,2,-1151171
563000,17,2,2,-2230208
563000,17,3,2,-835677
565000,17,4,3,-1014151
565000,17,5,3,-5776382
565000,17,6,3,459689
565000,17,7,3,-986472
567000,17,8,4,2818768
567000,17,9,4,2511619
567000,17,10,4,-5921353
567000,17,11,4,-3181906
567000,17,12,4,911501
567000,17,13,4,4252057
567000,17,14,4,1061807
567000,17,15,4,-5082325
571000,17,16,6,1884898
571000,17,17,6,11084437
571000,17,18,6,7875220
571000,17,19,6,-3435099
571000,17,20,6,-170804
571000,17,21,6,-518231
571000,17,22,6,3988458
571000,17,23,6,-3555523
573000,17,24,7,-468737
573000,17,25,7,-1609525
573000,17,26,7,123352
573000,17,27,7,-7323959
573000,17,28,7,3137400
573000,17,29,7,-291477
573000,17,30,7,164730
573000,17,31,7,2841090
577000,17,32,9,-1159869
577000,17,33,9,-7840712
577000,17,34,9,7551530
577000,17,35,9,1758209
579000,17,36,10,3751751
579000,17,37,10,-6220948
579000,17,38,10,-7319048
579000,17,39,10,7242922
581000,17,40,11,-9161749
581000,17,41,11,-3207393
581000,17,42,11,9109184
581000,17,43,11,4832291
583000,17,44,12,2627784
583000,17,45,12,6267966
583000,17,46,12,-5050894
583000,17,47,12,563257
585000,17,48,13,-9998137
585000,17,49,13,-6413494
585000,17,50,13,-1178330
585000,17,51,13,-2444806
587000,17,52,14,-7543475
587000,17,53,14,5947234
587000,17,54,14,9763679
587000,17,55,14,-5015262
589000,17,56,15,1936077
589000,17,57,15,-6585328
589000,17,58,15,-2928267
589000,17,59,15,16279646
591000,17,60,16,-566873
591000,17,61,16,-7071503
591000,17,62,16,-8316647
591000,17,63,16,4535004
595000,18,0,2,-539712
595000,18,1,2,1620028
595000,18,2,2,-2431424
595000,18,3,2,-560194
597000,18,4,3,-3810900
597000,18,5,3,155747
597000,18,6,3,2358266
597000,18,7,3,-1471725
599000,18,8,4,4477063
599000,18,9,4,-567595
599000,18,10,4,8164530
599000,18,11,4,1056028
599000,18,12,4,-1092730
599000,18,13,4,-1238626
599000,18,14,4,-2032559
599000,18,15,4,-4058197
603000,18,16,6,-5774877
603000,18,17,6,7339769
603000,18,18,6,-2334612
603000,18,19,6,34200
603000,18,20,6,-1062809
603000,18,21,6,-773992
603000,18,22,6,3070990
603000,18,23,6,6627780
605000,18,24,7,-1914045
605000,18,25,7,1463600
605000,18,26,7,4326236
605000,18,27,7,-5708133
605000,18,28,7,-3996972
605000,18,29,7,6750990
605000,18,30,7,-6816811
605000,18,31,7,5751096
609000,18,32,9,-234983
609000,18,33,9,-3117890
609000,18,34,9,-763147
609000,18,35,9,-9759889
611000,18,36,10,-5499040
611000,18,37,10,-132572
611000,18,38,10,8809415
611000,18,39,10,-1271142
613000,18,40,11,3908701
613000,18,41,11,2590828
613000,18,42,11,-6079099
613000,18,43,11,6450975
615000,18,44,12,4813098
615000,18,45,12,4688932
615000,18,46,12,-4174465
615000,18,47,12,405972
617000,18,48,13,-2651867
617000,18,49,13,-4202744
617000,18,50,13,-5746389
617000,18,51,13,-2014958
619000,18,52,14,-11288486
619000,18,53,14,6229191
619000,18,54,14,-12578669
619000,18,55,14,-13957754
621000,18,56,15,15282159
621000,18,57,15,7919644
621000,18,58,15,5158383
621000,18,59,15,-17268784
623000,18,60,16,-8792790
623000,18,61,16,-8528057
623000,18,62,16,-7068975
623000,18,63,16,1057070
627000,19,0,2,716096
627000,19,1,2,1491026
627000,19,2,2,-2929600
627000,19,3,2,3486412
629000,19,4,3,3125025
629000,19,5,3,-322772
629000,19,6,3,-1766006
629000,19,7,3,2452345
631000,19,8,4,2900268
631000,19,9,4,6552730
631000,19,10,4,3025272
631000,19,11,4,-4420358
631000,19,12,4,-687896
631000,19,13,4,885463
631000,19,14,4,-34431
631000,19,15,4,675321
635000,19,16,6,-330700
635000,19,17,6,2828962
635000,19,18,6,-3897496
635000,19,19,6,7891449
635000,19,20,6,6608132
635000,19,21,6,-7764510
635000,19,22,6,-2730526
635000,19,23,6,4487927
637000,19,24,7,-3216931
637000,19,25,7,8459619
637000,19,26,7,-1571304
637000,19,27,7,5129044
637000,19,28,7,-976149
637000,19,29,7,9524030
637000,19,30,7,3629433
637000,19,31,7,-2416966
641000,19,32,9,-6337764
641000,19,33,9,1025664
641000,19,34,9,-6336572
641000,19,35,9,-18685922
643000,19,36,10,-10604468
643000,19,37,10,-2702555
643000,19,38,10,10319185
643000,19,39,10,13215619
645000,19,40,11,3445174
645000,19,41,11,-209397
645000,19,42,11,4408108
645000,19,43,11,4858331
647000,19,44,12,5112074
647000,19,45,12,-6323446
647000,19,46,12,-1818222
647000,19,47,12,-768235
649000,19,48,13,10298711
649000,19,49,13,3651368
649000,19,50,13,-1658798
649000,19,51,13,10543584
651000,19,52,14,-1283810
651000,19,53,14,19007
651000,19,54,14,963392
651000,19,55,14,-2286737
653000,19,56,15,2037075
653000,19,57,15,-13209189
653000,19,58,15,8324955
653000,19,59,15,6798726
655000,19,60,16,-5608543
655000,19,61,16,7211807
655000,19,62,16,-185413
655000,19,63,16,202738
659000,20,0,2,-2360384
659000,20,1,2,92629
659000,20,2,2,735296
659000,20,3,2,168178
661000,20,4,3,4249505
661000,20,5,3,266615
661000,20,6,3,-2742075
661000,20,7,3,2480955
663000,20,8,4,-1298197
663000,20,9,4,-5565094
663000,20,10,4,4184584
663000,20,11,4,3133939
663000,20,12,4,1237177
663000,20,13,4,1454023
663000,20,14,4,1597396
663000,20,15,4,2570641
667000,20,16,6,1210463
667000,20,17,6,4354101
667000,20,18,6,-6402288
667000,20,19,6,2950796
667000,20,20,6,-372162
667000,20,21,6,3977742
667000,20,22,6,-2476596
667000,20,23,6,-4999119
669000,20,24,7,-2715609
669000,20,25,7,2739513
669000,20,26,7,-4441946
669000,20,27,7,-6999188
669000,20,28,7,4417570
669000,20,29,7,5856450
669000,20,30,7,4422090
669000,20,31,7,-1000919
673000,20,32,9,2437437
673000,20,33,9,9408217
673000,20,34,9,-2965581
673000,20,35,9,5068410
675000,20,36,10,7723425
675000,20,37,10,4744470
675000,20,38,10,3636753
675000,20,39,10,-1797735
677000,20,40,11,-1259180
677000,20,41,11,-3305276
677000,20,42,11,2073049
677000,20,43,11,-5565760
679000,20,44,12,-4212816
679000,20,45,12,10933993
679000,20,46,12,3629654
679000,20,47,12,4094182
681000,20,48,13,4076502
681000,20,49,13,-3349346
681000,20,50,13,-7115910
681000,20,51,13,5166604
683000,20,52,14,2109942
683000,20,53,14,7725264
683000,20,54,14,14296515
683000,20,55,14,1176355
685000,20,56,15,-3880669
685000,20,57,15,2781699
685000,20,58,15,35142
685000,20,59,15,-739230
687000,20,60,16,-12526396
687000,20,61,16,7885166
687000,20,62,16,10225022
687000,20,63,16,-12352616
691000,21,0,2,2315392
691000,21,1,2,-3195234
691000,21,2,2,-1054208
691000,21,3,2,266302
693000,21,4,3,-5182497
693000,21,5,3,-326660
693000,21,6,3,627940
693000,21,7,3,800031
695000,21,8,4,-4042852
695000,21,9,4,6886068
695000,21,10,4,-1619156
695000,21,11,4,-2555116
695000,21,12,4,-3363020
695000,21,13,4,940777
695000,21,14,4,1512192
695000,21,15,4,-284266
699000,21,16,6,252581
699000,21,17,6,755764
699000,21,18,6,4022154
699000,21,19,6,3778527
699000,21,20,6,-3564009
699000,21,21,6,4926660
699000,21,22,6,-927956
699000,21,23,6,4459814
701000,21,24,7,-2354347
701000,21,25,7,5141301
701000,21,26,7,25879
701000,21,27,7,-5765019
701000,21,28,7,-9776765
701000,21,29,7,-1068001
701000,21,30,7,5753685
701000,21,31,7,2474278
705000,21,32,9,2045972
705000,21,33,9,3678519
705000,21,34,9,1026579
705000,21,35,9,-6260172
707000,21,36,10,772063
707000,21,37,10,11119371
707000,21,38,10,5438675
707000,21,39,10,6612840
709000,21,40,11,3003599
709000,21,41,11,4231419
709000,21,42,11,36556
709000,21,43,11,5226815
711000,21,44,12,10067812
711000,21,45,12,-21721233
711000,21,46,12,-5528772
711000,21,47,12,5561097
713000,21,48,13,-11239440
713000,21,49,13,8176158
713000,21,50,13,5619199
713000,21,51,13,4549950
715000,21,52,14,-7515598
715000,21,53,14,-64867
715000,21,54,14,3791032
715000,21,55,14,8590218
717000,21,56,15,7515029
717000,21,57,15,-132242
717000,21,58,15,4812937
717000,21,59,15,10719085
719000,21,60,16,5428402
719000,21,61,16,2707306
719000,21,62,16,-981579
719000,21,63,16,3641747
723000,22,0,2,-1469376
723000,22,1,2,3008317
723000,22,2,2,1523904
723000,22,3,2,-900996
725000,22,4,3,1265668
725000,22,5,3,-1404885
725000,22,6,3,-1220880
725000,22,7,3,1485041
727000,22,8,4,-1479715
727000,22,9,4,-3226574
727000,22,10,4,779838
727000,22,11,4,914111
727000,22,12,4,2093677
727000,22,13,4,-4601942
727000,22,14,4,3728024
727000,22,15,4,1385239
731000,22,16,6,1898471
731000,22,17,6,205254
731000,22,18,6,-8652789
731000,22,19,6,-916415
731000,22,20,6,-2684030
731000,22,21,6,4570338
731000,22,22,6,6065456
731000,22,23,6,709934
733000,22,24,7,-1032977
733000,22,25,7,2886775
733000,22,26,7,1591647
733000,22,27,7,-9424598
733000,22,28,7,-482665
733000,22,29,7,-3721758
733000,22,30,7,5258643
733000,22,31,7,-3229482
737000,22,32,9,-185353
737000,22,33,9,4301749
737000,22,34,9,-8491894
737000,22,35,9,-1783951
739000,22,36,10,5911344
739000,22,37,10,-5781124
739000,22,38,10,-12424220
739000,22,39,10,-5210651
741000,22,40,11,2230571
741000,22,41,11,8827383
741000,22,42,11,9322000
741000,22,43,11,-3817384
743000,22,44,12,156035
743000,22,45,12,8413286
743000,22,46,12,-1463342
743000,22,47,12,10623670
745000,22,48,13,15568667
745000,22,49,13,-2583377
745000,22,50,13,-5365706
745000,22,51,13,1779679
747000,22,52,14,30049
747000,22,53,14,-8942418
747000,22,54,14,-13046597
747000,22,55,14,12211761
749000,22,56,15,-6056509
749000,22,57,15,10321915
749000,22,58,15,-7180479
749000,22,59,15,1020862
751000,22,60,16,1191007
751000,22,61,16,-5153931
751000,22,62,16,1407975
751000,22,63,16,-8780879
755000,23,0,2,932160
755000,23,1,2,-154070
755000,23,2,2,-16064
755000,23,3,2,-2489980
757000,23,4,3,1588594
757000,23,5,3,573128
757000,23,6,3,183099
757000,23,7,3,-1423477
759000,23,8,4,-2314496
759000,23,9,4,240088
759000,23,10,4,2446096
759000,23,11,4,366121
759000,23,12,4,2904235
759000,23,13,4,-2650161
759000,23,14,4,-3481676
759000,23,15,4,1310715
763000,23,16,6,-9415808
763000,23,17,6,1509229
763000,23,18,6,-4838377
763000,23,19,6,2465862
763000,23,20,6,-5706906
763000,23,21,6,-5705785
763000,23,22,6,-6994533
763000,23,23,6,-3281805
765000,23,24,7,4146615
765000,23,25,7,-160922
765000,23,26,7,-1116655
765000,23,27,7,8375412
765000,23,28,7,3320238
765000,23,29,7,-467623
765000,23,30,7,1049822
765000,23,31,7,-3645304
769000,23,32,9,-1918616
769000,23,33,9,4288848
769000,23,34,9,-8750629
769000,23,35,9,-8410229
771000,23,36,10,-4048331
771000,23,37,10,-1163987
771000,23,38,10,2357452
771000,23,39,10,20075733
773000,23,40,11,-10132668
773000,23,41,11,11646499
773000,23,42,11,6189004
773000,23,43,11,-6770110
775000,23,44,12,-1074364
775000,23,45,12,7378746
775000,23,46,12,-3044713
775000,23,47,12,-2872770
777000,23,48,13,4851934
777000,23,49,13,13274508
777000,23,50,13,-1473600
777000,23,51,13,3069337
779000,23,52,14,576139
779000,23,53,14,-5005230
779000,23,54,14,2025065
779000,23,55,14,-1308080
781000,23,56,15,-1742770
781000,23,57,15,-4917426
781000,23,58,15,52041
781000,23,59,15,9430646
783000,23,60,16,-3011427
783000,23,61,16,11890037
783000,23,62,16,6831953
783000,23,63,16,8462642
787000,24,0,2,-1619776
787000,24,1,2,-702463
787000,24,2,2,2156096
787000,24,3,2,270634
789000,24,4,3,459341
789000,24,5,3,-2259359
789000,24,6,3,-1748217
789000,24,7,3,535187
791000,24,8,4,-3428461
791000,24,9,4,-2306879
791000,24,10,4,-564291
791000,24,11,4,1348127
791000,24,12,4,1148132
791000,24,13,4,-3938074
791000,24,14,4,1984768
791000,24,15,4,-6047944
795000,24,16,6,-2202107
795000,24,17,6,-4860030
795000,24,18,6,172109
795000,24,19,6,5935907
795000,24,20,6,-879842
795000,24,21,6,-5476991
795000,24,22,6,5603445
795000,24,23,6,732320
797000,24,24,7,6830662
797000,24,25,7,2109646
797000,24,26,7,-263574
797000,24,27,7,-2552294
797000,24,28,7,1079905
797000,24,29,7,-8039812
797000,24,30,7,1110197
797000,24,31,7,-2072283
801000,24,32,9,91899
801000,24,33,9,-1989862
801000,24,34,9,-4666462
801000,24,35,9,8762535
803000,24,36,10,-1973078
803000,24,37,10,-11046468
803000,24,38,10,-4785204
803000,24,39,10,-14368743
805000,24,40,11,-5374847
805000,24,41,11,9716688
805000,24,42,11,5531641
805000,24,43,11,2433203
807000,24,44,12,-17834208
807000,24,45,12,7943611
807000,24,46,12,2402307
807000,24,47,12,1015729
809000,24,48,13,-6959578
809000,24,49,13,2398158
809000,24,50,13,-5445433
809000,24,51,13,27873
811000,24,52,14,-8821982
811000,24,53,14,3515054
811000,24,54,14,-3288257
811000,24,55,14,-14031011
813000,24,56,15,-4125403
813000,24,57,15,2703519
813000,24,58,15,-5527456
813000,24,59,15,-2036835
815000,24,60,16,7492975
815000,24,61,16,831548
815000,24,62,16,1032250
815000,24,63,16,17786102
819000,25,0,2,2065792
819000,25,1,2,-413871
819000,25,2,2,-160640
819000,25,3,2,343738
821000,25,4,3,1291844
821000,25,5,3,2006051
821000,25,6,3,4545788
821000,25,7,3,-1072567
823000,25,8,4,3341076
823000,25,9,4,1309092
823000,25,10,4,1534055
823000,25,11,4,-6657571
823000,25,12,4,3993010
823000,25,13,4,1122501
823000,25,14,4,-2754488
823000,25,15,4,-2337455
827000,25,16,6,2881726
827000,25,17,6,-12104887
827000,25,18,6,-10055922
827000,25,19,6,6969741
827000,25,20,6,-6771917
827000,25,21,6,-5509326
827000,25,22,6,-3250403
827000,25,23,6,-5029025
829000,25,24,7,4760195
829000,25,25,7,3516300
829000,25,26,7,5723907
829000,25,27,7,7999359
829000,25,28,7,-4316973
829000,25,29,7,570523
829000,25,30,7,-6769204
829000,25,31,7,-911848
833000,25,32,9,9742432
833000,25,33,9,4167424
833000,25,34,9,-15216318
833000,25,35,9,-8276181
835000,25,36,10,-2307937
835000,25,37,10,-21046164
835000,25,38,10,-781140
835000,25,39,10,20119723
837000,25,40,11,1046874
837000,25,41,11,8110623
837000,25,42,11,2031255
837000,25,43,11,9678854
839000,25,44,12,4418355
839000,25,45,12,16221635
839000,25,46,12,-6236340
839000,25,47,12,6886622
841000,25,48,13,136578
841000,25,49,13,1452990
841000,25,50,13,1948509
841000,25,51,13,-298454
843000,25,52,14,6530437
843000,25,53,14,-9204628
843000,25,54,14,2123770
843000,25,55,14,3558504
845000,25,56,15,-263748
845000,25,57,15,8396539
845000,25,58,15,-662506
845000,25,59,15,4437799
847000,25,60,16,-2347548
847000,25,61,16,2358643
847000,25,62,16,8562593
847000,25,63,16,-3283186
851000,26,0,2,-1378688
851000,26,1,2,-125680
851000,26,2,2,-1371648
851000,26,3,2,1291970
853000,26,4,3,-2641762
853000,26,5,3,-84979
853000,26,6,3,-2582557
853000,26,7,3,-1718764
855000,26,8,4,-610117
855000,26,9,4,4765488
855000,26,10,4,4561885
855000,26,11,4,1408292
855000,26,12,4,599163
855000,26,13,4,537528
855000,26,14,4,-1158704
855000,26,15,4,-1554130
859000,26,16,6,3678182
859000,26,17,6,-2388598
859000,26,18,6,3440879
859000,26,19,6,-4954222
859000,26,20,6,5288564
859000,26,21,6,3834676
859000,26,22,6,-1890813
859000,26,23,6,6201706
861000,26,24,7,10593606
861000,26,25,7,-1448867
861000,26,26,7,3830219
861000,26,27,7,-739297
861000,26,28,7,-5747965
861000,26,29,7,543510
861000,26,30,7,-2591932
861000,26,31,7,4942594
865000,26,32,9,464536
865000,26,33,9,-4387146
865000,26,34,9,2160365
865000,26,35,9,1660864
867000,26,36,10,12402327
867000,26,37,10,8157097
867000,26,38,10,6581959
867000,26,39,10,-1054779
869000,26,40,11,15682835
869000,26,41,11,-1683642
869000,26,42,11,1123400
869000,26,43,11,-12017939
871000,26,44,12,-3372454
871000,26,45,12,3209306
871000,26,46,12,667966
871000,26,47,12,-14781773
873000,26,48,13,16648464
873000,26,49,13,4246762
873000,26,50,13,6178637
873000,26,51,13,-3379934
875000,26,52,14,-7480606
875000,26,53,14,1291194
875000,26,54,14,-3811041
875000,26,55,14,6752603
877000,26,56,15,12457285
877000,26,57,15,8721028
877000,26,58,15,8310394
877000,26,59,15,-3186498
879000,26,60,16,4404012
879000,26,61,16,2795443
879000,26,62,16,2194211
879000,26,63,16,-3573387
883000,27,0,2,-1962880
883000,27,1,2,565124
883000,27,2,2,1131904
883000,27,3,2,-1340212
885000,27,4,3,228225
885000,27,5,3,1742941
885000,27,6,3,-499157
885000,27,7,3,1800995
887000,27,8,4,1962173
887000,27,9,4,-2219336
887000,27,10,4,1381664
887000,27,11,4,-1423133
887000,27,12,4,-619464
887000,27,13,4,6867870
887000,27,14,4,-8332686
887000,27,15,4,-2967032
891000,27,16,6,2110187
891000,27,17,6,-1002262
891000,27,18,6,-13245117
891000,27,19,6,5593184
891000,27,20,6,-1671784
891000,27,21,6,-2358963
891000,27,22,6,-551944
891000,27,23,6,-1296964
893000,27,24,7,4978155
893000,27,25,7,4129654
893000,27,26,7,5355462
893000,27,27,7,1468448
893000,27,28,7,2483444
893000,27,29,7,-8827526
893000,27,30,7,-719208
893000,27,31,7,-4613674
897000,27,32,9,3112003
897000,27,33,9,3153088
897000,27,34,9,7385481
897000,27,35,9,-20381457
899000,27,36,10,-9542341
899000,27,37,10,-9544683
899000,27,38,10,-2443938
899000,27,39,10,-11697125
901000,27,40,11,-6407987
901000,27,41,11,-10764020
901000,27,42,11,4464163
901000,27,43,11,6069382
903000,27,44,12,4471780
903000,27,45,12,891928
903000,27,46,12,-6744232
903000,27,47,12,8006375
905000,27,48,13,1364318
905000,27,49,13,-2814222
905000,27,50,13,3090648
905000,27,51,13,1972081
907000,27,52,14,-13733300
907000,27,53,14,12283301
907000,27,54,14,174948
907000,27,55,14,2641601
909000,27,56,15,2286844
909000,27,57,15,-8241671
909000,27,58,15,-10562158
909000,27,59,15,-3234085
911000,27,60,16,2654368
911000,27,61,16,4880992
911000,27,62,16,-745898
911000,27,63,16,12790133
915000,28,0,2,2397824
915000,28,1,2,1863965
915000,28,2,2,-1167488
915000,28,3,2,-1551180
917000,28,4,3,-925601
917000,28,5,3,1183286
917000,28,6,3,-1344647
917000,28,7,3,-718842
919000,28,8,4,-1120465
919000,28,9,4,712697
919000,28,10,4,755374
919000,28,11,4,-827004
919000,28,12,4,-1468922
919000,28,13,4,-4042147
919000,28,14,4,-1593027
919000,28,15,4,-3878981
923000,28,16,6,-6187721
923000,28,17,6,2861490
923000,28,18,6,5673478
923000,28,19,6,-1588181
923000,28,20,6,1079412
923000,28,21,6,-2268501
923000,28,22,6,-1875207
923000,28,23,6,2602087
925000,28,24,7,2988487
925000,28,25,7,5097214
925000,28,26,7,641439
925000,28,27,7,-1875913
925000,28,28,7,-979238
925000,28,29,7,-4945152
925000,28,30,7,5559335
925000,28,31,7,-4336469
929000,28,32,9,3983589
929000,28,33,9,8286428
929000,28,34,9,-9064107
929000,28,35,9,-8809302
931000,28,36,10,-4653045
931000,28,37,10,-3673094
931000,28,38,10,-2662316
931000,28,39,10,-2323194
933000,28,40,11,10688408
933000,28,41,11,-3009724
933000,28,42,11,639112
933000,28,43,11,-18041493
935000,28,44,12,80610
935000,28,45,12,3348150
935000,28,46,12,13593261
935000,28,47,12,-1223111
937000,28,48,13,-3102427
937000,28,49,13,-4141586
937000,28,50,13,-9553083
937000,28,51,13,1730341
939000,28,52,14,-11402641
939000,28,53,14,-8886769
939000,28,54,14,-6308436
939000,28,55,14,-4182088
941000,28,56,15,-5007179
941000,28,57,15,-4706959
941000,28,58,15,1382007
941000,28,59,15,-18670
943000,28,60,16,-7836405
943000,28,61,16,-7078547
943000,28,62,16,674918
943000,28,63,16,1022444
947000,29,0,2,1121152
947000,29,1,2,-1590683
947000,29,2,2,234624
947000,29,3,2,-29711
949000,29,4,3,3702453
949000,29,5,3,672491
949000,29,6,3,704008
949000,29,7,3,3516876
951000,29,8,4,2316997
951000,29,9,4,-894454
951000,29,10,4,-794534
951000,29,11,4,-3971177
951000,29,12,4,8139184
951000,29,13,4,2701725
951000,29,14,4,1026611
951000,29,15,4,3822901
955000,29,16,6,1455068
955000,29,17,6,-6236299
955000,29,18,6,-4389965
955000,29,19,6,8030022
955000,29,20,6,-6343434
955000,29,21,6,-2022926
955000,29,22,6,-7329479
955000,29,23,6,9411389
957000,29,24,7,3392978
957000,29,25,7,1948486
957000,29,26,7,6434091
957000,29,27,7,1464053
957000,29,28,7,-3408221
957000,29,29,7,6697192
957000,29,30,7,790934
957000,29,31,7,276047
961000,29,32,9,-2964165
961000,29,33,9,-4131057
961000,29,34,9,-5322991
961000,29,35,9,7871764
963000,29,36,10,-10941546
963000,29,37,10,-9195515
963000,29,38,10,-710412
963000,29,39,10,-5280880
965000,29,40,11,-6106627
965000,29,41,11,5363532
965000,29,42,11,-1766092
965000,29,43,11,1768135
967000,29,44,12,7966215
967000,29,45,12,14146064
967000,29,46,12,-4843447
967000,29,47,12,-1631473
969000,29,48,13,-12121356
969000,29,49,13,5851882
969000,29,50,13,-4225702
969000,29,51,13,-2408315
971000,29,52,14,6873082
971000,29,53,14,2092235
971000,29,54,14,568038
971000,29,55,14,-11416590
973000,29,56,15,-174177
973000,29,57,15,-6584463
973000,29,58,15,10856164
973000,29,59,15,2629678
975000,29,60,16,-10692485
975000,29,61,16,2193511
975000,29,62,16,4459993
975000,29,63,16,-5206229
979000,30,0,2,597568
979000,30,1,2,-612190
979000,30,2,2,-2444480
979000,30,3,2,393315
981000,30,4,3,3972373
981000,30,5,3,2630214
981000,30,6,3,217782
981000,30,7,3,-5574159
983000,30,8,4,1527567
983000,30,9,4,-2306100
983000,30,10,4,-6320197
983000,30,11,4,-3532394
983000,30,12,4,3349534
983000,30,13,4,-2742486
983000,30,14,4,-22756
983000,30,15,4,-1502724
987000,30,16,6,3279787
987000,30,17,6,2350542
987000,30,18,6,-3981416
987000,30,19,6,1802748
987000,30,20,6,-600254
987000,30,21,6,3026598
987000,30,22,6,2142867
987000,30,23,6,6887748
989000,30,24,7,2187669
989000,30,25,7,8815140
989000,30,26,7,-9004879
989000,30,27,7,2076123
989000,30,28,7,-105441
989000,30,29,7,2445591
989000,30,30,7,-787321
989000,30,31,7,-6530822
993000,30,32,9,4222592
993000,30,33,9,-1635710
993000,30,34,9,-236272
993000,30,35,9,4397322
995000,30,36,10,-6308997
995000,30,37,10,4982501
995000,30,38,10,5101341
995000,30,39,10,-17085162
997000,30,40,11,-11392934
997000,30,41,11,-6236307
997000,30,42,11,-7305185
997000,30,43,11,4258358
999000,30,44,12,6289082
999000,30,45,12,2017569
999000,30,46,12,4716959
999000,30,47,12,-11002854
1001000,30,48,13,-1018420
1001000,30,49,13,-6595732
1001000,30,50,13,1701578
1001000,30,51,13,-1281003
1003000,30,52,14,1850607
1003000,30,53,14,-1679884
1003000,30,54,14,450008
1003000,30,55,14,12772500
1005000,30,56,15,-3200690
1005000,30,57,15,9185416
1005000,30,58,15,-10648222
1005000,30,59,15,3515041
1007000,30,60,16,-1039369
1007000,30,61,16,7671817
1007000,30,62,16,-9434185
1007000,30,63,16,-8448891
1011000,31,0,2,2296960
1011000,31,1,2,-1664334
1011000,31,2,2,837376
1011000,31,3,2,-1307058
1013000,31,4,3,2813462
1013000,31,5,3,-1144926
1013000,31,6,3,1961147
1013000,31,7,3,-801681
1015000,31,8,4,2111500
1015000,31,9,4,-2905606
1015000,31,10,4,-2821618
1015000,31,11,4,-5931967
1015000,31,12,4,5447357
1015000,31,13,4,-6112275
1015000,31,14,4,169873
1015000,31,15,4,1892153
1019000,31,16,6,7303601
1019000,31,17,6,7321072
1019000,31,18,6,-5567246
1019000,31,19,6,-2788458
1019000,31,20,6,3990505
1019000,31,21,6,-2895943
1019000,31,22,6,-7826679
1019000,31,23,6,5131129
1021000,31,24,7,10664183
1021000,31,25,7,2634161
1021000,31,26,7,1174695
1021000,31,27,7,-3342998
1021000,31,28,7,-3226769
1021000,31,29,7,6093780
1021000,31,30,7,1219662
1021000,31,31,7,10724681
1025000,31,32,9,7858062
1025000,31,33,9,-6891109
1025000,31,34,9,-437881
1025000,31,35,9,1027236
1027000,31,36,10,-1034232
1027000,31,37,10,-907019
1027000,31,38,10,5680042
1027000,31,39,10,4302050
1029000,31,40,11,-8651614
1029000,31,41,11,1795657
1029000,31,42,11,1351508
1029000,31,43,11,5267906
1031000,31,44,12,7421881
1031000,31,45,12,-15502996
1031000,31,46,12,-2054410
1031000,31,47,12,2340239
1033000,31,48,13,-648378
1033000,31,49,13,6246512
1033000,31,50,13,13600150
1033000,31,51,13,-5722593
1035000,31,52,14,-22453
1035000,31,53,14,2882868
1035000,31,54,14,-17143035
1035000,31,55,14,1987115
1037000,31,56,15,-5821742
1037000,31,57,15,1533984
1037000,31,58,15,1483659
1037000,31,59,15,2913249
1039000,31,60,16,3061857
1039000,31,61,16,-2830799
1039000,31,62,16,2756019
1039000,31,63,16,6266007
1043000,32,0,2,1127488
1043000,32,1,2,-2319305
1043000,32,2,2,1062208
1043000,32,3,2,1777035
1045000,32,4,3,2838750
1045000,32,5,3,-755413
1045000,32,6,3,-460269
1045000,32,7,3,-1893630
1047000,32,8,4,-4117326
1047000,32,9,4,-2988834
1047000,32,10,4,-4458028
1047000,32,11,4,2568744
1047000,32,12,4,-6401403
1047000,32,13,4,219159
1047000,32,14,4,6292311
1047000,32,15,4,1406139
1051000,32,16,6,5947919
1051000,32,17,6,-3818472
1051000,32,18,6,-4842099
1051000,32,19,6,-5166689
1051000,32,20,6,4833860
1051000,32,21,6,4594706
1051000,32,22,6,-651688
1051000,32,23,6,-3500279
1053000,32,24,7,-193613
1053000,32,25,7,-10197539
1053000,32,26,7,2905718
1053000,32,27,7,-7432386
1053000,32,28,7,-1035419
1053000,32,29,7,6712465
1053000,32,30,7,1885989
1053000,32,31,7,-3492111
1057000,32,32,9,2274805
1057000,32,33,9,14749629
1057000,32,34,9,3269128
1057000,32,35,9,-2532292
1059000,32,36,10,-7407323
1059000,32,37,10,-15869891
1059000,32,38,10,671948
1059000,32,39,10,-8717969
1061000,32,40,11,11105188
1061000,32,41,11,-1046652
1061000,32,42,11,-2628963
1061000,32,43,11,-2707674
1063000,32,44,12,-5040022
1063000,32,45,12,-4208188
1063000,32,46,12,3255098
1063000,32,47,12,5908962
1065000,32,48,13,-8589902
1065000,32,49,13,4418025
1065000,32,50,13,-188123
1065000,32,51,13,-1357075
1067000,32,52,14,-6076311
1067000,32,53,14,3619572
1067000,32,54,14,12430301
1067000,32,55,14,-17747811
1069000,32,56,15,-1587695
1069000,32,57,15,4229806
1069000,32,58,15,-225873
1069000,32,59,15,-5788168
1071000,32,60,16,-1753506
1071000,32,61,16,-4979293
1071000,32,62,16,6158397
1071000,32,63,16,13153261
1075000,33,0,2,-233536
1075000,33,1,2,-630115
1075000,33,2,2,572352
1075000,33,3,2,311185
1077000,33,4,3,2523859
1077000,33,5,3,-3510394
1077000,33,6,3,-628432
1077000,33,7,3,-1231737
1079000,33,8,4,-1953028
1079000,33,9,4,-3373366
1079000,33,10,4,-2675536
1079000,33,11,4,-6286562
1079000,33,12,4,7304148
1079000,33,13,4,657235
1079000,33,14,4,1027275
1079000,33,15,4,3153529
1083000,33,16,6,-10193205
1083000,33,17,6,-1951123
1083000,33,18,6,6309326
1083000,33,19,6,-2261890
1083000,33,20,6,719723
1083000,33,21,6,5400627
1083000,33,22,6,-1308271
1083000,33,23,6,10486444
1085000,33,24,7,-5247354
1085000,33,25,7,6046792
1085000,33,26,7,83671
1085000,33,27,7,6551651
1085000,33,28,7,4952882
1085000,33,29,7,-8811418
1085000,33,30,7,-2282964
1085000,33,31,7,3220545
1089000,33,32,9,-14715985
1089000,33,33,9,460773
1089000,33,34,9,13154135
1089000,33,35,9,7094479
1091000,33,36,10,-4805346
1091000,33,37,10,750558
1091000,33,38,10,855141
1091000,33,39,10,5345364
1093000,33,40,11,-2841551
1093000,33,41,11,-1311636
1093000,33,42,11,-8701536
1093000,33,43,11,-4654936
1095000,33,44,12,1081330
1095000,33,45,12,-11822510
1095000,33,46,12,9165510
1095000,33,47,12,-5376432
1097000,33,48,13,4318927
1097000,33,49,13,-12125793
1097000,33,50,13,3904421
1097000,33,51,13,-14285224
1099000,33,52,14,-7122186
1099000,33,53,14,5374193
1099000,33,54,14,-586493
1099000,33,55,14,-646905
1101000,33,56,15,-3716016
1101000,33,57,15,-1942614
1101000,33,58,15,-3040428
1101000,33,59,15,-11147027
1103000,33,60,16,-3490136
1103000,33,61,16,2666359
1103000,33,62,16,-6338091
1103000,33,63,16,-5414636
1107000,34,0,2,1676544
1107000,34,1,2,-780631
1107000,34,2,2,1927808
1107000,34,3,2,2761753
1109000,34,4,3,-984079
1109000,34,5,3,1369533
1109000,34,6,3,22554
1109000,34,7,3,-3467928
1111000,34,8,4,-2447567
1111000,34,9,4,1308344
1111000,34,10,4,1538123
1111000,34,11,4,-3912189
1111000,34,12,4,5114511
1111000,34,13,4,5023568
1111000,34,14,4,-320347
1111000,34,15,4,2306236
1115000,34,16,6,-1257720
1115000,34,17,6,-9095563
1115000,34,18,6,-302812
1115000,34,19,6,6213400
1115000,34,20,6,4091739
1115000,34,21,6,6427151
1115000,34,22,6,5977196
1115000,34,23,6,-2896794
1117000,34,24,7,1598806
1117000,34,25,7,7608863
1117000,34,26,7,189873
1117000,34,27,7,5861882
1117000,34,28,7,-5538177
1117000,34,29,7,4886204
1117000,34,30,7,2473642
1117000,34,31,7,-5367218
1121000,34,32,9,-13442944
1121000,34,33,9,1015824
1121000,34,34,9,4965303
1121000,34,35,9,4166377
1123000,34,36,10,9411316
1123000,34,37,10,4502068
1123000,34,38,10,1914461
1123000,34,39,10,586478
1125000,34,40,11,-4136392
1125000,34,41,11,-4348705
1125000,34,42,11,-823980
1125000,34,43,11,-1780449
1127000,34,44,12,-2686477
1127000,34,45,12,-1162627
1127000,34,46,12,9383923
1127000,34,47,12,-7400394
1129000,34,48,13,2631438
1129000,34,49,13,-2921052
1129000,34,50,13,-11651940
1129000,34,51,13,5245288
1131000,34,52,14,9426932
1131000,34,53,14,2662391
1131000,34,54,14,-874431
1131000,34,55,14,-8565261
1133000,34,56,15,11673961
1133000,34,57,15,5788201
1133000,34,58,15,1680031
1133000,34,59,15,3325820
1135000,34,60,16,4838929
1135000,34,61,16,2643005
1135000,34,62,16,-4623073
1135000,34,63,16,12741642
1139000,35,0,2,-1788736
1139000,35,1,2,1840466
1139000,35,2,2,44352
1139000,35,3,2,-25748
1141000,35,4,3,-1472769
1141000,35,5,3,-3079297
1141000,35,6,3,2945324
1141000,35,7,3,497522
1143000,35,8,4,-6817218
1143000,35,9,4,4146428
1143000,35,10,4,-4325752
1143000,35,11,4,-7562357
1143000,35,12,4,-463051
1143000,35,13,4,-334953
1143000,35,14,4,6568389
1143000,35,15,4,-728010
1147000,35,16,6,4969627
1147000,35,17,6,5720881
1147000,35,18,6,415832
1147000,35,19,6,4196960
1147000,35,20,6,-4333052
1147000,35,21,6,-5790158
1147000,35,22,6,2311921
1147000,35,23,6,3178157
1149000,35,24,7,800573
1149000,35,25,7,10349198
1149000,35,26,7,-2237066
1149000,35,27,7,3999147
1149000,35,28,7,-3071359
1149000,35,29,7,-365948
1149000,35,30,7,3166422
1149000,35,31,7,1674679
1153000,35,32,9,4320364
1153000,35,33,9,-3001468
1153000,35,34,9,7888179
1153000,35,35,9,8481085
1155000,35,36,10,4799158
1155000,35,37,10,6483129
1155000,35,38,10,6561107
1155000,35,39,10,9608192
1157000,35,40,11,3187593
1157000,35,41,11,557549
1157000,35,42,11,-7091305
1157000,35,43,11,4549456
1159000,35,44,12,15605577
1159000,35,45,12,4575178
1159000,35,46,12,-8604559
1159000,35,47,12,-14805274
1161000,35,48,13,-1214053
1161000,35,49,13,-2948426
1161000,35,50,13,-2990344
1161000,35,51,13,12700886
1163000,35,52,14,-8800078
1163000,35,53,14,-395236
1163000,35,54,14,5887035
1163000,35,55,14,-10661639
1165000,35,56,15,-4477663
1165000,35,57,15,12429191
1165000,35,58,15,7004742
1165000,35,59,15,-1445132
1167000,35,60,16,5927664
1167000,35,61,16,-2049321
1167000,35,62,16,9908713
1167000,35,63,16,-1548136
1171000,36,0,2,-3571968
1171000,36,1,2,2794153
1171000,36,2,2,-50560
1171000,36,3,2,-1217544
1173000,36,4,3,-1482240
1173000,36,5,3,-1956809
1173000,36,6,3,2330763
1173000,36,7,3,-2247830
1175000,36,8,4,-4582695
1175000,36,9,4,-379765
1175000,36,10,4,4455008
1175000,36,11,4,2584397
1175000,36,12,4,-2303308
1175000,36,13,4,1859984
1175000,36,14,4,-3846685
1175000,36,15,4,465253
1179000,36,16,6,6130468
1179000,36,17,6,4563666
1179000,36,18,6,9969383
1179000,36,19,6,1697556
1179000,36,20,6,-3692422
1179000,36,21,6,1306877
1179000,36,22,6,-857001
1179000,36,23,6,3289212
1181000,36,24,7,-3636696
1181000,36,25,7,840016
1181000,36,26,7,-978010
1181000,36,27,7,-8042086
1181000,36,28,7,3299382
1181000,36,29,7,1579090
1181000,36,30,7,9015949
1181000,36,31,7,-6387178
1185000,36,32,9,14280848
1185000,36,33,9,5261814
1185000,36,34,9,-335759
1185000,36,35,9,-2114371
1187000,36,36,10,-12880173
1187000,36,37,10,1643765
1187000,36,38,10,-127917
1187000,36,39,10,-2329214
1189000,36,40,11,1057895
1189000,36,41,11,2826706
1189000,36,42,11,-2339320
1189000,36,43,11,-2125408
1191000,36,44,12,-6163327
1191000,36,45,12,-771941
1191000,36,46,12,1662906
1191000,36,47,12,-8441872
1193000,36,48,13,-760561
1193000,36,49,13,7656671
1193000,36,50,13,-5829262
1193000,36,51,13,7780611
1195000,36,52,14,-5105641
1195000,36,53,14,-1456850
1195000,36,54,14,13351284
1195000,36,55,14,2638681
1197000,36,56,15,3277013
1197000,36,57,15,-2986314
1197000,36,58,15,-5207387
1197000,36,59,15,-5851663
1199000,36,60,16,1175007
1199000,36,61,16,6686933
1199000,36,62,16,-4735282
1199000,36,63,16,-10393965
1203000,37,0,2,949312
1203000,37,1,2,106714
1203000,37,2,2,-3128512
1203000,37,3,2,-2755647
1205000,37,4,3,-947132
1205000,37,5,3,142484
1205000,37,6,3,411002
1205000,37,7,3,2917116
1207000,37,8,4,2435679
1207000,37,9,4,1219716
1207000,37,10,4,2324330
1207000,37,11,4,837013
1207000,37,12,4,-294762
1207000,37,13,4,-5530126
1207000,37,14,4,-2937802
1207000,37,15,4,4473329
1211000,37,16,6,-3985651
1211000,37,17,6,537134
1211000,37,18,6,87719
1211000,37,19,6,-5894352
1211000,37,20,6,-7581775
1211000,37,21,6,-6706645
1211000,37,22,6,2819017
1211000,37,23,6,-4855658
1213000,37,24,7,2297738
1213000,37,25,7,3200909
1213000,37,26,7,12477381
1213000,37,27,7,-7301132
1213000,37,28,7,1503941
1213000,37,29,7,1494315
1213000,37,30,7,-2489496
1213000,37,31,7,394457
1217000,37,32,9,-8419462
1217000,37,33,9,-2864630
1217000,37,34,9,-5683231
1217000,37,35,9,9140740
1219000,37,36,10,1815185
1219000,37,37,10,3823737
1219000,37,38,10,-1162485
1219000,37,39,10,13184415
1221000,37,40,11,4382343
1221000,37,41,11,5315128
1221000,37,42,11,11356744
1221000,37,43,11,200579
1223000,37,44,12,-7091337
1223000,37,45,12,2850017
1223000,37,46,12,2359557
1223000,37,47,12,11676104
1225000,37,48,13,344030
1225000,37,49,13,12324963
1225000,37,50,13,4105608
1225000,37,51,13,-2908843
1227000,37,52,14,-9760386
1227000,37,53,14,5801901
1227000,37,54,14,-1002217
1227000,37,55,14,-1847715
1229000,37,56,15,2920710
1229000,37,57,15,1830223
1229000,37,58,15,541941
1229000,37,59,15,22882323
1231000,37,60,16,-2613535
1231000,37,61,16,-7875071
1231000,37,62,16,3792354
1231000,37,63,16,-3507779
1235000,38,0,2,-1687744
1235000,38,1,2,-1306457
1235000,38,2,2,-603968
1235000,38,3,2,754186
1237000,38,4,3,2264941
1237000,38,5,3,3272436
1237000,38,6,3,2426423
1237000,38,7,3,-1886998
1239000,38,8,4,-4413994
1239000,38,9,4,3296658
1239000,38,10,4,2140327
1239000,38,11,4,-896047
1239000,38,12,4,108865
1239000,38,13,4,-7544827
1239000,38,14,4,213380
1239000,38,15,4,-3518977
1243000,38,16,6,-565296
1243000,38,17,6,301992
1243000,38,18,6,7287412
1243000,38,19,6,2268762
1243000,38,20,6,290534
1243000,38,21,6,10347740
1243000,38,22,6,4307633
1243000,38,23,6,2475153
1245000,38,24,7,-4264109
1245000,38,25,7,4609151
1245000,38,26,7,-2169782
1245000,38,27,7,-844726
1245000,38,28,7,3092582
1245000,38,29,7,521190
1245000,38,30,7,6438880
1245000,38,31,7,-6277420
1249000,38,32,9,3629939
1249000,38,33,9,3579660
1249000,38,34,9,7739834
1249000,38,35,9,-3683619
1251000,38,36,10,-18143149
1251000,38,37,10,1896815
1251000,38,38,10,4656045
1251000,38,39,10,5187921
1253000,38,40,11,-6284264
1253000,38,41,11,-7021408
1253000,38,42,11,-14654861
1253000,38,43,11,-3268136
1255000,38,44,12,-4765368
1255000,38,45,12,3618562
1255000,38,46,12,-13809469
1255000,38,47,12,9556458
1257000,38,48,13,8648451
1257000,38,49,13,525633
1257000,38,50,13,10293017
1257000,38,51,13,-442257
1259000,38,52,14,2260269
1259000,38,53,14,-384005
1259000,38,54,14,-6068882
1259000,38,55,14,2430167
1261000,38,56,15,3088269
1261000,38,57,15,6457154
1261000,38,58,15,400789
1261000,38,59,15,-1631301
1263000,38,60,16,-1517248
1263000,38,61,16,13445092
1263000,38,62,16,3368785
1263000,38,63,16,-10552700
1267000,39,0,2,3235264
1267000,39,1,2,-3747039
1267000,39,2,2,30528
1267000,39,3,2,1431432
1269000,39,4,3,703097
1269000,39,5,3,980515
1269000,39,6,3,-3049060
1269000,39,7,3,-3400516
1271000,39,8,4,-646995
1271000,39,9,4,-3346252
1271000,39,10,4,-1656431
1271000,39,11,4,3909616
1271000,39,12,4,-2053893
1271000,39,13,4,87324
1271000,39,14,4,-6586940
1271000,39,15,4,-3780184
1275000,39,16,6,2692325
1275000,39,17,6,-35996
1275000,39,18,6,-15804538
1275000,39,19,6,-5057800
1275000,39,20,6,-2513042
1275000,39,21,6,-2898666
1275000,39,22,6,-1023929
1275000,39,23,6,-864856
1277000,39,24,7,852729
1277000,39,25,7,937254
1277000,39,26,7,3597000
1277000,39,27,7,-4849676
1277000,39,28,7,5372512
1277000,39,29,7,1843040
1277000,39,30,7,-396007
1277000,39,31,7,-7316852
1281000,39,32,9,4406015
1281000,39,33,9,-6476118
1281000,39,34,9,765036
1281000,39,35,9,-3546913
1283000,39,36,10,3581514
1283000,39,37,10,-630227
1283000,39,38,10,-1316670
1283000,39,39,10,1799878
1285000,39,40,11,3767298
1285000,39,41,11,13528467
1285000,39,42,11,1080891
1285000,39,43,11,17732591
1287000,39,44,12,-10235116
1287000,39,45,12,10462932
1287000,39,46,12,6086605
1287000,39,47,12,-14952709
1289000,39,48,13,-14185864
1289000,39,49,13,3693789
1289000,39,50,13,-5074304
1289000,39,51,13,2621528
1291000,39,52,14,-159526
1291000,39,53,14,9019631
1291000,39,54,14,-8511660
1291000,39,55,14,-253869
1293000,39,56,15,-1168250
1293000,39,57,15,-3680619
1293000,39,58,15,1147760
1293000,39,59,15,2063185
1295000,39,60,16,-4179916
1295000,39,61,16,-2111975
1295000,39,62,16,4490794
1295000,39,63,16,-453825
1299000,40,0,2,-1806592
1299000,40,1,2,475716
1299000,40,2,2,284288
1299000,40,3,2,283747
1301000,40,4,3,-3915479
1301000,40,5,3,-3582155
1301000,40,6,3,400435
1301000,40,7,3,3806687
1303000,40,8,4,-4771998
1303000,40,9,4,-1457173
1303000,40,10,4,-1993037
1303000,40,11,4,709047
1303000,40,12,4,1084877
1303000,40,13,4,-4201898
1303000,40,14,4,3706766
1303000,40,15,4,3013860
1307000,40,16,6,7900849
1307000,40,17,6,2232197
1307000,40,18,6,809725
1307000,40,19,6,4715270
1307000,40,20,6,1299435
1307000,40,21,6,5511228
1307000,40,22,6,-6881846
1307000,40,23,6,9021802
1309000,40,24,7,92769
1309000,40,25,7,-2845780
1309000,40,26,7,-2884944
1309000,40,27,7,5225908
1309000,40,28,7,377279
1309000,40,29,7,3364251
1309000,40,30,7,-3725585
1309000,40,31,7,-5048096
1313000,40,32,9,-4365346
1313000,40,33,9,-4030578
1313000,40,34,9,-6345740
1313000,40,35,9,8037145
1315000,40,36,10,2471124
1315000,40,37,10,15901852
1315000,40,38,10,-164824
1315000,40,39,10,2450387
1317000,40,40,11,-7506712
1317000,40,41,11,8269291
1317000,40,42,11,2251157
1317000,40,43,11,11306041
1319000,40,44,12,8784448
1319000,40,45,12,-2263677
1319000,40,46,12,1148642
1319000,40,47,12,14289402
1321000,40,48,13,-1746431
1321000,40,49,13,1363547
1321000,40,50,13,1819777
1321000,40,51,13,-7412471
1323000,40,52,14,5334588
1323000,40,53,14,-10899700
1323000,40,54,14,-15437368
1323000,40,55,14,8803899
1325000,40,56,15,2639669
1325000,40,57,15,-7656276
1325000,40,58,15,-3628322
1325000,40,59,15,1274366
1327000,40,60,16,9721870
1327000,40,61,16,1119451
1327000,40,62,16,8665302
1327000,40,63,16,7160514
1331000,41,0,2,-1357696
1331000,41,1,2,-2544367
1331000,41,2,2,2074752
1331000,41,3,2,89161
1333000,41,4,3,-1726785
1333000,41,5,3,229194
1333000,41,6,3,773717
1333000,41,7,3,4453580
1335000,41,8,4,179457
1335000,41,9,4,-2869413
1335000,41,10,4,-661248
1335000,41,11,4,4775427
1335000,41,12,4,-8277697
1335000,41,13,4,-1531388
1335000,41,14,4,-229909
1335000,41,15,4,1978205
1339000,41,16,6,5719530
1339000,41,17,6,5990267
1339000,41,18,6,-8983818
1339000,41,19,6,4208511
1339000,41,20,6,6103807
1339000,41,21,6,4602884
1339000,41,22,6,-5595067
1339000,41,23,6,3448339
1341000,41,24,7,-6090143
1341000,41,25,7,361420
1341000,41,26,7,7844461
1341000,41,27,7,5094421
1341000,41,28,7,6164793
1341000,41,29,7,405765
1341000,41,30,7,2129284
1341000,41,31,7,2710692
1345000,41,32,9,15083540
1345000,41,33,9,-3823929
1345000,41,34,9,110243
1345000,41,35,9,-13711077
1347000,41,36,10,-6966881
1347000,41,37,10,4094241
1347000,41,38,10,-4196124
1347000,41,39,10,-4626927
1349000,41,40,11,2480263
1349000,41,41,11,-9585612
1349000,41,42,11,9106781
1349000,41,43,11,1854184
1351000,41,44,12,7461054
1351000,41,45,12,1129949
1351000,41,46,12,-5432846
1351000,41,47,12,-4424891
1353000,41,48,13,134870
1353000,41,49,13,-1453453
1353000,41,50,13,-7052662
1353000,41,51,13,7707097
1355000,41,52,14,3294282
1355000,41,53,14,1289597
1355000,41,54,14,8282709
1355000,41,55,14,5636709
1357000,41,56,15,-2867583
1357000,41,57,15,9673108
1357000,41,58,15,7837568
1357000,41,59,15,10735208
1359000,41,60,16,-1586010
1359000,41,61,16,6470586
1359000,41,62,16,12727971
1359000,41,63,16,5371160
1363000,42,0,2,686400
1363000,42,1,2,1389855
1363000,42,2,2,-2223168
1363000,42,3,2,-1600810
1365000,42,4,3,1404379
1365000,42,5,3,2575563
1365000,42,6,3,957909
1365000,42,7,3,-294187
1367000,42,8,4,590051
1367000,42,9,4,1333334
1367000,42,10,4,963550
1367000,42,11,4,1514236
1367000,42,12,4,3082996
1367000,42,13,4,-220997
1367000,42,14,4,6107759
1367000,42,15,4,840136
1371000,42,16,6,-7414461
1371000,42,17,6,3595254
1371000,42,18,6,2139247
1371000,42,19,6,7455082
1371000,42,20,6,3558788
1371000,42,21,6,6047603
1371000,42,22,6,-7143772
1371000,42,23,6,4097419
1373000,42,24,7,-2141170
1373000,42,25,7,4515989
1373000,42,26,7,527695
1373000,42,27,7,-5362508
1373000,42,28,7,927788
1373000,42,29,7,17347
1373000,42,30,7,-2567893
1373000,42,31,7,28314
1377000,42,32,9,-4618577
1377000,42,33,9,-3278599
1377000,42,34,9,-4321059
1377000,42,35,9,2293762
1379000,42,36,10,12194169
1379000,42,37,10,-7247175
1379000,42,38,10,-8048267
1379000,42,39,10,-3560967
1381000,42,40,11,-7796911
1381000,42,41,11,15752371
1381000,42,42,11,-6539525
1381000,42,43,11,954118
1383000,42,44,12,7157625
1383000,42,45,12,2243549
1383000,42,46,12,10839473
1383000,42,47,12,2496644
1385000,42,48,13,3711904
1385000,42,49,13,13561764
1385000,42,50,13,-339332
1385000,42,51,13,-2354586
1387000,42,52,14,4229865
1387000,42,53,14,-3555938
1387000,42,54,14,-4424347
1387000,42,55,14,910054
1389000,42,56,15,3731528
1389000,42,57,15,-3417285
1389000,42,58,15,-3499068
1389000,42,59,15,5162531
1391000,42,60,16,3129847
1391000,42,61,16,10487415
1391000,42,62,16,-1732688
1391000,42,63,16,-6427073
1395000,43,0,2,1610048
1395000,43,1,2,1054116
1395000,43,2,2,1852480
1395000,43,3,2,3462877
1397000,43,4,3,451895
1397000,43,5,3,-1592232
1397000,43,6,3,-1611156
1397000,43,7,3,2424415
1399000,43,8,4,395887
1399000,43,9,4,2417768
1399000,43,10,4,-4295013
1399000,43,11,4,-5903633
1399000,43,12,4,3679313
1399000,43,13,4,-158258
1399000,43,14,4,-2317318
1399000,43,15,4,-3024499
1403000,43,16,6,632796
1403000,43,17,6,-1404160
1403000,43,18,6,-279471
1403000,43,19,6,2429207
1403000,43,20,6,-241733
1403000,43,21,6,-12045804
1403000,43,22,6,3631479
1403000,43,23,6,-5866408
1405000,43,24,7,3129738
1405000,43,25,7,-3782499
1405000,43,26,7,-1560801
1405000,43,27,7,7787199
1405000,43,28,7,10743217
1405000,43,29,7,-3011936
1405000,43,30,7,-1230292
1405000,43,31,7,2972898
1409000,43,32,9,-1951159
1409000,43,33,9,1540621
1409000,43,34,9,9464130
1409000,43,35,9,1161765
1411000,43,36,10,-8613752
1411000,43,37,10,1010408
1411000,43,38,10,-7299077
1411000,43,39,10,-14573522
1413000,43,40,11,-11049442
1413000,43,41,11,3789082
1413000,43,42,11,2637616
1413000,43,43,11,4654331
1415000,43,44,12,-13628092
1415000,43,45,12,5969819
1415000,43,46,12,-3246800
1415000,43,47,12,4655142
1417000,43,48,13,3279600
1417000,43,49,13,5360785
1417000,43,50,13,2034643
1417000,43,51,13,-4957980
1419000,43,52,14,-503678
1419000,43,53,14,6627984
1419000,43,54,14,-14064431
1419000,43,55,14,3114945
1421000,43,56,15,4140148
1421000,43,57,15,4901204
1421000,43,58,15,4369083
1421000,43,59,15,6058867
1423000,43,60,16,-8514981
1423000,43,61,16,-6511635
1423000,43,62,16,10607099
1423000,43,63,16,-1652469
1427000,44,0,2,838720
1427000,44,1,2,-374416
1427000,44,2,2,-3334976
1427000,44,3,2,-726472
1429000,44,4,3,103331
1429000,44,5,3,552696
1429000,44,6,3,-2862337
1429000,44,7,3,274092
1431000,44,8,4,-3896002
1431000,44,9,4,-4728445
1431000,44,10,4,-2993504
1431000,44,11,4,-5687328
1431000,44,12,4,1160160
1431000,44,13,4,6686794
1431000,44,14,4,-1415857
1431000,44,15,4,1644789
1435000,44,16,6,-2556149
1435000,44,17,6,-4314200
1435000,44,18,6,-3528932
1435000,44,19,6,1411203
1435000,44,20,6,-9555027
1435000,44,21,6,5322
1435000,44,22,6,1776307
1435000,44,23,6,2421165
1437000,44,24,7,-94749
1437000,44,25,7,-5409292
1437000,44,26,7,10454923
1437000,44,27,7,-3623641
1437000,44,28,7,71919
1437000,44,29,7,-8417309
1437000,44,30,7,-5346449
1437000,44,31,7,-7194595
1441000,44,32,9,4151311
1441000,44,33,9,2246874
1441000,44,34,9,-5913719
1441000,44,35,9,-6919965
1443000,44,36,10,16048740
1443000,44,37,10,7564751
1443000,44,38,10,-11192824
1443000,44,39,10,-225608
1445000,44,40,11,3279292
1445000,44,41,11,-6613846
1445000,44,42,11,-2700824
1445000,44,43,11,13496788
1447000,44,44,12,-2993956
1447000,44,45,12,1838396
1447000,44,46,12,-1346267
1447000,44,47,12,-6979270
1449000,44,48,13,11222471
1449000,44,49,13,3099098
1449000,44,50,13,-1155900
1449000,44,51,13,-1955301
1451000,44,52,14,-2636184
1451000,44,53,14,-5126097
1451000,44,54,14,5488176
1451000,44,55,14,-7544392
1453000,44,56,15,6555764
1453000,44,57,15,5643869
1453000,44,58,15,-234679
1453000,44,59,15,-6532122
1455000,44,60,16,-4610637
1455000,44,61,16,-8468338
1455000,44,62,16,5304627
1455000,44,63,16,-8415061
1459000,45,0,2,2542144
1459000,45,1,2,-1701510
1459000,45,2,2,1601984
1459000,45,3,2,-2893815
1461000,45,4,3,23594
1461000,45,5,3,-307277
1461000,45,6,3,-1620966
1461000,45,7,3,-4258247
1463000,45,8,4,3059487
1463000,45,9,4,734714
1463000,45,10,4,-3885471
1463000,45,11,4,1424790
1463000,45,12,4,2619362
1463000,45,13,4,-3425010
1463000,45,14,4,-787535
1463000,45,15,4,-3370777
1467000,45,16,6,-9519533
1467000,45,17,6,1670678
1467000,45,18,6,3087627
1467000,45,19,6,625394
1467000,45,20,6,6380164
1467000,45,21,6,6586046
1467000,45,22,6,6287907
1467000,45,23,6,-1876904
1469000,45,24,7,2837396
1469000,45,25,7,-1704044
1469000,45,26,7,10486619
1469000,45,27,7,-8047292
1469000,45,28,7,-2240126
1469000,45,29,7,2661982
1469000,45,30,7,2223243
1469000,45,31,7,3729027
1473000,45,32,9,5811766
1473000,45,33,9,-6449734
1473000,45,34,9,2137023
1473000,45,35,9,-10303006
1475000,45,36,10,17610703
1475000,45,37,10,-1730593
1475000,45,38,10,-664186
1475000,45,39,10,3618344
1477000,45,40,11,6704500
1477000,45,41,11,-1922557
1477000,45,42,11,5306865
1477000,45,43,11,-13991839
1479000,45,44,12,-29348
1479000,45,45,12,13993669
1479000,45,46,12,-3544596
1479000,45,47,12,7085814
1481000,45,48,13,7904497
1481000,45,49,13,-5356311
1481000,45,50,13,3436691
1481000,45,51,13,-8852189
1483000,45,52,14,-5866612
1483000,45,53,14,3399383
1483000,45,54,14,124830
1483000,45,55,14,-4203067
1485000,45,56,15,-783310
1485000,45,57,15,204388
1485000,45,58,15,2571175
1485000,45,59,15,8599343
1487000,45,60,16,10102778
1487000,45,61,16,5502160
1487000,45,62,16,-9130417
1487000,45,63,16,-9771951
1491000,46,0,2,-1351680
1491000,46,1,2,1815852
1491000,46,2,2,-2164096
1491000,46,3,2,-2012066
1493000,46,4,3,-2159516
1493000,46,5,3,1362006
1493000,46,6,3,-6218282
1493000,46,7,3,-2338712
1495000,46,8,4,1064929
1495000,46,9,4,-126153
1495000,46,10,4,1793445
1495000,46,11,4,-888966
1495000,46,12,4,-4010414
1495000,46,13,4,-160048
1495000,46,14,4,-8269293
1495000,46,15,4,406561
1499000,46,16,6,-6541935
1499000,46,17,6,-4133801
1499000,46,18,6,-833478
1499000,46,19,6,-1507974
1499000,46,20,6,2121274
1499000,46,21,6,-422478
1499000,46,22,6,17600
1499000,46,23,6,-1408493
1501000,46,24,7,-4534377
1501000,46,25,7,346547
1501000,46,26,7,7772770
1501000,46,27,7,-432713
1501000,46,28,7,612777
1501000,46,29,7,-2754516
1501000,46,30,7,5979142
1501000,46,31,7,7654791
1505000,46,32,9,6781821
1505000,46,33,9,-5739250
1505000,46,34,9,-6572132
1505000,46,35,9,5586936
1507000,46,36,10,3858543
1507000,46,37,10,-10193442
1507000,46,38,10,-7928352
1507000,46,39,10,-8450129
1509000,46,40,11,-9373237
1509000,46,41,11,9634307
1509000,46,42,11,-7553983
1509000,46,43,11,22705593
1511000,46,44,12,-2000224
1511000,46,45,12,-2866014
1511000,46,46,12,-1082838
1511000,46,47,12,-5352236
1513000,46,48,13,378070
1513000,46,49,13,-2302033
1513000,46,50,13,-6609212
1513000,46,51,13,-7759851
1515000,46,52,14,-2544674
1515000,46,53,14,-7536054
1515000,46,54,14,8061141
1515000,46,55,14,-2389039
1517000,46,56,15,-3521265
1517000,46,57,15,888424
1517000,46,58,15,-5196954
1517000,46,59,15,-3104195
1519000,46,60,16,4461772
1519000,46,61,16,3092608
1519000,46,62,16,-3851055
1519000,46,63,16,7370933
1523000,47,0,2,3720384
1523000,47,1,2,1771979
1523000,47,2,2,-141248
1523000,47,3,2,1256908
1525000,47,4,3,1697308
1525000,47,5,3,1152976
1525000,47,6,3,4143393
1525000,47,7,3,3013001
1527000,47,8,4,-3796376
1527000,47,9,4,-4361354
1527000,47,10,4,-288059
1527000,47,11,4,-6775232
1527000,47,12,4,865675
1527000,47,13,4,3121752
1527000,47,14,4,354630
1527000,47,15,4,-2267259
1531000,47,16,6,207454
1531000,47,17,6,-1815697
1531000,47,18,6,-6355304
1531000,47,19,6,1359804
1531000,47,20,6,-4127392
1531000,47,21,6,-1633067
1531000,47,22,6,9320380
1531000,47,23,6,-2131516
1533000,47,24,7,3714114
1533000,47,25,7,3020854
1533000,47,26,7,4783290
1533000,47,27,7,2680949
1533000,47,28,7,-8620253
1533000,47,29,7,-3177963
1533000,47,30,7,-1551913
1533000,47,31,7,10959656
1537000,47,32,9,-802178
1537000,47,33,9,8062214
1537000,47,34,9,-4998629
1537000,47,35,9,774170
1539000,47,36,10,-2268910
1539000,47,37,10,2550815
1539000,47,38,10,-8076622
1539000,47,39,10,6764439
1541000,47,40,11,3571195
1541000,47,41,11,6908724
1541000,47,42,11,2144158
1541000,47,43,11,1564901
1543000,47,44,12,-4992650
1543000,47,45,12,2688275
1543000,47,46,12,-3023894
1543000,47,47,12,-7606111
1545000,47,48,13,-338371
1545000,47,49,13,11988388
1545000,47,50,13,9452182
1545000,47,51,13,1131066
1547000,47,52,14,2289541
1547000,47,53,14,-6827018
1547000,47,54,14,3789754
1547000,47,55,14,3143879
1549000,47,56,15,8970067
1549000,47,57,15,2853465
1549000,47,58,15,-6673141
1549000,47,59,15,5798374
1551000,47,60,16,-140609
1551000,47,61,16,-294444
1551000,47,62,16,9004882
1551000,47,63,16,7394469
1555000,48,0,2,-285504
1555000,48,1,2,-888191
1555000,48,2,2,965952
1555000,48,3,2,-3201767
1557000,48,4,3,1913441
1557000,48,5,3,1055757
1557000,48,6,3,3644146
1557000,48,7,3,1879082
1559000,48,8,4,2628852
1559000,48,9,4,1771307
1559000,48,10,4,2360179
1559000,48,11,4,3522465
1559000,48,12,4,2859857
1559000,48,13,4,13233
1559000,48,14,4,1973606
1559000,48,15,4,1324623
1563000,48,16,6,-1509983
1563000,48,17,6,-1076087
1563000,48,18,6,2296303
1563000,48,19,6,-4378740
1563000,48,20,6,-5338143
1563000,48,21,6,3404090
1563000,48,22,6,2925795
1563000,48,23,6,-9032977
1565000,48,24,7,-2808038
1565000,48,25,7,2325792
1565000,48,26,7,112594
1565000,48,27,7,9575381
1565000,48,28,7,-962206
1565000,48,29,7,1689077
1565000,48,30,7,973916
1565000,48,31,7,-2875860
1569000,48,32,9,-9146260
1569000,48,33,9,-1546086
1569000,48,34,9,10730161
1569000,48,35,9,-4455447
1571000,48,36,10,-8107003
1571000,48,37,10,-4401922
1571000,48,38,10,4705385
1571000,48,39,10,3069186
1573000,48,40,11,-6230280
1573000,48,41,11,-3529379
1573000,48,42,11,8266432
1573000,48,43,11,-2603430
1575000,48,44,12,2790574
1575000,48,45,12,-9639705
1575000,48,46,12,-5041816
1575000,48,47,12,-9270209
1577000,48,48,13,-9282727
1577000,48,49,13,61835
1577000,48,50,13,1238785
1577000,48,51,13,1365491
1579000,48,52,14,-5826686
1579000,48,53,14,-13924587
1579000,48,54,14,2492723
1579000,48,55,14,-5233787
1581000,48,56,15,288285
1581000,48,57,15,8422622
1581000,48,58,15,7485054
1581000,48,59,15,-21364982
1583000,48,60,16,-1601470
1583000,48,61,16,2214661
1583000,48,62,16,-7213883
1583000,48,63,16,16514529
