Port-level physical/clock property snapshot
PORT=clk
  DIRECTION=IN
  LOC=
  IOB=
  IOBDELAY=
  IS_CLOCK=
  CLOCK_DEDICATED_ROUTE=
  PACKAGE_PIN=
PORT=it_data_addr[0]
  DIRECTION=IN
  LOC=
  IOB=
  IOBDELAY=
  IS_CLOCK=
  CLOCK_DEDICATED_ROUTE=
  PACKAGE_PIN=
PORT=it_data_addr[10]
  DIRECTION=IN
  LOC=
  IOB=
  IOBDELAY=
  IS_CLOCK=
  CLOCK_DEDICATED_ROUTE=
  PACKAGE_PIN=
PORT=it_data_addr[11]
  DIRECTION=IN
  LOC=
  IOB=
  IOBDELAY=
  IS_CLOCK=
  CLOCK_DEDICATED_ROUTE=
  PACKAGE_PIN=
PORT=it_data_addr[1]
  DIRECTION=IN
  LOC=
  IOB=
  IOBDELAY=
  IS_CLOCK=
  CLOCK_DEDICATED_ROUTE=
  PACKAGE_PIN=
PORT=it_data_addr[2]
  DIRECTION=IN
  LOC=
  IOB=
  IOBDELAY=
  IS_CLOCK=
  CLOCK_DEDICATED_ROUTE=
  PACKAGE_PIN=
PORT=it_data_addr[3]
  DIRECTION=IN
  LOC=
  IOB=
  IOBDELAY=
  IS_CLOCK=
  CLOCK_DEDICATED_ROUTE=
  PACKAGE_PIN=
PORT=it_data_addr[4]
  DIRECTION=IN
  LOC=
  IOB=
  IOBDELAY=
  IS_CLOCK=
  CLOCK_DEDICATED_ROUTE=
  PACKAGE_PIN=
PORT=it_data_addr[5]
  DIRECTION=IN
  LOC=
  IOB=
  IOBDELAY=
  IS_CLOCK=
  CLOCK_DEDICATED_ROUTE=
  PACKAGE_PIN=
PORT=it_data_addr[6]
  DIRECTION=IN
  LOC=
  IOB=
  IOBDELAY=
  IS_CLOCK=
  CLOCK_DEDICATED_ROUTE=
  PACKAGE_PIN=
PORT=it_data_addr[7]
  DIRECTION=IN
  LOC=
  IOB=
  IOBDELAY=
  IS_CLOCK=
  CLOCK_DEDICATED_ROUTE=
  PACKAGE_PIN=
PORT=it_data_addr[8]
  DIRECTION=IN
  LOC=
  IOB=
  IOBDELAY=
  IS_CLOCK=
  CLOCK_DEDICATED_ROUTE=
  PACKAGE_PIN=
PORT=it_data_addr[9]
  DIRECTION=IN
  LOC=
  IOB=
  IOBDELAY=
  IS_CLOCK=
  CLOCK_DEDICATED_ROUTE=
  PACKAGE_PIN=
PORT=it_data_end
  DIRECTION=IN
  LOC=
  IOB=
  IOBDELAY=
  IS_CLOCK=
  CLOCK_DEDICATED_ROUTE=
  PACKAGE_PIN=
PORT=it_data_in[0]
  DIRECTION=IN
  LOC=
  IOB=
  IOBDELAY=
  IS_CLOCK=
  CLOCK_DEDICATED_ROUTE=
  PACKAGE_PIN=
PORT=it_data_in[10]
  DIRECTION=IN
  LOC=
  IOB=
  IOBDELAY=
  IS_CLOCK=
  CLOCK_DEDICATED_ROUTE=
  PACKAGE_PIN=
PORT=it_data_in[11]
  DIRECTION=IN
  LOC=
  IOB=
  IOBDELAY=
  IS_CLOCK=
  CLOCK_DEDICATED_ROUTE=
  PACKAGE_PIN=
PORT=it_data_in[12]
  DIRECTION=IN
  LOC=
  IOB=
  IOBDELAY=
  IS_CLOCK=
  CLOCK_DEDICATED_ROUTE=
  PACKAGE_PIN=
PORT=it_data_in[13]
  DIRECTION=IN
  LOC=
  IOB=
  IOBDELAY=
  IS_CLOCK=
  CLOCK_DEDICATED_ROUTE=
  PACKAGE_PIN=
PORT=it_data_in[14]
  DIRECTION=IN
  LOC=
  IOB=
  IOBDELAY=
  IS_CLOCK=
  CLOCK_DEDICATED_ROUTE=
  PACKAGE_PIN=
PORT=it_data_in[15]
  DIRECTION=IN
  LOC=
  IOB=
  IOBDELAY=
  IS_CLOCK=
  CLOCK_DEDICATED_ROUTE=
  PACKAGE_PIN=
PORT=it_data_in[1]
  DIRECTION=IN
  LOC=
  IOB=
  IOBDELAY=
  IS_CLOCK=
  CLOCK_DEDICATED_ROUTE=
  PACKAGE_PIN=
PORT=it_data_in[2]
  DIRECTION=IN
  LOC=
  IOB=
  IOBDELAY=
  IS_CLOCK=
  CLOCK_DEDICATED_ROUTE=
  PACKAGE_PIN=
PORT=it_data_in[3]
  DIRECTION=IN
  LOC=
  IOB=
  IOBDELAY=
  IS_CLOCK=
  CLOCK_DEDICATED_ROUTE=
  PACKAGE_PIN=
PORT=it_data_in[4]
  DIRECTION=IN
  LOC=
  IOB=
  IOBDELAY=
  IS_CLOCK=
  CLOCK_DEDICATED_ROUTE=
  PACKAGE_PIN=
PORT=it_data_in[5]
  DIRECTION=IN
  LOC=
  IOB=
  IOBDELAY=
  IS_CLOCK=
  CLOCK_DEDICATED_ROUTE=
  PACKAGE_PIN=
PORT=it_data_in[6]
  DIRECTION=IN
  LOC=
  IOB=
  IOBDELAY=
  IS_CLOCK=
  CLOCK_DEDICATED_ROUTE=
  PACKAGE_PIN=
PORT=it_data_in[7]
  DIRECTION=IN
  LOC=
  IOB=
  IOBDELAY=
  IS_CLOCK=
  CLOCK_DEDICATED_ROUTE=
  PACKAGE_PIN=
PORT=it_data_in[8]
  DIRECTION=IN
  LOC=
  IOB=
  IOBDELAY=
  IS_CLOCK=
  CLOCK_DEDICATED_ROUTE=
  PACKAGE_PIN=
PORT=it_data_in[9]
  DIRECTION=IN
  LOC=
  IOB=
  IOBDELAY=
  IS_CLOCK=
  CLOCK_DEDICATED_ROUTE=
  PACKAGE_PIN=
PORT=it_data_in_req
  DIRECTION=OUT
  LOC=
  IOB=
  IOBDELAY=
  IS_CLOCK=
  CLOCK_DEDICATED_ROUTE=
  PACKAGE_PIN=
PORT=it_data_in_vld
  DIRECTION=IN
  LOC=
  IOB=
  IOBDELAY=
  IS_CLOCK=
  CLOCK_DEDICATED_ROUTE=
  PACKAGE_PIN=
PORT=it_data_out[0]
  DIRECTION=OUT
  LOC=
  IOB=
  IOBDELAY=
  IS_CLOCK=
  CLOCK_DEDICATED_ROUTE=
  PACKAGE_PIN=
PORT=it_data_out[10]
  DIRECTION=OUT
  LOC=
  IOB=
  IOBDELAY=
  IS_CLOCK=
  CLOCK_DEDICATED_ROUTE=
  PACKAGE_PIN=
PORT=it_data_out[11]
  DIRECTION=OUT
  LOC=
  IOB=
  IOBDELAY=
  IS_CLOCK=
  CLOCK_DEDICATED_ROUTE=
  PACKAGE_PIN=
PORT=it_data_out[12]
  DIRECTION=OUT
  LOC=
  IOB=
  IOBDELAY=
  IS_CLOCK=
  CLOCK_DEDICATED_ROUTE=
  PACKAGE_PIN=
PORT=it_data_out[13]
  DIRECTION=OUT
  LOC=
  IOB=
  IOBDELAY=
  IS_CLOCK=
  CLOCK_DEDICATED_ROUTE=
  PACKAGE_PIN=
PORT=it_data_out[14]
  DIRECTION=OUT
  LOC=
  IOB=
  IOBDELAY=
  IS_CLOCK=
  CLOCK_DEDICATED_ROUTE=
  PACKAGE_PIN=
PORT=it_data_out[15]
  DIRECTION=OUT
  LOC=
  IOB=
  IOBDELAY=
  IS_CLOCK=
  CLOCK_DEDICATED_ROUTE=
  PACKAGE_PIN=
PORT=it_data_out[16]
  DIRECTION=OUT
  LOC=
  IOB=
  IOBDELAY=
  IS_CLOCK=
  CLOCK_DEDICATED_ROUTE=
  PACKAGE_PIN=
PORT=it_data_out[17]
  DIRECTION=OUT
  LOC=
  IOB=
  IOBDELAY=
  IS_CLOCK=
  CLOCK_DEDICATED_ROUTE=
  PACKAGE_PIN=
PORT=it_data_out[18]
  DIRECTION=OUT
  LOC=
  IOB=
  IOBDELAY=
  IS_CLOCK=
  CLOCK_DEDICATED_ROUTE=
  PACKAGE_PIN=
PORT=it_data_out[19]
  DIRECTION=OUT
  LOC=
  IOB=
  IOBDELAY=
  IS_CLOCK=
  CLOCK_DEDICATED_ROUTE=
  PACKAGE_PIN=
PORT=it_data_out[1]
  DIRECTION=OUT
  LOC=
  IOB=
  IOBDELAY=
  IS_CLOCK=
  CLOCK_DEDICATED_ROUTE=
  PACKAGE_PIN=
PORT=it_data_out[20]
  DIRECTION=OUT
  LOC=
  IOB=
  IOBDELAY=
  IS_CLOCK=
  CLOCK_DEDICATED_ROUTE=
  PACKAGE_PIN=
PORT=it_data_out[21]
  DIRECTION=OUT
  LOC=
  IOB=
  IOBDELAY=
  IS_CLOCK=
  CLOCK_DEDICATED_ROUTE=
  PACKAGE_PIN=
PORT=it_data_out[22]
  DIRECTION=OUT
  LOC=
  IOB=
  IOBDELAY=
  IS_CLOCK=
  CLOCK_DEDICATED_ROUTE=
  PACKAGE_PIN=
PORT=it_data_out[23]
  DIRECTION=OUT
  LOC=
  IOB=
  IOBDELAY=
  IS_CLOCK=
  CLOCK_DEDICATED_ROUTE=
  PACKAGE_PIN=
PORT=it_data_out[24]
  DIRECTION=OUT
  LOC=
  IOB=
  IOBDELAY=
  IS_CLOCK=
  CLOCK_DEDICATED_ROUTE=
  PACKAGE_PIN=
PORT=it_data_out[25]
  DIRECTION=OUT
  LOC=
  IOB=
  IOBDELAY=
  IS_CLOCK=
  CLOCK_DEDICATED_ROUTE=
  PACKAGE_PIN=
PORT=it_data_out[26]
  DIRECTION=OUT
  LOC=
  IOB=
  IOBDELAY=
  IS_CLOCK=
  CLOCK_DEDICATED_ROUTE=
  PACKAGE_PIN=
PORT=it_data_out[27]
  DIRECTION=OUT
  LOC=
  IOB=
  IOBDELAY=
  IS_CLOCK=
  CLOCK_DEDICATED_ROUTE=
  PACKAGE_PIN=
PORT=it_data_out[28]
  DIRECTION=OUT
  LOC=
  IOB=
  IOBDELAY=
  IS_CLOCK=
  CLOCK_DEDICATED_ROUTE=
  PACKAGE_PIN=
PORT=it_data_out[29]
  DIRECTION=OUT
  LOC=
  IOB=
  IOBDELAY=
  IS_CLOCK=
  CLOCK_DEDICATED_ROUTE=
  PACKAGE_PIN=
PORT=it_data_out[2]
  DIRECTION=OUT
  LOC=
  IOB=
  IOBDELAY=
  IS_CLOCK=
  CLOCK_DEDICATED_ROUTE=
  PACKAGE_PIN=
PORT=it_data_out[30]
  DIRECTION=OUT
  LOC=
  IOB=
  IOBDELAY=
  IS_CLOCK=
  CLOCK_DEDICATED_ROUTE=
  PACKAGE_PIN=
PORT=it_data_out[31]
  DIRECTION=OUT
  LOC=
  IOB=
  IOBDELAY=
  IS_CLOCK=
  CLOCK_DEDICATED_ROUTE=
  PACKAGE_PIN=
PORT=it_data_out[32]
  DIRECTION=OUT
  LOC=
  IOB=
  IOBDELAY=
  IS_CLOCK=
  CLOCK_DEDICATED_ROUTE=
  PACKAGE_PIN=
PORT=it_data_out[33]
  DIRECTION=OUT
  LOC=
  IOB=
  IOBDELAY=
  IS_CLOCK=
  CLOCK_DEDICATED_ROUTE=
  PACKAGE_PIN=
PORT=it_data_out[34]
  DIRECTION=OUT
  LOC=
  IOB=
  IOBDELAY=
  IS_CLOCK=
  CLOCK_DEDICATED_ROUTE=
  PACKAGE_PIN=
PORT=it_data_out[35]
  DIRECTION=OUT
  LOC=
  IOB=
  IOBDELAY=
  IS_CLOCK=
  CLOCK_DEDICATED_ROUTE=
  PACKAGE_PIN=
PORT=it_data_out[36]
  DIRECTION=OUT
  LOC=
  IOB=
  IOBDELAY=
  IS_CLOCK=
  CLOCK_DEDICATED_ROUTE=
  PACKAGE_PIN=
PORT=it_data_out[37]
  DIRECTION=OUT
  LOC=
  IOB=
  IOBDELAY=
  IS_CLOCK=
  CLOCK_DEDICATED_ROUTE=
  PACKAGE_PIN=
PORT=it_data_out[38]
  DIRECTION=OUT
  LOC=
  IOB=
  IOBDELAY=
  IS_CLOCK=
  CLOCK_DEDICATED_ROUTE=
  PACKAGE_PIN=
PORT=it_data_out[39]
  DIRECTION=OUT
  LOC=
  IOB=
  IOBDELAY=
  IS_CLOCK=
  CLOCK_DEDICATED_ROUTE=
  PACKAGE_PIN=
PORT=it_data_out[3]
  DIRECTION=OUT
  LOC=
  IOB=
  IOBDELAY=
  IS_CLOCK=
  CLOCK_DEDICATED_ROUTE=
  PACKAGE_PIN=
PORT=it_data_out[4]
  DIRECTION=OUT
  LOC=
  IOB=
  IOBDELAY=
  IS_CLOCK=
  CLOCK_DEDICATED_ROUTE=
  PACKAGE_PIN=
PORT=it_data_out[5]
  DIRECTION=OUT
  LOC=
  IOB=
  IOBDELAY=
  IS_CLOCK=
  CLOCK_DEDICATED_ROUTE=
  PACKAGE_PIN=
PORT=it_data_out[6]
  DIRECTION=OUT
  LOC=
  IOB=
  IOBDELAY=
  IS_CLOCK=
  CLOCK_DEDICATED_ROUTE=
  PACKAGE_PIN=
PORT=it_data_out[7]
  DIRECTION=OUT
  LOC=
  IOB=
  IOBDELAY=
  IS_CLOCK=
  CLOCK_DEDICATED_ROUTE=
  PACKAGE_PIN=
PORT=it_data_out[8]
  DIRECTION=OUT
  LOC=
  IOB=
  IOBDELAY=
  IS_CLOCK=
  CLOCK_DEDICATED_ROUTE=
  PACKAGE_PIN=
PORT=it_data_out[9]
  DIRECTION=OUT
  LOC=
  IOB=
  IOBDELAY=
  IS_CLOCK=
  CLOCK_DEDICATED_ROUTE=
  PACKAGE_PIN=
PORT=it_data_out_req
  DIRECTION=IN
  LOC=
  IOB=
  IOBDELAY=
  IS_CLOCK=
  CLOCK_DEDICATED_ROUTE=
  PACKAGE_PIN=
PORT=it_data_out_vld
  DIRECTION=OUT
  LOC=
  IOB=
  IOBDELAY=
  IS_CLOCK=
  CLOCK_DEDICATED_ROUTE=
  PACKAGE_PIN=
PORT=it_done
  DIRECTION=OUT
  LOC=
  IOB=
  IOBDELAY=
  IS_CLOCK=
  CLOCK_DEDICATED_ROUTE=
  PACKAGE_PIN=
PORT=it_info[0]
  DIRECTION=IN
  LOC=
  IOB=
  IOBDELAY=
  IS_CLOCK=
  CLOCK_DEDICATED_ROUTE=
  PACKAGE_PIN=
PORT=it_info[10]
  DIRECTION=IN
  LOC=
  IOB=
  IOBDELAY=
  IS_CLOCK=
  CLOCK_DEDICATED_ROUTE=
  PACKAGE_PIN=
PORT=it_info[11]
  DIRECTION=IN
  LOC=
  IOB=
  IOBDELAY=
  IS_CLOCK=
  CLOCK_DEDICATED_ROUTE=
  PACKAGE_PIN=
PORT=it_info[12]
  DIRECTION=IN
  LOC=
  IOB=
  IOBDELAY=
  IS_CLOCK=
  CLOCK_DEDICATED_ROUTE=
  PACKAGE_PIN=
PORT=it_info[13]
  DIRECTION=IN
  LOC=
  IOB=
  IOBDELAY=
  IS_CLOCK=
  CLOCK_DEDICATED_ROUTE=
  PACKAGE_PIN=
PORT=it_info[14]
  DIRECTION=IN
  LOC=
  IOB=
  IOBDELAY=
  IS_CLOCK=
  CLOCK_DEDICATED_ROUTE=
  PACKAGE_PIN=
PORT=it_info[15]
  DIRECTION=IN
  LOC=
  IOB=
  IOBDELAY=
  IS_CLOCK=
  CLOCK_DEDICATED_ROUTE=
  PACKAGE_PIN=
PORT=it_info[16]
  DIRECTION=IN
  LOC=
  IOB=
  IOBDELAY=
  IS_CLOCK=
  CLOCK_DEDICATED_ROUTE=
  PACKAGE_PIN=
PORT=it_info[17]
  DIRECTION=IN
  LOC=
  IOB=
  IOBDELAY=
  IS_CLOCK=
  CLOCK_DEDICATED_ROUTE=
  PACKAGE_PIN=
PORT=it_info[18]
  DIRECTION=IN
  LOC=
  IOB=
  IOBDELAY=
  IS_CLOCK=
  CLOCK_DEDICATED_ROUTE=
  PACKAGE_PIN=
PORT=it_info[19]
  DIRECTION=IN
  LOC=
  IOB=
  IOBDELAY=
  IS_CLOCK=
  CLOCK_DEDICATED_ROUTE=
  PACKAGE_PIN=
PORT=it_info[1]
  DIRECTION=IN
  LOC=
  IOB=
  IOBDELAY=
  IS_CLOCK=
  CLOCK_DEDICATED_ROUTE=
  PACKAGE_PIN=
PORT=it_info[20]
  DIRECTION=IN
  LOC=
  IOB=
  IOBDELAY=
  IS_CLOCK=
  CLOCK_DEDICATED_ROUTE=
  PACKAGE_PIN=
PORT=it_info[21]
  DIRECTION=IN
  LOC=
  IOB=
  IOBDELAY=
  IS_CLOCK=
  CLOCK_DEDICATED_ROUTE=
  PACKAGE_PIN=
PORT=it_info[2]
  DIRECTION=IN
  LOC=
  IOB=
  IOBDELAY=
  IS_CLOCK=
  CLOCK_DEDICATED_ROUTE=
  PACKAGE_PIN=
PORT=it_info[3]
  DIRECTION=IN
  LOC=
  IOB=
  IOBDELAY=
  IS_CLOCK=
  CLOCK_DEDICATED_ROUTE=
  PACKAGE_PIN=
PORT=it_info[4]
  DIRECTION=IN
  LOC=
  IOB=
  IOBDELAY=
  IS_CLOCK=
  CLOCK_DEDICATED_ROUTE=
  PACKAGE_PIN=
PORT=it_info[5]
  DIRECTION=IN
  LOC=
  IOB=
  IOBDELAY=
  IS_CLOCK=
  CLOCK_DEDICATED_ROUTE=
  PACKAGE_PIN=
PORT=it_info[6]
  DIRECTION=IN
  LOC=
  IOB=
  IOBDELAY=
  IS_CLOCK=
  CLOCK_DEDICATED_ROUTE=
  PACKAGE_PIN=
PORT=it_info[7]
  DIRECTION=IN
  LOC=
  IOB=
  IOBDELAY=
  IS_CLOCK=
  CLOCK_DEDICATED_ROUTE=
  PACKAGE_PIN=
PORT=it_info[8]
  DIRECTION=IN
  LOC=
  IOB=
  IOBDELAY=
  IS_CLOCK=
  CLOCK_DEDICATED_ROUTE=
  PACKAGE_PIN=
PORT=it_info[9]
  DIRECTION=IN
  LOC=
  IOB=
  IOBDELAY=
  IS_CLOCK=
  CLOCK_DEDICATED_ROUTE=
  PACKAGE_PIN=
PORT=it_info_vld
  DIRECTION=IN
  LOC=
  IOB=
  IOBDELAY=
  IS_CLOCK=
  CLOCK_DEDICATED_ROUTE=
  PACKAGE_PIN=
PORT=protocol_error
  DIRECTION=OUT
  LOC=
  IOB=
  IOBDELAY=
  IS_CLOCK=
  CLOCK_DEDICATED_ROUTE=
  PACKAGE_PIN=
PORT=rst_n
  DIRECTION=IN
  LOC=
  IOB=
  IOBDELAY=
  IS_CLOCK=
  CLOCK_DEDICATED_ROUTE=
  PACKAGE_PIN=

