Copyright 1986-2022 Xilinx, Inc. All Rights Reserved. Copyright 2022-2025 Advanced Micro Devices, Inc. All Rights Reserved.
--------------------------------------------------------------------------------------------------------------------------------------------------
| Tool Version      : Vivado v.2025.2 (win64) Build 6299465 Fri Nov 14 19:35:11 GMT 2025
| Date              : Thu Sep 17 11:34:56 2026
| Host              : Finesse running 64-bit major release  (build 9200)
| Command           : report_timing_summary -file 05_audit/current/57/p9_r5c_root_cause_qualification_20260917/timing_summary_setup.rpt
| Design            : unified_its_wrapper
| Device            : xcku5p-ffvb676
| Speed File        : -2  PRODUCTION 1.29 05-01-2022
| Design State      : Routed
| Temperature Grade : E
--------------------------------------------------------------------------------------------------------------------------------------------------

Timing Summary Report

------------------------------------------------------------------------------------------------
| Timer Settings
| --------------
------------------------------------------------------------------------------------------------

  Enable Multi Corner Analysis               :  Yes
  Enable Pessimism Removal                   :  Yes
  Pessimism Removal Resolution               :  Nearest Common Node
  Enable Input Delay Default Clock           :  No
  Enable Preset / Clear Arcs                 :  No
  Disable Flight Delays                      :  No
  Ignore I/O Paths                           :  No
  Timing Early Launch at Borrowing Latches   :  No
  Borrow Time for Max Delay Exceptions       :  Yes
  Merge Timing Exceptions                    :  Yes
  Inter-SLR Compensation                     :  Conservative

  Corner  Analyze    Analyze    
  Name    Max Paths  Min Paths  
  ------  ---------  ---------  
  Slow    Yes        Yes        
  Fast    Yes        Yes        


------------------------------------------------------------------------------------------------
| Report Methodology
| ------------------
------------------------------------------------------------------------------------------------

No report available as report_methodology has not been run prior. Run report_methodology on the current design for the summary of methodology violations.



check_timing report

Table of Contents
-----------------
1. checking no_clock (0)
2. checking constant_clock (0)
3. checking pulse_width_clock (0)
4. checking unconstrained_internal_endpoints (0)
5. checking no_input_delay (0)
6. checking no_output_delay (0)
7. checking multiple_clock (0)
8. checking generated_clocks (0)
9. checking loops (0)
10. checking partial_input_delay (0)
11. checking partial_output_delay (0)
12. checking latch_loops (0)

1. checking no_clock (0)
------------------------
 There are 0 register/latch pins with no clock.


2. checking constant_clock (0)
------------------------------
 There are 0 register/latch pins with constant_clock.


3. checking pulse_width_clock (0)
---------------------------------
 There are 0 register/latch pins which need pulse_width check


4. checking unconstrained_internal_endpoints (0)
------------------------------------------------
 There are 0 pins that are not constrained for maximum delay.

 There are 0 pins that are not constrained for maximum delay due to constant clock.


5. checking no_input_delay (0)
------------------------------
 There are 0 input ports with no input delay specified.

 There are 0 input ports with no input delay but user has a false path constraint.


6. checking no_output_delay (0)
-------------------------------
 There are 0 ports with no output delay specified.

 There are 0 ports with no output delay but user has a false path constraint

 There are 0 ports with no output delay but with a timing clock defined on it or propagating through it


7. checking multiple_clock (0)
------------------------------
 There are 0 register/latch pins with multiple clocks.


8. checking generated_clocks (0)
--------------------------------
 There are 0 generated clocks that are not connected to a clock source.


9. checking loops (0)
---------------------
 There are 0 combinational loops in the design.


10. checking partial_input_delay (0)
------------------------------------
 There are 0 input ports with partial input delay specified.


11. checking partial_output_delay (0)
-------------------------------------
 There are 0 ports with partial output delay specified.


12. checking latch_loops (0)
----------------------------
 There are 0 combinational latch loops in the design through latch input



------------------------------------------------------------------------------------------------
| Design Timing Summary
| ---------------------
------------------------------------------------------------------------------------------------

    WNS(ns)      TNS(ns)  TNS Failing Endpoints  TNS Total Endpoints      WHS(ns)      THS(ns)  THS Failing Endpoints  THS Total Endpoints     WPWS(ns)     TPWS(ns)  TPWS Failing Endpoints  TPWS Total Endpoints  
    -------      -------  ---------------------  -------------------      -------      -------  ---------------------  -------------------     --------     --------  ----------------------  --------------------  
     -0.063       -1.776                     84               161179       -0.080       -4.764                     65               161179        0.468        0.000                       0                 31122  


Timing constraints are not met.


------------------------------------------------------------------------------------------------
| Clock Summary
| -------------
------------------------------------------------------------------------------------------------

Clock  Waveform(ns)         Period(ns)      Frequency(MHz)
-----  ------------         ----------      --------------
clk    {0.000 1.000}        2.000           500.000         


------------------------------------------------------------------------------------------------
| Intra Clock Table
| -----------------
------------------------------------------------------------------------------------------------

Clock             WNS(ns)      TNS(ns)  TNS Failing Endpoints  TNS Total Endpoints      WHS(ns)      THS(ns)  THS Failing Endpoints  THS Total Endpoints     WPWS(ns)     TPWS(ns)  TPWS Failing Endpoints  TPWS Total Endpoints  
-----             -------      -------  ---------------------  -------------------      -------      -------  ---------------------  -------------------     --------     --------  ----------------------  --------------------  
clk                -0.063       -1.776                     84               151893       -0.080       -4.764                     65               151893        0.468        0.000                       0                 31122  


------------------------------------------------------------------------------------------------
| Inter Clock Table
| -----------------
------------------------------------------------------------------------------------------------

From Clock    To Clock          WNS(ns)      TNS(ns)  TNS Failing Endpoints  TNS Total Endpoints      WHS(ns)      THS(ns)  THS Failing Endpoints  THS Total Endpoints  
----------    --------          -------      -------  ---------------------  -------------------      -------      -------  ---------------------  -------------------  


------------------------------------------------------------------------------------------------
| Other Path Groups Table
| -----------------------
------------------------------------------------------------------------------------------------

Path Group         From Clock         To Clock               WNS(ns)      TNS(ns)  TNS Failing Endpoints  TNS Total Endpoints      WHS(ns)      THS(ns)  THS Failing Endpoints  THS Total Endpoints  
----------         ----------         --------               -------      -------  ---------------------  -------------------      -------      -------  ---------------------  -------------------  
**async_default**  clk                clk                      1.894        0.000                      0                 9286        0.010        0.000                      0                 9286  


------------------------------------------------------------------------------------------------
| Timing Details
| --------------
------------------------------------------------------------------------------------------------


---------------------------------------------------------------------------------------------------
From Clock:  clk
  To Clock:  clk

Setup :           84  Failing Endpoints,  Worst Slack       -0.063ns,  Total Violation       -1.776ns
Hold  :           65  Failing Endpoints,  Worst Slack       -0.080ns,  Total Violation       -4.764ns
PW    :            0  Failing Endpoints,  Worst Slack        0.468ns,  Total Violation        0.000ns
---------------------------------------------------------------------------------------------------


Max Delay Paths
--------------------------------------------------------------------------------------
Slack (VIOLATED) :        -0.063ns  (required time - arrival time)
  Source:                 rd_cmd_addr_q_reg[1][2][0]/C
                            (rising edge-triggered cell FDCE clocked by clk  {rise@0.000ns fall@1.000ns period=2.000ns})
  Destination:            lfnst_mem_resp_data_q_reg[12]/D
                            (rising edge-triggered cell FDCE clocked by clk  {rise@0.000ns fall@1.000ns period=2.000ns})
  Path Group:             clk
  Path Type:              Setup (Max at Slow Process Corner)
  Requirement:            2.000ns  (clk rise@2.000ns - clk rise@0.000ns)
  Data Path Delay:        2.045ns  (logic 0.563ns (27.532%)  route 1.482ns (72.468%))
  Logic Levels:           6  (LUT6=2 MUXF7=2 MUXF8=1 RAMD64E=1)
  Clock Path Skew:        -0.008ns (DCD - SCD + CPR)
    Destination Clock Delay (DCD):    0.020ns = ( 2.020 - 2.000 ) 
    Source Clock Delay      (SCD):    0.028ns
    Clock Pessimism Removal (CPR):    0.000ns
  Clock Uncertainty:      0.035ns  ((TSJ^2 + TIJ^2)^1/2 + DJ) / 2 + PE
    Total System Jitter     (TSJ):    0.071ns
    Total Input Jitter      (TIJ):    0.000ns
    Discrete Jitter          (DJ):    0.000ns
    Phase Error              (PE):    0.000ns

    Location             Delay type                Incr(ns)  Path(ns)    Netlist Resource(s)
  -------------------------------------------------------------------    -------------------
                         (clock clk rise edge)        0.000     0.000 r  
                                                      0.000     0.000 r  clk (IN)
                         net (fo=32675, unset)        0.028     0.028    clk
    SLICE_X77Y67         FDCE                                         r  rd_cmd_addr_q_reg[1][2][0]/C
  -------------------------------------------------------------------    -------------------
    SLICE_X77Y67         FDCE (Prop_AFF2_SLICEL_C_Q)
                                                      0.081     0.109 r  rd_cmd_addr_q_reg[1][2][0]/Q
                         net (fo=288, routed)         0.698     0.807    gen_input_slots[1].gen_input_banks[2].u_input_cache_bank/data_mem_reg_192_255_7_13/ADDRF0
    SLICE_X82Y67         RAMD64E (Prop_F6LUT_SLICEM_RADR0_O)
                                                      0.148     0.955 r  gen_input_slots[1].gen_input_banks[2].u_input_cache_bank/data_mem_reg_192_255_7_13/RAMF/O
                         net (fo=1, routed)           0.299     1.254    gen_input_slots[1].gen_input_banks[2].u_input_cache_bank/data_mem_reg_192_255_7_13_n_5
    SLICE_X84Y62         LUT6 (Prop_D6LUT_SLICEL_I0_O)
                                                      0.099     1.353 r  gen_input_slots[1].gen_input_banks[2].u_input_cache_bank/rd_data[12]_INST_0_i_3/O
                         net (fo=1, routed)           0.009     1.362    gen_input_slots[1].gen_input_banks[2].u_input_cache_bank/rd_data[12]_INST_0_i_3_n_0
    SLICE_X84Y62         MUXF7 (Prop_F7MUX_CD_SLICEL_I0_O)
                                                      0.056     1.418 r  gen_input_slots[1].gen_input_banks[2].u_input_cache_bank/rd_data[12]_INST_0_i_1/O
                         net (fo=1, routed)           0.000     1.418    gen_input_slots[1].gen_input_banks[2].u_input_cache_bank/rd_data[12]_INST_0_i_1_n_0
    SLICE_X84Y62         MUXF8 (Prop_F8MUX_BOT_SLICEL_I0_O)
                                                      0.026     1.444 r  gen_input_slots[1].gen_input_banks[2].u_input_cache_bank/rd_data[12]_INST_0/O
                         net (fo=2, routed)           0.439     1.883    input_rd_data[1][2][12]
    SLICE_X76Y47         LUT6 (Prop_E6LUT_SLICEL_I3_O)
                                                      0.090     1.973 r  lfnst_mem_resp_data_q[12]_i_3/O
                         net (fo=1, routed)           0.007     1.980    lfnst_mem_resp_data_q[12]_i_3_n_0
    SLICE_X76Y47         MUXF7 (Prop_F7MUX_EF_SLICEL_I1_O)
                                                      0.063     2.043 r  lfnst_mem_resp_data_q_reg[12]_i_1/O
                         net (fo=1, routed)           0.030     2.073    input_rd_data3_out[12]
    SLICE_X76Y47         FDCE                                         r  lfnst_mem_resp_data_q_reg[12]/D
  -------------------------------------------------------------------    -------------------

                         (clock clk rise edge)        2.000     2.000 r  
                                                      0.000     2.000 r  clk (IN)
                         net (fo=32675, unset)        0.020     2.020    clk
    SLICE_X76Y47         FDCE                                         r  lfnst_mem_resp_data_q_reg[12]/C
                         clock pessimism              0.000     2.020    
                         clock uncertainty           -0.035     1.985    
    SLICE_X76Y47         FDCE (Setup_FFF_SLICEL_C_D)
                                                      0.025     2.010    lfnst_mem_resp_data_q_reg[12]
  -------------------------------------------------------------------
                         required time                          2.010    
                         arrival time                          -2.073    
  -------------------------------------------------------------------
                         slack                                 -0.063    





Min Delay Paths
--------------------------------------------------------------------------------------
Slack (VIOLATED) :        -0.080ns  (arrival time - required time)
  Source:                 it_data_in[4]
                            (input port clocked by clk  {rise@0.000ns fall@1.000ns period=2.000ns})
  Destination:            fill_wr_cmd_data_q_reg[4]/D
                            (rising edge-triggered cell FDCE clocked by clk  {rise@0.000ns fall@1.000ns period=2.000ns})
  Path Group:             clk
  Path Type:              Hold (Min at Slow Process Corner)
  Requirement:            0.000ns  (clk rise@0.000ns - clk rise@0.000ns)
  Data Path Delay:        0.012ns  (logic 0.000ns (0.000%)  route 0.012ns (100.000%))
  Logic Levels:           0  
  Input Delay:            0.000ns
  Clock Path Skew:        0.030ns (DCD - SCD - CPR)
    Destination Clock Delay (DCD):    0.030ns
    Source Clock Delay      (SCD):    0.000ns
    Clock Pessimism Removal (CPR):    -0.000ns

    Location             Delay type                Incr(ns)  Path(ns)    Netlist Resource(s)
  -------------------------------------------------------------------    -------------------
                         (clock clk rise edge)        0.000     0.000 r  
                         input delay                  0.000     0.000    
                                                      0.000     0.000 r  it_data_in[4] (IN)
                         net (fo=0)                   0.012     0.012    it_data_in[4]
    SLICE_X82Y43         FDCE                                         r  fill_wr_cmd_data_q_reg[4]/D
  -------------------------------------------------------------------    -------------------

                         (clock clk rise edge)        0.000     0.000 r  
                                                      0.000     0.000 r  clk (IN)
                         net (fo=32675, unset)        0.030     0.030    clk
    SLICE_X82Y43         FDCE                                         r  fill_wr_cmd_data_q_reg[4]/C
                         clock pessimism              0.000     0.030    
    SLICE_X82Y43         FDCE (Hold_HFF2_SLICEM_C_D)
                                                      0.062     0.092    fill_wr_cmd_data_q_reg[4]
  -------------------------------------------------------------------
                         required time                         -0.092    
                         arrival time                           0.012    
  -------------------------------------------------------------------
                         slack                                 -0.080    





Pulse Width Checks
--------------------------------------------------------------------------------------
Clock Name:         clk
Waveform(ns):       { 0.000 1.000 }
Period(ns):         2.000
Sources:            { clk }

Check Type        Corner  Lib Pin      Reference Pin  Required(ns)  Actual(ns)  Slack(ns)  Location      Pin
Min Period        n/a     RAMD64E/CLK  n/a            1.064         2.000       0.936      SLICE_X61Y45  gen_input_slots[0].gen_input_banks[0].u_input_cache_bank/data_mem_reg_0_63_0_6/RAMA/CLK
Low Pulse Width   Slow    RAMD64E/CLK  n/a            0.532         1.000       0.468      SLICE_X61Y45  gen_input_slots[0].gen_input_banks[0].u_input_cache_bank/data_mem_reg_0_63_0_6/RAMA/CLK
High Pulse Width  Slow    RAMD64E/CLK  n/a            0.532         1.000       0.468      SLICE_X61Y45  gen_input_slots[0].gen_input_banks[0].u_input_cache_bank/data_mem_reg_0_63_0_6/RAMA/CLK



---------------------------------------------------------------------------------------------------
Path Group:  **async_default**
From Clock:  clk
  To Clock:  clk

Setup :            0  Failing Endpoints,  Worst Slack        1.894ns,  Total Violation        0.000ns
Hold  :            0  Failing Endpoints,  Worst Slack        0.010ns,  Total Violation        0.000ns
---------------------------------------------------------------------------------------------------


Max Delay Paths
--------------------------------------------------------------------------------------
Slack (MET) :             1.894ns  (required time - arrival time)
  Source:                 rst_n
                            (input port clocked by clk  {rise@0.000ns fall@1.000ns period=2.000ns})
  Destination:            fill_active_reg/CLR
                            (recovery check against rising-edge clock clk  {rise@0.000ns fall@1.000ns period=2.000ns})
  Path Group:             **async_default**
  Path Type:              Recovery (Max at Slow Process Corner)
  Requirement:            2.000ns  (clk rise@2.000ns - clk rise@0.000ns)
  Data Path Delay:        0.026ns  (logic 0.000ns (0.000%)  route 0.026ns (100.000%))
  Logic Levels:           0  
  Input Delay:            0.000ns
  Clock Path Skew:        0.021ns (DCD - SCD + CPR)
    Destination Clock Delay (DCD):    0.021ns = ( 2.021 - 2.000 ) 
    Source Clock Delay      (SCD):    0.000ns
    Clock Pessimism Removal (CPR):    0.000ns
  Clock Uncertainty:      0.035ns  ((TSJ^2 + TIJ^2)^1/2 + DJ) / 2 + PE
    Total System Jitter     (TSJ):    0.071ns
    Total Input Jitter      (TIJ):    0.000ns
    Discrete Jitter          (DJ):    0.000ns
    Phase Error              (PE):    0.000ns

    Location             Delay type                Incr(ns)  Path(ns)    Netlist Resource(s)
  -------------------------------------------------------------------    -------------------
                         (clock clk rise edge)        0.000     0.000 r  
                         input delay                  0.000     0.000    
                                                      0.000     0.000 r  rst_n (IN)
                         net (fo=9335, unset)         0.026     0.026    rst_n
    SLICE_X67Y42         FDCE                                         f  fill_active_reg/CLR  (IS_INVERTED)
  -------------------------------------------------------------------    -------------------

                         (clock clk rise edge)        2.000     2.000 r  
                                                      0.000     2.000 r  clk (IN)
                         net (fo=32675, unset)        0.021     2.021    clk
    SLICE_X67Y42         FDCE                                         r  fill_active_reg/C
                         clock pessimism              0.000     2.021    
                         clock uncertainty           -0.035     1.986    
    SLICE_X67Y42         FDCE (Recov_DFF_SLICEM_C_CLR)
                                                     -0.066     1.920    fill_active_reg
  -------------------------------------------------------------------
                         required time                          1.920    
                         arrival time                          -0.026    
  -------------------------------------------------------------------
                         slack                                  1.894    





Min Delay Paths
--------------------------------------------------------------------------------------
Slack (MET) :             0.010ns  (arrival time - required time)
  Source:                 rst_n
                            (input port clocked by clk  {rise@0.000ns fall@1.000ns period=2.000ns})
  Destination:            desc_wr_ptr_reg/CLR
                            (removal check against rising-edge clock clk  {rise@0.000ns fall@1.000ns period=2.000ns})
  Path Group:             **async_default**
  Path Type:              Removal (Min at Fast Process Corner)
  Requirement:            0.000ns  (clk rise@0.000ns - clk rise@0.000ns)
  Data Path Delay:        0.009ns  (logic 0.000ns (0.000%)  route 0.009ns (100.000%))
  Logic Levels:           0  
  Input Delay:            0.000ns
  Clock Path Skew:        0.019ns (DCD - SCD - CPR)
    Destination Clock Delay (DCD):    0.019ns
    Source Clock Delay      (SCD):    0.000ns
    Clock Pessimism Removal (CPR):    -0.000ns

    Location             Delay type                Incr(ns)  Path(ns)    Netlist Resource(s)
  -------------------------------------------------------------------    -------------------
                         (clock clk rise edge)        0.000     0.000 r  
                         input delay                  0.000     0.000    
                                                      0.000     0.000 r  rst_n (IN)
                         net (fo=9335, unset)         0.009     0.009    rst_n
    SLICE_X63Y44         FDCE                                         f  desc_wr_ptr_reg/CLR  (IS_INVERTED)
  -------------------------------------------------------------------    -------------------

                         (clock clk rise edge)        0.000     0.000 r  
                                                      0.000     0.000 r  clk (IN)
                         net (fo=32675, unset)        0.019     0.019    clk
    SLICE_X63Y44         FDCE                                         r  desc_wr_ptr_reg/C
                         clock pessimism              0.000     0.019    
    SLICE_X63Y44         FDCE (Remov_HFF2_SLICEL_C_CLR)
                                                     -0.020    -0.001    desc_wr_ptr_reg
  -------------------------------------------------------------------
                         required time                          0.001    
                         arrival time                           0.009    
  -------------------------------------------------------------------
                         slack                                  0.010    






