Copyright 1986-2022 Xilinx, Inc. All Rights Reserved. Copyright 2022-2025 Advanced Micro Devices, Inc. All Rights Reserved.
--------------------------------------------------------------------------------------------------------------------------------------------------------------
| Tool Version : Vivado v.2025.2 (win64) Build 6299465 Fri Nov 14 19:35:11 GMT 2025
| Date         : Wed Sep  9 19:11:58 2026
| Host         : Finesse running 64-bit major release  (build 9200)
| Command      : report_design_analysis -congestion -file D:/Workspace/ITS_STUDY_V35_P2F_B2_R4_PRE/03_verification/output/r4_pre_timing_census/congestion.rpt
| Design       : p2f_dct2_64_b1_step102
| Device       : xcku5p
| Design State : Routed
--------------------------------------------------------------------------------------------------------------------------------------------------------------

Report Design Analysis

Table of Contents
-----------------
1. Placer Final Level Congestion Reporting
2. Router Initial Congestion

1. Placer Final Level Congestion Reporting
------------------------------------------

+-----------+------+-------+-------------------------------+---------------+----------------+-----+--------+------+------+------+------+-----+-------+-----+------------------------------+
| Direction | Type | Level |             Window            | Combined LUTs | Avg LUT Inputs | LUT | LUTRAM | Flop | MUXF | RAMB | URAM | DSP | CARRY | SRL |          Cell Names          |
+-----------+------+-------+-------------------------------+---------------+----------------+-----+--------+------+------+------+------+-----+-------+-----+------------------------------+
| South     | Long |     5 | (CLEL_R_X39Y50,CLEL_R_X55Y81) |            0% |          3.020 | 58% | 0%     |   9% |  22% | 0%   | 0%   | 10% |    2% |  0% | p2f_dct2_64_b1_step102(100%) |
+-----------+------+-------+-------------------------------+---------------+----------------+-----+--------+------+------+------+------+-----+-------+-----+------------------------------+


2. Router Initial Congestion
----------------------------

+-----------+--------+-------+-------------------------------+---------------+----------------+-----+--------+------+------+------+------+-----+-------+-----+----------------------------------------------------------------------------------+--------------------------------------------------------------------------------------------------------------------------------------------------------------------------------------------------------------------------------------------------------------------------------------------------------------------------------------------------------------------------------------------------------------------------------------------------------------------------------------------------------------------------------------------------------------+
| Direction |  Type  | Level |             Window            | Combined LUTs | Avg LUT Inputs | LUT | LUTRAM | Flop | MUXF | RAMB | URAM | DSP | CARRY | SRL |                                    Cell Names                                    |                                                                                                                                                                                                                                                                          Sub Windows                                                                                                                                                                                                                                                                         |
+-----------+--------+-------+-------------------------------+---------------+----------------+-----+--------+------+------+------+------+-----+-------+-----+----------------------------------------------------------------------------------+--------------------------------------------------------------------------------------------------------------------------------------------------------------------------------------------------------------------------------------------------------------------------------------------------------------------------------------------------------------------------------------------------------------------------------------------------------------------------------------------------------------------------------------------------------------+
| South     | Global |     6 | (CLEM_X40Y23,CLEM_R_X71Y86)   |            0% |          5.556 | 58% |     0% |   7% |  32% |   0% |   0% |  7% |    1% |  0% | vector_buf_b_reg[9][9](0%),vector_buf_b_reg[9][8](0%),vector_buf_b_reg[9][7](0%) | (CLEM_X40Y55,CLEL_R_X71Y86), (CLEM_X40Y23,CLEL_R_X71Y54)                                                                                                                                                                                                                                                                                                                                                                                                                                                                                                     |
| East      | Global |     5 | (CLEL_L_X42Y8,CLEL_R_X65Y87)  |            0% |          5.670 | 57% |     0% |   7% |  34% |   0% |   0% |  9% |    1% |  0% | vector_buf_b_reg[9][9](0%),vector_buf_b_reg[9][8](0%),vector_buf_b_reg[9][3](0%) | (CLEL_L_X42Y40,CLEL_R_X49Y47), (CLEL_L_X50Y80,CLEL_R_X57Y87), (CLEL_L_X50Y72,CLEL_R_X57Y79), (CLEL_L_X50Y64,CLEL_R_X57Y71), (CLEL_L_X50Y56,CLEL_R_X57Y63), (CLEL_L_X50Y48,CLEL_R_X57Y55), (CLEL_L_X50Y40,CLEL_R_X57Y47), (CLEL_L_X50Y32,CLEL_R_X57Y39), (CLEL_L_X50Y24,CLEL_R_X57Y31), (CLEL_L_X50Y16,CLEL_R_X57Y23), (CLEL_L_X50Y8,CLEL_R_X57Y15), (CLEM_X58Y56,CLEL_R_X65Y63), (CLEM_X58Y48,CLEL_R_X65Y55), (CLEM_X58Y40,CLEL_R_X65Y47), (CLEM_X58Y32,CLEL_R_X65Y39), (CLEM_X58Y24,CLEL_R_X65Y31), (CLEM_X58Y16,CLEL_R_X65Y23), (CLEM_X58Y8,CLEL_R_X65Y15) |
| East      | Global |     5 | (CLEL_L_X50Y16,CLEL_R_X65Y63) |            0% |          5.676 | 57% |     0% |   8% |  35% |   0% |   0% |  6% |    1% |  0% | vector_buf_b_reg[9][9](0%),vector_buf_b_reg[9][8](0%),vector_buf_b_reg[9][1](0%) | (CLEL_L_X50Y48,CLEL_R_X65Y63), (CLEL_L_X50Y32,CLEL_R_X65Y47), (CLEL_L_X50Y16,CLEL_R_X65Y31)                                                                                                                                                                                                                                                                                                                                                                                                                                                                  |
| West      | Global |     5 | (CLEM_X40Y3,CLEL_L_X55Y42)    |            0% |          5.433 | 74% |     0% |  10% |  33% |   0% |   0% | 30% |    1% |  0% | vector_buf_b_reg[9][7](0%),vector_buf_b_reg[9][6](0%),vector_buf_b_reg[9][5](0%) | (CLEM_X40Y35,CLEL_R_X47Y42), (CLEM_X40Y27,CLEL_R_X47Y34), (CLEM_X40Y19,CLEL_R_X47Y26), (CLEM_X40Y11,CLEL_R_X47Y18), (CLEM_X40Y3,CLEL_R_X47Y10), (CLEM_X48Y19,CLEL_R_X55Y26), (CLEM_X48Y11,CLEL_R_X55Y18), (CLEM_X48Y3,CLEL_R_X55Y10)                                                                                                                                                                                                                                                                                                                         |
| South     | Long   |     6 | (CLEM_X32Y16,CLEM_X63Y79)     |            0% |          5.172 | 60% |     0% |  11% |  26% |   0% |   0% | 15% |    4% |  0% | vector_buf_b_reg[9][9](0%),vector_buf_b_reg[9][8](0%),vector_buf_b_reg[9][7](0%) | (CLEM_X32Y48,CLEL_R_X63Y79), (CLEM_X32Y16,CLEL_R_X63Y47)                                                                                                                                                                                                                                                                                                                                                                                                                                                                                                     |
| East      | Long   |     6 | (CLEM_X32Y16,CLEM_X63Y79)     |            0% |          5.172 | 60% |     0% |  11% |  26% |   0% |   0% | 15% |    4% |  0% | vector_buf_b_reg[9][9](0%),vector_buf_b_reg[9][8](0%),vector_buf_b_reg[9][7](0%) | (CLEM_X32Y48,CLEL_R_X63Y79), (CLEM_X32Y16,CLEL_R_X63Y47)                                                                                                                                                                                                                                                                                                                                                                                                                                                                                                     |
| West      | Long   |     5 | (CLEL_R_X39Y1,CLEM_X54Y32)    |            0% |          5.233 | 74% |     0% |  13% |  30% |   0% |   0% | 33% |    2% |  0% | vector_buf_b_reg[9][7](0%),vector_buf_b_reg[9][6](0%),vector_buf_b_reg[9][5](0%) | (CLEL_R_X39Y17,CLEL_R_X54Y32), (CLEL_R_X39Y1,CLEL_R_X54Y16)                                                                                                                                                                                                                                                                                                                                                                                                                                                                                                  |
| West      | Short  |     5 | (CLEM_X35Y5,CLEL_L_X50Y52)    |            0% |          5.369 | 71% |     0% |  11% |  30% |   0% |   NA | 25% |    2% |  0% | vector_buf_b_reg[9][9](0%),vector_buf_b_reg[9][7](0%),vector_buf_b_reg[9][6](0%) | (CLEM_X35Y37,CLEL_R_X50Y52), (CLEM_X35Y21,CLEL_R_X50Y36), (CLEM_X35Y5,CLEL_R_X50Y20)                                                                                                                                                                                                                                                                                                                                                                                                                                                                         |
+-----------+--------+-------+-------------------------------+---------------+----------------+-----+--------+------+------+------+------+-----+-------+-----+----------------------------------------------------------------------------------+--------------------------------------------------------------------------------------------------------------------------------------------------------------------------------------------------------------------------------------------------------------------------------------------------------------------------------------------------------------------------------------------------------------------------------------------------------------------------------------------------------------------------------------------------------------+


