Copyright 1986-2022 Xilinx, Inc. All Rights Reserved. Copyright 2022-2025 Advanced Micro Devices, Inc. All Rights Reserved.
------------------------------------------------------------------------------------------------------------------------------------------------------------------
| Tool Version : Vivado v.2025.2 (win64) Build 6299465 Fri Nov 14 19:35:11 GMT 2025
| Date         : Wed Sep  9 19:11:52 2026
| Host         : Finesse running 64-bit major release  (build 9200)
| Command      : report_high_fanout_nets -max_nets 200 -file D:/Workspace/ITS_STUDY_V35_P2F_B2_R4_PRE/03_verification/output/r4_pre_timing_census/high_fanout.rpt
| Design       : p2f_dct2_64_b1_step102
| Device       : xcku5p
| Design State : Routed
------------------------------------------------------------------------------------------------------------------------------------------------------------------

High Fan-out Nets Information

1. Summary
----------

+-----------------------------------------+--------+-------------+
| Net Name                                | Fanout | Driver Type |
+-----------------------------------------+--------+-------------+
| rst_n                                   |  20487 | PORT        |
| red_s0_data[0]                          |   1056 | LUT6        |
| stage16_mem[0][61][0]_i_1_n_0           |   1041 | LUT3        |
| stage16_mem[1][61][0]_i_1_n_0           |   1040 | LUT3        |
| stage16_mem[2][61][0]_i_1_n_0           |   1040 | LUT3        |
| stage16_mem[3][61][0]_i_1_n_0           |   1040 | LUT3        |
| vector_buf_a[8][15]_i_1_n_0             |   1024 | BUFGCE      |
| vector_buf_b[6][15]_i_1_n_0             |   1024 | BUFGCE      |
| signal_reg[42][23]_i_3_n_0              |    489 | LUT6        |
| red_s0_data[57][23]_i_1_n_0             |    480 | LUT6        |
| red_s1_data[0]                          |    480 | LUT5        |
| signal_reg[42][23]_i_1_n_0              |    384 | LUT2        |
| signal_reg[46][23]_i_1_n_0              |    336 | LUT4        |
| signal_reg[18][23]_i_1_n_0              |    336 | LUT2        |
| issue_active_reg_rep__5_n_0             |    327 | FDCE        |
| issue_cycle_reg[3]_rep__3_n_0           |    316 | FDCE        |
| issue_cycle_reg[0]_rep_n_0              |    315 | FDCE        |
| issue_cycle_reg[4]_rep__6_n_0           |    314 | FDCE        |
| issue_cycle_reg[1]_rep__2_n_0           |    312 | FDCE        |
| red_s1_data[31][23]_i_1_n_0             |    288 | LUT6        |
| issue_cycle_reg[2]_rep__4_n_0           |    286 | FDCE        |
| issue_cycle_reg[3]_rep__1_n_0           |    285 | FDCE        |
| issue_cycle_reg[4]_rep__1_n_0           |    284 | FDCE        |
| issue_active_reg_rep__0_n_0             |    283 | FDCE        |
| issue_cycle_reg[0]_rep__1_n_0           |    277 | FDCE        |
| issue_cycle_reg[2]_rep__2_n_0           |    270 | FDCE        |
| sched_src_reg_reg_n_0_[46][0]_repN_6    |    240 | FDCE        |
| sched_src_reg_reg_n_0_[46][0]_repN_42   |    237 | FDCE        |
| sched_src_reg_reg_n_0_[46][0]_repN_29   |    230 | FDCE        |
| sched_src_reg_reg_n_0_[46][0]_repN_11   |    229 | FDCE        |
| issue_cycle_reg[1]_rep__1_n_0           |    223 | FDCE        |
| sched_src_reg_reg[5][5]_rep_n_0         |    215 | FDCE        |
| sched_src_reg_reg_n_0_[46][0]_repN_32   |    215 | FDCE        |
| sched_src_reg_reg_n_0_[46][0]_repN_12   |    214 | FDCE        |
| sched_bank_reg_reg[0]_rep__6_n_0        |    209 | FDCE        |
| sched_src_reg_reg_n_0_[46][0]_repN_26   |    209 | FDCE        |
| sched_src_reg_reg_n_0_[46][0]_repN_31   |    208 | FDCE        |
| sched_src_reg_reg_n_0_[46][0]_repN_8    |    207 | FDCE        |
| sched_src_reg_reg_n_0_[46][0]_repN_15   |    204 | FDCE        |
| sched_src_reg_reg[40][5]_rep__9_n_0     |    201 | FDCE        |
| sched_src_reg_reg_n_0_[46][0]_repN_17   |    200 | FDCE        |
| sched_src_reg_reg[40][4]_rep__16_n_0    |    200 | FDCE        |
| issue_cycle_reg[2]_rep__5_n_0           |    199 | FDCE        |
| sched_bank_reg_reg[0]_rep__10_n_0       |    199 | FDCE        |
| signal_reg[24][23]_i_3_n_0              |    197 | LUT6        |
| sched_src_reg_reg_n_0_[46][0]_repN_18   |    196 | FDCE        |
| bf_vector_id_reg[0]_rep__15_n_0         |    196 | FDCE        |
| red_s3_vector[0]                        |    195 | LUT6        |
| sched_src_reg_reg[40][5]_rep__1_n_0     |    195 | FDCE        |
| dot_value_bank[0][13][23]_i_1_n_0       |    192 | LUT5        |
| operand_valid_reg_reg[66]_rep__0_n_0    |    192 | FDCE        |
| dot_value_bank[1][13][23]_i_1_n_0       |    192 | LUT5        |
| sched_src_reg_reg_n_0_[46][0]_repN      |    192 | FDCE        |
| signal_reg[24][23]_i_1_n_0              |    192 | LUT2        |
| red_s2_data[0]                          |    192 | LUT6        |
| red_s2_data[15][23]_i_1_n_0             |    192 | LUT5        |
| sched_src_reg_reg_n_0_[46][0]_repN_14   |    190 | FDCE        |
| sched_src_reg_reg[46][2]_rep__3_n_0     |    187 | FDCE        |
| sched_src_reg_reg[40][4]_rep__17_n_0    |    186 | FDCE        |
| sched_src_reg_reg[46][4]_rep__3_n_0     |    183 | FDCE        |
| sched_src_reg_reg_n_0_[46][0]_repN_3    |    182 | FDCE        |
| sched_src_reg_reg_n_0_[46][0]_repN_4    |    180 | FDCE        |
| output_group[1]_i_4_n_0                 |    180 | LUT2        |
| sched_src_reg_reg[40][4]_rep__19_n_0    |    179 | FDCE        |
| sched_src_reg_reg[5][5]_rep__3_n_0      |    179 | FDCE        |
| sched_src_reg_reg[46][2]_rep__5_n_0     |    179 | FDCE        |
| issue_cycle_reg[2]_rep__3_n_0           |    179 | FDCE        |
| sched_src_reg_reg_n_0_[46][0]_repN_21   |    178 | FDCE        |
| sched_valid_reg_reg_n_0_[25]            |    178 | FDCE        |
| issue_cycle_reg[0]_rep__2_n_0           |    178 | FDCE        |
| sched_src_reg_reg[46][4]_rep__10_n_0    |    178 | FDCE        |
| sched_src_reg_reg[40][5]_rep__8_n_0     |    177 | FDCE        |
| sched_src_reg_reg[46][2]_rep__1_n_0     |    176 | FDCE        |
| sched_src_reg_reg[40][4]_rep__18_n_0    |    175 | FDCE        |
| sched_src_reg_reg_n_0_[46][0]_repN_34   |    174 | FDCE        |
| sched_src_reg_reg[46][4]_rep__8_n_0     |    174 | FDCE        |
| sched_src_reg_reg[5][5]_rep__2_n_0      |    173 | FDCE        |
| sched_src_reg_reg[47][4]_rep__1_n_0     |    173 | FDCE        |
| sched_src_reg_reg_n_0_[46][0]_repN_37   |    173 | FDCE        |
| issue_cycle_reg[3]_rep__2_n_0           |    172 | FDCE        |
| sched_bank_reg_reg[0]_rep__13_n_0       |    172 | FDCE        |
| issue_cycle_reg[1]_rep__0_n_0           |    170 | FDCE        |
| sched_src_reg_reg_n_0_[40][5]           |    170 | FDCE        |
| signal_reg[18][23]_i_3_n_0              |    170 | LUT3        |
| sched_src_reg_reg_n_0_[46][0]_repN_22   |    170 | FDCE        |
| sched_src_reg_reg[40][5]_rep__7_n_0     |    169 | FDCE        |
| result_stage16_flat[63]_INST_0_i_24_n_0 |    168 | LUT2        |
| sched_src_reg_reg[47][4]_rep__0_n_0     |    168 | FDCE        |
| dot_value_bank[1][13][23]_i_4_n_0       |    168 | LUT6        |
| sched_valid_reg_reg[40]_rep__5_n_0      |    168 | FDCE        |
| sched_src_reg_reg_n_0_[46][0]_repN_27   |    168 | FDCE        |
| issue_cycle_reg[3]_rep__5_n_0           |    167 | FDCE        |
| sched_src_reg_reg[46][5]_rep__9_n_0     |    166 | FDCE        |
| sched_src_reg_reg_n_0_[46][0]_repN_30   |    166 | FDCE        |
| sched_src_reg_reg[61][2]_rep__0_n_0     |    165 | FDCE        |
| operand_coeff_reg_reg[63][7]_rep_n_0    |    165 | FDCE        |
| sched_src_reg_reg_n_0_[46][0]_repN_1    |    164 | FDCE        |
| sched_bank_reg_reg[0]_rep__2_n_0        |    163 | FDCE        |
| sched_src_reg_reg[46][5]_rep__13_n_0    |    163 | FDCE        |
| result_stage16_flat[31]_INST_0_i_40_n_0 |    163 | LUT2        |
| sched_bank_reg_reg[0]_rep__3_n_0        |    163 | FDCE        |
| sched_src_reg_reg[40][4]_rep__20_n_0    |    162 | FDCE        |
| signal_reg[9][15]_i_58_n_0              |    162 | LUT6        |
| output_group[1]_i_2_n_0                 |    161 | LUT2        |
| sched_src_reg_reg[101][1]_rep__12_n_0   |    161 | FDCE        |
| sched_src_reg_reg[101][1]_rep__15_n_0   |    161 | FDCE        |
| sched_src_reg_reg[40][4]_rep__15_n_0    |    160 | FDCE        |
| sched_src_reg_reg_n_0_[53][5]           |    160 | FDCE        |
| sched_src_reg_reg[46][1]_rep_n_0        |    160 | FDCE        |
| sched_src_reg_reg[46][1]_rep__27_n_0    |    160 | FDCE        |
| sched_src_reg_reg_n_0_[113][5]          |    159 | FDCE        |
| sched_src_reg_reg_n_0_[46][0]_repN_39   |    159 | FDCE        |
| issue_cycle_reg[0]                      |    159 | FDCE        |
| operand_valid_reg_reg[122]__0           |    158 | FDCE        |
| sched_src_reg_reg_n_0_[46][0]_repN_20   |    156 | FDCE        |
| sched_src_reg_reg[46][2]_rep__11_n_0    |    155 | FDCE        |
| sched_src_reg_reg[40][4]_rep__3_n_0     |    155 | FDCE        |
| sched_src_reg_reg[9][4]_rep__0_n_0      |    154 | FDCE        |
| sched_src_reg_reg_n_0_[46][0]_repN_36   |    154 | FDCE        |
| sched_src_reg_reg[101][1]_rep__6_n_0    |    154 | FDCE        |
| red_s1_data[17][23]_i_2_n_0             |    154 | LUT6        |
| issue_cycle_reg[4]_rep__4_n_0           |    153 | FDCE        |
| sched_src_reg_reg[41][3]_rep__12_n_0    |    152 | FDCE        |
| sched_src_reg_reg[47][4]_rep__2_n_0     |    152 | FDCE        |
| sched_src_reg_reg_n_0_[46][0]_repN_19   |    152 | FDCE        |
| sched_src_reg_reg[101][1]_rep__18_n_0   |    152 | FDCE        |
| issue_cycle_reg[1]                      |    152 | FDCE        |
| issue_active_reg_rep__3_n_0             |    151 | FDCE        |
| sched_src_reg_reg[5][1]_rep__1_n_0      |    150 | FDCE        |
| sched_src_reg_reg[46][4]_rep__12_n_0    |    149 | FDCE        |
| sched_src_reg_reg[40][5]_rep_n_0        |    149 | FDCE        |
| sched_src_reg_reg[46][5]_rep__12_n_0    |    149 | FDCE        |
| sched_src_reg_reg[5][5]_rep__1_n_0      |    149 | FDCE        |
| sched_src_reg_reg_n_0_[113][1]          |    149 | FDCE        |
| result_stage16_flat[62]_INST_0_i_22_n_0 |    148 | LUT2        |
| result_stage16_flat[57]_INST_0_i_37_n_0 |    148 | LUT2        |
| sched_src_reg_reg_n_0_[46][0]_repN_2    |    148 | FDCE        |
| result_stage16_flat[63]_INST_0_i_32_n_0 |    148 | LUT2        |
| sched_src_reg_reg[26][4]_rep__1_n_0     |    147 | FDCE        |
| sched_src_reg_reg_n_0_[46][0]_repN_28   |    147 | FDCE        |
| sched_src_reg_reg_n_0_[26][4]           |    147 | FDCE        |
| sched_src_reg_reg[46][4]_rep__7_n_0     |    146 | FDCE        |
| sched_src_reg_reg[0][0]_rep__21_n_0     |    146 | FDCE        |
| sched_src_reg_reg_n_0_[46][0]_repN_13   |    146 | FDCE        |
| signal_reg[46][23]_i_2_n_0              |    146 | LUT4        |
| signal_reg[0][23]_i_3_n_0               |    145 | LUT6        |
| sched_src_reg_reg_n_0_[46][0]_repN_9    |    145 | FDCE        |
| result_final10_flat[9]_INST_0_i_39_n_0  |    145 | LUT2        |
| signal_reg[18][23]_i_20_n_0             |    145 | LUT4        |
| operand_valid_reg_reg[66]__0            |    144 | FDCE        |
| sched_src_reg_reg[113][2]_rep_n_0       |    144 | FDCE        |
| sched_src_reg_reg[5][1]_rep__8_n_0      |    144 | FDCE        |
| sched_src_reg_reg_n_0_[46][0]_repN_33   |    144 | FDCE        |
| operand_valid_reg_reg[104]_rep_n_0      |    144 | FDCE        |
| sched_src_reg_reg_n_0_[5][1]            |    144 | FDCE        |
| sched_src_reg_reg[46][1]_rep__7_n_0     |    144 | FDCE        |
| sched_src_reg_reg[46][1]_rep__4_n_0     |    144 | FDCE        |
| sched_src_reg_reg[10][1]_rep__9_n_0     |    143 | FDCE        |
| result_stage16_flat[31]_INST_0_i_22_n_0 |    143 | LUT2        |
| issue_active                            |    143 | FDCE        |
| sched_src_reg_reg[5][1]_rep__7_n_0      |    143 | FDCE        |
| sched_valid_reg_reg[121]_rep__44_n_0    |    143 | FDCE        |
| sched_bank_reg_reg[0]_rep_n_0           |    143 | FDCE        |
| sched_src_reg_reg[0][1]_rep__18_n_0     |    142 | FDCE        |
| result_final10_flat[19]_INST_0_i_40_n_0 |    142 | LUT2        |
| sched_src_reg_reg[46][4]_rep__11_n_0    |    141 | FDCE        |
| sched_src_reg_reg[0][0]_rep__12_n_0     |    141 | FDCE        |
| sched_src_reg_reg[5][1]_rep__2_n_0      |    141 | FDCE        |
| issue_cycle_reg[1]_rep_n_0              |    141 | FDCE        |
| sched_src_reg_reg[0][0]_rep_n_0         |    141 | FDCE        |
| sched_src_reg_reg[46][5]_rep__10_n_0    |    140 | FDCE        |
| sched_src_reg_reg[26][4]_rep_n_0        |    140 | FDCE        |
| sched_src_reg_reg[9][4]_rep_n_0         |    140 | FDCE        |
| issue_cycle_reg[2]_rep__0_n_0           |    140 | FDCE        |
| sched_src_reg_reg[5][1]_rep__6_n_0      |    139 | FDCE        |
| result_last_INST_0_i_1_n_0              |    139 | LUT2        |
| sched_src_reg_reg_n_0_[46][0]_repN_35   |    139 | FDCE        |
| result_stage16_flat[27]_INST_0_i_37_n_0 |    139 | LUT2        |
| bf_vector_id_reg[0]_rep__8_n_0          |    138 | FDCE        |
| sched_src_reg_reg[46][4]_rep__2_n_0     |    138 | FDCE        |
| issue_cycle_reg[3]_rep__6_n_0           |    138 | FDCE        |
| sched_src_reg_reg[0][0]_rep__13_n_0     |    138 | FDCE        |
| sched_src_reg_reg[46][5]_rep__11_n_0    |    138 | FDCE        |
| sched_src_reg_reg[41][3]_rep__5_n_0     |    137 | FDCE        |
| sched_src_reg_reg[0][0]_rep__0_n_0      |    137 | FDCE        |
| result_group[0]                         |    137 | FDCE        |
| sched_src_reg_reg[0][1]_rep__15_n_0     |    137 | FDCE        |
| sched_src_reg_reg[25][2]_rep__2_n_0     |    137 | FDCE        |
| issue_cycle_reg[4]                      |    137 | FDCE        |
| sched_src_reg_reg[47][5]_rep__0_n_0     |    136 | FDCE        |
| sched_src_reg_reg[40][2]_rep__1_n_0     |    136 | FDCE        |
| sched_src_reg_reg[10][1]_rep__1_n_0     |    136 | FDCE        |
| sched_src_reg_reg[40][5]_rep__3_n_0     |    136 | FDCE        |
| sched_src_reg_reg[10][1]_rep__5_n_0     |    136 | FDCE        |
| sched_src_reg_reg[5][1]_rep__0_n_0      |    136 | FDCE        |
| result_group[1]                         |    136 | FDCE        |
| sched_src_reg_reg[41][3]_rep__4_n_0     |    136 | FDCE        |
| sched_src_reg_reg[40][5]_rep__6_n_0     |    135 | FDCE        |
| sched_src_reg_reg[0][0]_rep__38_n_0     |    135 | FDCE        |
| sched_src_reg_reg[26][4]_rep__3_n_0     |    135 | FDCE        |
+-----------------------------------------+--------+-------------+


