Reading pref.tcl

# 2020.4

# vsim -c work.step12b_memory_timing_probe_tb -do "run -all; quit -f"
# Start time: 19:12:10 on Sep 12,2026
# ** Note: (vsim-3813) Design is being optimized due to module recompilation...
# //  ModelSim SE-64 2020.4 Oct 13 2020
# //
# //  Copyright 1991-2020 Mentor Graphics Corporation
# //  All Rights Reserved.
# //
# //  ModelSim SE-64 and its associated documentation contain trade
# //  secrets and commercial or financial information that are the property of
# //  Mentor Graphics Corporation and are privileged, confidential,
# //  and exempt from disclosure under the Freedom of Information Act,
# //  5 U.S.C. Section 552. Furthermore, this information
# //  is prohibited from disclosure under the Trade Secrets Act,
# //  18 U.S.C. Section 1905.
# //
# Loading sv_std.std
# Loading work.step12b_memory_timing_probe_tb(fast)
# run -all
# STEP12B_MEMORY_TIMING_PROBE_PASS requests=8192 responses=8192 captures=8192 stage_full=128 v_writes=4096 scrub=0
# ** Note: $finish    : 03_verification/tb/step12b_memory_timing_probe_tb.sv(233)
#    Time: 4281 ns  Iteration: 0  Instance: /step12b_memory_timing_probe_tb
# End time: 19:12:11 on Sep 12,2026, Elapsed time: 0:00:01
# Errors: 0, Warnings: 0
