Copyright 1986-2022 Xilinx, Inc. All Rights Reserved. Copyright 2022-2025 Advanced Micro Devices, Inc. All Rights Reserved.
-------------------------------------------------------------------------------------------------------------------------------------------------------------------
| Tool Version : Vivado v.2025.2 (win64) Build 6299465 Fri Nov 14 19:35:11 GMT 2025
| Date         : Wed Sep  9 22:06:28 2026
| Host         : Finesse running 64-bit major release  (build 9200)
| Command      : report_design_analysis -congestion -file D:/Workspace/ITS_STUDY_V35_P2F_B2_R4B_PRE/03_verification/vivado/reports_r4b_pre_readonly/congestion.rpt
| Design       : p2f_dct2_64_b1_step102
| Device       : xcku5p
| Design State : Routed
-------------------------------------------------------------------------------------------------------------------------------------------------------------------

Report Design Analysis

Table of Contents
-----------------
1. Placer Final Level Congestion Reporting
2. Router Initial Congestion

1. Placer Final Level Congestion Reporting
------------------------------------------

+-----------+------+-------+--------+---------------+----------------+-----+--------+------+------+------+------+-----+-------+-----+------------+
| Direction | Type | Level | Window | Combined LUTs | Avg LUT Inputs | LUT | LUTRAM | Flop | MUXF | RAMB | URAM | DSP | CARRY | SRL | Cell Names |
+-----------+------+-------+--------+---------------+----------------+-----+--------+------+------+------+------+-----+-------+-----+------------+
* No congestion windows are found above level 5


2. Router Initial Congestion
----------------------------

+-----------+------+-------+--------+---------------+----------------+-----+--------+------+------+------+------+-----+-------+-----+------------+-------------+
| Direction | Type | Level | Window | Combined LUTs | Avg LUT Inputs | LUT | LUTRAM | Flop | MUXF | RAMB | URAM | DSP | CARRY | SRL | Cell Names | Sub Windows |
+-----------+------+-------+--------+---------------+----------------+-----+--------+------+------+------+------+-----+-------+-----+------------+-------------+
* No effective congestion windows are found above level 5


