Copyright 1986-2022 Xilinx, Inc. All Rights Reserved. Copyright 2022-2025 Advanced Micro Devices, Inc. All Rights Reserved.
-----------------------------------------------------------------------------------------------------------------------------------------------------------------------
| Tool Version : Vivado v.2025.2 (win64) Build 6299465 Fri Nov 14 19:35:11 GMT 2025
| Date         : Wed Sep  9 22:06:27 2026
| Host         : Finesse running 64-bit major release  (build 9200)
| Command      : report_high_fanout_nets -max_nets 300 -file D:/Workspace/ITS_STUDY_V35_P2F_B2_R4B_PRE/03_verification/vivado/reports_r4b_pre_readonly/high_fanout.rpt
| Design       : p2f_dct2_64_b1_step102
| Device       : xcku5p
| Design State : Routed
-----------------------------------------------------------------------------------------------------------------------------------------------------------------------

High Fan-out Nets Information

1. Summary
----------

+-----------------------------------------+--------+-------------+
| Net Name                                | Fanout | Driver Type |
+-----------------------------------------+--------+-------------+
| rst_n                                   |  21331 | PORT        |
| red_s0_data[0]                          |   1056 | LUT5        |
| final10_mem[1][60][0]_i_1_n_0           |   1040 | LUT3        |
| final10_mem[2][60][0]_i_1_n_0           |   1040 | LUT3        |
| final10_mem[3][60][0]_i_1_n_0           |   1040 | LUT3        |
| ready_vector_id[0]                      |   1040 | LUT3        |
| r4a_vector_buf_a[0]                     |   1024 | BUFGCE      |
| r4a_vector_buf_b[0]                     |   1024 | BUFGCE      |
| signal_reg[42][23]_i_3_n_0              |    601 | LUT6        |
| red_s1_data[0]                          |    480 | LUT5        |
| red_s0_data[63][23]_i_1_n_0             |    480 | LUT6        |
| signal_reg[8][23]_i_1_n_0               |    384 | LUT4        |
| signal_reg[40][23]_i_1_n_0              |    384 | LUT4        |
| signal_reg[42][23]_i_1_n_0              |    336 | LUT3        |
| red_s1_data[27][23]_i_1_n_0             |    288 | LUT6        |
| sched_src_sel_reg_reg[88][0]_rep__2_n_0 |    228 | FDCE        |
| sched_src_sel_reg_reg[88][0]_rep__0_n_0 |    227 | FDCE        |
| signal_reg[11][23]_i_3_n_0              |    197 | LUT6        |
| sched_src_sel_reg_reg[0][0]_rep_n_0     |    196 | FDCE        |
| signal_reg[11][23]_i_1_n_0              |    192 | LUT2        |
| dot_value_bank[0][8][23]_i_1_n_0        |    192 | LUT6        |
| dot_value_bank[1][8][23]_i_1_n_0        |    192 | LUT6        |
| red_s2_data[13][23]_i_1_n_0             |    192 | LUT6        |
| red_s2_data[0]                          |    192 | LUT5        |
| red_s3_data[0]                          |    192 | LUT6        |
| sched_bank_reg_reg[0]_rep__12_n_0       |    188 | FDCE        |
| sched_bank_reg_reg[0]_rep__13_n_0       |    185 | FDCE        |
| output_bank_reg[0]_rep_n_0              |    181 | FDCE        |
| output_bank_reg[1]_rep_n_0              |    181 | FDCE        |
| dot_value_bank[1][4][23]_i_4_n_0        |    180 | LUT6        |
| result_group[1]                         |    179 | FDCE        |
| sched_bank_reg_reg[0]_rep__17_n_0       |    178 | FDCE        |
| r4a_issue_cycle_reg[0][3]_rep__1_n_0    |    175 | FDCE        |
| r4a_issue_active_reg[0]_rep__1_n_0      |    175 | FDCE        |
| operand_valid_reg_reg[0]_rep__15_n_0    |    172 | FDCE        |
| signal_reg[26][23]_i_18_n_0             |    168 | LUT6        |
| result_final10_flat[29]_INST_0_i_51_n_0 |    168 | LUT2        |
| sched_src_sel_reg_reg[88][0]_rep__7_n_0 |    168 | FDCE        |
| sched_valid_reg_reg[0]_rep_n_0          |    168 | FDCE        |
| operand_valid_reg_reg[88]_rep__2_n_0    |    167 | FDCE        |
| r4a_issue_cycle_reg[0][2]               |    165 | FDCE        |
| r4a_issue_cycle_reg[0][0]_rep__1_n_0    |    164 | FDCE        |
| sched_valid_reg_reg[0]_rep__4_n_0       |    163 | FDCE        |
| sched_valid_reg_reg[88]_rep__1_n_0      |    162 | FDCE        |
| r4a_issue_cycle_reg[0][1]_rep__1_n_0    |    161 | FDCE        |
| result_final10_flat[19]_INST_0_i_24_n_0 |    160 | LUT2        |
| result_stage16_flat[31]_INST_0_i_35_n_0 |    159 | LUT2        |
| r4a_issue_cycle_reg[0][2]_rep__3_n_0    |    157 | FDCE        |
| sched_valid_reg_reg[0]_rep__0_n_0       |    157 | FDCE        |
| bf_vector_id_reg[0]_rep__2_n_0          |    154 | FDCE        |
| result_final10_flat[29]_INST_0_i_23_n_0 |    152 | LUT2        |
| bf_vector_id_reg[0]_rep__15_n_0         |    152 | FDCE        |
| operand_valid_reg_reg[88]_rep__1_n_0    |    151 | FDCE        |
| sched_src_sel_reg_reg[88][0]_rep__4_n_0 |    151 | FDCE        |
| operand_valid_reg_reg[0]_rep__2_n_0     |    149 | FDCE        |
| signal_reg[8][23]_i_3_n_0               |    149 | LUT4        |
| signal_reg[0][23]_i_3_n_0               |    147 | LUT6        |
| bf_vector_id_reg[0]_rep__7_n_0          |    147 | FDCE        |
| result_ready[2]_i_2_n_0                 |    145 | LUT2        |
| signal_reg[44][21]_i_45_n_0             |    144 | LUT5        |
| signal_reg[44][21]_i_44_n_0             |    144 | LUT4        |
| operand_valid_reg_reg[88]_rep__6_n_0    |    144 | FDCE        |
| r4a_issue_active_reg[0]_rep__0_n_0      |    143 | FDCE        |
| bf_vector_id_reg[0]_rep_n_0             |    142 | FDCE        |
| signal_reg[8][23]_i_21_n_0              |    141 | LUT4        |
| sched_valid_reg_reg[88]_rep_n_0         |    141 | FDCE        |
| sched_bank_reg_reg[0]_rep__8_n_0        |    139 | FDCE        |
| r4a_issue_cycle_reg[0][3]_rep_n_0       |    138 | FDCE        |
| bf_vector_id_reg[0]_rep__9_n_0          |    136 | FDCE        |
| result_stage16_flat[47]_INST_0_i_48_n_0 |    134 | LUT2        |
| r4a_issue_cycle_reg[0][3]_rep__2_n_0    |    134 | FDCE        |
| r4a_issue_cycle_reg[0][0]_rep__3_n_0    |    133 | FDCE        |
| result_stage16_flat[63]_INST_0_i_27_n_0 |    132 | LUT2        |
| sched_src_sel_reg_reg[88][0]_rep__6_n_0 |    131 | FDCE        |
| operand_valid_reg_reg[0]_rep_n_0        |    131 | FDCE        |
| r4a_issue_cycle_reg[0][1]_rep__4_n_0    |    131 | FDCE        |
| result_ready[3]_i_3_n_0                 |    130 | LUT2        |
| sched_bank_reg_reg[0]_rep__3_n_0        |    129 | FDCE        |
| result_final10_flat[19]_INST_0_i_36_n_0 |    128 | LUT2        |
| result_stage16_flat[30]_INST_0_i_24_n_0 |    126 | LUT2        |
| output_bank_reg[1]_rep__0_n_0           |    126 | FDCE        |
| sched_valid_reg_reg[0]_rep__5_n_0       |    126 | FDCE        |
| output_bank_reg[0]_rep__0_n_0           |    126 | FDCE        |
| signal_reg[34][23]_i_18_n_0             |    125 | LUT4        |
| signal_reg[8][23]_i_20_n_0              |    125 | LUT4        |
| signal_reg[18][23]_i_18_n_0             |    125 | LUT4        |
| signal_reg[70][23]_i_18_n_0             |    125 | LUT4        |
| red_s2_data[7][23]_i_2_n_0              |    124 | LUT6        |
| r4a_issue_cycle_reg[0][2]_rep__0_n_0    |    124 | FDCE        |
| r4a_issue_active_reg[0]_rep_n_0         |    124 | FDCE        |
| sched_bank_reg_reg[0]_rep__2_n_0        |    124 | FDCE        |
| operand_valid_reg_reg[0]_rep__3_n_0     |    124 | FDCE        |
| sched_src_sel_reg_reg[0][0]_rep__1_n_0  |    124 | FDCE        |
| r4a_issue_cycle_reg[0][0]_rep__0_n_0    |    123 | FDCE        |
| bf_cycle[4]                             |    123 | FDCE        |
| sched_src_sel_reg_reg[88][0]_rep__5_n_0 |    123 | FDCE        |
| sched_src_sel_reg_reg_n_0_[88][0]       |    121 | FDCE        |
| bf_vector_id_reg[0]_rep__16_n_0         |    120 | FDCE        |
| bf_vector_id_reg[0]_rep__18_n_0         |    120 | FDCE        |
| result_group[2]                         |    120 | FDCE        |
| signal_reg[8][23]_i_33_n_0              |    120 | LUT6        |
| signal_reg[1][23]_i_18_n_0              |    120 | LUT6        |
| bf_vector_id_reg[0]_rep__6_n_0          |    119 | FDCE        |
| sched_bank_reg_reg[0]_rep__11_n_0       |    119 | FDCE        |
| bf_vector_id_reg[0]_rep__17_n_0         |    118 | FDCE        |
| signal_reg[44][21]_i_19_n_0             |    118 | LUT4        |
| operand_valid_reg_reg[0]_rep__6_n_0     |    118 | FDCE        |
| r4a_issue_cycle_reg[0][2]_rep__5_n_0    |    118 | FDCE        |
| result_stage16_flat[47]_INST_0_i_42_n_0 |    117 | LUT2        |
| bf_cycle[5]                             |    117 | FDCE        |
| r4a_issue_cycle_reg[0][1]_rep__5_n_0    |    116 | FDCE        |
| r4a_issue_active_reg[0]_rep__3_n_0      |    115 | FDCE        |
| result_stage16_flat[47]_INST_0_i_35_n_0 |    114 | LUT2        |
| result_final10_flat[1]_INST_0_i_16_n_0  |    114 | LUT2        |
| r4a_issue_cycle_reg[0][1]               |    114 | FDCE        |
| operand_valid_reg_reg_n_0_[0]           |    113 | FDCE        |
| operand_valid_reg_reg[0]_rep__7_n_0     |    113 | FDCE        |
| sched_bank_reg_reg[0]_rep_n_0           |    113 | FDCE        |
| result_final10_flat[37]_INST_0_i_22_n_0 |    113 | LUT2        |
| r4a_issue_cycle_reg[0][0]_rep__4_n_0    |    113 | FDCE        |
| r4a_issue_cycle_reg[0][1]_rep__3_n_0    |    113 | FDCE        |
| r4a_issue_cycle_reg[0][0]_rep__5_n_0    |    113 | FDCE        |
| r4a_issue_cycle_reg[0][3]_rep__3_n_0    |    113 | FDCE        |
| r4a_issue_cycle_reg[0][2]_rep__2_n_0    |    112 | FDCE        |
| sched_valid_reg_reg_n_0_[88]            |    112 | FDCE        |
| result_final10_flat[29]_INST_0_i_12_n_0 |    111 | LUT2        |
| result_stage16_flat[63]_INST_0_i_41_n_0 |    111 | LUT2        |
| result_stage16_flat[47]_INST_0_i_26_n_0 |    111 | LUT2        |
| result_stage16_flat[47]_INST_0_i_27_n_0 |    109 | LUT2        |
| r4a_issue_cycle_reg[0][3]_rep__4_n_0    |    108 | FDCE        |
| result_stage16_flat[47]_INST_0_i_11_n_0 |    108 | LUT3        |
| signal_reg[39][23]_i_18_n_0             |    108 | LUT6        |
| result_stage16_flat[47]_INST_0_i_38_n_0 |    108 | LUT3        |
| sched_bank_reg_reg[0]_rep__16_n_0       |    108 | FDCE        |
| result_stage16_flat[47]_INST_0_i_37_n_0 |    108 | LUT3        |
| signal_reg[42][23]_i_20_n_0             |    108 | LUT6        |
| result_stage16_flat[47]_INST_0_i_29_n_0 |    107 | LUT2        |
| result_final10_flat[23]_INST_0_i_11_n_0 |    107 | LUT2        |
| sched_valid_reg_reg[88]_rep__0_n_0      |    107 | FDCE        |
| sched_bank_reg_reg[0]_rep__1_n_0        |    106 | FDCE        |
| r4a_issue_cycle_reg[0][0]_rep_n_0       |    106 | FDCE        |
| sched_src_sel_reg_reg[0][0]_rep__3_n_0  |    106 | FDCE        |
| bf_vector_id_reg[0]_rep__13_n_0         |    106 | FDCE        |
| r4a_issue_cycle_reg[0][1]_rep__0_n_0    |    106 | FDCE        |
| r4a_issue_cycle_reg[0][0]               |    105 | FDCE        |
| r4a_issue_cycle_reg[0][1]_rep_n_0       |    105 | FDCE        |
| result_stage16_flat[29]_INST_0_i_32_n_0 |    103 | LUT2        |
| result_final10_flat[37]_INST_0_i_39_n_0 |    103 | LUT2        |
| result_stage16_flat[47]_INST_0_i_49_n_0 |    103 | LUT2        |
| operand_valid_reg_reg[0]_rep__4_n_0     |    102 | FDCE        |
| result_final10_flat[21]_INST_0_i_20_n_0 |    102 | LUT2        |
| bf_vector_id_reg[0]_rep__8_n_0          |    101 | FDCE        |
| r4a_issue_active_reg[0]_rep__4_n_0      |    101 | FDCE        |
| sched_bank_reg_reg[0]_rep__0_n_0        |    100 | FDCE        |
| signal_reg[92][7]_i_2_n_0               |    100 | LUT5        |
| result_stage16_flat[47]_INST_0_i_50_n_0 |    100 | LUT2        |
| bf_vector_id_reg[0]_rep__0_n_0          |     99 | FDCE        |
| result_group[0]                         |     99 | FDCE        |
| operand_valid_reg_reg[0]_rep__19_n_0    |     98 | FDCE        |
| sched_bank_reg_reg[0]_rep__15_n_0       |     98 | FDCE        |
| bf_vector_id_reg[0]_rep__11_n_0         |     98 | FDCE        |
| red_s1_data[19][23]_i_3_n_0             |     96 | LUT6        |
| dot_value_bank[1][1][23]_i_1_n_0        |     96 | LUT6        |
| operand_valid_reg_reg[0]_rep__14_n_0    |     96 | FDCE        |
| operand_valid_reg_reg[88]_rep__7_n_0    |     96 | FDCE        |
| sched_valid_reg_reg[0]_rep__3_n_0       |     96 | FDCE        |
| dot_value_bank[0][17][23]_i_1_n_0       |     96 | LUT2        |
| dot_value_bank[0]                       |     96 | LUT6        |
| signal_reg[63][21]_i_61_n_0             |     96 | LUT6        |
| dot_value_bank[1][17][23]_i_1_n_0       |     96 | LUT2        |
| dot_value_bank[0][4][23]_i_1_n_0        |     96 | LUT6        |
| dot_value_bank[0][25][23]_i_1_n_0       |     96 | LUT2        |
| dot_value_bank[1][25][23]_i_1_n_0       |     96 | LUT2        |
| signal_reg[23][21]_i_62_n_0             |     96 | LUT6        |
| signal_reg[19][21]_i_24_n_0             |     96 | LUT4        |
| signal_reg[19][21]_i_22_n_0             |     96 | LUT5        |
| signal_reg[19][21]_i_54_n_0             |     96 | LUT6        |
| dot_value_bank[1][4][23]_i_1_n_0        |     96 | LUT6        |
| operand_valid_reg_reg[88]_rep__0_n_0    |     96 | FDCE        |
| signal_reg[11][23]_i_20_n_0             |     96 | LUT6        |
| sched_bank_reg_reg[0]_rep__7_n_0        |     94 | FDCE        |
| operand_valid_reg_reg[0]_rep__8_n_0     |     94 | FDCE        |
| result_stage16_flat[15]_INST_0_i_14_n_0 |     94 | LUT3        |
| sched_src_sel_reg_reg[0][0]_rep__2_n_0  |     93 | FDCE        |
| operand_valid_reg_reg[0]_rep__13_n_0    |     93 | FDCE        |
| operand_valid_reg_reg[0]_rep__9_n_0     |     93 | FDCE        |
| bf_vector_id_reg[0]_rep__5_n_0          |     93 | FDCE        |
| r4a_issue_active_reg[0]_rep__2_n_0      |     93 | FDCE        |
| r4a_issue_cycle_reg[0][3]_rep__0_n_0    |     92 | FDCE        |
| sched_src_sel_reg_reg[88][0]_rep__3_n_0 |     91 | FDCE        |
| red_s1_data[9][23]_i_3_n_0              |     91 | LUT6        |
| bf_vector_id_reg[0]_rep__12_n_0         |     91 | FDCE        |
| r4a_issue_cycle_reg[0][2]_rep__1_n_0    |     90 | FDCE        |
| operand_valid_reg_reg[88]_rep__4_n_0    |     90 | FDCE        |
| bf_vector_id_reg[0]_rep__10_n_0         |     89 | FDCE        |
| sched_bank_reg_reg[0]_rep__10_n_0       |     89 | FDCE        |
| result_stage16_flat[47]_INST_0_i_34_n_0 |     89 | LUT2        |
| r4a_issue_active_reg[0]_rep__5_n_0      |     88 | FDCE        |
| bf_vector_id_reg[0]_rep__3_n_0          |     88 | FDCE        |
| sched_bank_reg_reg[0]_rep__9_n_0        |     88 | FDCE        |
| r4a_issue_cycle_reg[0][2]_rep_n_0       |     88 | FDCE        |
| r4a_issue_cycle_reg[0][3]_rep__5_n_0    |     87 | FDCE        |
| r4a_issue_active_reg[0]__0              |     87 | FDCE        |
| operand_valid_reg_reg[0]_rep__0_n_0     |     85 | FDCE        |
| result_ready[0]_i_2_n_0                 |     85 | LUT2        |
| output_group_reg[0]_rep__1_n_0          |     84 | FDCE        |
| r4a_issue_cycle_reg[0][0]_rep__2_n_0    |     84 | FDCE        |
| sched_src_sel_reg_reg[88][0]_rep_n_0    |     84 | FDCE        |
| bf_vector_id_reg[0]_rep__4_n_0          |     83 | FDCE        |
| result_group[3]                         |     82 | FDCE        |
| signal_reg[40][23]_i_2_n_0              |     82 | LUT4        |
| red_cycle[1]                            |     81 | FDCE        |
| r4a_issue_cycle_reg[0][1]_rep__2_n_0    |     81 | FDCE        |
| r4a_issue_cycle_reg[0][3]               |     81 | FDCE        |
| r4a_issue_cycle_reg[0][2]_rep__4_n_0    |     80 | FDCE        |
| sched_bank_reg_reg[0]_rep__4_n_0        |     80 | FDCE        |
| result_final10_flat[27]_INST_0_i_39_n_0 |     80 | LUT2        |
| operand_valid_reg_reg[0]_rep__17_n_0    |     79 | FDCE        |
| operand_valid_reg_reg[0]_rep__11_n_0    |     79 | FDCE        |
| result_final10_flat[9]_INST_0_i_6_n_0   |     78 | LUT2        |
| output_group_reg[2]_rep_n_0             |     76 | FDCE        |
| output_group_reg[0]_rep__0_n_0          |     75 | FDCE        |
| bf_vector_id_reg[0]_rep__14_n_0         |     75 | FDCE        |
| result_final10_flat[37]_INST_0_i_23_n_0 |     74 | LUT2        |
| signal_reg[51][23]_i_3_n_0              |     74 | LUT6        |
| result_ready[1]_i_2_n_0                 |     74 | LUT2        |
| signal_reg[8][23]_i_22_n_0              |     74 | LUT4        |
| sched_valid_reg_reg[0]_rep__1_n_0       |     74 | FDCE        |
| operand_valid_reg_reg[0]_rep__1_n_0     |     73 | FDCE        |
| signal_reg[100][21]_i_1_n_0             |     72 | LUT3        |
| signal_reg[108][21]_i_1_n_0             |     72 | LUT3        |
| signal_reg[120][21]_i_1_n_0             |     72 | LUT3        |
| signal_reg[26][23]_i_29_n_0             |     72 | LUT6        |
| signal_reg[116][21]_i_1_n_0             |     72 | LUT3        |
| signal_reg[112][21]_i_1_n_0             |     72 | LUT3        |
| signal_reg[5][23]_i_1_n_0               |     72 | LUT6        |
| operand_valid_reg_reg_n_0_[88]          |     72 | FDCE        |
| bf_vector_id_reg[0]_rep__1_n_0          |     72 | FDCE        |
| signal_reg[96][21]_i_1_n_0              |     72 | LUT3        |
| operand_valid_reg_reg[0]_rep__16_n_0    |     72 | FDCE        |
| red_s1_data[15][23]_i_4_n_0             |     71 | LUT6        |
| sched_src_sel_reg_reg_n_0_[0][0]        |     71 | FDCE        |
| signal_reg[23][21]_i_22_n_0             |     70 | LUT5        |
| signal_reg[63][21]_i_21_n_0             |     70 | LUT5        |
| output_active_i_4_n_0                   |     70 | LUT2        |
| signal_reg[44][21]_i_21_n_0             |     70 | LUT5        |
| red_cycle[2]                            |     70 | FDCE        |
| red_s2_data[1][23]_i_4_n_0              |     68 | LUT6        |
| operand_valid_reg_reg[0]_rep__18_n_0    |     67 | FDCE        |
| sched_valid_reg_reg_n_0_[0]             |     67 | FDCE        |
| sched_valid_reg_reg[0]_rep__2_n_0       |     67 | FDCE        |
| bf_cycle[1]                             |     67 | FDCE        |
| sched_src_sel_reg_reg[0][0]_rep__0_n_0  |     66 | FDCE        |
| sched_bank_reg_reg[0]_rep__14_n_0       |     66 | FDCE        |
| result_stage16_flat[63]_INST_0_i_21_n_0 |     64 | LUT2        |
| signal_reg[44][15]_i_74_n_0             |     64 | LUT6        |
| result_stage16_flat[63]_INST_0_i_23_n_0 |     64 | LUT2        |
| result_stage16_flat[63]_INST_0_i_25_n_0 |     64 | LUT2        |
| result_vector_id[1]                     |     60 | FDCE        |
| result_vector_id[0]                     |     60 | FDCE        |
| operand_valid_reg_reg[0]_rep__10_n_0    |     58 | FDCE        |
| sched_bank_reg_reg[0]_rep__6_n_0        |     58 | FDCE        |
| result_final10_flat[19]_INST_0_i_37_n_0 |     57 | LUT2        |
| bf_cycle[0]                             |     56 | FDCE        |
| operand_valid_reg_reg[0]_rep__5_n_0     |     56 | FDCE        |
| red_cycle[3]                            |     56 | FDCE        |
| red_cycle[0]                            |     55 | FDCE        |
| signal_reg[92][21]_i_1_n_0              |     54 | LUT3        |
| signal_reg[104][21]_i_1_n_0             |     54 | LUT3        |
| bf_active                               |     54 | FDCE        |
| p_28_in                                 |     54 | LUT5        |
| dot_value_bank_reg[0][63][17]           |     53 | FDCE        |
| dot_value_bank_reg[1][63][17]           |     53 | FDCE        |
| dot_value_bank_reg[0][63][16]           |     53 | FDCE        |
| dot_value_bank_reg[0][63][15]           |     53 | FDCE        |
| dot_value_bank_reg[0][63][14]           |     53 | FDCE        |
| dot_value_bank_reg[1][63][18]           |     53 | FDCE        |
| dot_value_bank_reg[1][63][19]           |     53 | FDCE        |
| dot_value_bank_reg[0][63][13]           |     53 | FDCE        |
| dot_value_bank_reg[0][63][12]           |     53 | FDCE        |
| dot_value_bank_reg[1][63][1]            |     53 | FDCE        |
| dot_value_bank_reg[1][63][20]           |     53 | FDCE        |
| dot_value_bank_reg[1][63][21]           |     53 | FDCE        |
| dot_value_bank_reg[0][63][11]           |     53 | FDCE        |
| dot_value_bank_reg[1][63][9]            |     53 | FDCE        |
| dot_value_bank_reg[0][63][10]           |     53 | FDCE        |
| dot_value_bank_reg[0][63][0]            |     53 | FDCE        |
| dot_value_bank_reg[0][63][6]            |     53 | FDCE        |
| dot_value_bank_reg[1][63][7]            |     53 | FDCE        |
| dot_value_bank_reg[1][63][6]            |     53 | FDCE        |
| dot_value_bank_reg[1][63][5]            |     53 | FDCE        |
| dot_value_bank_reg[1][63][4]            |     53 | FDCE        |
| dot_value_bank_reg[1][63][3]            |     53 | FDCE        |
| dot_value_bank_reg[1][63][2]            |     53 | FDCE        |
| dot_value_bank_reg[1][63][11]           |     53 | FDCE        |
| dot_value_bank_reg[1][63][10]           |     53 | FDCE        |
| dot_value_bank_reg[0][63][9]            |     53 | FDCE        |
| dot_value_bank_reg[0][63][8]            |     53 | FDCE        |
| dot_value_bank_reg[0][63][7]            |     53 | FDCE        |
| dot_value_bank_reg[0][63][5]            |     53 | FDCE        |
+-----------------------------------------+--------+-------------+


