Copyright 1986-2022 Xilinx, Inc. All Rights Reserved. Copyright 2022-2025 Advanced Micro Devices, Inc. All Rights Reserved.
-------------------------------------------------------------------------------------------------------------------------------------------------------------------------------------------
| Tool Version : Vivado v.2025.2 (win64) Build 6299465 Fri Nov 14 19:35:11 GMT 2025
| Date         : Wed Sep  9 20:23:48 2026
| Host         : Finesse running 64-bit major release  (build 9200)
| Command      : report_high_fanout_nets -max_nets 100 -file D:/Workspace/ITS_STUDY_V35_P2F_B2_R4A_OPERAND_LOCAL/03_verification/vivado/reports_r4a_synth/report_high_fanout_postsynth.rpt
| Design       : p2f_dct2_64_b1_step102
| Device       : xcku5p
| Design State : Synthesized
-------------------------------------------------------------------------------------------------------------------------------------------------------------------------------------------

High Fan-out Nets Information

1. Summary
----------

+-----------------------------------------+--------+-------------+
| Net Name                                | Fanout | Driver Type |
+-----------------------------------------+--------+-------------+
| output_active_i_2_n_0                   |  21292 | LUT1        |
| red_s0_data[0]                          |   1056 | LUT5        |
| final10_mem[1][60][0]_i_1_n_0           |   1040 | LUT3        |
| final10_mem[2][60][0]_i_1_n_0           |   1040 | LUT3        |
| final10_mem[3][60][0]_i_1_n_0           |   1040 | LUT3        |
| ready_vector_id[0]                      |   1040 | LUT3        |
| r4a_vector_buf_a[0]                     |   1024 | LUT2        |
| r4a_vector_buf_b[0]                     |   1024 | LUT2        |
| signal_reg[42][23]_i_3_n_0              |    601 | LUT6        |
| red_s1_data[0]                          |    480 | LUT5        |
| red_s0_data[63][23]_i_1_n_0             |    480 | LUT6        |
| signal_reg[8][23]_i_1_n_0               |    384 | LUT4        |
| signal_reg[40][23]_i_1_n_0              |    384 | LUT4        |
| signal_reg[42][23]_i_1_n_0              |    336 | LUT3        |
| red_s1_data[27][23]_i_1_n_0             |    288 | LUT6        |
| signal_reg[11][23]_i_3_n_0              |    197 | LUT6        |
| dot_value_bank[1][8][23]_i_1_n_0        |    192 | LUT6        |
| red_s2_data[13][23]_i_1_n_0             |    192 | LUT6        |
| red_s2_data[0]                          |    192 | LUT5        |
| red_s3_data[0]                          |    192 | LUT6        |
| dot_value_bank[0][8][23]_i_1_n_0        |    192 | LUT6        |
| signal_reg[11][23]_i_1_n_0              |    192 | LUT2        |
| result_group[1]                         |    179 | FDCE        |
| signal_reg[26][23]_i_18_n_0             |    168 | LUT6        |
| result_vector_id[0]                     |    153 | FDCE        |
| result_vector_id[1]                     |    153 | FDCE        |
| r4a_issue_active_reg[0]__0              |    152 | FDCE        |
| signal_reg[0][23]_i_3_n_0               |    147 | LUT6        |
| signal_reg[44][21]_i_45_n_0             |    144 | LUT5        |
| sched_bank_reg_reg[0]_rep__2_n_0        |    144 | FDCE        |
| sched_bank_reg_reg[0]_rep__1_n_0        |    144 | FDCE        |
| signal_reg[44][21]_i_44_n_0             |    144 | LUT4        |
| sched_bank_reg_reg[0]_rep_n_0           |    144 | FDCE        |
| sched_bank_reg_reg_n_0_[0]              |    144 | FDCE        |
| bf_vector_id_reg[0]_rep__5_n_0          |    142 | FDCE        |
| signal_reg[8][23]_i_21_n_0              |    141 | LUT4        |
| signal_reg[8][23]_i_22_n_0              |    141 | LUT4        |
| result_ready[0]_i_2_n_0                 |    139 | LUT2        |
| sched_valid_reg_reg_n_0_[88]            |    138 | FDCE        |
| r4a_issue_cycle_reg[0][0]_rep_n_0       |    138 | FDCE        |
| r4a_issue_cycle_reg[0][3]_rep__4_n_0    |    137 | FDCE        |
| bf_vector_id_reg[0]_rep__6_n_0          |    136 | FDCE        |
| bf_vector_id_reg[0]_rep__8_n_0          |    136 | FDCE        |
| bf_vector_id_reg[0]_rep__7_n_0          |    136 | FDCE        |
| result_final10_flat[27]_INST_0_i_39_n_0 |    136 | LUT2        |
| sched_valid_reg_reg_n_0_[0]             |    134 | FDCE        |
| result_stage16_flat[63]_INST_0_i_27_n_0 |    132 | LUT2        |
| r4a_issue_cycle_reg[0][1]_rep_n_0       |    130 | FDCE        |
| result_ready[2]_i_2_n_0                 |    130 | LUT2        |
| result_ready[3]_i_3_n_0                 |    130 | LUT2        |
| result_ready[1]_i_2_n_0                 |    130 | LUT2        |
| output_group_reg[2]_rep_n_0             |    129 | FDCE        |
| sched_src_sel_reg_reg[88][0]_rep__2_n_0 |    128 | FDCE        |
| sched_valid_reg_reg[0]_rep__4_n_0       |    128 | FDCE        |
| result_stage16_flat[63]_INST_0_i_41_n_0 |    128 | LUT2        |
| sched_bank_reg_reg[0]_rep__3_n_0        |    128 | FDCE        |
| sched_src_sel_reg_reg[88][0]_rep__3_n_0 |    128 | FDCE        |
| sched_src_sel_reg_reg[88][0]_rep__0_n_0 |    128 | FDCE        |
| sched_bank_reg_reg[0]_rep__4_n_0        |    128 | FDCE        |
| sched_src_sel_reg_reg[0][0]_rep__0_n_0  |    128 | FDCE        |
| sched_valid_reg_reg[88]_rep__0_n_0      |    128 | FDCE        |
| sched_valid_reg_reg[0]_rep_n_0          |    128 | FDCE        |
| result_final10_flat[29]_INST_0_i_12_n_0 |    128 | LUT2        |
| result_stage16_flat[47]_INST_0_i_27_n_0 |    128 | LUT2        |
| sched_src_sel_reg_reg[0][0]_rep_n_0     |    128 | FDCE        |
| sched_valid_reg_reg[0]_rep__0_n_0       |    128 | FDCE        |
| output_bank_reg[1]_rep_n_0              |    128 | FDCE        |
| sched_src_sel_reg_reg[88][0]_rep_n_0    |    128 | FDCE        |
| sched_src_sel_reg_reg[88][0]_rep__6_n_0 |    128 | FDCE        |
| sched_src_sel_reg_reg[88][0]_rep__4_n_0 |    128 | FDCE        |
| output_bank_reg[0]_rep_n_0              |    128 | FDCE        |
| sched_valid_reg_reg[0]_rep__3_n_0       |    128 | FDCE        |
| result_final10_flat[37]_INST_0_i_39_n_0 |    128 | LUT2        |
| sched_valid_reg_reg[0]_rep__2_n_0       |    128 | FDCE        |
| sched_valid_reg_reg[88]_rep__1_n_0      |    128 | FDCE        |
| sched_valid_reg_reg[88]_rep_n_0         |    128 | FDCE        |
| sched_src_sel_reg_reg[88][0]_rep__7_n_0 |    128 | FDCE        |
| sched_src_sel_reg_reg[88][0]_rep__8_n_0 |    128 | FDCE        |
| sched_src_sel_reg_reg[0][0]_rep__2_n_0  |    128 | FDCE        |
| sched_src_sel_reg_reg[88][0]_rep__1_n_0 |    128 | FDCE        |
| sched_src_sel_reg_reg[88][0]_rep__5_n_0 |    128 | FDCE        |
| sched_valid_reg_reg[0]_rep__1_n_0       |    128 | FDCE        |
| sched_src_sel_reg_reg[0][0]_rep__1_n_0  |    128 | FDCE        |
| sched_bank_reg_reg[0]_rep__0_n_0        |    128 | FDCE        |
| sched_src_sel_reg_reg_n_0_[88][0]       |    128 | FDCE        |
| r4a_issue_cycle_reg[0][0]_rep__4_n_0    |    128 | FDCE        |
| result_final10_flat[37]_INST_0_i_22_n_0 |    128 | LUT2        |
| sched_src_sel_reg_reg_n_0_[0][0]        |    128 | FDCE        |
| result_final10_flat[9]_INST_0_i_6_n_0   |    128 | LUT2        |
| result_final10_flat[37]_INST_0_i_23_n_0 |    128 | LUT2        |
| r4a_issue_active_reg[0]_rep__3_n_0      |    127 | FDCE        |
| r4a_issue_active_reg[0]_rep__2_n_0      |    127 | FDCE        |
| r4a_issue_active_reg[0]_rep__1_n_0      |    127 | FDCE        |
| r4a_issue_cycle_reg[0][1]_rep__4_n_0    |    127 | FDCE        |
| r4a_issue_active_reg[0]_rep__0_n_0      |    127 | FDCE        |
| r4a_issue_cycle_reg[0][3]_rep__0_n_0    |    127 | FDCE        |
| r4a_issue_active_reg[0]_rep_n_0         |    127 | FDCE        |
| r4a_issue_cycle_reg[0][3]_rep__5_n_0    |    127 | FDCE        |
| r4a_issue_cycle_reg[0][3]_rep__3_n_0    |    127 | FDCE        |
| r4a_issue_cycle_reg[0][3]_rep__2_n_0    |    127 | FDCE        |
+-----------------------------------------+--------+-------------+


