Copyright 1986-2022 Xilinx, Inc. All Rights Reserved. Copyright 2022-2025 Advanced Micro Devices, Inc. All Rights Reserved.
------------------------------------------------------------------------------------------------------------------------------------------------------------------------------------------------
| Tool Version      : Vivado v.2025.2 (win64) Build 6299465 Fri Nov 14 19:35:11 GMT 2025
| Date              : Sun Sep 13 19:46:40 2026
| Host              : Finesse running 64-bit major release  (build 9200)
| Command           : report_exceptions -file C:/Users/Fine/Documents/Codex/2026-07-23/ni/_its_new_remote_audit_20260910/05_audit/current/22/boundary_pre_core2/report_exceptions_postroute.rpt
| Design            : step12c_registered_neighbor_harness
| Device            : xcku5p-ffvb676
| Speed File        : -2  PRODUCTION 1.29 05-01-2022
| Design State      : Routed
| Temperature Grade : E
------------------------------------------------------------------------------------------------------------------------------------------------------------------------------------------------

Exceptions Report

No valid timing exceptions found.

