Copyright 1986-2022 Xilinx, Inc. All Rights Reserved. Copyright 2022-2025 Advanced Micro Devices, Inc. All Rights Reserved.
--------------------------------------------------------------------------------------------------------------------------------------------------
| Tool Version      : Vivado v.2025.2 (win64) Build 6299465 Fri Nov 14 19:35:11 GMT 2025
| Date              : Sat Aug  8 23:14:18 2026
| Host              : Finesse running 64-bit major release  (build 9200)
| Command           : report_timing_summary -file ./v33_timing_summary.rpt
| Design            : its_top_500_singleclk
| Device            : xcku5p-ffvb676
| Speed File        : -2  PRODUCTION 1.29 05-01-2022
| Design State      : Physopt postRoute
| Temperature Grade : E
--------------------------------------------------------------------------------------------------------------------------------------------------

Timing Summary Report

------------------------------------------------------------------------------------------------
| Timer Settings
| --------------
------------------------------------------------------------------------------------------------

  Enable Multi Corner Analysis               :  Yes
  Enable Pessimism Removal                   :  Yes
  Pessimism Removal Resolution               :  Nearest Common Node
  Enable Input Delay Default Clock           :  No
  Enable Preset / Clear Arcs                 :  No
  Disable Flight Delays                      :  No
  Ignore I/O Paths                           :  No
  Timing Early Launch at Borrowing Latches   :  No
  Borrow Time for Max Delay Exceptions       :  Yes
  Merge Timing Exceptions                    :  Yes
  Inter-SLR Compensation                     :  Conservative

  Corner  Analyze    Analyze    
  Name    Max Paths  Min Paths  
  ------  ---------  ---------  
  Slow    Yes        Yes        
  Fast    Yes        Yes        


------------------------------------------------------------------------------------------------
| Report Methodology
| ------------------
------------------------------------------------------------------------------------------------

No report available as report_methodology has not been run prior. Run report_methodology on the current design for the summary of methodology violations.



check_timing report

Table of Contents
-----------------
1. checking no_clock (0)
2. checking constant_clock (0)
3. checking pulse_width_clock (0)
4. checking unconstrained_internal_endpoints (0)
5. checking no_input_delay (1)
6. checking no_output_delay (0)
7. checking multiple_clock (0)
8. checking generated_clocks (0)
9. checking loops (0)
10. checking partial_input_delay (0)
11. checking partial_output_delay (0)
12. checking latch_loops (0)

1. checking no_clock (0)
------------------------
 There are 0 register/latch pins with no clock.


2. checking constant_clock (0)
------------------------------
 There are 0 register/latch pins with constant_clock.


3. checking pulse_width_clock (0)
---------------------------------
 There are 0 register/latch pins which need pulse_width check


4. checking unconstrained_internal_endpoints (0)
------------------------------------------------
 There are 0 pins that are not constrained for maximum delay.

 There are 0 pins that are not constrained for maximum delay due to constant clock.


5. checking no_input_delay (1)
------------------------------
 There are 0 input ports with no input delay specified.

 There is 1 input port with no input delay but user has a false path constraint. (MEDIUM)


6. checking no_output_delay (0)
-------------------------------
 There are 0 ports with no output delay specified.

 There are 0 ports with no output delay but user has a false path constraint

 There are 0 ports with no output delay but with a timing clock defined on it or propagating through it


7. checking multiple_clock (0)
------------------------------
 There are 0 register/latch pins with multiple clocks.


8. checking generated_clocks (0)
--------------------------------
 There are 0 generated clocks that are not connected to a clock source.


9. checking loops (0)
---------------------
 There are 0 combinational loops in the design.


10. checking partial_input_delay (0)
------------------------------------
 There are 0 input ports with partial input delay specified.


11. checking partial_output_delay (0)
-------------------------------------
 There are 0 ports with partial output delay specified.


12. checking latch_loops (0)
----------------------------
 There are 0 combinational latch loops in the design through latch input



------------------------------------------------------------------------------------------------
| Design Timing Summary
| ---------------------
------------------------------------------------------------------------------------------------

    WNS(ns)      TNS(ns)  TNS Failing Endpoints  TNS Total Endpoints      WHS(ns)      THS(ns)  THS Failing Endpoints  THS Total Endpoints     WPWS(ns)     TPWS(ns)  TPWS Failing Endpoints  TPWS Total Endpoints  
    -------      -------  ---------------------  -------------------      -------      -------  ---------------------  -------------------     --------     --------  ----------------------  --------------------  
      0.067        0.000                      0                 9603        0.030        0.000                      0                 9603        0.431        0.000                       0                  2696  


All user specified timing constraints are met.


------------------------------------------------------------------------------------------------
| Clock Summary
| -------------
------------------------------------------------------------------------------------------------

Clock  Waveform(ns)         Period(ns)      Frequency(MHz)
-----  ------------         ----------      --------------
clk    {0.000 1.000}        2.000           500.000         


------------------------------------------------------------------------------------------------
| Intra Clock Table
| -----------------
------------------------------------------------------------------------------------------------

Clock             WNS(ns)      TNS(ns)  TNS Failing Endpoints  TNS Total Endpoints      WHS(ns)      THS(ns)  THS Failing Endpoints  THS Total Endpoints     WPWS(ns)     TPWS(ns)  TPWS Failing Endpoints  TPWS Total Endpoints  
-----             -------      -------  ---------------------  -------------------      -------      -------  ---------------------  -------------------     --------     --------  ----------------------  --------------------  
clk                 0.067        0.000                      0                 8521        0.030        0.000                      0                 8521        0.431        0.000                       0                  2696  


------------------------------------------------------------------------------------------------
| Inter Clock Table
| -----------------
------------------------------------------------------------------------------------------------

From Clock    To Clock          WNS(ns)      TNS(ns)  TNS Failing Endpoints  TNS Total Endpoints      WHS(ns)      THS(ns)  THS Failing Endpoints  THS Total Endpoints  
----------    --------          -------      -------  ---------------------  -------------------      -------      -------  ---------------------  -------------------  


------------------------------------------------------------------------------------------------
| Other Path Groups Table
| -----------------------
------------------------------------------------------------------------------------------------

Path Group         From Clock         To Clock               WNS(ns)      TNS(ns)  TNS Failing Endpoints  TNS Total Endpoints      WHS(ns)      THS(ns)  THS Failing Endpoints  THS Total Endpoints  
----------         ----------         --------               -------      -------  ---------------------  -------------------      -------      -------  ---------------------  -------------------  
**async_default**  clk                clk                      0.123        0.000                      0                 1082        0.152        0.000                      0                 1082  


------------------------------------------------------------------------------------------------
| Timing Details
| --------------
------------------------------------------------------------------------------------------------


---------------------------------------------------------------------------------------------------
From Clock:  clk
  To Clock:  clk

Setup :            0  Failing Endpoints,  Worst Slack        0.067ns,  Total Violation        0.000ns
Hold  :            0  Failing Endpoints,  Worst Slack        0.030ns,  Total Violation        0.000ns
PW    :            0  Failing Endpoints,  Worst Slack        0.431ns,  Total Violation        0.000ns
---------------------------------------------------------------------------------------------------


Max Delay Paths
--------------------------------------------------------------------------------------
Slack (MET) :             0.067ns  (required time - arrival time)
  Source:                 u_wrapper/u_core/u_shared_engine/pf_dly_col_reg[0]/C
                            (rising edge-triggered cell FDCE clocked by clk  {rise@0.000ns fall@1.000ns period=2.000ns})
  Destination:            u_wrapper/u_core/u_shared_engine/coeff_buf_reg_r2_192_255_0_6/RAMB/I
                            (rising edge-triggered cell RAMD64E clocked by clk  {rise@0.000ns fall@1.000ns period=2.000ns})
  Path Group:             clk
  Path Type:              Setup (Max at Slow Process Corner)
  Requirement:            2.000ns  (clk rise@2.000ns - clk rise@0.000ns)
  Data Path Delay:        1.855ns  (logic 0.498ns (26.843%)  route 1.357ns (73.157%))
  Logic Levels:           7  (LUT4=1 LUT5=4 MUXF7=1 MUXF8=1)
  Clock Path Skew:        0.014ns (DCD - SCD + CPR)
    Destination Clock Delay (DCD):    0.043ns = ( 2.043 - 2.000 ) 
    Source Clock Delay      (SCD):    0.029ns
    Clock Pessimism Removal (CPR):    0.000ns
  Clock Uncertainty:      0.035ns  ((TSJ^2 + TIJ^2)^1/2 + DJ) / 2 + PE
    Total System Jitter     (TSJ):    0.071ns
    Total Input Jitter      (TIJ):    0.000ns
    Discrete Jitter          (DJ):    0.000ns
    Phase Error              (PE):    0.000ns

    Location             Delay type                Incr(ns)  Path(ns)    Netlist Resource(s)
  -------------------------------------------------------------------    -------------------
                         (clock clk rise edge)        0.000     0.000 r  
                                                      0.000     0.000 r  clk (IN)
                         net (fo=2723, unset)         0.029     0.029    u_wrapper/u_core/u_shared_engine/clk
    SLICE_X63Y132        FDCE                                         r  u_wrapper/u_core/u_shared_engine/pf_dly_col_reg[0]/C
  -------------------------------------------------------------------    -------------------
    SLICE_X63Y132        FDCE (Prop_HFF2_SLICEL_C_Q)
                                                      0.080     0.109 r  u_wrapper/u_core/u_shared_engine/pf_dly_col_reg[0]/Q
                         net (fo=4, routed)           0.168     0.277    u_wrapper/u_core/u_shared_engine/pf_dly_col[0]
    SLICE_X65Y133        LUT5 (Prop_E6LUT_SLICEL_I0_O)
                                                      0.147     0.424 r  u_wrapper/u_core/u_shared_engine/coeff_buf_reg_0_255_0_0_i_26/O
                         net (fo=3, routed)           0.102     0.526    u_wrapper/u_core/u_shared_engine/coeff_buf_reg_0_255_0_0_i_26_n_0
    SLICE_X63Y133        LUT5 (Prop_B6LUT_SLICEL_I2_O)
                                                      0.051     0.577 r  u_wrapper/u_core/u_shared_engine/coeff_buf_reg_0_255_0_0_i_23/O
                         net (fo=3, routed)           0.050     0.627    u_wrapper/u_core/u_shared_engine/coeff_buf_reg_0_255_0_0_i_23_n_0
    SLICE_X63Y133        LUT5 (Prop_E6LUT_SLICEL_I2_O)
                                                      0.035     0.662 r  u_wrapper/u_core/u_shared_engine/coeff_buf_reg_0_255_0_0_i_18/O
                         net (fo=7, routed)           0.092     0.754    u_wrapper/u_core/u_shared_engine/coeff_buf_reg_0_255_0_0_i_18_n_0
    SLICE_X63Y134        LUT4 (Prop_B6LUT_SLICEL_I0_O)
                                                      0.051     0.805 r  u_wrapper/u_core/u_shared_engine/coeff_buf_reg_0_255_0_0_i_3/O
                         net (fo=160, routed)         0.401     1.206    u_wrapper/u_core/u_shared_engine/coeff_buf_reg_0_255_1_1/A6
    SLICE_X61Y137        MUXF7 (Prop_F7MUX_GH_SLICEM_S_O)
                                                      0.069     1.275 r  u_wrapper/u_core/u_shared_engine/coeff_buf_reg_0_255_1_1/F7.SPA/O
                         net (fo=1, routed)           0.000     1.275    u_wrapper/u_core/u_shared_engine/coeff_buf_reg_0_255_1_1/SPO4
    SLICE_X61Y137        MUXF8 (Prop_F8MUX_TOP_SLICEM_I0_O)
                                                      0.028     1.303 r  u_wrapper/u_core/u_shared_engine/coeff_buf_reg_0_255_1_1/F8.SP/O
                         net (fo=1, routed)           0.235     1.538    u_wrapper/u_core/u_shared_engine/p_4_out[1]
    SLICE_X61Y140        LUT5 (Prop_E6LUT_SLICEM_I4_O)
                                                      0.037     1.575 r  u_wrapper/u_core/u_shared_engine/coeff_buf_reg_0_255_1_1_i_1/O
                         net (fo=17, routed)          0.309     1.884    u_wrapper/u_core/u_shared_engine/coeff_buf_reg_r2_192_255_0_6/DIB
    SLICE_X61Y131        RAMD64E                                      r  u_wrapper/u_core/u_shared_engine/coeff_buf_reg_r2_192_255_0_6/RAMB/I
  -------------------------------------------------------------------    -------------------

                         (clock clk rise edge)        2.000     2.000 r  
                                                      0.000     2.000 r  clk (IN)
                         net (fo=2723, unset)         0.043     2.043    u_wrapper/u_core/u_shared_engine/coeff_buf_reg_r2_192_255_0_6/WCLK
    SLICE_X61Y131        RAMD64E                                      r  u_wrapper/u_core/u_shared_engine/coeff_buf_reg_r2_192_255_0_6/RAMB/CLK
                         clock pessimism              0.000     2.043    
                         clock uncertainty           -0.035     2.008    
    SLICE_X61Y131        RAMD64E (Setup_B6LUT_SLICEM_CLK_I)
                                                     -0.056     1.952    u_wrapper/u_core/u_shared_engine/coeff_buf_reg_r2_192_255_0_6/RAMB
  -------------------------------------------------------------------
                         required time                          1.952    
                         arrival time                          -1.884    
  -------------------------------------------------------------------
                         slack                                  0.067    





Min Delay Paths
--------------------------------------------------------------------------------------
Slack (MET) :             0.030ns  (arrival time - required time)
  Source:                 u_wrapper/u_cmd_fifo/wr_ptr_gray_sync1_reg[0]/C
                            (rising edge-triggered cell FDCE clocked by clk  {rise@0.000ns fall@1.000ns period=2.000ns})
  Destination:            u_wrapper/u_cmd_fifo/wr_ptr_gray_sync2_reg[0]/D
                            (rising edge-triggered cell FDCE clocked by clk  {rise@0.000ns fall@1.000ns period=2.000ns})
  Path Group:             clk
  Path Type:              Hold (Min at Fast Process Corner)
  Requirement:            0.000ns  (clk rise@0.000ns - clk rise@0.000ns)
  Data Path Delay:        0.081ns  (logic 0.039ns (48.148%)  route 0.042ns (51.852%))
  Logic Levels:           0  
  Clock Path Skew:        0.005ns (DCD - SCD - CPR)
    Destination Clock Delay (DCD):    0.018ns
    Source Clock Delay      (SCD):    0.013ns
    Clock Pessimism Removal (CPR):    -0.000ns

    Location             Delay type                Incr(ns)  Path(ns)    Netlist Resource(s)
  -------------------------------------------------------------------    -------------------
                         (clock clk rise edge)        0.000     0.000 r  
                                                      0.000     0.000 r  clk (IN)
                         net (fo=2723, unset)         0.013     0.013    u_wrapper/u_cmd_fifo/clk
    SLICE_X63Y122        FDCE                                         r  u_wrapper/u_cmd_fifo/wr_ptr_gray_sync1_reg[0]/C
  -------------------------------------------------------------------    -------------------
    SLICE_X63Y122        FDCE (Prop_EFF_SLICEL_C_Q)
                                                      0.039     0.052 r  u_wrapper/u_cmd_fifo/wr_ptr_gray_sync1_reg[0]/Q
                         net (fo=1, routed)           0.042     0.094    u_wrapper/u_cmd_fifo/wr_ptr_gray_sync1[0]
    SLICE_X63Y123        FDCE                                         r  u_wrapper/u_cmd_fifo/wr_ptr_gray_sync2_reg[0]/D
  -------------------------------------------------------------------    -------------------

                         (clock clk rise edge)        0.000     0.000 r  
                                                      0.000     0.000 r  clk (IN)
                         net (fo=2723, unset)         0.018     0.018    u_wrapper/u_cmd_fifo/clk
    SLICE_X63Y123        FDCE                                         r  u_wrapper/u_cmd_fifo/wr_ptr_gray_sync2_reg[0]/C
                         clock pessimism              0.000     0.018    
    SLICE_X63Y123        FDCE (Hold_CFF_SLICEL_C_D)
                                                      0.046     0.064    u_wrapper/u_cmd_fifo/wr_ptr_gray_sync2_reg[0]
  -------------------------------------------------------------------
                         required time                         -0.064    
                         arrival time                           0.094    
  -------------------------------------------------------------------
                         slack                                  0.030    





Pulse Width Checks
--------------------------------------------------------------------------------------
Clock Name:         clk
Waveform(ns):       { 0.000 1.000 }
Period(ns):         2.000
Sources:            { clk }

Check Type        Corner  Lib Pin             Reference Pin  Required(ns)  Actual(ns)  Slack(ns)  Location      Pin
Min Period        n/a     RAMB36E2/CLKARDCLK  n/a            1.569         2.000       0.431      RAMB36_X5Y22  u_wrapper/u_core/out_mem_reg_1_bram_0/CLKARDCLK
Low Pulse Width   Slow    RAMB36E2/CLKARDCLK  n/a            0.542         1.000       0.458      RAMB36_X5Y22  u_wrapper/u_core/out_mem_reg_1_bram_0/CLKARDCLK
High Pulse Width  Slow    RAMB36E2/CLKARDCLK  n/a            0.542         1.000       0.458      RAMB36_X5Y22  u_wrapper/u_core/out_mem_reg_1_bram_0/CLKARDCLK



---------------------------------------------------------------------------------------------------
Path Group:  **async_default**
From Clock:  clk
  To Clock:  clk

Setup :            0  Failing Endpoints,  Worst Slack        0.123ns,  Total Violation        0.000ns
Hold  :            0  Failing Endpoints,  Worst Slack        0.152ns,  Total Violation        0.000ns
---------------------------------------------------------------------------------------------------


Max Delay Paths
--------------------------------------------------------------------------------------
Slack (MET) :             0.123ns  (required time - arrival time)
  Source:                 u_wrapper/u_rst_if/rst_pipe_reg[2]_replica_2/C
                            (rising edge-triggered cell FDCE clocked by clk  {rise@0.000ns fall@1.000ns period=2.000ns})
  Destination:            u_wrapper/u_core/u_shared_engine/base_addr_reg[4]/CLR
                            (recovery check against rising-edge clock clk  {rise@0.000ns fall@1.000ns period=2.000ns})
  Path Group:             **async_default**
  Path Type:              Recovery (Max at Slow Process Corner)
  Requirement:            2.000ns  (clk rise@2.000ns - clk rise@0.000ns)
  Data Path Delay:        1.767ns  (logic 0.081ns (4.584%)  route 1.686ns (95.416%))
  Logic Levels:           0  
  Clock Path Skew:        -0.008ns (DCD - SCD + CPR)
    Destination Clock Delay (DCD):    0.021ns = ( 2.021 - 2.000 ) 
    Source Clock Delay      (SCD):    0.029ns
    Clock Pessimism Removal (CPR):    0.000ns
  Clock Uncertainty:      0.035ns  ((TSJ^2 + TIJ^2)^1/2 + DJ) / 2 + PE
    Total System Jitter     (TSJ):    0.071ns
    Total Input Jitter      (TIJ):    0.000ns
    Discrete Jitter          (DJ):    0.000ns
    Phase Error              (PE):    0.000ns

    Location             Delay type                Incr(ns)  Path(ns)    Netlist Resource(s)
  -------------------------------------------------------------------    -------------------
                         (clock clk rise edge)        0.000     0.000 r  
                                                      0.000     0.000 r  clk (IN)
                         net (fo=2723, unset)         0.029     0.029    u_wrapper/u_rst_if/clk
    SLICE_X65Y146        FDCE                                         r  u_wrapper/u_rst_if/rst_pipe_reg[2]_replica_2/C
  -------------------------------------------------------------------    -------------------
    SLICE_X65Y146        FDCE (Prop_FFF2_SLICEL_C_Q)
                                                      0.081     0.110 r  u_wrapper/u_rst_if/rst_pipe_reg[2]_replica_2/Q
                         net (fo=216, routed)         1.686     1.796    u_wrapper/u_core/u_shared_engine/rst_sync_if_n_repN_2_alias
    SLICE_X61Y129        FDCE                                         f  u_wrapper/u_core/u_shared_engine/base_addr_reg[4]/CLR  (IS_INVERTED)
  -------------------------------------------------------------------    -------------------

                         (clock clk rise edge)        2.000     2.000 r  
                                                      0.000     2.000 r  clk (IN)
                         net (fo=2723, unset)         0.021     2.021    u_wrapper/u_core/u_shared_engine/clk
    SLICE_X61Y129        FDCE                                         r  u_wrapper/u_core/u_shared_engine/base_addr_reg[4]/C
                         clock pessimism              0.000     2.021    
                         clock uncertainty           -0.035     1.986    
    SLICE_X61Y129        FDCE (Recov_CFF_SLICEM_C_CLR)
                                                     -0.066     1.920    u_wrapper/u_core/u_shared_engine/base_addr_reg[4]
  -------------------------------------------------------------------
                         required time                          1.920    
                         arrival time                          -1.796    
  -------------------------------------------------------------------
                         slack                                  0.123    





Min Delay Paths
--------------------------------------------------------------------------------------
Slack (MET) :             0.152ns  (arrival time - required time)
  Source:                 u_wrapper/u_rst_if/rst_pipe_reg[2]/C
                            (rising edge-triggered cell FDCE clocked by clk  {rise@0.000ns fall@1.000ns period=2.000ns})
  Destination:            u_wrapper/u_core/u_shared_engine/base_addr_reg[12]/CLR
                            (removal check against rising-edge clock clk  {rise@0.000ns fall@1.000ns period=2.000ns})
  Path Group:             **async_default**
  Path Type:              Removal (Min at Fast Process Corner)
  Requirement:            0.000ns  (clk rise@0.000ns - clk rise@0.000ns)
  Data Path Delay:        0.137ns  (logic 0.039ns (28.479%)  route 0.098ns (71.521%))
  Logic Levels:           0  
  Clock Path Skew:        0.005ns (DCD - SCD - CPR)
    Destination Clock Delay (DCD):    0.018ns
    Source Clock Delay      (SCD):    0.013ns
    Clock Pessimism Removal (CPR):    -0.000ns

    Location             Delay type                Incr(ns)  Path(ns)    Netlist Resource(s)
  -------------------------------------------------------------------    -------------------
                         (clock clk rise edge)        0.000     0.000 r  
                                                      0.000     0.000 r  clk (IN)
                         net (fo=2723, unset)         0.013     0.013    u_wrapper/u_rst_if/clk
    SLICE_X64Y130        FDCE                                         r  u_wrapper/u_rst_if/rst_pipe_reg[2]/C
  -------------------------------------------------------------------    -------------------
    SLICE_X64Y130        FDCE (Prop_EFF_SLICEL_C_Q)
                                                      0.039     0.052 r  u_wrapper/u_rst_if/rst_pipe_reg[2]/Q
                         net (fo=3, routed)           0.098     0.150    u_wrapper/u_core/u_shared_engine/result_reg[21]
    SLICE_X63Y130        FDCE                                         f  u_wrapper/u_core/u_shared_engine/base_addr_reg[12]/CLR  (IS_INVERTED)
  -------------------------------------------------------------------    -------------------

                         (clock clk rise edge)        0.000     0.000 r  
                                                      0.000     0.000 r  clk (IN)
                         net (fo=2723, unset)         0.018     0.018    u_wrapper/u_core/u_shared_engine/clk
    SLICE_X63Y130        FDCE                                         r  u_wrapper/u_core/u_shared_engine/base_addr_reg[12]/C
                         clock pessimism              0.000     0.018    
    SLICE_X63Y130        FDCE (Remov_CFF2_SLICEL_C_CLR)
                                                     -0.020    -0.002    u_wrapper/u_core/u_shared_engine/base_addr_reg[12]
  -------------------------------------------------------------------
                         required time                          0.002    
                         arrival time                           0.150    
  -------------------------------------------------------------------
                         slack                                  0.152    





