Copyright 1986-2022 Xilinx, Inc. All Rights Reserved. Copyright 2022-2025 Advanced Micro Devices, Inc. All Rights Reserved.
--------------------------------------------------------------------------------------------------------------------------------------------------
| Tool Version      : Vivado v.2025.2 (win64) Build 6299465 Fri Nov 14 19:35:11 GMT 2025
| Date              : Sat Aug  8 23:14:18 2026
| Host              : Finesse running 64-bit major release  (build 9200)
| Command           : report_timing -setup -nworst 10 -file ./v33_setup.rpt
| Design            : its_top_500_singleclk
| Device            : xcku5p-ffvb676
| Speed File        : -2  PRODUCTION 1.29 05-01-2022
| Design State      : Physopt postRoute
| Temperature Grade : E
--------------------------------------------------------------------------------------------------------------------------------------------------

Timing Report

Slack (MET) :             0.067ns  (required time - arrival time)
  Source:                 u_wrapper/u_core/u_shared_engine/pf_dly_col_reg[0]/C
                            (rising edge-triggered cell FDCE clocked by clk  {rise@0.000ns fall@1.000ns period=2.000ns})
  Destination:            u_wrapper/u_core/u_shared_engine/coeff_buf_reg_r2_192_255_0_6/RAMB/I
                            (rising edge-triggered cell RAMD64E clocked by clk  {rise@0.000ns fall@1.000ns period=2.000ns})
  Path Group:             clk
  Path Type:              Setup (Max at Slow Process Corner)
  Requirement:            2.000ns  (clk rise@2.000ns - clk rise@0.000ns)
  Data Path Delay:        1.855ns  (logic 0.498ns (26.843%)  route 1.357ns (73.157%))
  Logic Levels:           7  (LUT4=1 LUT5=4 MUXF7=1 MUXF8=1)
  Clock Path Skew:        0.014ns (DCD - SCD + CPR)
    Destination Clock Delay (DCD):    0.043ns = ( 2.043 - 2.000 ) 
    Source Clock Delay      (SCD):    0.029ns
    Clock Pessimism Removal (CPR):    0.000ns
  Clock Uncertainty:      0.035ns  ((TSJ^2 + TIJ^2)^1/2 + DJ) / 2 + PE
    Total System Jitter     (TSJ):    0.071ns
    Total Input Jitter      (TIJ):    0.000ns
    Discrete Jitter          (DJ):    0.000ns
    Phase Error              (PE):    0.000ns

    Location             Delay type                Incr(ns)  Path(ns)    Netlist Resource(s)
  -------------------------------------------------------------------    -------------------
                         (clock clk rise edge)        0.000     0.000 r  
                                                      0.000     0.000 r  clk (IN)
                         net (fo=2723, unset)         0.029     0.029    u_wrapper/u_core/u_shared_engine/clk
    SLICE_X63Y132        FDCE                                         r  u_wrapper/u_core/u_shared_engine/pf_dly_col_reg[0]/C
  -------------------------------------------------------------------    -------------------
    SLICE_X63Y132        FDCE (Prop_HFF2_SLICEL_C_Q)
                                                      0.080     0.109 r  u_wrapper/u_core/u_shared_engine/pf_dly_col_reg[0]/Q
                         net (fo=4, routed)           0.168     0.277    u_wrapper/u_core/u_shared_engine/pf_dly_col[0]
    SLICE_X65Y133        LUT5 (Prop_E6LUT_SLICEL_I0_O)
                                                      0.147     0.424 r  u_wrapper/u_core/u_shared_engine/coeff_buf_reg_0_255_0_0_i_26/O
                         net (fo=3, routed)           0.102     0.526    u_wrapper/u_core/u_shared_engine/coeff_buf_reg_0_255_0_0_i_26_n_0
    SLICE_X63Y133        LUT5 (Prop_B6LUT_SLICEL_I2_O)
                                                      0.051     0.577 r  u_wrapper/u_core/u_shared_engine/coeff_buf_reg_0_255_0_0_i_23/O
                         net (fo=3, routed)           0.050     0.627    u_wrapper/u_core/u_shared_engine/coeff_buf_reg_0_255_0_0_i_23_n_0
    SLICE_X63Y133        LUT5 (Prop_E6LUT_SLICEL_I2_O)
                                                      0.035     0.662 r  u_wrapper/u_core/u_shared_engine/coeff_buf_reg_0_255_0_0_i_18/O
                         net (fo=7, routed)           0.092     0.754    u_wrapper/u_core/u_shared_engine/coeff_buf_reg_0_255_0_0_i_18_n_0
    SLICE_X63Y134        LUT4 (Prop_B6LUT_SLICEL_I0_O)
                                                      0.051     0.805 r  u_wrapper/u_core/u_shared_engine/coeff_buf_reg_0_255_0_0_i_3/O
                         net (fo=160, routed)         0.401     1.206    u_wrapper/u_core/u_shared_engine/coeff_buf_reg_0_255_1_1/A6
    SLICE_X61Y137        MUXF7 (Prop_F7MUX_GH_SLICEM_S_O)
                                                      0.069     1.275 r  u_wrapper/u_core/u_shared_engine/coeff_buf_reg_0_255_1_1/F7.SPA/O
                         net (fo=1, routed)           0.000     1.275    u_wrapper/u_core/u_shared_engine/coeff_buf_reg_0_255_1_1/SPO4
    SLICE_X61Y137        MUXF8 (Prop_F8MUX_TOP_SLICEM_I0_O)
                                                      0.028     1.303 r  u_wrapper/u_core/u_shared_engine/coeff_buf_reg_0_255_1_1/F8.SP/O
                         net (fo=1, routed)           0.235     1.538    u_wrapper/u_core/u_shared_engine/p_4_out[1]
    SLICE_X61Y140        LUT5 (Prop_E6LUT_SLICEM_I4_O)
                                                      0.037     1.575 r  u_wrapper/u_core/u_shared_engine/coeff_buf_reg_0_255_1_1_i_1/O
                         net (fo=17, routed)          0.309     1.884    u_wrapper/u_core/u_shared_engine/coeff_buf_reg_r2_192_255_0_6/DIB
    SLICE_X61Y131        RAMD64E                                      r  u_wrapper/u_core/u_shared_engine/coeff_buf_reg_r2_192_255_0_6/RAMB/I
  -------------------------------------------------------------------    -------------------

                         (clock clk rise edge)        2.000     2.000 r  
                                                      0.000     2.000 r  clk (IN)
                         net (fo=2723, unset)         0.043     2.043    u_wrapper/u_core/u_shared_engine/coeff_buf_reg_r2_192_255_0_6/WCLK
    SLICE_X61Y131        RAMD64E                                      r  u_wrapper/u_core/u_shared_engine/coeff_buf_reg_r2_192_255_0_6/RAMB/CLK
                         clock pessimism              0.000     2.043    
                         clock uncertainty           -0.035     2.008    
    SLICE_X61Y131        RAMD64E (Setup_B6LUT_SLICEM_CLK_I)
                                                     -0.056     1.952    u_wrapper/u_core/u_shared_engine/coeff_buf_reg_r2_192_255_0_6/RAMB
  -------------------------------------------------------------------
                         required time                          1.952    
                         arrival time                          -1.884    
  -------------------------------------------------------------------
                         slack                                  0.067    

Slack (MET) :             0.067ns  (required time - arrival time)
  Source:                 u_wrapper/u_core/u_shared_engine/pf_dly_col_reg[0]/C
                            (rising edge-triggered cell FDCE clocked by clk  {rise@0.000ns fall@1.000ns period=2.000ns})
  Destination:            u_wrapper/u_core/u_shared_engine/coeff_buf_reg_r2_192_255_0_6/RAMB/I
                            (rising edge-triggered cell RAMD64E clocked by clk  {rise@0.000ns fall@1.000ns period=2.000ns})
  Path Group:             clk
  Path Type:              Setup (Max at Slow Process Corner)
  Requirement:            2.000ns  (clk rise@2.000ns - clk rise@0.000ns)
  Data Path Delay:        1.855ns  (logic 0.498ns (26.843%)  route 1.357ns (73.157%))
  Logic Levels:           7  (LUT4=1 LUT5=4 MUXF7=1 MUXF8=1)
  Clock Path Skew:        0.014ns (DCD - SCD + CPR)
    Destination Clock Delay (DCD):    0.043ns = ( 2.043 - 2.000 ) 
    Source Clock Delay      (SCD):    0.029ns
    Clock Pessimism Removal (CPR):    0.000ns
  Clock Uncertainty:      0.035ns  ((TSJ^2 + TIJ^2)^1/2 + DJ) / 2 + PE
    Total System Jitter     (TSJ):    0.071ns
    Total Input Jitter      (TIJ):    0.000ns
    Discrete Jitter          (DJ):    0.000ns
    Phase Error              (PE):    0.000ns

    Location             Delay type                Incr(ns)  Path(ns)    Netlist Resource(s)
  -------------------------------------------------------------------    -------------------
                         (clock clk rise edge)        0.000     0.000 r  
                                                      0.000     0.000 r  clk (IN)
                         net (fo=2723, unset)         0.029     0.029    u_wrapper/u_core/u_shared_engine/clk
    SLICE_X63Y132        FDCE                                         r  u_wrapper/u_core/u_shared_engine/pf_dly_col_reg[0]/C
  -------------------------------------------------------------------    -------------------
    SLICE_X63Y132        FDCE (Prop_HFF2_SLICEL_C_Q)
                                                      0.080     0.109 f  u_wrapper/u_core/u_shared_engine/pf_dly_col_reg[0]/Q
                         net (fo=4, routed)           0.168     0.277    u_wrapper/u_core/u_shared_engine/pf_dly_col[0]
    SLICE_X65Y133        LUT5 (Prop_E6LUT_SLICEL_I0_O)
                                                      0.147     0.424 f  u_wrapper/u_core/u_shared_engine/coeff_buf_reg_0_255_0_0_i_26/O
                         net (fo=3, routed)           0.102     0.526    u_wrapper/u_core/u_shared_engine/coeff_buf_reg_0_255_0_0_i_26_n_0
    SLICE_X63Y133        LUT5 (Prop_B6LUT_SLICEL_I2_O)
                                                      0.051     0.577 f  u_wrapper/u_core/u_shared_engine/coeff_buf_reg_0_255_0_0_i_23/O
                         net (fo=3, routed)           0.050     0.627    u_wrapper/u_core/u_shared_engine/coeff_buf_reg_0_255_0_0_i_23_n_0
    SLICE_X63Y133        LUT5 (Prop_E6LUT_SLICEL_I2_O)
                                                      0.035     0.662 f  u_wrapper/u_core/u_shared_engine/coeff_buf_reg_0_255_0_0_i_18/O
                         net (fo=7, routed)           0.092     0.754    u_wrapper/u_core/u_shared_engine/coeff_buf_reg_0_255_0_0_i_18_n_0
    SLICE_X63Y134        LUT4 (Prop_B6LUT_SLICEL_I0_O)
                                                      0.051     0.805 r  u_wrapper/u_core/u_shared_engine/coeff_buf_reg_0_255_0_0_i_3/O
                         net (fo=160, routed)         0.401     1.206    u_wrapper/u_core/u_shared_engine/coeff_buf_reg_0_255_1_1/A6
    SLICE_X61Y137        MUXF7 (Prop_F7MUX_GH_SLICEM_S_O)
                                                      0.069     1.275 r  u_wrapper/u_core/u_shared_engine/coeff_buf_reg_0_255_1_1/F7.SPA/O
                         net (fo=1, routed)           0.000     1.275    u_wrapper/u_core/u_shared_engine/coeff_buf_reg_0_255_1_1/SPO4
    SLICE_X61Y137        MUXF8 (Prop_F8MUX_TOP_SLICEM_I0_O)
                                                      0.028     1.303 r  u_wrapper/u_core/u_shared_engine/coeff_buf_reg_0_255_1_1/F8.SP/O
                         net (fo=1, routed)           0.235     1.538    u_wrapper/u_core/u_shared_engine/p_4_out[1]
    SLICE_X61Y140        LUT5 (Prop_E6LUT_SLICEM_I4_O)
                                                      0.037     1.575 r  u_wrapper/u_core/u_shared_engine/coeff_buf_reg_0_255_1_1_i_1/O
                         net (fo=17, routed)          0.309     1.884    u_wrapper/u_core/u_shared_engine/coeff_buf_reg_r2_192_255_0_6/DIB
    SLICE_X61Y131        RAMD64E                                      r  u_wrapper/u_core/u_shared_engine/coeff_buf_reg_r2_192_255_0_6/RAMB/I
  -------------------------------------------------------------------    -------------------

                         (clock clk rise edge)        2.000     2.000 r  
                                                      0.000     2.000 r  clk (IN)
                         net (fo=2723, unset)         0.043     2.043    u_wrapper/u_core/u_shared_engine/coeff_buf_reg_r2_192_255_0_6/WCLK
    SLICE_X61Y131        RAMD64E                                      r  u_wrapper/u_core/u_shared_engine/coeff_buf_reg_r2_192_255_0_6/RAMB/CLK
                         clock pessimism              0.000     2.043    
                         clock uncertainty           -0.035     2.008    
    SLICE_X61Y131        RAMD64E (Setup_B6LUT_SLICEM_CLK_I)
                                                     -0.056     1.952    u_wrapper/u_core/u_shared_engine/coeff_buf_reg_r2_192_255_0_6/RAMB
  -------------------------------------------------------------------
                         required time                          1.952    
                         arrival time                          -1.884    
  -------------------------------------------------------------------
                         slack                                  0.067    

Slack (MET) :             0.067ns  (required time - arrival time)
  Source:                 u_wrapper/u_core/u_shared_engine/pf_dly_col_reg[0]/C
                            (rising edge-triggered cell FDCE clocked by clk  {rise@0.000ns fall@1.000ns period=2.000ns})
  Destination:            u_wrapper/u_core/u_shared_engine/coeff_buf_reg_r2_192_255_0_6/RAMB/I
                            (rising edge-triggered cell RAMD64E clocked by clk  {rise@0.000ns fall@1.000ns period=2.000ns})
  Path Group:             clk
  Path Type:              Setup (Max at Slow Process Corner)
  Requirement:            2.000ns  (clk rise@2.000ns - clk rise@0.000ns)
  Data Path Delay:        1.855ns  (logic 0.498ns (26.843%)  route 1.357ns (73.157%))
  Logic Levels:           7  (LUT4=1 LUT5=4 MUXF7=1 MUXF8=1)
  Clock Path Skew:        0.014ns (DCD - SCD + CPR)
    Destination Clock Delay (DCD):    0.043ns = ( 2.043 - 2.000 ) 
    Source Clock Delay      (SCD):    0.029ns
    Clock Pessimism Removal (CPR):    0.000ns
  Clock Uncertainty:      0.035ns  ((TSJ^2 + TIJ^2)^1/2 + DJ) / 2 + PE
    Total System Jitter     (TSJ):    0.071ns
    Total Input Jitter      (TIJ):    0.000ns
    Discrete Jitter          (DJ):    0.000ns
    Phase Error              (PE):    0.000ns

    Location             Delay type                Incr(ns)  Path(ns)    Netlist Resource(s)
  -------------------------------------------------------------------    -------------------
                         (clock clk rise edge)        0.000     0.000 r  
                                                      0.000     0.000 r  clk (IN)
                         net (fo=2723, unset)         0.029     0.029    u_wrapper/u_core/u_shared_engine/clk
    SLICE_X63Y132        FDCE                                         r  u_wrapper/u_core/u_shared_engine/pf_dly_col_reg[0]/C
  -------------------------------------------------------------------    -------------------
    SLICE_X63Y132        FDCE (Prop_HFF2_SLICEL_C_Q)
                                                      0.080     0.109 r  u_wrapper/u_core/u_shared_engine/pf_dly_col_reg[0]/Q
                         net (fo=4, routed)           0.168     0.277    u_wrapper/u_core/u_shared_engine/pf_dly_col[0]
    SLICE_X65Y133        LUT5 (Prop_E6LUT_SLICEL_I0_O)
                                                      0.147     0.424 r  u_wrapper/u_core/u_shared_engine/coeff_buf_reg_0_255_0_0_i_26/O
                         net (fo=3, routed)           0.102     0.526    u_wrapper/u_core/u_shared_engine/coeff_buf_reg_0_255_0_0_i_26_n_0
    SLICE_X63Y133        LUT5 (Prop_B6LUT_SLICEL_I2_O)
                                                      0.051     0.577 r  u_wrapper/u_core/u_shared_engine/coeff_buf_reg_0_255_0_0_i_23/O
                         net (fo=3, routed)           0.050     0.627    u_wrapper/u_core/u_shared_engine/coeff_buf_reg_0_255_0_0_i_23_n_0
    SLICE_X63Y133        LUT5 (Prop_E6LUT_SLICEL_I2_O)
                                                      0.035     0.662 r  u_wrapper/u_core/u_shared_engine/coeff_buf_reg_0_255_0_0_i_18/O
                         net (fo=7, routed)           0.092     0.754    u_wrapper/u_core/u_shared_engine/coeff_buf_reg_0_255_0_0_i_18_n_0
    SLICE_X63Y134        LUT4 (Prop_B6LUT_SLICEL_I0_O)
                                                      0.051     0.805 f  u_wrapper/u_core/u_shared_engine/coeff_buf_reg_0_255_0_0_i_3/O
                         net (fo=160, routed)         0.401     1.206    u_wrapper/u_core/u_shared_engine/coeff_buf_reg_0_255_1_1/A6
    SLICE_X61Y137        MUXF7 (Prop_F7MUX_GH_SLICEM_S_O)
                                                      0.069     1.275 r  u_wrapper/u_core/u_shared_engine/coeff_buf_reg_0_255_1_1/F7.SPA/O
                         net (fo=1, routed)           0.000     1.275    u_wrapper/u_core/u_shared_engine/coeff_buf_reg_0_255_1_1/SPO4
    SLICE_X61Y137        MUXF8 (Prop_F8MUX_TOP_SLICEM_I0_O)
                                                      0.028     1.303 r  u_wrapper/u_core/u_shared_engine/coeff_buf_reg_0_255_1_1/F8.SP/O
                         net (fo=1, routed)           0.235     1.538    u_wrapper/u_core/u_shared_engine/p_4_out[1]
    SLICE_X61Y140        LUT5 (Prop_E6LUT_SLICEM_I4_O)
                                                      0.037     1.575 r  u_wrapper/u_core/u_shared_engine/coeff_buf_reg_0_255_1_1_i_1/O
                         net (fo=17, routed)          0.309     1.884    u_wrapper/u_core/u_shared_engine/coeff_buf_reg_r2_192_255_0_6/DIB
    SLICE_X61Y131        RAMD64E                                      r  u_wrapper/u_core/u_shared_engine/coeff_buf_reg_r2_192_255_0_6/RAMB/I
  -------------------------------------------------------------------    -------------------

                         (clock clk rise edge)        2.000     2.000 r  
                                                      0.000     2.000 r  clk (IN)
                         net (fo=2723, unset)         0.043     2.043    u_wrapper/u_core/u_shared_engine/coeff_buf_reg_r2_192_255_0_6/WCLK
    SLICE_X61Y131        RAMD64E                                      r  u_wrapper/u_core/u_shared_engine/coeff_buf_reg_r2_192_255_0_6/RAMB/CLK
                         clock pessimism              0.000     2.043    
                         clock uncertainty           -0.035     2.008    
    SLICE_X61Y131        RAMD64E (Setup_B6LUT_SLICEM_CLK_I)
                                                     -0.056     1.952    u_wrapper/u_core/u_shared_engine/coeff_buf_reg_r2_192_255_0_6/RAMB
  -------------------------------------------------------------------
                         required time                          1.952    
                         arrival time                          -1.884    
  -------------------------------------------------------------------
                         slack                                  0.067    

Slack (MET) :             0.067ns  (required time - arrival time)
  Source:                 u_wrapper/u_core/u_shared_engine/pf_dly_col_reg[0]/C
                            (rising edge-triggered cell FDCE clocked by clk  {rise@0.000ns fall@1.000ns period=2.000ns})
  Destination:            u_wrapper/u_core/u_shared_engine/coeff_buf_reg_r2_192_255_0_6/RAMB/I
                            (rising edge-triggered cell RAMD64E clocked by clk  {rise@0.000ns fall@1.000ns period=2.000ns})
  Path Group:             clk
  Path Type:              Setup (Max at Slow Process Corner)
  Requirement:            2.000ns  (clk rise@2.000ns - clk rise@0.000ns)
  Data Path Delay:        1.855ns  (logic 0.498ns (26.843%)  route 1.357ns (73.157%))
  Logic Levels:           7  (LUT4=1 LUT5=4 MUXF7=1 MUXF8=1)
  Clock Path Skew:        0.014ns (DCD - SCD + CPR)
    Destination Clock Delay (DCD):    0.043ns = ( 2.043 - 2.000 ) 
    Source Clock Delay      (SCD):    0.029ns
    Clock Pessimism Removal (CPR):    0.000ns
  Clock Uncertainty:      0.035ns  ((TSJ^2 + TIJ^2)^1/2 + DJ) / 2 + PE
    Total System Jitter     (TSJ):    0.071ns
    Total Input Jitter      (TIJ):    0.000ns
    Discrete Jitter          (DJ):    0.000ns
    Phase Error              (PE):    0.000ns

    Location             Delay type                Incr(ns)  Path(ns)    Netlist Resource(s)
  -------------------------------------------------------------------    -------------------
                         (clock clk rise edge)        0.000     0.000 r  
                                                      0.000     0.000 r  clk (IN)
                         net (fo=2723, unset)         0.029     0.029    u_wrapper/u_core/u_shared_engine/clk
    SLICE_X63Y132        FDCE                                         r  u_wrapper/u_core/u_shared_engine/pf_dly_col_reg[0]/C
  -------------------------------------------------------------------    -------------------
    SLICE_X63Y132        FDCE (Prop_HFF2_SLICEL_C_Q)
                                                      0.080     0.109 f  u_wrapper/u_core/u_shared_engine/pf_dly_col_reg[0]/Q
                         net (fo=4, routed)           0.168     0.277    u_wrapper/u_core/u_shared_engine/pf_dly_col[0]
    SLICE_X65Y133        LUT5 (Prop_E6LUT_SLICEL_I0_O)
                                                      0.147     0.424 f  u_wrapper/u_core/u_shared_engine/coeff_buf_reg_0_255_0_0_i_26/O
                         net (fo=3, routed)           0.102     0.526    u_wrapper/u_core/u_shared_engine/coeff_buf_reg_0_255_0_0_i_26_n_0
    SLICE_X63Y133        LUT5 (Prop_B6LUT_SLICEL_I2_O)
                                                      0.051     0.577 f  u_wrapper/u_core/u_shared_engine/coeff_buf_reg_0_255_0_0_i_23/O
                         net (fo=3, routed)           0.050     0.627    u_wrapper/u_core/u_shared_engine/coeff_buf_reg_0_255_0_0_i_23_n_0
    SLICE_X63Y133        LUT5 (Prop_E6LUT_SLICEL_I2_O)
                                                      0.035     0.662 f  u_wrapper/u_core/u_shared_engine/coeff_buf_reg_0_255_0_0_i_18/O
                         net (fo=7, routed)           0.092     0.754    u_wrapper/u_core/u_shared_engine/coeff_buf_reg_0_255_0_0_i_18_n_0
    SLICE_X63Y134        LUT4 (Prop_B6LUT_SLICEL_I0_O)
                                                      0.051     0.805 f  u_wrapper/u_core/u_shared_engine/coeff_buf_reg_0_255_0_0_i_3/O
                         net (fo=160, routed)         0.401     1.206    u_wrapper/u_core/u_shared_engine/coeff_buf_reg_0_255_1_1/A6
    SLICE_X61Y137        MUXF7 (Prop_F7MUX_GH_SLICEM_S_O)
                                                      0.069     1.275 r  u_wrapper/u_core/u_shared_engine/coeff_buf_reg_0_255_1_1/F7.SPA/O
                         net (fo=1, routed)           0.000     1.275    u_wrapper/u_core/u_shared_engine/coeff_buf_reg_0_255_1_1/SPO4
    SLICE_X61Y137        MUXF8 (Prop_F8MUX_TOP_SLICEM_I0_O)
                                                      0.028     1.303 r  u_wrapper/u_core/u_shared_engine/coeff_buf_reg_0_255_1_1/F8.SP/O
                         net (fo=1, routed)           0.235     1.538    u_wrapper/u_core/u_shared_engine/p_4_out[1]
    SLICE_X61Y140        LUT5 (Prop_E6LUT_SLICEM_I4_O)
                                                      0.037     1.575 r  u_wrapper/u_core/u_shared_engine/coeff_buf_reg_0_255_1_1_i_1/O
                         net (fo=17, routed)          0.309     1.884    u_wrapper/u_core/u_shared_engine/coeff_buf_reg_r2_192_255_0_6/DIB
    SLICE_X61Y131        RAMD64E                                      r  u_wrapper/u_core/u_shared_engine/coeff_buf_reg_r2_192_255_0_6/RAMB/I
  -------------------------------------------------------------------    -------------------

                         (clock clk rise edge)        2.000     2.000 r  
                                                      0.000     2.000 r  clk (IN)
                         net (fo=2723, unset)         0.043     2.043    u_wrapper/u_core/u_shared_engine/coeff_buf_reg_r2_192_255_0_6/WCLK
    SLICE_X61Y131        RAMD64E                                      r  u_wrapper/u_core/u_shared_engine/coeff_buf_reg_r2_192_255_0_6/RAMB/CLK
                         clock pessimism              0.000     2.043    
                         clock uncertainty           -0.035     2.008    
    SLICE_X61Y131        RAMD64E (Setup_B6LUT_SLICEM_CLK_I)
                                                     -0.056     1.952    u_wrapper/u_core/u_shared_engine/coeff_buf_reg_r2_192_255_0_6/RAMB
  -------------------------------------------------------------------
                         required time                          1.952    
                         arrival time                          -1.884    
  -------------------------------------------------------------------
                         slack                                  0.067    

Slack (MET) :             0.067ns  (required time - arrival time)
  Source:                 u_wrapper/u_core/u_shared_engine/pf_dly_col_reg[0]/C
                            (rising edge-triggered cell FDCE clocked by clk  {rise@0.000ns fall@1.000ns period=2.000ns})
  Destination:            u_wrapper/u_core/u_shared_engine/coeff_buf_reg_r2_192_255_0_6/RAMB/I
                            (rising edge-triggered cell RAMD64E clocked by clk  {rise@0.000ns fall@1.000ns period=2.000ns})
  Path Group:             clk
  Path Type:              Setup (Max at Slow Process Corner)
  Requirement:            2.000ns  (clk rise@2.000ns - clk rise@0.000ns)
  Data Path Delay:        1.855ns  (logic 0.498ns (26.843%)  route 1.357ns (73.157%))
  Logic Levels:           7  (LUT4=1 LUT5=4 MUXF7=1 MUXF8=1)
  Clock Path Skew:        0.014ns (DCD - SCD + CPR)
    Destination Clock Delay (DCD):    0.043ns = ( 2.043 - 2.000 ) 
    Source Clock Delay      (SCD):    0.029ns
    Clock Pessimism Removal (CPR):    0.000ns
  Clock Uncertainty:      0.035ns  ((TSJ^2 + TIJ^2)^1/2 + DJ) / 2 + PE
    Total System Jitter     (TSJ):    0.071ns
    Total Input Jitter      (TIJ):    0.000ns
    Discrete Jitter          (DJ):    0.000ns
    Phase Error              (PE):    0.000ns

    Location             Delay type                Incr(ns)  Path(ns)    Netlist Resource(s)
  -------------------------------------------------------------------    -------------------
                         (clock clk rise edge)        0.000     0.000 r  
                                                      0.000     0.000 r  clk (IN)
                         net (fo=2723, unset)         0.029     0.029    u_wrapper/u_core/u_shared_engine/clk
    SLICE_X63Y132        FDCE                                         r  u_wrapper/u_core/u_shared_engine/pf_dly_col_reg[0]/C
  -------------------------------------------------------------------    -------------------
    SLICE_X63Y132        FDCE (Prop_HFF2_SLICEL_C_Q)
                                                      0.080     0.109 r  u_wrapper/u_core/u_shared_engine/pf_dly_col_reg[0]/Q
                         net (fo=4, routed)           0.168     0.277    u_wrapper/u_core/u_shared_engine/pf_dly_col[0]
    SLICE_X65Y133        LUT5 (Prop_E6LUT_SLICEL_I0_O)
                                                      0.147     0.424 r  u_wrapper/u_core/u_shared_engine/coeff_buf_reg_0_255_0_0_i_26/O
                         net (fo=3, routed)           0.102     0.526    u_wrapper/u_core/u_shared_engine/coeff_buf_reg_0_255_0_0_i_26_n_0
    SLICE_X63Y133        LUT5 (Prop_B6LUT_SLICEL_I2_O)
                                                      0.051     0.577 r  u_wrapper/u_core/u_shared_engine/coeff_buf_reg_0_255_0_0_i_23/O
                         net (fo=3, routed)           0.050     0.627    u_wrapper/u_core/u_shared_engine/coeff_buf_reg_0_255_0_0_i_23_n_0
    SLICE_X63Y133        LUT5 (Prop_E6LUT_SLICEL_I2_O)
                                                      0.035     0.662 r  u_wrapper/u_core/u_shared_engine/coeff_buf_reg_0_255_0_0_i_18/O
                         net (fo=7, routed)           0.092     0.754    u_wrapper/u_core/u_shared_engine/coeff_buf_reg_0_255_0_0_i_18_n_0
    SLICE_X63Y134        LUT4 (Prop_B6LUT_SLICEL_I0_O)
                                                      0.051     0.805 r  u_wrapper/u_core/u_shared_engine/coeff_buf_reg_0_255_0_0_i_3/O
                         net (fo=160, routed)         0.401     1.206    u_wrapper/u_core/u_shared_engine/coeff_buf_reg_0_255_1_1/A6
    SLICE_X61Y137        MUXF7 (Prop_F7MUX_GH_SLICEM_S_O)
                                                      0.069     1.275 f  u_wrapper/u_core/u_shared_engine/coeff_buf_reg_0_255_1_1/F7.SPA/O
                         net (fo=1, routed)           0.000     1.275    u_wrapper/u_core/u_shared_engine/coeff_buf_reg_0_255_1_1/SPO4
    SLICE_X61Y137        MUXF8 (Prop_F8MUX_TOP_SLICEM_I0_O)
                                                      0.028     1.303 f  u_wrapper/u_core/u_shared_engine/coeff_buf_reg_0_255_1_1/F8.SP/O
                         net (fo=1, routed)           0.235     1.538    u_wrapper/u_core/u_shared_engine/p_4_out[1]
    SLICE_X61Y140        LUT5 (Prop_E6LUT_SLICEM_I4_O)
                                                      0.037     1.575 f  u_wrapper/u_core/u_shared_engine/coeff_buf_reg_0_255_1_1_i_1/O
                         net (fo=17, routed)          0.309     1.884    u_wrapper/u_core/u_shared_engine/coeff_buf_reg_r2_192_255_0_6/DIB
    SLICE_X61Y131        RAMD64E                                      f  u_wrapper/u_core/u_shared_engine/coeff_buf_reg_r2_192_255_0_6/RAMB/I
  -------------------------------------------------------------------    -------------------

                         (clock clk rise edge)        2.000     2.000 r  
                                                      0.000     2.000 r  clk (IN)
                         net (fo=2723, unset)         0.043     2.043    u_wrapper/u_core/u_shared_engine/coeff_buf_reg_r2_192_255_0_6/WCLK
    SLICE_X61Y131        RAMD64E                                      r  u_wrapper/u_core/u_shared_engine/coeff_buf_reg_r2_192_255_0_6/RAMB/CLK
                         clock pessimism              0.000     2.043    
                         clock uncertainty           -0.035     2.008    
    SLICE_X61Y131        RAMD64E (Setup_B6LUT_SLICEM_CLK_I)
                                                     -0.056     1.952    u_wrapper/u_core/u_shared_engine/coeff_buf_reg_r2_192_255_0_6/RAMB
  -------------------------------------------------------------------
                         required time                          1.952    
                         arrival time                          -1.884    
  -------------------------------------------------------------------
                         slack                                  0.067    

Slack (MET) :             0.067ns  (required time - arrival time)
  Source:                 u_wrapper/u_core/u_shared_engine/pf_dly_col_reg[0]/C
                            (rising edge-triggered cell FDCE clocked by clk  {rise@0.000ns fall@1.000ns period=2.000ns})
  Destination:            u_wrapper/u_core/u_shared_engine/coeff_buf_reg_r2_192_255_0_6/RAMB/I
                            (rising edge-triggered cell RAMD64E clocked by clk  {rise@0.000ns fall@1.000ns period=2.000ns})
  Path Group:             clk
  Path Type:              Setup (Max at Slow Process Corner)
  Requirement:            2.000ns  (clk rise@2.000ns - clk rise@0.000ns)
  Data Path Delay:        1.855ns  (logic 0.498ns (26.843%)  route 1.357ns (73.157%))
  Logic Levels:           7  (LUT4=1 LUT5=4 MUXF7=1 MUXF8=1)
  Clock Path Skew:        0.014ns (DCD - SCD + CPR)
    Destination Clock Delay (DCD):    0.043ns = ( 2.043 - 2.000 ) 
    Source Clock Delay      (SCD):    0.029ns
    Clock Pessimism Removal (CPR):    0.000ns
  Clock Uncertainty:      0.035ns  ((TSJ^2 + TIJ^2)^1/2 + DJ) / 2 + PE
    Total System Jitter     (TSJ):    0.071ns
    Total Input Jitter      (TIJ):    0.000ns
    Discrete Jitter          (DJ):    0.000ns
    Phase Error              (PE):    0.000ns

    Location             Delay type                Incr(ns)  Path(ns)    Netlist Resource(s)
  -------------------------------------------------------------------    -------------------
                         (clock clk rise edge)        0.000     0.000 r  
                                                      0.000     0.000 r  clk (IN)
                         net (fo=2723, unset)         0.029     0.029    u_wrapper/u_core/u_shared_engine/clk
    SLICE_X63Y132        FDCE                                         r  u_wrapper/u_core/u_shared_engine/pf_dly_col_reg[0]/C
  -------------------------------------------------------------------    -------------------
    SLICE_X63Y132        FDCE (Prop_HFF2_SLICEL_C_Q)
                                                      0.080     0.109 f  u_wrapper/u_core/u_shared_engine/pf_dly_col_reg[0]/Q
                         net (fo=4, routed)           0.168     0.277    u_wrapper/u_core/u_shared_engine/pf_dly_col[0]
    SLICE_X65Y133        LUT5 (Prop_E6LUT_SLICEL_I0_O)
                                                      0.147     0.424 f  u_wrapper/u_core/u_shared_engine/coeff_buf_reg_0_255_0_0_i_26/O
                         net (fo=3, routed)           0.102     0.526    u_wrapper/u_core/u_shared_engine/coeff_buf_reg_0_255_0_0_i_26_n_0
    SLICE_X63Y133        LUT5 (Prop_B6LUT_SLICEL_I2_O)
                                                      0.051     0.577 f  u_wrapper/u_core/u_shared_engine/coeff_buf_reg_0_255_0_0_i_23/O
                         net (fo=3, routed)           0.050     0.627    u_wrapper/u_core/u_shared_engine/coeff_buf_reg_0_255_0_0_i_23_n_0
    SLICE_X63Y133        LUT5 (Prop_E6LUT_SLICEL_I2_O)
                                                      0.035     0.662 f  u_wrapper/u_core/u_shared_engine/coeff_buf_reg_0_255_0_0_i_18/O
                         net (fo=7, routed)           0.092     0.754    u_wrapper/u_core/u_shared_engine/coeff_buf_reg_0_255_0_0_i_18_n_0
    SLICE_X63Y134        LUT4 (Prop_B6LUT_SLICEL_I0_O)
                                                      0.051     0.805 r  u_wrapper/u_core/u_shared_engine/coeff_buf_reg_0_255_0_0_i_3/O
                         net (fo=160, routed)         0.401     1.206    u_wrapper/u_core/u_shared_engine/coeff_buf_reg_0_255_1_1/A6
    SLICE_X61Y137        MUXF7 (Prop_F7MUX_GH_SLICEM_S_O)
                                                      0.069     1.275 f  u_wrapper/u_core/u_shared_engine/coeff_buf_reg_0_255_1_1/F7.SPA/O
                         net (fo=1, routed)           0.000     1.275    u_wrapper/u_core/u_shared_engine/coeff_buf_reg_0_255_1_1/SPO4
    SLICE_X61Y137        MUXF8 (Prop_F8MUX_TOP_SLICEM_I0_O)
                                                      0.028     1.303 f  u_wrapper/u_core/u_shared_engine/coeff_buf_reg_0_255_1_1/F8.SP/O
                         net (fo=1, routed)           0.235     1.538    u_wrapper/u_core/u_shared_engine/p_4_out[1]
    SLICE_X61Y140        LUT5 (Prop_E6LUT_SLICEM_I4_O)
                                                      0.037     1.575 f  u_wrapper/u_core/u_shared_engine/coeff_buf_reg_0_255_1_1_i_1/O
                         net (fo=17, routed)          0.309     1.884    u_wrapper/u_core/u_shared_engine/coeff_buf_reg_r2_192_255_0_6/DIB
    SLICE_X61Y131        RAMD64E                                      f  u_wrapper/u_core/u_shared_engine/coeff_buf_reg_r2_192_255_0_6/RAMB/I
  -------------------------------------------------------------------    -------------------

                         (clock clk rise edge)        2.000     2.000 r  
                                                      0.000     2.000 r  clk (IN)
                         net (fo=2723, unset)         0.043     2.043    u_wrapper/u_core/u_shared_engine/coeff_buf_reg_r2_192_255_0_6/WCLK
    SLICE_X61Y131        RAMD64E                                      r  u_wrapper/u_core/u_shared_engine/coeff_buf_reg_r2_192_255_0_6/RAMB/CLK
                         clock pessimism              0.000     2.043    
                         clock uncertainty           -0.035     2.008    
    SLICE_X61Y131        RAMD64E (Setup_B6LUT_SLICEM_CLK_I)
                                                     -0.056     1.952    u_wrapper/u_core/u_shared_engine/coeff_buf_reg_r2_192_255_0_6/RAMB
  -------------------------------------------------------------------
                         required time                          1.952    
                         arrival time                          -1.884    
  -------------------------------------------------------------------
                         slack                                  0.067    

Slack (MET) :             0.067ns  (required time - arrival time)
  Source:                 u_wrapper/u_core/u_shared_engine/pf_dly_col_reg[0]/C
                            (rising edge-triggered cell FDCE clocked by clk  {rise@0.000ns fall@1.000ns period=2.000ns})
  Destination:            u_wrapper/u_core/u_shared_engine/coeff_buf_reg_r2_192_255_0_6/RAMB/I
                            (rising edge-triggered cell RAMD64E clocked by clk  {rise@0.000ns fall@1.000ns period=2.000ns})
  Path Group:             clk
  Path Type:              Setup (Max at Slow Process Corner)
  Requirement:            2.000ns  (clk rise@2.000ns - clk rise@0.000ns)
  Data Path Delay:        1.855ns  (logic 0.498ns (26.843%)  route 1.357ns (73.157%))
  Logic Levels:           7  (LUT4=1 LUT5=4 MUXF7=1 MUXF8=1)
  Clock Path Skew:        0.014ns (DCD - SCD + CPR)
    Destination Clock Delay (DCD):    0.043ns = ( 2.043 - 2.000 ) 
    Source Clock Delay      (SCD):    0.029ns
    Clock Pessimism Removal (CPR):    0.000ns
  Clock Uncertainty:      0.035ns  ((TSJ^2 + TIJ^2)^1/2 + DJ) / 2 + PE
    Total System Jitter     (TSJ):    0.071ns
    Total Input Jitter      (TIJ):    0.000ns
    Discrete Jitter          (DJ):    0.000ns
    Phase Error              (PE):    0.000ns

    Location             Delay type                Incr(ns)  Path(ns)    Netlist Resource(s)
  -------------------------------------------------------------------    -------------------
                         (clock clk rise edge)        0.000     0.000 r  
                                                      0.000     0.000 r  clk (IN)
                         net (fo=2723, unset)         0.029     0.029    u_wrapper/u_core/u_shared_engine/clk
    SLICE_X63Y132        FDCE                                         r  u_wrapper/u_core/u_shared_engine/pf_dly_col_reg[0]/C
  -------------------------------------------------------------------    -------------------
    SLICE_X63Y132        FDCE (Prop_HFF2_SLICEL_C_Q)
                                                      0.080     0.109 r  u_wrapper/u_core/u_shared_engine/pf_dly_col_reg[0]/Q
                         net (fo=4, routed)           0.168     0.277    u_wrapper/u_core/u_shared_engine/pf_dly_col[0]
    SLICE_X65Y133        LUT5 (Prop_E6LUT_SLICEL_I0_O)
                                                      0.147     0.424 r  u_wrapper/u_core/u_shared_engine/coeff_buf_reg_0_255_0_0_i_26/O
                         net (fo=3, routed)           0.102     0.526    u_wrapper/u_core/u_shared_engine/coeff_buf_reg_0_255_0_0_i_26_n_0
    SLICE_X63Y133        LUT5 (Prop_B6LUT_SLICEL_I2_O)
                                                      0.051     0.577 r  u_wrapper/u_core/u_shared_engine/coeff_buf_reg_0_255_0_0_i_23/O
                         net (fo=3, routed)           0.050     0.627    u_wrapper/u_core/u_shared_engine/coeff_buf_reg_0_255_0_0_i_23_n_0
    SLICE_X63Y133        LUT5 (Prop_E6LUT_SLICEL_I2_O)
                                                      0.035     0.662 r  u_wrapper/u_core/u_shared_engine/coeff_buf_reg_0_255_0_0_i_18/O
                         net (fo=7, routed)           0.092     0.754    u_wrapper/u_core/u_shared_engine/coeff_buf_reg_0_255_0_0_i_18_n_0
    SLICE_X63Y134        LUT4 (Prop_B6LUT_SLICEL_I0_O)
                                                      0.051     0.805 f  u_wrapper/u_core/u_shared_engine/coeff_buf_reg_0_255_0_0_i_3/O
                         net (fo=160, routed)         0.401     1.206    u_wrapper/u_core/u_shared_engine/coeff_buf_reg_0_255_1_1/A6
    SLICE_X61Y137        MUXF7 (Prop_F7MUX_GH_SLICEM_S_O)
                                                      0.069     1.275 f  u_wrapper/u_core/u_shared_engine/coeff_buf_reg_0_255_1_1/F7.SPA/O
                         net (fo=1, routed)           0.000     1.275    u_wrapper/u_core/u_shared_engine/coeff_buf_reg_0_255_1_1/SPO4
    SLICE_X61Y137        MUXF8 (Prop_F8MUX_TOP_SLICEM_I0_O)
                                                      0.028     1.303 f  u_wrapper/u_core/u_shared_engine/coeff_buf_reg_0_255_1_1/F8.SP/O
                         net (fo=1, routed)           0.235     1.538    u_wrapper/u_core/u_shared_engine/p_4_out[1]
    SLICE_X61Y140        LUT5 (Prop_E6LUT_SLICEM_I4_O)
                                                      0.037     1.575 f  u_wrapper/u_core/u_shared_engine/coeff_buf_reg_0_255_1_1_i_1/O
                         net (fo=17, routed)          0.309     1.884    u_wrapper/u_core/u_shared_engine/coeff_buf_reg_r2_192_255_0_6/DIB
    SLICE_X61Y131        RAMD64E                                      f  u_wrapper/u_core/u_shared_engine/coeff_buf_reg_r2_192_255_0_6/RAMB/I
  -------------------------------------------------------------------    -------------------

                         (clock clk rise edge)        2.000     2.000 r  
                                                      0.000     2.000 r  clk (IN)
                         net (fo=2723, unset)         0.043     2.043    u_wrapper/u_core/u_shared_engine/coeff_buf_reg_r2_192_255_0_6/WCLK
    SLICE_X61Y131        RAMD64E                                      r  u_wrapper/u_core/u_shared_engine/coeff_buf_reg_r2_192_255_0_6/RAMB/CLK
                         clock pessimism              0.000     2.043    
                         clock uncertainty           -0.035     2.008    
    SLICE_X61Y131        RAMD64E (Setup_B6LUT_SLICEM_CLK_I)
                                                     -0.056     1.952    u_wrapper/u_core/u_shared_engine/coeff_buf_reg_r2_192_255_0_6/RAMB
  -------------------------------------------------------------------
                         required time                          1.952    
                         arrival time                          -1.884    
  -------------------------------------------------------------------
                         slack                                  0.067    

Slack (MET) :             0.067ns  (required time - arrival time)
  Source:                 u_wrapper/u_core/u_shared_engine/pf_dly_col_reg[0]/C
                            (rising edge-triggered cell FDCE clocked by clk  {rise@0.000ns fall@1.000ns period=2.000ns})
  Destination:            u_wrapper/u_core/u_shared_engine/coeff_buf_reg_r2_192_255_0_6/RAMB/I
                            (rising edge-triggered cell RAMD64E clocked by clk  {rise@0.000ns fall@1.000ns period=2.000ns})
  Path Group:             clk
  Path Type:              Setup (Max at Slow Process Corner)
  Requirement:            2.000ns  (clk rise@2.000ns - clk rise@0.000ns)
  Data Path Delay:        1.855ns  (logic 0.498ns (26.843%)  route 1.357ns (73.157%))
  Logic Levels:           7  (LUT4=1 LUT5=4 MUXF7=1 MUXF8=1)
  Clock Path Skew:        0.014ns (DCD - SCD + CPR)
    Destination Clock Delay (DCD):    0.043ns = ( 2.043 - 2.000 ) 
    Source Clock Delay      (SCD):    0.029ns
    Clock Pessimism Removal (CPR):    0.000ns
  Clock Uncertainty:      0.035ns  ((TSJ^2 + TIJ^2)^1/2 + DJ) / 2 + PE
    Total System Jitter     (TSJ):    0.071ns
    Total Input Jitter      (TIJ):    0.000ns
    Discrete Jitter          (DJ):    0.000ns
    Phase Error              (PE):    0.000ns

    Location             Delay type                Incr(ns)  Path(ns)    Netlist Resource(s)
  -------------------------------------------------------------------    -------------------
                         (clock clk rise edge)        0.000     0.000 r  
                                                      0.000     0.000 r  clk (IN)
                         net (fo=2723, unset)         0.029     0.029    u_wrapper/u_core/u_shared_engine/clk
    SLICE_X63Y132        FDCE                                         r  u_wrapper/u_core/u_shared_engine/pf_dly_col_reg[0]/C
  -------------------------------------------------------------------    -------------------
    SLICE_X63Y132        FDCE (Prop_HFF2_SLICEL_C_Q)
                                                      0.080     0.109 f  u_wrapper/u_core/u_shared_engine/pf_dly_col_reg[0]/Q
                         net (fo=4, routed)           0.168     0.277    u_wrapper/u_core/u_shared_engine/pf_dly_col[0]
    SLICE_X65Y133        LUT5 (Prop_E6LUT_SLICEL_I0_O)
                                                      0.147     0.424 f  u_wrapper/u_core/u_shared_engine/coeff_buf_reg_0_255_0_0_i_26/O
                         net (fo=3, routed)           0.102     0.526    u_wrapper/u_core/u_shared_engine/coeff_buf_reg_0_255_0_0_i_26_n_0
    SLICE_X63Y133        LUT5 (Prop_B6LUT_SLICEL_I2_O)
                                                      0.051     0.577 f  u_wrapper/u_core/u_shared_engine/coeff_buf_reg_0_255_0_0_i_23/O
                         net (fo=3, routed)           0.050     0.627    u_wrapper/u_core/u_shared_engine/coeff_buf_reg_0_255_0_0_i_23_n_0
    SLICE_X63Y133        LUT5 (Prop_E6LUT_SLICEL_I2_O)
                                                      0.035     0.662 f  u_wrapper/u_core/u_shared_engine/coeff_buf_reg_0_255_0_0_i_18/O
                         net (fo=7, routed)           0.092     0.754    u_wrapper/u_core/u_shared_engine/coeff_buf_reg_0_255_0_0_i_18_n_0
    SLICE_X63Y134        LUT4 (Prop_B6LUT_SLICEL_I0_O)
                                                      0.051     0.805 f  u_wrapper/u_core/u_shared_engine/coeff_buf_reg_0_255_0_0_i_3/O
                         net (fo=160, routed)         0.401     1.206    u_wrapper/u_core/u_shared_engine/coeff_buf_reg_0_255_1_1/A6
    SLICE_X61Y137        MUXF7 (Prop_F7MUX_GH_SLICEM_S_O)
                                                      0.069     1.275 f  u_wrapper/u_core/u_shared_engine/coeff_buf_reg_0_255_1_1/F7.SPA/O
                         net (fo=1, routed)           0.000     1.275    u_wrapper/u_core/u_shared_engine/coeff_buf_reg_0_255_1_1/SPO4
    SLICE_X61Y137        MUXF8 (Prop_F8MUX_TOP_SLICEM_I0_O)
                                                      0.028     1.303 f  u_wrapper/u_core/u_shared_engine/coeff_buf_reg_0_255_1_1/F8.SP/O
                         net (fo=1, routed)           0.235     1.538    u_wrapper/u_core/u_shared_engine/p_4_out[1]
    SLICE_X61Y140        LUT5 (Prop_E6LUT_SLICEM_I4_O)
                                                      0.037     1.575 f  u_wrapper/u_core/u_shared_engine/coeff_buf_reg_0_255_1_1_i_1/O
                         net (fo=17, routed)          0.309     1.884    u_wrapper/u_core/u_shared_engine/coeff_buf_reg_r2_192_255_0_6/DIB
    SLICE_X61Y131        RAMD64E                                      f  u_wrapper/u_core/u_shared_engine/coeff_buf_reg_r2_192_255_0_6/RAMB/I
  -------------------------------------------------------------------    -------------------

                         (clock clk rise edge)        2.000     2.000 r  
                                                      0.000     2.000 r  clk (IN)
                         net (fo=2723, unset)         0.043     2.043    u_wrapper/u_core/u_shared_engine/coeff_buf_reg_r2_192_255_0_6/WCLK
    SLICE_X61Y131        RAMD64E                                      r  u_wrapper/u_core/u_shared_engine/coeff_buf_reg_r2_192_255_0_6/RAMB/CLK
                         clock pessimism              0.000     2.043    
                         clock uncertainty           -0.035     2.008    
    SLICE_X61Y131        RAMD64E (Setup_B6LUT_SLICEM_CLK_I)
                                                     -0.056     1.952    u_wrapper/u_core/u_shared_engine/coeff_buf_reg_r2_192_255_0_6/RAMB
  -------------------------------------------------------------------
                         required time                          1.952    
                         arrival time                          -1.884    
  -------------------------------------------------------------------
                         slack                                  0.067    

Slack (MET) :             0.072ns  (required time - arrival time)
  Source:                 u_wrapper/u_core/u_shared_rom/coeff_reg_1/CLKARDCLK
                            (rising edge-triggered cell RAMB36E2 clocked by clk  {rise@0.000ns fall@1.000ns period=2.000ns})
  Destination:            u_wrapper/u_core/u_shared_engine/coeff_buf_reg_r3_64_127_14_15/RAMA/I
                            (rising edge-triggered cell RAMD64E clocked by clk  {rise@0.000ns fall@1.000ns period=2.000ns})
  Path Group:             clk
  Path Type:              Setup (Max at Slow Process Corner)
  Requirement:            2.000ns  (clk rise@2.000ns - clk rise@0.000ns)
  Data Path Delay:        1.803ns  (logic 1.009ns (55.954%)  route 0.794ns (44.046%))
  Logic Levels:           1  (LUT5=1)
  Clock Path Skew:        -0.033ns (DCD - SCD + CPR)
    Destination Clock Delay (DCD):    0.043ns = ( 2.043 - 2.000 ) 
    Source Clock Delay      (SCD):    0.076ns
    Clock Pessimism Removal (CPR):    0.000ns
  Clock Uncertainty:      0.035ns  ((TSJ^2 + TIJ^2)^1/2 + DJ) / 2 + PE
    Total System Jitter     (TSJ):    0.071ns
    Total Input Jitter      (TIJ):    0.000ns
    Discrete Jitter          (DJ):    0.000ns
    Phase Error              (PE):    0.000ns

    Location             Delay type                Incr(ns)  Path(ns)    Netlist Resource(s)
  -------------------------------------------------------------------    -------------------
                         (clock clk rise edge)        0.000     0.000 r  
                                                      0.000     0.000 r  clk (IN)
                         net (fo=2723, unset)         0.076     0.076    u_wrapper/u_core/u_shared_rom/clk
    RAMB36_X5Y25         RAMB36E2                                     r  u_wrapper/u_core/u_shared_rom/coeff_reg_1/CLKARDCLK
  -------------------------------------------------------------------    -------------------
    RAMB36_X5Y25         RAMB36E2 (Prop_RAMB36E2_RAMB36_CLKARDCLK_DOUTADOUT[3])
                                                      0.960     1.036 r  u_wrapper/u_core/u_shared_rom/coeff_reg_1/DOUTADOUT[3]
                         net (fo=9, routed)           0.446     1.482    u_wrapper/u_core/u_shared_engine/out[7]
    SLICE_X64Y135        LUT5 (Prop_F6LUT_SLICEL_I1_O)
                                                      0.049     1.531 r  u_wrapper/u_core/u_shared_engine/coeff_buf_reg_0_255_14_14_i_1/O
                         net (fo=17, routed)          0.349     1.879    u_wrapper/u_core/u_shared_engine/coeff_buf_reg_r3_64_127_14_15/DIA
    SLICE_X67Y139        RAMD64E                                      r  u_wrapper/u_core/u_shared_engine/coeff_buf_reg_r3_64_127_14_15/RAMA/I
  -------------------------------------------------------------------    -------------------

                         (clock clk rise edge)        2.000     2.000 r  
                                                      0.000     2.000 r  clk (IN)
                         net (fo=2723, unset)         0.043     2.043    u_wrapper/u_core/u_shared_engine/coeff_buf_reg_r3_64_127_14_15/WCLK
    SLICE_X67Y139        RAMD64E                                      r  u_wrapper/u_core/u_shared_engine/coeff_buf_reg_r3_64_127_14_15/RAMA/CLK
                         clock pessimism              0.000     2.043    
                         clock uncertainty           -0.035     2.008    
    SLICE_X67Y139        RAMD64E (Setup_A6LUT_SLICEM_CLK_I)
                                                     -0.056     1.952    u_wrapper/u_core/u_shared_engine/coeff_buf_reg_r3_64_127_14_15/RAMA
  -------------------------------------------------------------------
                         required time                          1.952    
                         arrival time                          -1.879    
  -------------------------------------------------------------------
                         slack                                  0.072    

Slack (MET) :             0.072ns  (required time - arrival time)
  Source:                 u_wrapper/u_core/u_shared_rom/coeff_reg_1/CLKARDCLK
                            (rising edge-triggered cell RAMB36E2 clocked by clk  {rise@0.000ns fall@1.000ns period=2.000ns})
  Destination:            u_wrapper/u_core/u_shared_engine/coeff_buf_reg_r3_64_127_14_15/RAMA/I
                            (rising edge-triggered cell RAMD64E clocked by clk  {rise@0.000ns fall@1.000ns period=2.000ns})
  Path Group:             clk
  Path Type:              Setup (Max at Slow Process Corner)
  Requirement:            2.000ns  (clk rise@2.000ns - clk rise@0.000ns)
  Data Path Delay:        1.803ns  (logic 1.009ns (55.954%)  route 0.794ns (44.046%))
  Logic Levels:           1  (LUT5=1)
  Clock Path Skew:        -0.033ns (DCD - SCD + CPR)
    Destination Clock Delay (DCD):    0.043ns = ( 2.043 - 2.000 ) 
    Source Clock Delay      (SCD):    0.076ns
    Clock Pessimism Removal (CPR):    0.000ns
  Clock Uncertainty:      0.035ns  ((TSJ^2 + TIJ^2)^1/2 + DJ) / 2 + PE
    Total System Jitter     (TSJ):    0.071ns
    Total Input Jitter      (TIJ):    0.000ns
    Discrete Jitter          (DJ):    0.000ns
    Phase Error              (PE):    0.000ns

    Location             Delay type                Incr(ns)  Path(ns)    Netlist Resource(s)
  -------------------------------------------------------------------    -------------------
                         (clock clk rise edge)        0.000     0.000 r  
                                                      0.000     0.000 r  clk (IN)
                         net (fo=2723, unset)         0.076     0.076    u_wrapper/u_core/u_shared_rom/clk
    RAMB36_X5Y25         RAMB36E2                                     r  u_wrapper/u_core/u_shared_rom/coeff_reg_1/CLKARDCLK
  -------------------------------------------------------------------    -------------------
    RAMB36_X5Y25         RAMB36E2 (Prop_RAMB36E2_RAMB36_CLKARDCLK_DOUTADOUT[3])
                                                      0.960     1.036 f  u_wrapper/u_core/u_shared_rom/coeff_reg_1/DOUTADOUT[3]
                         net (fo=9, routed)           0.446     1.482    u_wrapper/u_core/u_shared_engine/out[7]
    SLICE_X64Y135        LUT5 (Prop_F6LUT_SLICEL_I1_O)
                                                      0.049     1.531 f  u_wrapper/u_core/u_shared_engine/coeff_buf_reg_0_255_14_14_i_1/O
                         net (fo=17, routed)          0.349     1.879    u_wrapper/u_core/u_shared_engine/coeff_buf_reg_r3_64_127_14_15/DIA
    SLICE_X67Y139        RAMD64E                                      f  u_wrapper/u_core/u_shared_engine/coeff_buf_reg_r3_64_127_14_15/RAMA/I
  -------------------------------------------------------------------    -------------------

                         (clock clk rise edge)        2.000     2.000 r  
                                                      0.000     2.000 r  clk (IN)
                         net (fo=2723, unset)         0.043     2.043    u_wrapper/u_core/u_shared_engine/coeff_buf_reg_r3_64_127_14_15/WCLK
    SLICE_X67Y139        RAMD64E                                      r  u_wrapper/u_core/u_shared_engine/coeff_buf_reg_r3_64_127_14_15/RAMA/CLK
                         clock pessimism              0.000     2.043    
                         clock uncertainty           -0.035     2.008    
    SLICE_X67Y139        RAMD64E (Setup_A6LUT_SLICEM_CLK_I)
                                                     -0.056     1.952    u_wrapper/u_core/u_shared_engine/coeff_buf_reg_r3_64_127_14_15/RAMA
  -------------------------------------------------------------------
                         required time                          1.952    
                         arrival time                          -1.879    
  -------------------------------------------------------------------
                         slack                                  0.072    




