Copyright 1986-2022 Xilinx, Inc. All Rights Reserved. Copyright 2022-2025 Advanced Micro Devices, Inc. All Rights Reserved.
--------------------------------------------------------------------------------------------------------------------------------------------------
| Tool Version      : Vivado v.2025.2 (win64) Build 6299465 Fri Nov 14 19:35:11 GMT 2025
| Date              : Sat Aug  8 23:14:18 2026
| Host              : Finesse running 64-bit major release  (build 9200)
| Command           : report_timing -hold -nworst 10 -file ./v33_hold.rpt
| Design            : its_top_500_singleclk
| Device            : xcku5p-ffvb676
| Speed File        : -2  PRODUCTION 1.29 05-01-2022
| Design State      : Physopt postRoute
| Temperature Grade : E
--------------------------------------------------------------------------------------------------------------------------------------------------

Timing Report

Slack (MET) :             0.030ns  (arrival time - required time)
  Source:                 u_wrapper/u_cmd_fifo/wr_ptr_gray_sync1_reg[0]/C
                            (rising edge-triggered cell FDCE clocked by clk  {rise@0.000ns fall@1.000ns period=2.000ns})
  Destination:            u_wrapper/u_cmd_fifo/wr_ptr_gray_sync2_reg[0]/D
                            (rising edge-triggered cell FDCE clocked by clk  {rise@0.000ns fall@1.000ns period=2.000ns})
  Path Group:             clk
  Path Type:              Hold (Min at Fast Process Corner)
  Requirement:            0.000ns  (clk rise@0.000ns - clk rise@0.000ns)
  Data Path Delay:        0.081ns  (logic 0.039ns (48.148%)  route 0.042ns (51.852%))
  Logic Levels:           0  
  Clock Path Skew:        0.005ns (DCD - SCD - CPR)
    Destination Clock Delay (DCD):    0.018ns
    Source Clock Delay      (SCD):    0.013ns
    Clock Pessimism Removal (CPR):    -0.000ns

    Location             Delay type                Incr(ns)  Path(ns)    Netlist Resource(s)
  -------------------------------------------------------------------    -------------------
                         (clock clk rise edge)        0.000     0.000 r  
                                                      0.000     0.000 r  clk (IN)
                         net (fo=2723, unset)         0.013     0.013    u_wrapper/u_cmd_fifo/clk
    SLICE_X63Y122        FDCE                                         r  u_wrapper/u_cmd_fifo/wr_ptr_gray_sync1_reg[0]/C
  -------------------------------------------------------------------    -------------------
    SLICE_X63Y122        FDCE (Prop_EFF_SLICEL_C_Q)
                                                      0.039     0.052 r  u_wrapper/u_cmd_fifo/wr_ptr_gray_sync1_reg[0]/Q
                         net (fo=1, routed)           0.042     0.094    u_wrapper/u_cmd_fifo/wr_ptr_gray_sync1[0]
    SLICE_X63Y123        FDCE                                         r  u_wrapper/u_cmd_fifo/wr_ptr_gray_sync2_reg[0]/D
  -------------------------------------------------------------------    -------------------

                         (clock clk rise edge)        0.000     0.000 r  
                                                      0.000     0.000 r  clk (IN)
                         net (fo=2723, unset)         0.018     0.018    u_wrapper/u_cmd_fifo/clk
    SLICE_X63Y123        FDCE                                         r  u_wrapper/u_cmd_fifo/wr_ptr_gray_sync2_reg[0]/C
                         clock pessimism              0.000     0.018    
    SLICE_X63Y123        FDCE (Hold_CFF_SLICEL_C_D)
                                                      0.046     0.064    u_wrapper/u_cmd_fifo/wr_ptr_gray_sync2_reg[0]
  -------------------------------------------------------------------
                         required time                         -0.064    
                         arrival time                           0.094    
  -------------------------------------------------------------------
                         slack                                  0.030    

Slack (MET) :             0.030ns  (arrival time - required time)
  Source:                 u_wrapper/u_cmd_fifo/wr_ptr_gray_sync1_reg[0]/C
                            (rising edge-triggered cell FDCE clocked by clk  {rise@0.000ns fall@1.000ns period=2.000ns})
  Destination:            u_wrapper/u_cmd_fifo/wr_ptr_gray_sync2_reg[0]/D
                            (rising edge-triggered cell FDCE clocked by clk  {rise@0.000ns fall@1.000ns period=2.000ns})
  Path Group:             clk
  Path Type:              Hold (Min at Fast Process Corner)
  Requirement:            0.000ns  (clk rise@0.000ns - clk rise@0.000ns)
  Data Path Delay:        0.081ns  (logic 0.039ns (48.148%)  route 0.042ns (51.852%))
  Logic Levels:           0  
  Clock Path Skew:        0.005ns (DCD - SCD - CPR)
    Destination Clock Delay (DCD):    0.018ns
    Source Clock Delay      (SCD):    0.013ns
    Clock Pessimism Removal (CPR):    -0.000ns

    Location             Delay type                Incr(ns)  Path(ns)    Netlist Resource(s)
  -------------------------------------------------------------------    -------------------
                         (clock clk rise edge)        0.000     0.000 r  
                                                      0.000     0.000 r  clk (IN)
                         net (fo=2723, unset)         0.013     0.013    u_wrapper/u_cmd_fifo/clk
    SLICE_X63Y122        FDCE                                         r  u_wrapper/u_cmd_fifo/wr_ptr_gray_sync1_reg[0]/C
  -------------------------------------------------------------------    -------------------
    SLICE_X63Y122        FDCE (Prop_EFF_SLICEL_C_Q)
                                                      0.039     0.052 f  u_wrapper/u_cmd_fifo/wr_ptr_gray_sync1_reg[0]/Q
                         net (fo=1, routed)           0.042     0.094    u_wrapper/u_cmd_fifo/wr_ptr_gray_sync1[0]
    SLICE_X63Y123        FDCE                                         f  u_wrapper/u_cmd_fifo/wr_ptr_gray_sync2_reg[0]/D
  -------------------------------------------------------------------    -------------------

                         (clock clk rise edge)        0.000     0.000 r  
                                                      0.000     0.000 r  clk (IN)
                         net (fo=2723, unset)         0.018     0.018    u_wrapper/u_cmd_fifo/clk
    SLICE_X63Y123        FDCE                                         r  u_wrapper/u_cmd_fifo/wr_ptr_gray_sync2_reg[0]/C
                         clock pessimism              0.000     0.018    
    SLICE_X63Y123        FDCE (Hold_CFF_SLICEL_C_D)
                                                      0.046     0.064    u_wrapper/u_cmd_fifo/wr_ptr_gray_sync2_reg[0]
  -------------------------------------------------------------------
                         required time                         -0.064    
                         arrival time                           0.094    
  -------------------------------------------------------------------
                         slack                                  0.030    

Slack (MET) :             0.039ns  (arrival time - required time)
  Source:                 u_wrapper/u_core/u_lfnst/drain_cnt_reg[0]/C
                            (rising edge-triggered cell FDCE clocked by clk  {rise@0.000ns fall@1.000ns period=2.000ns})
  Destination:            u_wrapper/u_core/u_lfnst/drain_cnt_reg[1]/D
                            (rising edge-triggered cell FDCE clocked by clk  {rise@0.000ns fall@1.000ns period=2.000ns})
  Path Group:             clk
  Path Type:              Hold (Min at Fast Process Corner)
  Requirement:            0.000ns  (clk rise@0.000ns - clk rise@0.000ns)
  Data Path Delay:        0.092ns  (logic 0.059ns (64.343%)  route 0.033ns (35.657%))
  Logic Levels:           1  (LUT3=1)
  Clock Path Skew:        0.006ns (DCD - SCD - CPR)
    Destination Clock Delay (DCD):    0.019ns
    Source Clock Delay      (SCD):    0.013ns
    Clock Pessimism Removal (CPR):    -0.000ns

    Location             Delay type                Incr(ns)  Path(ns)    Netlist Resource(s)
  -------------------------------------------------------------------    -------------------
                         (clock clk rise edge)        0.000     0.000 r  
                                                      0.000     0.000 r  clk (IN)
                         net (fo=2723, unset)         0.013     0.013    u_wrapper/u_core/u_lfnst/clk
    SLICE_X72Y135        FDCE                                         r  u_wrapper/u_core/u_lfnst/drain_cnt_reg[0]/C
  -------------------------------------------------------------------    -------------------
    SLICE_X72Y135        FDCE (Prop_HFF_SLICEL_C_Q)
                                                      0.039     0.052 r  u_wrapper/u_core/u_lfnst/drain_cnt_reg[0]/Q
                         net (fo=4, routed)           0.027     0.079    u_wrapper/u_core/u_lfnst/drain_cnt_reg_n_0_[0]
    SLICE_X72Y135        LUT3 (Prop_H5LUT_SLICEL_I2_O)
                                                      0.020     0.099 r  u_wrapper/u_core/u_lfnst/drain_cnt[1]_i_1/O
                         net (fo=1, routed)           0.006     0.105    u_wrapper/u_core/u_lfnst/drain_cnt[1]
    SLICE_X72Y135        FDCE                                         r  u_wrapper/u_core/u_lfnst/drain_cnt_reg[1]/D
  -------------------------------------------------------------------    -------------------

                         (clock clk rise edge)        0.000     0.000 r  
                                                      0.000     0.000 r  clk (IN)
                         net (fo=2723, unset)         0.019     0.019    u_wrapper/u_core/u_lfnst/clk
    SLICE_X72Y135        FDCE                                         r  u_wrapper/u_core/u_lfnst/drain_cnt_reg[1]/C
                         clock pessimism              0.000     0.019    
    SLICE_X72Y135        FDCE (Hold_HFF2_SLICEL_C_D)
                                                      0.047     0.066    u_wrapper/u_core/u_lfnst/drain_cnt_reg[1]
  -------------------------------------------------------------------
                         required time                         -0.066    
                         arrival time                           0.105    
  -------------------------------------------------------------------
                         slack                                  0.039    

Slack (MET) :             0.039ns  (arrival time - required time)
  Source:                 u_wrapper/u_core/u_lfnst/drain_cnt_reg[0]/C
                            (rising edge-triggered cell FDCE clocked by clk  {rise@0.000ns fall@1.000ns period=2.000ns})
  Destination:            u_wrapper/u_core/u_lfnst/drain_cnt_reg[1]/D
                            (rising edge-triggered cell FDCE clocked by clk  {rise@0.000ns fall@1.000ns period=2.000ns})
  Path Group:             clk
  Path Type:              Hold (Min at Fast Process Corner)
  Requirement:            0.000ns  (clk rise@0.000ns - clk rise@0.000ns)
  Data Path Delay:        0.092ns  (logic 0.059ns (64.343%)  route 0.033ns (35.657%))
  Logic Levels:           1  (LUT3=1)
  Clock Path Skew:        0.006ns (DCD - SCD - CPR)
    Destination Clock Delay (DCD):    0.019ns
    Source Clock Delay      (SCD):    0.013ns
    Clock Pessimism Removal (CPR):    -0.000ns

    Location             Delay type                Incr(ns)  Path(ns)    Netlist Resource(s)
  -------------------------------------------------------------------    -------------------
                         (clock clk rise edge)        0.000     0.000 r  
                                                      0.000     0.000 r  clk (IN)
                         net (fo=2723, unset)         0.013     0.013    u_wrapper/u_core/u_lfnst/clk
    SLICE_X72Y135        FDCE                                         r  u_wrapper/u_core/u_lfnst/drain_cnt_reg[0]/C
  -------------------------------------------------------------------    -------------------
    SLICE_X72Y135        FDCE (Prop_HFF_SLICEL_C_Q)
                                                      0.039     0.052 f  u_wrapper/u_core/u_lfnst/drain_cnt_reg[0]/Q
                         net (fo=4, routed)           0.027     0.079    u_wrapper/u_core/u_lfnst/drain_cnt_reg_n_0_[0]
    SLICE_X72Y135        LUT3 (Prop_H5LUT_SLICEL_I2_O)
                                                      0.020     0.099 r  u_wrapper/u_core/u_lfnst/drain_cnt[1]_i_1/O
                         net (fo=1, routed)           0.006     0.105    u_wrapper/u_core/u_lfnst/drain_cnt[1]
    SLICE_X72Y135        FDCE                                         r  u_wrapper/u_core/u_lfnst/drain_cnt_reg[1]/D
  -------------------------------------------------------------------    -------------------

                         (clock clk rise edge)        0.000     0.000 r  
                                                      0.000     0.000 r  clk (IN)
                         net (fo=2723, unset)         0.019     0.019    u_wrapper/u_core/u_lfnst/clk
    SLICE_X72Y135        FDCE                                         r  u_wrapper/u_core/u_lfnst/drain_cnt_reg[1]/C
                         clock pessimism              0.000     0.019    
    SLICE_X72Y135        FDCE (Hold_HFF2_SLICEL_C_D)
                                                      0.047     0.066    u_wrapper/u_core/u_lfnst/drain_cnt_reg[1]
  -------------------------------------------------------------------
                         required time                         -0.066    
                         arrival time                           0.105    
  -------------------------------------------------------------------
                         slack                                  0.039    

Slack (MET) :             0.039ns  (arrival time - required time)
  Source:                 u_wrapper/u_core/u_lfnst/drain_cnt_reg[0]/C
                            (rising edge-triggered cell FDCE clocked by clk  {rise@0.000ns fall@1.000ns period=2.000ns})
  Destination:            u_wrapper/u_core/u_lfnst/drain_cnt_reg[1]/D
                            (rising edge-triggered cell FDCE clocked by clk  {rise@0.000ns fall@1.000ns period=2.000ns})
  Path Group:             clk
  Path Type:              Hold (Min at Fast Process Corner)
  Requirement:            0.000ns  (clk rise@0.000ns - clk rise@0.000ns)
  Data Path Delay:        0.092ns  (logic 0.059ns (64.343%)  route 0.033ns (35.657%))
  Logic Levels:           1  (LUT3=1)
  Clock Path Skew:        0.006ns (DCD - SCD - CPR)
    Destination Clock Delay (DCD):    0.019ns
    Source Clock Delay      (SCD):    0.013ns
    Clock Pessimism Removal (CPR):    -0.000ns

    Location             Delay type                Incr(ns)  Path(ns)    Netlist Resource(s)
  -------------------------------------------------------------------    -------------------
                         (clock clk rise edge)        0.000     0.000 r  
                                                      0.000     0.000 r  clk (IN)
                         net (fo=2723, unset)         0.013     0.013    u_wrapper/u_core/u_lfnst/clk
    SLICE_X72Y135        FDCE                                         r  u_wrapper/u_core/u_lfnst/drain_cnt_reg[0]/C
  -------------------------------------------------------------------    -------------------
    SLICE_X72Y135        FDCE (Prop_HFF_SLICEL_C_Q)
                                                      0.039     0.052 r  u_wrapper/u_core/u_lfnst/drain_cnt_reg[0]/Q
                         net (fo=4, routed)           0.027     0.079    u_wrapper/u_core/u_lfnst/drain_cnt_reg_n_0_[0]
    SLICE_X72Y135        LUT3 (Prop_H5LUT_SLICEL_I2_O)
                                                      0.020     0.099 f  u_wrapper/u_core/u_lfnst/drain_cnt[1]_i_1/O
                         net (fo=1, routed)           0.006     0.105    u_wrapper/u_core/u_lfnst/drain_cnt[1]
    SLICE_X72Y135        FDCE                                         f  u_wrapper/u_core/u_lfnst/drain_cnt_reg[1]/D
  -------------------------------------------------------------------    -------------------

                         (clock clk rise edge)        0.000     0.000 r  
                                                      0.000     0.000 r  clk (IN)
                         net (fo=2723, unset)         0.019     0.019    u_wrapper/u_core/u_lfnst/clk
    SLICE_X72Y135        FDCE                                         r  u_wrapper/u_core/u_lfnst/drain_cnt_reg[1]/C
                         clock pessimism              0.000     0.019    
    SLICE_X72Y135        FDCE (Hold_HFF2_SLICEL_C_D)
                                                      0.047     0.066    u_wrapper/u_core/u_lfnst/drain_cnt_reg[1]
  -------------------------------------------------------------------
                         required time                         -0.066    
                         arrival time                           0.105    
  -------------------------------------------------------------------
                         slack                                  0.039    

Slack (MET) :             0.039ns  (arrival time - required time)
  Source:                 u_wrapper/u_core/u_lfnst/drain_cnt_reg[0]/C
                            (rising edge-triggered cell FDCE clocked by clk  {rise@0.000ns fall@1.000ns period=2.000ns})
  Destination:            u_wrapper/u_core/u_lfnst/drain_cnt_reg[1]/D
                            (rising edge-triggered cell FDCE clocked by clk  {rise@0.000ns fall@1.000ns period=2.000ns})
  Path Group:             clk
  Path Type:              Hold (Min at Fast Process Corner)
  Requirement:            0.000ns  (clk rise@0.000ns - clk rise@0.000ns)
  Data Path Delay:        0.092ns  (logic 0.059ns (64.343%)  route 0.033ns (35.657%))
  Logic Levels:           1  (LUT3=1)
  Clock Path Skew:        0.006ns (DCD - SCD - CPR)
    Destination Clock Delay (DCD):    0.019ns
    Source Clock Delay      (SCD):    0.013ns
    Clock Pessimism Removal (CPR):    -0.000ns

    Location             Delay type                Incr(ns)  Path(ns)    Netlist Resource(s)
  -------------------------------------------------------------------    -------------------
                         (clock clk rise edge)        0.000     0.000 r  
                                                      0.000     0.000 r  clk (IN)
                         net (fo=2723, unset)         0.013     0.013    u_wrapper/u_core/u_lfnst/clk
    SLICE_X72Y135        FDCE                                         r  u_wrapper/u_core/u_lfnst/drain_cnt_reg[0]/C
  -------------------------------------------------------------------    -------------------
    SLICE_X72Y135        FDCE (Prop_HFF_SLICEL_C_Q)
                                                      0.039     0.052 f  u_wrapper/u_core/u_lfnst/drain_cnt_reg[0]/Q
                         net (fo=4, routed)           0.027     0.079    u_wrapper/u_core/u_lfnst/drain_cnt_reg_n_0_[0]
    SLICE_X72Y135        LUT3 (Prop_H5LUT_SLICEL_I2_O)
                                                      0.020     0.099 f  u_wrapper/u_core/u_lfnst/drain_cnt[1]_i_1/O
                         net (fo=1, routed)           0.006     0.105    u_wrapper/u_core/u_lfnst/drain_cnt[1]
    SLICE_X72Y135        FDCE                                         f  u_wrapper/u_core/u_lfnst/drain_cnt_reg[1]/D
  -------------------------------------------------------------------    -------------------

                         (clock clk rise edge)        0.000     0.000 r  
                                                      0.000     0.000 r  clk (IN)
                         net (fo=2723, unset)         0.019     0.019    u_wrapper/u_core/u_lfnst/clk
    SLICE_X72Y135        FDCE                                         r  u_wrapper/u_core/u_lfnst/drain_cnt_reg[1]/C
                         clock pessimism              0.000     0.019    
    SLICE_X72Y135        FDCE (Hold_HFF2_SLICEL_C_D)
                                                      0.047     0.066    u_wrapper/u_core/u_lfnst/drain_cnt_reg[1]
  -------------------------------------------------------------------
                         required time                         -0.066    
                         arrival time                           0.105    
  -------------------------------------------------------------------
                         slack                                  0.039    

Slack (MET) :             0.040ns  (arrival time - required time)
  Source:                 u_wrapper/u_core/output_fifo_wdata_reg[32]/C
                            (rising edge-triggered cell FDCE clocked by clk  {rise@0.000ns fall@1.000ns period=2.000ns})
  Destination:            u_wrapper/u_output_fifo/mem_reg_0_15_28_39/RAMC/I
                            (rising edge-triggered cell RAMD32 clocked by clk  {rise@0.000ns fall@1.000ns period=2.000ns})
  Path Group:             clk
  Path Type:              Hold (Min at Fast Process Corner)
  Requirement:            0.000ns  (clk rise@0.000ns - clk rise@0.000ns)
  Data Path Delay:        0.122ns  (logic 0.039ns (31.967%)  route 0.083ns (68.033%))
  Logic Levels:           0  
  Clock Path Skew:        0.027ns (DCD - SCD - CPR)
    Destination Clock Delay (DCD):    0.039ns
    Source Clock Delay      (SCD):    0.012ns
    Clock Pessimism Removal (CPR):    -0.000ns

    Location             Delay type                Incr(ns)  Path(ns)    Netlist Resource(s)
  -------------------------------------------------------------------    -------------------
                         (clock clk rise edge)        0.000     0.000 r  
                                                      0.000     0.000 r  clk (IN)
                         net (fo=2723, unset)         0.012     0.012    u_wrapper/u_core/clk
    SLICE_X64Y107        FDCE                                         r  u_wrapper/u_core/output_fifo_wdata_reg[32]/C
  -------------------------------------------------------------------    -------------------
    SLICE_X64Y107        FDCE (Prop_BFF_SLICEL_C_Q)
                                                      0.039     0.051 r  u_wrapper/u_core/output_fifo_wdata_reg[32]/Q
                         net (fo=1, routed)           0.083     0.134    u_wrapper/u_output_fifo/mem_reg_0_15_28_39/DIC0
    SLICE_X66Y108        RAMD32                                       r  u_wrapper/u_output_fifo/mem_reg_0_15_28_39/RAMC/I
  -------------------------------------------------------------------    -------------------

                         (clock clk rise edge)        0.000     0.000 r  
                                                      0.000     0.000 r  clk (IN)
                         net (fo=2723, unset)         0.039     0.039    u_wrapper/u_output_fifo/mem_reg_0_15_28_39/WCLK
    SLICE_X66Y108        RAMD32                                       r  u_wrapper/u_output_fifo/mem_reg_0_15_28_39/RAMC/CLK
                         clock pessimism              0.000     0.039    
    SLICE_X66Y108        RAMD32 (Hold_C5LUT_SLICEM_CLK_I)
                                                      0.055     0.094    u_wrapper/u_output_fifo/mem_reg_0_15_28_39/RAMC
  -------------------------------------------------------------------
                         required time                         -0.094    
                         arrival time                           0.134    
  -------------------------------------------------------------------
                         slack                                  0.040    

Slack (MET) :             0.040ns  (arrival time - required time)
  Source:                 u_wrapper/u_core/output_fifo_wdata_reg[32]/C
                            (rising edge-triggered cell FDCE clocked by clk  {rise@0.000ns fall@1.000ns period=2.000ns})
  Destination:            u_wrapper/u_output_fifo/mem_reg_0_15_28_39/RAMC/I
                            (rising edge-triggered cell RAMD32 clocked by clk  {rise@0.000ns fall@1.000ns period=2.000ns})
  Path Group:             clk
  Path Type:              Hold (Min at Fast Process Corner)
  Requirement:            0.000ns  (clk rise@0.000ns - clk rise@0.000ns)
  Data Path Delay:        0.122ns  (logic 0.039ns (31.967%)  route 0.083ns (68.033%))
  Logic Levels:           0  
  Clock Path Skew:        0.027ns (DCD - SCD - CPR)
    Destination Clock Delay (DCD):    0.039ns
    Source Clock Delay      (SCD):    0.012ns
    Clock Pessimism Removal (CPR):    -0.000ns

    Location             Delay type                Incr(ns)  Path(ns)    Netlist Resource(s)
  -------------------------------------------------------------------    -------------------
                         (clock clk rise edge)        0.000     0.000 r  
                                                      0.000     0.000 r  clk (IN)
                         net (fo=2723, unset)         0.012     0.012    u_wrapper/u_core/clk
    SLICE_X64Y107        FDCE                                         r  u_wrapper/u_core/output_fifo_wdata_reg[32]/C
  -------------------------------------------------------------------    -------------------
    SLICE_X64Y107        FDCE (Prop_BFF_SLICEL_C_Q)
                                                      0.039     0.051 f  u_wrapper/u_core/output_fifo_wdata_reg[32]/Q
                         net (fo=1, routed)           0.083     0.134    u_wrapper/u_output_fifo/mem_reg_0_15_28_39/DIC0
    SLICE_X66Y108        RAMD32                                       f  u_wrapper/u_output_fifo/mem_reg_0_15_28_39/RAMC/I
  -------------------------------------------------------------------    -------------------

                         (clock clk rise edge)        0.000     0.000 r  
                                                      0.000     0.000 r  clk (IN)
                         net (fo=2723, unset)         0.039     0.039    u_wrapper/u_output_fifo/mem_reg_0_15_28_39/WCLK
    SLICE_X66Y108        RAMD32                                       r  u_wrapper/u_output_fifo/mem_reg_0_15_28_39/RAMC/CLK
                         clock pessimism              0.000     0.039    
    SLICE_X66Y108        RAMD32 (Hold_C5LUT_SLICEM_CLK_I)
                                                      0.055     0.094    u_wrapper/u_output_fifo/mem_reg_0_15_28_39/RAMC
  -------------------------------------------------------------------
                         required time                         -0.094    
                         arrival time                           0.134    
  -------------------------------------------------------------------
                         slack                                  0.040    

Slack (MET) :             0.042ns  (arrival time - required time)
  Source:                 u_wrapper/u_core/u_lfnst/load_cnt_reg[5]/C
                            (rising edge-triggered cell FDCE clocked by clk  {rise@0.000ns fall@1.000ns period=2.000ns})
  Destination:            u_wrapper/u_core/u_lfnst/load_cnt_reg[5]/D
                            (rising edge-triggered cell FDCE clocked by clk  {rise@0.000ns fall@1.000ns period=2.000ns})
  Path Group:             clk
  Path Type:              Hold (Min at Fast Process Corner)
  Requirement:            0.000ns  (clk rise@0.000ns - clk rise@0.000ns)
  Data Path Delay:        0.094ns  (logic 0.053ns (56.474%)  route 0.041ns (43.526%))
  Logic Levels:           1  (LUT4=1)
  Clock Path Skew:        0.006ns (DCD - SCD - CPR)
    Destination Clock Delay (DCD):    0.018ns
    Source Clock Delay      (SCD):    0.012ns
    Clock Pessimism Removal (CPR):    -0.000ns

    Location             Delay type                Incr(ns)  Path(ns)    Netlist Resource(s)
  -------------------------------------------------------------------    -------------------
                         (clock clk rise edge)        0.000     0.000 r  
                                                      0.000     0.000 r  clk (IN)
                         net (fo=2723, unset)         0.012     0.012    u_wrapper/u_core/u_lfnst/clk
    SLICE_X73Y133        FDCE                                         r  u_wrapper/u_core/u_lfnst/load_cnt_reg[5]/C
  -------------------------------------------------------------------    -------------------
    SLICE_X73Y133        FDCE (Prop_DFF_SLICEL_C_Q)
                                                      0.039     0.051 r  u_wrapper/u_core/u_lfnst/load_cnt_reg[5]/Q
                         net (fo=3, routed)           0.025     0.076    u_wrapper/u_core/u_lfnst/load_cnt_reg__0[5]
    SLICE_X73Y133        LUT4 (Prop_D6LUT_SLICEL_I2_O)
                                                      0.014     0.090 r  u_wrapper/u_core/u_lfnst/load_cnt[5]_i_2/O
                         net (fo=1, routed)           0.016     0.106    u_wrapper/u_core/u_lfnst/p_0_in[5]
    SLICE_X73Y133        FDCE                                         r  u_wrapper/u_core/u_lfnst/load_cnt_reg[5]/D
  -------------------------------------------------------------------    -------------------

                         (clock clk rise edge)        0.000     0.000 r  
                                                      0.000     0.000 r  clk (IN)
                         net (fo=2723, unset)         0.018     0.018    u_wrapper/u_core/u_lfnst/clk
    SLICE_X73Y133        FDCE                                         r  u_wrapper/u_core/u_lfnst/load_cnt_reg[5]/C
                         clock pessimism              0.000     0.018    
    SLICE_X73Y133        FDCE (Hold_DFF_SLICEL_C_D)
                                                      0.046     0.064    u_wrapper/u_core/u_lfnst/load_cnt_reg[5]
  -------------------------------------------------------------------
                         required time                         -0.064    
                         arrival time                           0.106    
  -------------------------------------------------------------------
                         slack                                  0.042    

Slack (MET) :             0.042ns  (arrival time - required time)
  Source:                 u_wrapper/u_core/u_lfnst/load_cnt_reg[5]/C
                            (rising edge-triggered cell FDCE clocked by clk  {rise@0.000ns fall@1.000ns period=2.000ns})
  Destination:            u_wrapper/u_core/u_lfnst/load_cnt_reg[5]/D
                            (rising edge-triggered cell FDCE clocked by clk  {rise@0.000ns fall@1.000ns period=2.000ns})
  Path Group:             clk
  Path Type:              Hold (Min at Fast Process Corner)
  Requirement:            0.000ns  (clk rise@0.000ns - clk rise@0.000ns)
  Data Path Delay:        0.094ns  (logic 0.053ns (56.474%)  route 0.041ns (43.526%))
  Logic Levels:           1  (LUT4=1)
  Clock Path Skew:        0.006ns (DCD - SCD - CPR)
    Destination Clock Delay (DCD):    0.018ns
    Source Clock Delay      (SCD):    0.012ns
    Clock Pessimism Removal (CPR):    -0.000ns

    Location             Delay type                Incr(ns)  Path(ns)    Netlist Resource(s)
  -------------------------------------------------------------------    -------------------
                         (clock clk rise edge)        0.000     0.000 r  
                                                      0.000     0.000 r  clk (IN)
                         net (fo=2723, unset)         0.012     0.012    u_wrapper/u_core/u_lfnst/clk
    SLICE_X73Y133        FDCE                                         r  u_wrapper/u_core/u_lfnst/load_cnt_reg[5]/C
  -------------------------------------------------------------------    -------------------
    SLICE_X73Y133        FDCE (Prop_DFF_SLICEL_C_Q)
                                                      0.039     0.051 f  u_wrapper/u_core/u_lfnst/load_cnt_reg[5]/Q
                         net (fo=3, routed)           0.025     0.076    u_wrapper/u_core/u_lfnst/load_cnt_reg__0[5]
    SLICE_X73Y133        LUT4 (Prop_D6LUT_SLICEL_I2_O)
                                                      0.014     0.090 r  u_wrapper/u_core/u_lfnst/load_cnt[5]_i_2/O
                         net (fo=1, routed)           0.016     0.106    u_wrapper/u_core/u_lfnst/p_0_in[5]
    SLICE_X73Y133        FDCE                                         r  u_wrapper/u_core/u_lfnst/load_cnt_reg[5]/D
  -------------------------------------------------------------------    -------------------

                         (clock clk rise edge)        0.000     0.000 r  
                                                      0.000     0.000 r  clk (IN)
                         net (fo=2723, unset)         0.018     0.018    u_wrapper/u_core/u_lfnst/clk
    SLICE_X73Y133        FDCE                                         r  u_wrapper/u_core/u_lfnst/load_cnt_reg[5]/C
                         clock pessimism              0.000     0.018    
    SLICE_X73Y133        FDCE (Hold_DFF_SLICEL_C_D)
                                                      0.046     0.064    u_wrapper/u_core/u_lfnst/load_cnt_reg[5]
  -------------------------------------------------------------------
                         required time                         -0.064    
                         arrival time                           0.106    
  -------------------------------------------------------------------
                         slack                                  0.042    




