Reading pref.tcl

# 2020.4

# vsim -c -voptargs="+acc" work.p2a_dct2_64_p4_tb -do "run -all; quit -f" 
# Start time: 00:51:24 on Sep 05,2026
# ** Note: (vsim-3812) Design is being optimized...
# //  ModelSim SE-64 2020.4 Oct 13 2020
# //
# //  Copyright 1991-2020 Mentor Graphics Corporation
# //  All Rights Reserved.
# //
# //  ModelSim SE-64 and its associated documentation contain trade
# //  secrets and commercial or financial information that are the property of
# //  Mentor Graphics Corporation and are privileged, confidential,
# //  and exempt from disclosure under the Freedom of Information Act,
# //  5 U.S.C. Section 552. Furthermore, this information
# //  is prohibited from disclosure under the Trade Secrets Act,
# //  18 U.S.C. Section 1905.
# //
# Loading sv_std.std
# Loading work.p2a_dct2_64_p4_tb(fast)
# Loading work.p2a_dct2_64_p4(fast)
# run -all
# P2A_LAUNCH phase=1 id=0 cycle=22
# P2A_LAUNCH phase=1 id=1 cycle=38
# P2A_LAUNCH phase=1 id=2 cycle=54
# P2A_LAUNCH phase=2 id=10 cycle=105
# P2A_LAUNCH phase=2 id=11 cycle=121
# P2A_METRIC phase1_launch_interval_expected=16 issue_group_interval=1
# P2A_METRIC phase2_launch_count=2 fifo_occupied=0 reserved=0
# P2A_LATENCY id=10 issue0=105 stage_write0=119 output0=471 stage_latency=14 output_latency=366
# P2A_LATENCY id=11 issue0=121 stage_write0=135 output0=487 stage_latency=14 output_latency=366
# P2A_TB_PASS raw=128 biased=128 shifted=128 stage16=128 output=128 launches=2
# ** Note: $finish    : D:/Workspace/ITS_STUDY_V35_P2A_DCT2_64_R1/V35_P2A_DCT2_64/tb/p2a_dct2_64_p4_tb.sv(1784)
#    Time: 1004 ns  Iteration: 1  Instance: /p2a_dct2_64_p4_tb
# End time: 00:51:26 on Sep 05,2026, Elapsed time: 0:00:02
# Errors: 0, Warnings: 0
