Copyright 1986-2022 Xilinx, Inc. All Rights Reserved. Copyright 2022-2025 Advanced Micro Devices, Inc. All Rights Reserved.
--------------------------------------------------------------------------------------------------------------------------------------------------
| Tool Version      : Vivado v.2025.2 (win64) Build 6299465 Fri Nov 14 19:35:11 GMT 2025
| Date              : Fri Sep  4 00:34:31 2026
| Host              : Finesse running 64-bit major release  (build 9200)
| Command           : report_timing_summary -file D:/Workspace/ITS_STUDY_V34_LFNST_FIX/_v34_audit/vivado/v34_alt_timing_summary.rpt
| Design            : its_top_500_singleclk
| Device            : xcku5p-ffvb676
| Speed File        : -2  PRODUCTION 1.29 05-01-2022
| Design State      : Physopt postRoute
| Temperature Grade : E
--------------------------------------------------------------------------------------------------------------------------------------------------

Timing Summary Report

------------------------------------------------------------------------------------------------
| Timer Settings
| --------------
------------------------------------------------------------------------------------------------

  Enable Multi Corner Analysis               :  Yes
  Enable Pessimism Removal                   :  Yes
  Pessimism Removal Resolution               :  Nearest Common Node
  Enable Input Delay Default Clock           :  No
  Enable Preset / Clear Arcs                 :  No
  Disable Flight Delays                      :  No
  Ignore I/O Paths                           :  No
  Timing Early Launch at Borrowing Latches   :  No
  Borrow Time for Max Delay Exceptions       :  Yes
  Merge Timing Exceptions                    :  Yes
  Inter-SLR Compensation                     :  Conservative

  Corner  Analyze    Analyze    
  Name    Max Paths  Min Paths  
  ------  ---------  ---------  
  Slow    Yes        Yes        
  Fast    Yes        Yes        


------------------------------------------------------------------------------------------------
| Report Methodology
| ------------------
------------------------------------------------------------------------------------------------

No report available as report_methodology has not been run prior. Run report_methodology on the current design for the summary of methodology violations.



check_timing report

Table of Contents
-----------------
1. checking no_clock (0)
2. checking constant_clock (0)
3. checking pulse_width_clock (0)
4. checking unconstrained_internal_endpoints (0)
5. checking no_input_delay (1)
6. checking no_output_delay (0)
7. checking multiple_clock (0)
8. checking generated_clocks (0)
9. checking loops (0)
10. checking partial_input_delay (0)
11. checking partial_output_delay (0)
12. checking latch_loops (0)

1. checking no_clock (0)
------------------------
 There are 0 register/latch pins with no clock.


2. checking constant_clock (0)
------------------------------
 There are 0 register/latch pins with constant_clock.


3. checking pulse_width_clock (0)
---------------------------------
 There are 0 register/latch pins which need pulse_width check


4. checking unconstrained_internal_endpoints (0)
------------------------------------------------
 There are 0 pins that are not constrained for maximum delay.

 There are 0 pins that are not constrained for maximum delay due to constant clock.


5. checking no_input_delay (1)
------------------------------
 There are 0 input ports with no input delay specified.

 There is 1 input port with no input delay but user has a false path constraint. (MEDIUM)


6. checking no_output_delay (0)
-------------------------------
 There are 0 ports with no output delay specified.

 There are 0 ports with no output delay but user has a false path constraint

 There are 0 ports with no output delay but with a timing clock defined on it or propagating through it


7. checking multiple_clock (0)
------------------------------
 There are 0 register/latch pins with multiple clocks.


8. checking generated_clocks (0)
--------------------------------
 There are 0 generated clocks that are not connected to a clock source.


9. checking loops (0)
---------------------
 There are 0 combinational loops in the design.


10. checking partial_input_delay (0)
------------------------------------
 There are 0 input ports with partial input delay specified.


11. checking partial_output_delay (0)
-------------------------------------
 There are 0 ports with partial output delay specified.


12. checking latch_loops (0)
----------------------------
 There are 0 combinational latch loops in the design through latch input



------------------------------------------------------------------------------------------------
| Design Timing Summary
| ---------------------
------------------------------------------------------------------------------------------------

    WNS(ns)      TNS(ns)  TNS Failing Endpoints  TNS Total Endpoints      WHS(ns)      THS(ns)  THS Failing Endpoints  THS Total Endpoints     WPWS(ns)     TPWS(ns)  TPWS Failing Endpoints  TPWS Total Endpoints  
    -------      -------  ---------------------  -------------------      -------      -------  ---------------------  -------------------     --------     --------  ----------------------  --------------------  
      0.024        0.000                      0                 9563        0.004        0.000                      0                 9563        0.431        0.000                       0                  2695  


All user specified timing constraints are met.


------------------------------------------------------------------------------------------------
| Clock Summary
| -------------
------------------------------------------------------------------------------------------------

Clock  Waveform(ns)         Period(ns)      Frequency(MHz)
-----  ------------         ----------      --------------
clk    {0.000 1.000}        2.000           500.000         


------------------------------------------------------------------------------------------------
| Intra Clock Table
| -----------------
------------------------------------------------------------------------------------------------

Clock             WNS(ns)      TNS(ns)  TNS Failing Endpoints  TNS Total Endpoints      WHS(ns)      THS(ns)  THS Failing Endpoints  THS Total Endpoints     WPWS(ns)     TPWS(ns)  TPWS Failing Endpoints  TPWS Total Endpoints  
-----             -------      -------  ---------------------  -------------------      -------      -------  ---------------------  -------------------     --------     --------  ----------------------  --------------------  
clk                 0.024        0.000                      0                 8482        0.004        0.000                      0                 8482        0.431        0.000                       0                  2695  


------------------------------------------------------------------------------------------------
| Inter Clock Table
| -----------------
------------------------------------------------------------------------------------------------

From Clock    To Clock          WNS(ns)      TNS(ns)  TNS Failing Endpoints  TNS Total Endpoints      WHS(ns)      THS(ns)  THS Failing Endpoints  THS Total Endpoints  
----------    --------          -------      -------  ---------------------  -------------------      -------      -------  ---------------------  -------------------  


------------------------------------------------------------------------------------------------
| Other Path Groups Table
| -----------------------
------------------------------------------------------------------------------------------------

Path Group         From Clock         To Clock               WNS(ns)      TNS(ns)  TNS Failing Endpoints  TNS Total Endpoints      WHS(ns)      THS(ns)  THS Failing Endpoints  THS Total Endpoints  
----------         ----------         --------               -------      -------  ---------------------  -------------------      -------      -------  ---------------------  -------------------  
**async_default**  clk                clk                      0.172        0.000                      0                 1081        0.126        0.000                      0                 1081  


------------------------------------------------------------------------------------------------
| Timing Details
| --------------
------------------------------------------------------------------------------------------------


---------------------------------------------------------------------------------------------------
From Clock:  clk
  To Clock:  clk

Setup :            0  Failing Endpoints,  Worst Slack        0.024ns,  Total Violation        0.000ns
Hold  :            0  Failing Endpoints,  Worst Slack        0.004ns,  Total Violation        0.000ns
PW    :            0  Failing Endpoints,  Worst Slack        0.431ns,  Total Violation        0.000ns
---------------------------------------------------------------------------------------------------


Max Delay Paths
--------------------------------------------------------------------------------------
Slack (MET) :             0.024ns  (required time - arrival time)
  Source:                 u_wrapper/u_core/u_shared_engine/pf_rom_row_reg[0]/C
                            (rising edge-triggered cell FDCE clocked by clk  {rise@0.000ns fall@1.000ns period=2.000ns})
  Destination:            u_wrapper/u_core/u_shared_rom/coeff_reg_1/ADDRARDADDR[14]
                            (rising edge-triggered cell RAMB36E2 clocked by clk  {rise@0.000ns fall@1.000ns period=2.000ns})
  Path Group:             clk
  Path Type:              Setup (Max at Slow Process Corner)
  Requirement:            2.000ns  (clk rise@2.000ns - clk rise@0.000ns)
  Data Path Delay:        1.663ns  (logic 0.591ns (35.535%)  route 1.072ns (64.465%))
  Logic Levels:           5  (CARRY8=2 LUT3=1 LUT5=2)
  Clock Path Skew:        0.009ns (DCD - SCD + CPR)
    Destination Clock Delay (DCD):    0.039ns = ( 2.039 - 2.000 ) 
    Source Clock Delay      (SCD):    0.030ns
    Clock Pessimism Removal (CPR):    0.000ns
  Clock Uncertainty:      0.035ns  ((TSJ^2 + TIJ^2)^1/2 + DJ) / 2 + PE
    Total System Jitter     (TSJ):    0.071ns
    Total Input Jitter      (TIJ):    0.000ns
    Discrete Jitter          (DJ):    0.000ns
    Phase Error              (PE):    0.000ns

    Location             Delay type                Incr(ns)  Path(ns)    Netlist Resource(s)
  -------------------------------------------------------------------    -------------------
                         (clock clk rise edge)        0.000     0.000 r  
                                                      0.000     0.000 r  clk (IN)
                         net (fo=2721, unset)         0.030     0.030    u_wrapper/u_core/u_shared_engine/clk
    SLICE_X71Y173        FDCE                                         r  u_wrapper/u_core/u_shared_engine/pf_rom_row_reg[0]/C
  -------------------------------------------------------------------    -------------------
    SLICE_X71Y173        FDCE (Prop_DFF_SLICEM_C_Q)
                                                      0.078     0.108 r  u_wrapper/u_core/u_shared_engine/pf_rom_row_reg[0]/Q
                         net (fo=16, routed)          0.282     0.390    u_wrapper/u_core/u_shared_engine/p_0_in[0]
    SLICE_X72Y173        LUT5 (Prop_G6LUT_SLICEL_I0_O)
                                                      0.149     0.539 r  u_wrapper/u_core/u_shared_engine/coeff_reg_0_i_35/O
                         net (fo=3, routed)           0.145     0.684    u_wrapper/u_core/u_shared_engine/coeff_reg_0_i_35_n_0
    SLICE_X71Y172        LUT3 (Prop_E5LUT_SLICEM_I0_O)
                                                      0.113     0.797 r  u_wrapper/u_core/u_shared_engine/coeff_reg_0_i_40/O
                         net (fo=1, routed)           0.241     1.038    u_wrapper/u_core/u_shared_engine/rom_addr_r1[6]
    SLICE_X72Y171        LUT5 (Prop_G6LUT_SLICEL_I3_O)
                                                      0.050     1.088 r  u_wrapper/u_core/u_shared_engine/coeff_reg_0_i_20/O
                         net (fo=1, routed)           0.008     1.096    u_wrapper/u_core/u_shared_engine/coeff_reg_0_i_20_n_0
    SLICE_X72Y171        CARRY8 (Prop_CARRY8_SLICEL_S[6]_CO[7])
                                                      0.115     1.211 r  u_wrapper/u_core/u_shared_engine/coeff_reg_0_i_2/CO[7]
                         net (fo=1, routed)           0.026     1.237    u_wrapper/u_core/u_shared_engine/coeff_reg_0_i_2_n_0
    SLICE_X72Y172        CARRY8 (Prop_CARRY8_SLICEL_CI_O[4])
                                                      0.086     1.323 r  u_wrapper/u_core/u_shared_engine/coeff_reg_0_i_1/O[4]
                         net (fo=2, routed)           0.370     1.693    u_wrapper/u_core/u_shared_rom/sel[12]
    RAMB36_X6Y35         RAMB36E2                                     r  u_wrapper/u_core/u_shared_rom/coeff_reg_1/ADDRARDADDR[14]
  -------------------------------------------------------------------    -------------------

                         (clock clk rise edge)        2.000     2.000 r  
                                                      0.000     2.000 r  clk (IN)
                         net (fo=2721, unset)         0.039     2.039    u_wrapper/u_core/u_shared_rom/clk
    RAMB36_X6Y35         RAMB36E2                                     r  u_wrapper/u_core/u_shared_rom/coeff_reg_1/CLKARDCLK
                         clock pessimism              0.000     2.039    
                         clock uncertainty           -0.035     2.004    
    RAMB36_X6Y35         RAMB36E2 (Setup_RAMB36E2_RAMB36_CLKARDCLK_ADDRARDADDR[14])
                                                     -0.287     1.717    u_wrapper/u_core/u_shared_rom/coeff_reg_1
  -------------------------------------------------------------------
                         required time                          1.717    
                         arrival time                          -1.693    
  -------------------------------------------------------------------
                         slack                                  0.024    





Min Delay Paths
--------------------------------------------------------------------------------------
Slack (MET) :             0.004ns  (arrival time - required time)
  Source:                 u_wrapper/u_core/output_fifo_wdata_reg[12]/C
                            (rising edge-triggered cell FDCE clocked by clk  {rise@0.000ns fall@1.000ns period=2.000ns})
  Destination:            u_wrapper/u_output_fifo/mem_reg_0_15_0_13/RAMG/I
                            (rising edge-triggered cell RAMD32 clocked by clk  {rise@0.000ns fall@1.000ns period=2.000ns})
  Path Group:             clk
  Path Type:              Hold (Min at Slow Process Corner)
  Requirement:            0.000ns  (clk rise@0.000ns - clk rise@0.000ns)
  Data Path Delay:        0.119ns  (logic 0.058ns (48.739%)  route 0.061ns (51.261%))
  Logic Levels:           0  
  Clock Path Skew:        0.037ns (DCD - SCD - CPR)
    Destination Clock Delay (DCD):    0.057ns
    Source Clock Delay      (SCD):    0.020ns
    Clock Pessimism Removal (CPR):    -0.000ns

    Location             Delay type                Incr(ns)  Path(ns)    Netlist Resource(s)
  -------------------------------------------------------------------    -------------------
                         (clock clk rise edge)        0.000     0.000 r  
                                                      0.000     0.000 r  clk (IN)
                         net (fo=2721, unset)         0.020     0.020    u_wrapper/u_core/clk
    SLICE_X65Y144        FDCE                                         r  u_wrapper/u_core/output_fifo_wdata_reg[12]/C
  -------------------------------------------------------------------    -------------------
    SLICE_X65Y144        FDCE (Prop_FFF_SLICEL_C_Q)
                                                      0.058     0.078 r  u_wrapper/u_core/output_fifo_wdata_reg[12]/Q
                         net (fo=1, routed)           0.061     0.139    u_wrapper/u_output_fifo/mem_reg_0_15_0_13/DIG0
    SLICE_X66Y144        RAMD32                                       r  u_wrapper/u_output_fifo/mem_reg_0_15_0_13/RAMG/I
  -------------------------------------------------------------------    -------------------

                         (clock clk rise edge)        0.000     0.000 r  
                                                      0.000     0.000 r  clk (IN)
                         net (fo=2721, unset)         0.057     0.057    u_wrapper/u_output_fifo/mem_reg_0_15_0_13/WCLK
    SLICE_X66Y144        RAMD32                                       r  u_wrapper/u_output_fifo/mem_reg_0_15_0_13/RAMG/CLK
                         clock pessimism              0.000     0.057    
    SLICE_X66Y144        RAMD32 (Hold_G5LUT_SLICEM_CLK_I)
                                                      0.078     0.135    u_wrapper/u_output_fifo/mem_reg_0_15_0_13/RAMG
  -------------------------------------------------------------------
                         required time                         -0.135    
                         arrival time                           0.139    
  -------------------------------------------------------------------
                         slack                                  0.004    





Pulse Width Checks
--------------------------------------------------------------------------------------
Clock Name:         clk
Waveform(ns):       { 0.000 1.000 }
Period(ns):         2.000
Sources:            { clk }

Check Type        Corner  Lib Pin             Reference Pin  Required(ns)  Actual(ns)  Slack(ns)  Location      Pin
Min Period        n/a     RAMB36E2/CLKARDCLK  n/a            1.569         2.000       0.431      RAMB36_X5Y30  u_wrapper/u_core/out_mem_reg_1_bram_0/CLKARDCLK
Low Pulse Width   Slow    RAMB36E2/CLKARDCLK  n/a            0.542         1.000       0.458      RAMB36_X5Y30  u_wrapper/u_core/out_mem_reg_1_bram_0/CLKARDCLK
High Pulse Width  Slow    RAMB36E2/CLKARDCLK  n/a            0.542         1.000       0.458      RAMB36_X5Y30  u_wrapper/u_core/out_mem_reg_1_bram_0/CLKARDCLK



---------------------------------------------------------------------------------------------------
Path Group:  **async_default**
From Clock:  clk
  To Clock:  clk

Setup :            0  Failing Endpoints,  Worst Slack        0.172ns,  Total Violation        0.000ns
Hold  :            0  Failing Endpoints,  Worst Slack        0.126ns,  Total Violation        0.000ns
---------------------------------------------------------------------------------------------------


Max Delay Paths
--------------------------------------------------------------------------------------
Slack (MET) :             0.172ns  (required time - arrival time)
  Source:                 u_wrapper/u_rst_if/rst_pipe_reg[2]_replica_1/C
                            (rising edge-triggered cell FDCE clocked by clk  {rise@0.000ns fall@1.000ns period=2.000ns})
  Destination:            u_wrapper/u_core/u_shared_engine/data_out_reg[7]/CLR
                            (recovery check against rising-edge clock clk  {rise@0.000ns fall@1.000ns period=2.000ns})
  Path Group:             **async_default**
  Path Type:              Recovery (Max at Slow Process Corner)
  Requirement:            2.000ns  (clk rise@2.000ns - clk rise@0.000ns)
  Data Path Delay:        1.719ns  (logic 0.079ns (4.596%)  route 1.640ns (95.404%))
  Logic Levels:           0  
  Clock Path Skew:        -0.008ns (DCD - SCD + CPR)
    Destination Clock Delay (DCD):    0.021ns = ( 2.021 - 2.000 ) 
    Source Clock Delay      (SCD):    0.029ns
    Clock Pessimism Removal (CPR):    0.000ns
  Clock Uncertainty:      0.035ns  ((TSJ^2 + TIJ^2)^1/2 + DJ) / 2 + PE
    Total System Jitter     (TSJ):    0.071ns
    Total Input Jitter      (TIJ):    0.000ns
    Discrete Jitter          (DJ):    0.000ns
    Phase Error              (PE):    0.000ns

    Location             Delay type                Incr(ns)  Path(ns)    Netlist Resource(s)
  -------------------------------------------------------------------    -------------------
                         (clock clk rise edge)        0.000     0.000 r  
                                                      0.000     0.000 r  clk (IN)
                         net (fo=2721, unset)         0.029     0.029    u_wrapper/u_rst_if/clk
    SLICE_X72Y163        FDCE                                         r  u_wrapper/u_rst_if/rst_pipe_reg[2]_replica_1/C
  -------------------------------------------------------------------    -------------------
    SLICE_X72Y163        FDCE (Prop_GFF_SLICEL_C_Q)
                                                      0.079     0.108 r  u_wrapper/u_rst_if/rst_pipe_reg[2]_replica_1/Q
                         net (fo=197, routed)         1.640     1.748    u_wrapper/u_core/u_shared_engine/rst_sync_if_n_repN_1_alias
    SLICE_X67Y206        FDCE                                         f  u_wrapper/u_core/u_shared_engine/data_out_reg[7]/CLR  (IS_INVERTED)
  -------------------------------------------------------------------    -------------------

                         (clock clk rise edge)        2.000     2.000 r  
                                                      0.000     2.000 r  clk (IN)
                         net (fo=2721, unset)         0.021     2.021    u_wrapper/u_core/u_shared_engine/clk
    SLICE_X67Y206        FDCE                                         r  u_wrapper/u_core/u_shared_engine/data_out_reg[7]/C
                         clock pessimism              0.000     2.021    
                         clock uncertainty           -0.035     1.986    
    SLICE_X67Y206        FDCE (Recov_DFF_SLICEM_C_CLR)
                                                     -0.066     1.920    u_wrapper/u_core/u_shared_engine/data_out_reg[7]
  -------------------------------------------------------------------
                         required time                          1.920    
                         arrival time                          -1.748    
  -------------------------------------------------------------------
                         slack                                  0.172    





Min Delay Paths
--------------------------------------------------------------------------------------
Slack (MET) :             0.126ns  (arrival time - required time)
  Source:                 u_wrapper/u_rst_if/rst_pipe_reg[2]_replica_3/C
                            (rising edge-triggered cell FDCE clocked by clk  {rise@0.000ns fall@1.000ns period=2.000ns})
  Destination:            u_wrapper/u_core/u_lfnst/load_idle_cnt_reg[0]/CLR
                            (removal check against rising-edge clock clk  {rise@0.000ns fall@1.000ns period=2.000ns})
  Path Group:             **async_default**
  Path Type:              Removal (Min at Fast Process Corner)
  Requirement:            0.000ns  (clk rise@0.000ns - clk rise@0.000ns)
  Data Path Delay:        0.111ns  (logic 0.039ns (35.020%)  route 0.072ns (64.980%))
  Logic Levels:           0  
  Clock Path Skew:        0.005ns (DCD - SCD - CPR)
    Destination Clock Delay (DCD):    0.018ns
    Source Clock Delay      (SCD):    0.013ns
    Clock Pessimism Removal (CPR):    -0.000ns

    Location             Delay type                Incr(ns)  Path(ns)    Netlist Resource(s)
  -------------------------------------------------------------------    -------------------
                         (clock clk rise edge)        0.000     0.000 r  
                                                      0.000     0.000 r  clk (IN)
                         net (fo=2721, unset)         0.013     0.013    u_wrapper/u_rst_if/clk
    SLICE_X72Y163        FDCE                                         r  u_wrapper/u_rst_if/rst_pipe_reg[2]_replica_3/C
  -------------------------------------------------------------------    -------------------
    SLICE_X72Y163        FDCE (Prop_HFF_SLICEL_C_Q)
                                                      0.039     0.052 r  u_wrapper/u_rst_if/rst_pipe_reg[2]_replica_3/Q
                         net (fo=165, routed)         0.072     0.124    u_wrapper/u_core/u_lfnst/rst_sync_if_n_repN_3_alias
    SLICE_X72Y163        FDCE                                         f  u_wrapper/u_core/u_lfnst/load_idle_cnt_reg[0]/CLR  (IS_INVERTED)
  -------------------------------------------------------------------    -------------------

                         (clock clk rise edge)        0.000     0.000 r  
                                                      0.000     0.000 r  clk (IN)
                         net (fo=2721, unset)         0.018     0.018    u_wrapper/u_core/u_lfnst/clk
    SLICE_X72Y163        FDCE                                         r  u_wrapper/u_core/u_lfnst/load_idle_cnt_reg[0]/C
                         clock pessimism              0.000     0.018    
    SLICE_X72Y163        FDCE (Remov_CFF2_SLICEL_C_CLR)
                                                     -0.020    -0.002    u_wrapper/u_core/u_lfnst/load_idle_cnt_reg[0]
  -------------------------------------------------------------------
                         required time                          0.002    
                         arrival time                           0.124    
  -------------------------------------------------------------------
                         slack                                  0.126    





