Copyright 1986-2022 Xilinx, Inc. All Rights Reserved. Copyright 2022-2025 Advanced Micro Devices, Inc. All Rights Reserved.
--------------------------------------------------------------------------------------------------------------------------------------------------
| Tool Version      : Vivado v.2025.2 (win64) Build 6299465 Fri Nov 14 19:35:11 GMT 2025
| Date              : Fri Sep  4 00:34:31 2026
| Host              : Finesse running 64-bit major release  (build 9200)
| Command           : report_timing -setup -nworst 10 -file D:/Workspace/ITS_STUDY_V34_LFNST_FIX/_v34_audit/vivado/v34_alt_setup.rpt
| Design            : its_top_500_singleclk
| Device            : xcku5p-ffvb676
| Speed File        : -2  PRODUCTION 1.29 05-01-2022
| Design State      : Physopt postRoute
| Temperature Grade : E
--------------------------------------------------------------------------------------------------------------------------------------------------

Timing Report

Slack (MET) :             0.024ns  (required time - arrival time)
  Source:                 u_wrapper/u_core/u_shared_engine/pf_rom_row_reg[0]/C
                            (rising edge-triggered cell FDCE clocked by clk  {rise@0.000ns fall@1.000ns period=2.000ns})
  Destination:            u_wrapper/u_core/u_shared_rom/coeff_reg_1/ADDRARDADDR[14]
                            (rising edge-triggered cell RAMB36E2 clocked by clk  {rise@0.000ns fall@1.000ns period=2.000ns})
  Path Group:             clk
  Path Type:              Setup (Max at Slow Process Corner)
  Requirement:            2.000ns  (clk rise@2.000ns - clk rise@0.000ns)
  Data Path Delay:        1.663ns  (logic 0.591ns (35.535%)  route 1.072ns (64.465%))
  Logic Levels:           5  (CARRY8=2 LUT3=1 LUT5=2)
  Clock Path Skew:        0.009ns (DCD - SCD + CPR)
    Destination Clock Delay (DCD):    0.039ns = ( 2.039 - 2.000 ) 
    Source Clock Delay      (SCD):    0.030ns
    Clock Pessimism Removal (CPR):    0.000ns
  Clock Uncertainty:      0.035ns  ((TSJ^2 + TIJ^2)^1/2 + DJ) / 2 + PE
    Total System Jitter     (TSJ):    0.071ns
    Total Input Jitter      (TIJ):    0.000ns
    Discrete Jitter          (DJ):    0.000ns
    Phase Error              (PE):    0.000ns

    Location             Delay type                Incr(ns)  Path(ns)    Netlist Resource(s)
  -------------------------------------------------------------------    -------------------
                         (clock clk rise edge)        0.000     0.000 r  
                                                      0.000     0.000 r  clk (IN)
                         net (fo=2721, unset)         0.030     0.030    u_wrapper/u_core/u_shared_engine/clk
    SLICE_X71Y173        FDCE                                         r  u_wrapper/u_core/u_shared_engine/pf_rom_row_reg[0]/C
  -------------------------------------------------------------------    -------------------
    SLICE_X71Y173        FDCE (Prop_DFF_SLICEM_C_Q)
                                                      0.078     0.108 r  u_wrapper/u_core/u_shared_engine/pf_rom_row_reg[0]/Q
                         net (fo=16, routed)          0.282     0.390    u_wrapper/u_core/u_shared_engine/p_0_in[0]
    SLICE_X72Y173        LUT5 (Prop_G6LUT_SLICEL_I0_O)
                                                      0.149     0.539 r  u_wrapper/u_core/u_shared_engine/coeff_reg_0_i_35/O
                         net (fo=3, routed)           0.145     0.684    u_wrapper/u_core/u_shared_engine/coeff_reg_0_i_35_n_0
    SLICE_X71Y172        LUT3 (Prop_E5LUT_SLICEM_I0_O)
                                                      0.113     0.797 r  u_wrapper/u_core/u_shared_engine/coeff_reg_0_i_40/O
                         net (fo=1, routed)           0.241     1.038    u_wrapper/u_core/u_shared_engine/rom_addr_r1[6]
    SLICE_X72Y171        LUT5 (Prop_G6LUT_SLICEL_I3_O)
                                                      0.050     1.088 r  u_wrapper/u_core/u_shared_engine/coeff_reg_0_i_20/O
                         net (fo=1, routed)           0.008     1.096    u_wrapper/u_core/u_shared_engine/coeff_reg_0_i_20_n_0
    SLICE_X72Y171        CARRY8 (Prop_CARRY8_SLICEL_S[6]_CO[7])
                                                      0.115     1.211 r  u_wrapper/u_core/u_shared_engine/coeff_reg_0_i_2/CO[7]
                         net (fo=1, routed)           0.026     1.237    u_wrapper/u_core/u_shared_engine/coeff_reg_0_i_2_n_0
    SLICE_X72Y172        CARRY8 (Prop_CARRY8_SLICEL_CI_O[4])
                                                      0.086     1.323 r  u_wrapper/u_core/u_shared_engine/coeff_reg_0_i_1/O[4]
                         net (fo=2, routed)           0.370     1.693    u_wrapper/u_core/u_shared_rom/sel[12]
    RAMB36_X6Y35         RAMB36E2                                     r  u_wrapper/u_core/u_shared_rom/coeff_reg_1/ADDRARDADDR[14]
  -------------------------------------------------------------------    -------------------

                         (clock clk rise edge)        2.000     2.000 r  
                                                      0.000     2.000 r  clk (IN)
                         net (fo=2721, unset)         0.039     2.039    u_wrapper/u_core/u_shared_rom/clk
    RAMB36_X6Y35         RAMB36E2                                     r  u_wrapper/u_core/u_shared_rom/coeff_reg_1/CLKARDCLK
                         clock pessimism              0.000     2.039    
                         clock uncertainty           -0.035     2.004    
    RAMB36_X6Y35         RAMB36E2 (Setup_RAMB36E2_RAMB36_CLKARDCLK_ADDRARDADDR[14])
                                                     -0.287     1.717    u_wrapper/u_core/u_shared_rom/coeff_reg_1
  -------------------------------------------------------------------
                         required time                          1.717    
                         arrival time                          -1.693    
  -------------------------------------------------------------------
                         slack                                  0.024    

Slack (MET) :             0.024ns  (required time - arrival time)
  Source:                 u_wrapper/u_core/u_shared_engine/pf_rom_row_reg[0]/C
                            (rising edge-triggered cell FDCE clocked by clk  {rise@0.000ns fall@1.000ns period=2.000ns})
  Destination:            u_wrapper/u_core/u_shared_rom/coeff_reg_1/ADDRARDADDR[14]
                            (rising edge-triggered cell RAMB36E2 clocked by clk  {rise@0.000ns fall@1.000ns period=2.000ns})
  Path Group:             clk
  Path Type:              Setup (Max at Slow Process Corner)
  Requirement:            2.000ns  (clk rise@2.000ns - clk rise@0.000ns)
  Data Path Delay:        1.663ns  (logic 0.591ns (35.535%)  route 1.072ns (64.465%))
  Logic Levels:           5  (CARRY8=2 LUT3=1 LUT5=2)
  Clock Path Skew:        0.009ns (DCD - SCD + CPR)
    Destination Clock Delay (DCD):    0.039ns = ( 2.039 - 2.000 ) 
    Source Clock Delay      (SCD):    0.030ns
    Clock Pessimism Removal (CPR):    0.000ns
  Clock Uncertainty:      0.035ns  ((TSJ^2 + TIJ^2)^1/2 + DJ) / 2 + PE
    Total System Jitter     (TSJ):    0.071ns
    Total Input Jitter      (TIJ):    0.000ns
    Discrete Jitter          (DJ):    0.000ns
    Phase Error              (PE):    0.000ns

    Location             Delay type                Incr(ns)  Path(ns)    Netlist Resource(s)
  -------------------------------------------------------------------    -------------------
                         (clock clk rise edge)        0.000     0.000 r  
                                                      0.000     0.000 r  clk (IN)
                         net (fo=2721, unset)         0.030     0.030    u_wrapper/u_core/u_shared_engine/clk
    SLICE_X71Y173        FDCE                                         r  u_wrapper/u_core/u_shared_engine/pf_rom_row_reg[0]/C
  -------------------------------------------------------------------    -------------------
    SLICE_X71Y173        FDCE (Prop_DFF_SLICEM_C_Q)
                                                      0.078     0.108 f  u_wrapper/u_core/u_shared_engine/pf_rom_row_reg[0]/Q
                         net (fo=16, routed)          0.282     0.390    u_wrapper/u_core/u_shared_engine/p_0_in[0]
    SLICE_X72Y173        LUT5 (Prop_G6LUT_SLICEL_I0_O)
                                                      0.149     0.539 f  u_wrapper/u_core/u_shared_engine/coeff_reg_0_i_35/O
                         net (fo=3, routed)           0.145     0.684    u_wrapper/u_core/u_shared_engine/coeff_reg_0_i_35_n_0
    SLICE_X71Y172        LUT3 (Prop_E5LUT_SLICEM_I0_O)
                                                      0.113     0.797 f  u_wrapper/u_core/u_shared_engine/coeff_reg_0_i_40/O
                         net (fo=1, routed)           0.241     1.038    u_wrapper/u_core/u_shared_engine/rom_addr_r1[6]
    SLICE_X72Y171        LUT5 (Prop_G6LUT_SLICEL_I3_O)
                                                      0.050     1.088 r  u_wrapper/u_core/u_shared_engine/coeff_reg_0_i_20/O
                         net (fo=1, routed)           0.008     1.096    u_wrapper/u_core/u_shared_engine/coeff_reg_0_i_20_n_0
    SLICE_X72Y171        CARRY8 (Prop_CARRY8_SLICEL_S[6]_CO[7])
                                                      0.115     1.211 r  u_wrapper/u_core/u_shared_engine/coeff_reg_0_i_2/CO[7]
                         net (fo=1, routed)           0.026     1.237    u_wrapper/u_core/u_shared_engine/coeff_reg_0_i_2_n_0
    SLICE_X72Y172        CARRY8 (Prop_CARRY8_SLICEL_CI_O[4])
                                                      0.086     1.323 r  u_wrapper/u_core/u_shared_engine/coeff_reg_0_i_1/O[4]
                         net (fo=2, routed)           0.370     1.693    u_wrapper/u_core/u_shared_rom/sel[12]
    RAMB36_X6Y35         RAMB36E2                                     r  u_wrapper/u_core/u_shared_rom/coeff_reg_1/ADDRARDADDR[14]
  -------------------------------------------------------------------    -------------------

                         (clock clk rise edge)        2.000     2.000 r  
                                                      0.000     2.000 r  clk (IN)
                         net (fo=2721, unset)         0.039     2.039    u_wrapper/u_core/u_shared_rom/clk
    RAMB36_X6Y35         RAMB36E2                                     r  u_wrapper/u_core/u_shared_rom/coeff_reg_1/CLKARDCLK
                         clock pessimism              0.000     2.039    
                         clock uncertainty           -0.035     2.004    
    RAMB36_X6Y35         RAMB36E2 (Setup_RAMB36E2_RAMB36_CLKARDCLK_ADDRARDADDR[14])
                                                     -0.287     1.717    u_wrapper/u_core/u_shared_rom/coeff_reg_1
  -------------------------------------------------------------------
                         required time                          1.717    
                         arrival time                          -1.693    
  -------------------------------------------------------------------
                         slack                                  0.024    

Slack (MET) :             0.024ns  (required time - arrival time)
  Source:                 u_wrapper/u_core/u_shared_engine/pf_rom_row_reg[0]/C
                            (rising edge-triggered cell FDCE clocked by clk  {rise@0.000ns fall@1.000ns period=2.000ns})
  Destination:            u_wrapper/u_core/u_shared_rom/coeff_reg_1/ADDRARDADDR[14]
                            (rising edge-triggered cell RAMB36E2 clocked by clk  {rise@0.000ns fall@1.000ns period=2.000ns})
  Path Group:             clk
  Path Type:              Setup (Max at Slow Process Corner)
  Requirement:            2.000ns  (clk rise@2.000ns - clk rise@0.000ns)
  Data Path Delay:        1.663ns  (logic 0.591ns (35.535%)  route 1.072ns (64.465%))
  Logic Levels:           5  (CARRY8=2 LUT3=1 LUT5=2)
  Clock Path Skew:        0.009ns (DCD - SCD + CPR)
    Destination Clock Delay (DCD):    0.039ns = ( 2.039 - 2.000 ) 
    Source Clock Delay      (SCD):    0.030ns
    Clock Pessimism Removal (CPR):    0.000ns
  Clock Uncertainty:      0.035ns  ((TSJ^2 + TIJ^2)^1/2 + DJ) / 2 + PE
    Total System Jitter     (TSJ):    0.071ns
    Total Input Jitter      (TIJ):    0.000ns
    Discrete Jitter          (DJ):    0.000ns
    Phase Error              (PE):    0.000ns

    Location             Delay type                Incr(ns)  Path(ns)    Netlist Resource(s)
  -------------------------------------------------------------------    -------------------
                         (clock clk rise edge)        0.000     0.000 r  
                                                      0.000     0.000 r  clk (IN)
                         net (fo=2721, unset)         0.030     0.030    u_wrapper/u_core/u_shared_engine/clk
    SLICE_X71Y173        FDCE                                         r  u_wrapper/u_core/u_shared_engine/pf_rom_row_reg[0]/C
  -------------------------------------------------------------------    -------------------
    SLICE_X71Y173        FDCE (Prop_DFF_SLICEM_C_Q)
                                                      0.078     0.108 r  u_wrapper/u_core/u_shared_engine/pf_rom_row_reg[0]/Q
                         net (fo=16, routed)          0.282     0.390    u_wrapper/u_core/u_shared_engine/p_0_in[0]
    SLICE_X72Y173        LUT5 (Prop_G6LUT_SLICEL_I0_O)
                                                      0.149     0.539 r  u_wrapper/u_core/u_shared_engine/coeff_reg_0_i_35/O
                         net (fo=3, routed)           0.145     0.684    u_wrapper/u_core/u_shared_engine/coeff_reg_0_i_35_n_0
    SLICE_X71Y172        LUT3 (Prop_E5LUT_SLICEM_I0_O)
                                                      0.113     0.797 r  u_wrapper/u_core/u_shared_engine/coeff_reg_0_i_40/O
                         net (fo=1, routed)           0.241     1.038    u_wrapper/u_core/u_shared_engine/rom_addr_r1[6]
    SLICE_X72Y171        LUT5 (Prop_G6LUT_SLICEL_I3_O)
                                                      0.050     1.088 f  u_wrapper/u_core/u_shared_engine/coeff_reg_0_i_20/O
                         net (fo=1, routed)           0.008     1.096    u_wrapper/u_core/u_shared_engine/coeff_reg_0_i_20_n_0
    SLICE_X72Y171        CARRY8 (Prop_CARRY8_SLICEL_S[6]_CO[7])
                                                      0.115     1.211 r  u_wrapper/u_core/u_shared_engine/coeff_reg_0_i_2/CO[7]
                         net (fo=1, routed)           0.026     1.237    u_wrapper/u_core/u_shared_engine/coeff_reg_0_i_2_n_0
    SLICE_X72Y172        CARRY8 (Prop_CARRY8_SLICEL_CI_O[4])
                                                      0.086     1.323 r  u_wrapper/u_core/u_shared_engine/coeff_reg_0_i_1/O[4]
                         net (fo=2, routed)           0.370     1.693    u_wrapper/u_core/u_shared_rom/sel[12]
    RAMB36_X6Y35         RAMB36E2                                     r  u_wrapper/u_core/u_shared_rom/coeff_reg_1/ADDRARDADDR[14]
  -------------------------------------------------------------------    -------------------

                         (clock clk rise edge)        2.000     2.000 r  
                                                      0.000     2.000 r  clk (IN)
                         net (fo=2721, unset)         0.039     2.039    u_wrapper/u_core/u_shared_rom/clk
    RAMB36_X6Y35         RAMB36E2                                     r  u_wrapper/u_core/u_shared_rom/coeff_reg_1/CLKARDCLK
                         clock pessimism              0.000     2.039    
                         clock uncertainty           -0.035     2.004    
    RAMB36_X6Y35         RAMB36E2 (Setup_RAMB36E2_RAMB36_CLKARDCLK_ADDRARDADDR[14])
                                                     -0.287     1.717    u_wrapper/u_core/u_shared_rom/coeff_reg_1
  -------------------------------------------------------------------
                         required time                          1.717    
                         arrival time                          -1.693    
  -------------------------------------------------------------------
                         slack                                  0.024    

Slack (MET) :             0.024ns  (required time - arrival time)
  Source:                 u_wrapper/u_core/u_shared_engine/pf_rom_row_reg[0]/C
                            (rising edge-triggered cell FDCE clocked by clk  {rise@0.000ns fall@1.000ns period=2.000ns})
  Destination:            u_wrapper/u_core/u_shared_rom/coeff_reg_1/ADDRARDADDR[14]
                            (rising edge-triggered cell RAMB36E2 clocked by clk  {rise@0.000ns fall@1.000ns period=2.000ns})
  Path Group:             clk
  Path Type:              Setup (Max at Slow Process Corner)
  Requirement:            2.000ns  (clk rise@2.000ns - clk rise@0.000ns)
  Data Path Delay:        1.663ns  (logic 0.591ns (35.535%)  route 1.072ns (64.465%))
  Logic Levels:           5  (CARRY8=2 LUT3=1 LUT5=2)
  Clock Path Skew:        0.009ns (DCD - SCD + CPR)
    Destination Clock Delay (DCD):    0.039ns = ( 2.039 - 2.000 ) 
    Source Clock Delay      (SCD):    0.030ns
    Clock Pessimism Removal (CPR):    0.000ns
  Clock Uncertainty:      0.035ns  ((TSJ^2 + TIJ^2)^1/2 + DJ) / 2 + PE
    Total System Jitter     (TSJ):    0.071ns
    Total Input Jitter      (TIJ):    0.000ns
    Discrete Jitter          (DJ):    0.000ns
    Phase Error              (PE):    0.000ns

    Location             Delay type                Incr(ns)  Path(ns)    Netlist Resource(s)
  -------------------------------------------------------------------    -------------------
                         (clock clk rise edge)        0.000     0.000 r  
                                                      0.000     0.000 r  clk (IN)
                         net (fo=2721, unset)         0.030     0.030    u_wrapper/u_core/u_shared_engine/clk
    SLICE_X71Y173        FDCE                                         r  u_wrapper/u_core/u_shared_engine/pf_rom_row_reg[0]/C
  -------------------------------------------------------------------    -------------------
    SLICE_X71Y173        FDCE (Prop_DFF_SLICEM_C_Q)
                                                      0.078     0.108 f  u_wrapper/u_core/u_shared_engine/pf_rom_row_reg[0]/Q
                         net (fo=16, routed)          0.282     0.390    u_wrapper/u_core/u_shared_engine/p_0_in[0]
    SLICE_X72Y173        LUT5 (Prop_G6LUT_SLICEL_I0_O)
                                                      0.149     0.539 f  u_wrapper/u_core/u_shared_engine/coeff_reg_0_i_35/O
                         net (fo=3, routed)           0.145     0.684    u_wrapper/u_core/u_shared_engine/coeff_reg_0_i_35_n_0
    SLICE_X71Y172        LUT3 (Prop_E5LUT_SLICEM_I0_O)
                                                      0.113     0.797 f  u_wrapper/u_core/u_shared_engine/coeff_reg_0_i_40/O
                         net (fo=1, routed)           0.241     1.038    u_wrapper/u_core/u_shared_engine/rom_addr_r1[6]
    SLICE_X72Y171        LUT5 (Prop_G6LUT_SLICEL_I3_O)
                                                      0.050     1.088 f  u_wrapper/u_core/u_shared_engine/coeff_reg_0_i_20/O
                         net (fo=1, routed)           0.008     1.096    u_wrapper/u_core/u_shared_engine/coeff_reg_0_i_20_n_0
    SLICE_X72Y171        CARRY8 (Prop_CARRY8_SLICEL_S[6]_CO[7])
                                                      0.115     1.211 r  u_wrapper/u_core/u_shared_engine/coeff_reg_0_i_2/CO[7]
                         net (fo=1, routed)           0.026     1.237    u_wrapper/u_core/u_shared_engine/coeff_reg_0_i_2_n_0
    SLICE_X72Y172        CARRY8 (Prop_CARRY8_SLICEL_CI_O[4])
                                                      0.086     1.323 r  u_wrapper/u_core/u_shared_engine/coeff_reg_0_i_1/O[4]
                         net (fo=2, routed)           0.370     1.693    u_wrapper/u_core/u_shared_rom/sel[12]
    RAMB36_X6Y35         RAMB36E2                                     r  u_wrapper/u_core/u_shared_rom/coeff_reg_1/ADDRARDADDR[14]
  -------------------------------------------------------------------    -------------------

                         (clock clk rise edge)        2.000     2.000 r  
                                                      0.000     2.000 r  clk (IN)
                         net (fo=2721, unset)         0.039     2.039    u_wrapper/u_core/u_shared_rom/clk
    RAMB36_X6Y35         RAMB36E2                                     r  u_wrapper/u_core/u_shared_rom/coeff_reg_1/CLKARDCLK
                         clock pessimism              0.000     2.039    
                         clock uncertainty           -0.035     2.004    
    RAMB36_X6Y35         RAMB36E2 (Setup_RAMB36E2_RAMB36_CLKARDCLK_ADDRARDADDR[14])
                                                     -0.287     1.717    u_wrapper/u_core/u_shared_rom/coeff_reg_1
  -------------------------------------------------------------------
                         required time                          1.717    
                         arrival time                          -1.693    
  -------------------------------------------------------------------
                         slack                                  0.024    

Slack (MET) :             0.024ns  (required time - arrival time)
  Source:                 u_wrapper/u_core/u_shared_engine/pf_rom_row_reg[0]/C
                            (rising edge-triggered cell FDCE clocked by clk  {rise@0.000ns fall@1.000ns period=2.000ns})
  Destination:            u_wrapper/u_core/u_shared_rom/coeff_reg_1/ADDRARDADDR[14]
                            (rising edge-triggered cell RAMB36E2 clocked by clk  {rise@0.000ns fall@1.000ns period=2.000ns})
  Path Group:             clk
  Path Type:              Setup (Max at Slow Process Corner)
  Requirement:            2.000ns  (clk rise@2.000ns - clk rise@0.000ns)
  Data Path Delay:        1.663ns  (logic 0.591ns (35.535%)  route 1.072ns (64.465%))
  Logic Levels:           5  (CARRY8=2 LUT3=1 LUT5=2)
  Clock Path Skew:        0.009ns (DCD - SCD + CPR)
    Destination Clock Delay (DCD):    0.039ns = ( 2.039 - 2.000 ) 
    Source Clock Delay      (SCD):    0.030ns
    Clock Pessimism Removal (CPR):    0.000ns
  Clock Uncertainty:      0.035ns  ((TSJ^2 + TIJ^2)^1/2 + DJ) / 2 + PE
    Total System Jitter     (TSJ):    0.071ns
    Total Input Jitter      (TIJ):    0.000ns
    Discrete Jitter          (DJ):    0.000ns
    Phase Error              (PE):    0.000ns

    Location             Delay type                Incr(ns)  Path(ns)    Netlist Resource(s)
  -------------------------------------------------------------------    -------------------
                         (clock clk rise edge)        0.000     0.000 r  
                                                      0.000     0.000 r  clk (IN)
                         net (fo=2721, unset)         0.030     0.030    u_wrapper/u_core/u_shared_engine/clk
    SLICE_X71Y173        FDCE                                         r  u_wrapper/u_core/u_shared_engine/pf_rom_row_reg[0]/C
  -------------------------------------------------------------------    -------------------
    SLICE_X71Y173        FDCE (Prop_DFF_SLICEM_C_Q)
                                                      0.078     0.108 r  u_wrapper/u_core/u_shared_engine/pf_rom_row_reg[0]/Q
                         net (fo=16, routed)          0.282     0.390    u_wrapper/u_core/u_shared_engine/p_0_in[0]
    SLICE_X72Y173        LUT5 (Prop_G6LUT_SLICEL_I0_O)
                                                      0.149     0.539 r  u_wrapper/u_core/u_shared_engine/coeff_reg_0_i_35/O
                         net (fo=3, routed)           0.145     0.684    u_wrapper/u_core/u_shared_engine/coeff_reg_0_i_35_n_0
    SLICE_X71Y172        LUT3 (Prop_E5LUT_SLICEM_I0_O)
                                                      0.113     0.797 r  u_wrapper/u_core/u_shared_engine/coeff_reg_0_i_40/O
                         net (fo=1, routed)           0.241     1.038    u_wrapper/u_core/u_shared_engine/rom_addr_r1[6]
    SLICE_X72Y171        LUT5 (Prop_G6LUT_SLICEL_I3_O)
                                                      0.050     1.088 r  u_wrapper/u_core/u_shared_engine/coeff_reg_0_i_20/O
                         net (fo=1, routed)           0.008     1.096    u_wrapper/u_core/u_shared_engine/coeff_reg_0_i_20_n_0
    SLICE_X72Y171        CARRY8 (Prop_CARRY8_SLICEL_S[6]_CO[7])
                                                      0.115     1.211 f  u_wrapper/u_core/u_shared_engine/coeff_reg_0_i_2/CO[7]
                         net (fo=1, routed)           0.026     1.237    u_wrapper/u_core/u_shared_engine/coeff_reg_0_i_2_n_0
    SLICE_X72Y172        CARRY8 (Prop_CARRY8_SLICEL_CI_O[4])
                                                      0.086     1.323 r  u_wrapper/u_core/u_shared_engine/coeff_reg_0_i_1/O[4]
                         net (fo=2, routed)           0.370     1.693    u_wrapper/u_core/u_shared_rom/sel[12]
    RAMB36_X6Y35         RAMB36E2                                     r  u_wrapper/u_core/u_shared_rom/coeff_reg_1/ADDRARDADDR[14]
  -------------------------------------------------------------------    -------------------

                         (clock clk rise edge)        2.000     2.000 r  
                                                      0.000     2.000 r  clk (IN)
                         net (fo=2721, unset)         0.039     2.039    u_wrapper/u_core/u_shared_rom/clk
    RAMB36_X6Y35         RAMB36E2                                     r  u_wrapper/u_core/u_shared_rom/coeff_reg_1/CLKARDCLK
                         clock pessimism              0.000     2.039    
                         clock uncertainty           -0.035     2.004    
    RAMB36_X6Y35         RAMB36E2 (Setup_RAMB36E2_RAMB36_CLKARDCLK_ADDRARDADDR[14])
                                                     -0.287     1.717    u_wrapper/u_core/u_shared_rom/coeff_reg_1
  -------------------------------------------------------------------
                         required time                          1.717    
                         arrival time                          -1.693    
  -------------------------------------------------------------------
                         slack                                  0.024    

Slack (MET) :             0.024ns  (required time - arrival time)
  Source:                 u_wrapper/u_core/u_shared_engine/pf_rom_row_reg[0]/C
                            (rising edge-triggered cell FDCE clocked by clk  {rise@0.000ns fall@1.000ns period=2.000ns})
  Destination:            u_wrapper/u_core/u_shared_rom/coeff_reg_1/ADDRARDADDR[14]
                            (rising edge-triggered cell RAMB36E2 clocked by clk  {rise@0.000ns fall@1.000ns period=2.000ns})
  Path Group:             clk
  Path Type:              Setup (Max at Slow Process Corner)
  Requirement:            2.000ns  (clk rise@2.000ns - clk rise@0.000ns)
  Data Path Delay:        1.663ns  (logic 0.591ns (35.535%)  route 1.072ns (64.465%))
  Logic Levels:           5  (CARRY8=2 LUT3=1 LUT5=2)
  Clock Path Skew:        0.009ns (DCD - SCD + CPR)
    Destination Clock Delay (DCD):    0.039ns = ( 2.039 - 2.000 ) 
    Source Clock Delay      (SCD):    0.030ns
    Clock Pessimism Removal (CPR):    0.000ns
  Clock Uncertainty:      0.035ns  ((TSJ^2 + TIJ^2)^1/2 + DJ) / 2 + PE
    Total System Jitter     (TSJ):    0.071ns
    Total Input Jitter      (TIJ):    0.000ns
    Discrete Jitter          (DJ):    0.000ns
    Phase Error              (PE):    0.000ns

    Location             Delay type                Incr(ns)  Path(ns)    Netlist Resource(s)
  -------------------------------------------------------------------    -------------------
                         (clock clk rise edge)        0.000     0.000 r  
                                                      0.000     0.000 r  clk (IN)
                         net (fo=2721, unset)         0.030     0.030    u_wrapper/u_core/u_shared_engine/clk
    SLICE_X71Y173        FDCE                                         r  u_wrapper/u_core/u_shared_engine/pf_rom_row_reg[0]/C
  -------------------------------------------------------------------    -------------------
    SLICE_X71Y173        FDCE (Prop_DFF_SLICEM_C_Q)
                                                      0.078     0.108 f  u_wrapper/u_core/u_shared_engine/pf_rom_row_reg[0]/Q
                         net (fo=16, routed)          0.282     0.390    u_wrapper/u_core/u_shared_engine/p_0_in[0]
    SLICE_X72Y173        LUT5 (Prop_G6LUT_SLICEL_I0_O)
                                                      0.149     0.539 f  u_wrapper/u_core/u_shared_engine/coeff_reg_0_i_35/O
                         net (fo=3, routed)           0.145     0.684    u_wrapper/u_core/u_shared_engine/coeff_reg_0_i_35_n_0
    SLICE_X71Y172        LUT3 (Prop_E5LUT_SLICEM_I0_O)
                                                      0.113     0.797 f  u_wrapper/u_core/u_shared_engine/coeff_reg_0_i_40/O
                         net (fo=1, routed)           0.241     1.038    u_wrapper/u_core/u_shared_engine/rom_addr_r1[6]
    SLICE_X72Y171        LUT5 (Prop_G6LUT_SLICEL_I3_O)
                                                      0.050     1.088 r  u_wrapper/u_core/u_shared_engine/coeff_reg_0_i_20/O
                         net (fo=1, routed)           0.008     1.096    u_wrapper/u_core/u_shared_engine/coeff_reg_0_i_20_n_0
    SLICE_X72Y171        CARRY8 (Prop_CARRY8_SLICEL_S[6]_CO[7])
                                                      0.115     1.211 f  u_wrapper/u_core/u_shared_engine/coeff_reg_0_i_2/CO[7]
                         net (fo=1, routed)           0.026     1.237    u_wrapper/u_core/u_shared_engine/coeff_reg_0_i_2_n_0
    SLICE_X72Y172        CARRY8 (Prop_CARRY8_SLICEL_CI_O[4])
                                                      0.086     1.323 r  u_wrapper/u_core/u_shared_engine/coeff_reg_0_i_1/O[4]
                         net (fo=2, routed)           0.370     1.693    u_wrapper/u_core/u_shared_rom/sel[12]
    RAMB36_X6Y35         RAMB36E2                                     r  u_wrapper/u_core/u_shared_rom/coeff_reg_1/ADDRARDADDR[14]
  -------------------------------------------------------------------    -------------------

                         (clock clk rise edge)        2.000     2.000 r  
                                                      0.000     2.000 r  clk (IN)
                         net (fo=2721, unset)         0.039     2.039    u_wrapper/u_core/u_shared_rom/clk
    RAMB36_X6Y35         RAMB36E2                                     r  u_wrapper/u_core/u_shared_rom/coeff_reg_1/CLKARDCLK
                         clock pessimism              0.000     2.039    
                         clock uncertainty           -0.035     2.004    
    RAMB36_X6Y35         RAMB36E2 (Setup_RAMB36E2_RAMB36_CLKARDCLK_ADDRARDADDR[14])
                                                     -0.287     1.717    u_wrapper/u_core/u_shared_rom/coeff_reg_1
  -------------------------------------------------------------------
                         required time                          1.717    
                         arrival time                          -1.693    
  -------------------------------------------------------------------
                         slack                                  0.024    

Slack (MET) :             0.024ns  (required time - arrival time)
  Source:                 u_wrapper/u_core/u_shared_engine/pf_rom_row_reg[0]/C
                            (rising edge-triggered cell FDCE clocked by clk  {rise@0.000ns fall@1.000ns period=2.000ns})
  Destination:            u_wrapper/u_core/u_shared_rom/coeff_reg_1/ADDRARDADDR[14]
                            (rising edge-triggered cell RAMB36E2 clocked by clk  {rise@0.000ns fall@1.000ns period=2.000ns})
  Path Group:             clk
  Path Type:              Setup (Max at Slow Process Corner)
  Requirement:            2.000ns  (clk rise@2.000ns - clk rise@0.000ns)
  Data Path Delay:        1.663ns  (logic 0.591ns (35.535%)  route 1.072ns (64.465%))
  Logic Levels:           5  (CARRY8=2 LUT3=1 LUT5=2)
  Clock Path Skew:        0.009ns (DCD - SCD + CPR)
    Destination Clock Delay (DCD):    0.039ns = ( 2.039 - 2.000 ) 
    Source Clock Delay      (SCD):    0.030ns
    Clock Pessimism Removal (CPR):    0.000ns
  Clock Uncertainty:      0.035ns  ((TSJ^2 + TIJ^2)^1/2 + DJ) / 2 + PE
    Total System Jitter     (TSJ):    0.071ns
    Total Input Jitter      (TIJ):    0.000ns
    Discrete Jitter          (DJ):    0.000ns
    Phase Error              (PE):    0.000ns

    Location             Delay type                Incr(ns)  Path(ns)    Netlist Resource(s)
  -------------------------------------------------------------------    -------------------
                         (clock clk rise edge)        0.000     0.000 r  
                                                      0.000     0.000 r  clk (IN)
                         net (fo=2721, unset)         0.030     0.030    u_wrapper/u_core/u_shared_engine/clk
    SLICE_X71Y173        FDCE                                         r  u_wrapper/u_core/u_shared_engine/pf_rom_row_reg[0]/C
  -------------------------------------------------------------------    -------------------
    SLICE_X71Y173        FDCE (Prop_DFF_SLICEM_C_Q)
                                                      0.078     0.108 r  u_wrapper/u_core/u_shared_engine/pf_rom_row_reg[0]/Q
                         net (fo=16, routed)          0.282     0.390    u_wrapper/u_core/u_shared_engine/p_0_in[0]
    SLICE_X72Y173        LUT5 (Prop_G6LUT_SLICEL_I0_O)
                                                      0.149     0.539 r  u_wrapper/u_core/u_shared_engine/coeff_reg_0_i_35/O
                         net (fo=3, routed)           0.145     0.684    u_wrapper/u_core/u_shared_engine/coeff_reg_0_i_35_n_0
    SLICE_X71Y172        LUT3 (Prop_E5LUT_SLICEM_I0_O)
                                                      0.113     0.797 r  u_wrapper/u_core/u_shared_engine/coeff_reg_0_i_40/O
                         net (fo=1, routed)           0.241     1.038    u_wrapper/u_core/u_shared_engine/rom_addr_r1[6]
    SLICE_X72Y171        LUT5 (Prop_G6LUT_SLICEL_I3_O)
                                                      0.050     1.088 f  u_wrapper/u_core/u_shared_engine/coeff_reg_0_i_20/O
                         net (fo=1, routed)           0.008     1.096    u_wrapper/u_core/u_shared_engine/coeff_reg_0_i_20_n_0
    SLICE_X72Y171        CARRY8 (Prop_CARRY8_SLICEL_S[6]_CO[7])
                                                      0.115     1.211 f  u_wrapper/u_core/u_shared_engine/coeff_reg_0_i_2/CO[7]
                         net (fo=1, routed)           0.026     1.237    u_wrapper/u_core/u_shared_engine/coeff_reg_0_i_2_n_0
    SLICE_X72Y172        CARRY8 (Prop_CARRY8_SLICEL_CI_O[4])
                                                      0.086     1.323 r  u_wrapper/u_core/u_shared_engine/coeff_reg_0_i_1/O[4]
                         net (fo=2, routed)           0.370     1.693    u_wrapper/u_core/u_shared_rom/sel[12]
    RAMB36_X6Y35         RAMB36E2                                     r  u_wrapper/u_core/u_shared_rom/coeff_reg_1/ADDRARDADDR[14]
  -------------------------------------------------------------------    -------------------

                         (clock clk rise edge)        2.000     2.000 r  
                                                      0.000     2.000 r  clk (IN)
                         net (fo=2721, unset)         0.039     2.039    u_wrapper/u_core/u_shared_rom/clk
    RAMB36_X6Y35         RAMB36E2                                     r  u_wrapper/u_core/u_shared_rom/coeff_reg_1/CLKARDCLK
                         clock pessimism              0.000     2.039    
                         clock uncertainty           -0.035     2.004    
    RAMB36_X6Y35         RAMB36E2 (Setup_RAMB36E2_RAMB36_CLKARDCLK_ADDRARDADDR[14])
                                                     -0.287     1.717    u_wrapper/u_core/u_shared_rom/coeff_reg_1
  -------------------------------------------------------------------
                         required time                          1.717    
                         arrival time                          -1.693    
  -------------------------------------------------------------------
                         slack                                  0.024    

Slack (MET) :             0.024ns  (required time - arrival time)
  Source:                 u_wrapper/u_core/u_shared_engine/pf_rom_row_reg[0]/C
                            (rising edge-triggered cell FDCE clocked by clk  {rise@0.000ns fall@1.000ns period=2.000ns})
  Destination:            u_wrapper/u_core/u_shared_rom/coeff_reg_1/ADDRARDADDR[14]
                            (rising edge-triggered cell RAMB36E2 clocked by clk  {rise@0.000ns fall@1.000ns period=2.000ns})
  Path Group:             clk
  Path Type:              Setup (Max at Slow Process Corner)
  Requirement:            2.000ns  (clk rise@2.000ns - clk rise@0.000ns)
  Data Path Delay:        1.663ns  (logic 0.591ns (35.535%)  route 1.072ns (64.465%))
  Logic Levels:           5  (CARRY8=2 LUT3=1 LUT5=2)
  Clock Path Skew:        0.009ns (DCD - SCD + CPR)
    Destination Clock Delay (DCD):    0.039ns = ( 2.039 - 2.000 ) 
    Source Clock Delay      (SCD):    0.030ns
    Clock Pessimism Removal (CPR):    0.000ns
  Clock Uncertainty:      0.035ns  ((TSJ^2 + TIJ^2)^1/2 + DJ) / 2 + PE
    Total System Jitter     (TSJ):    0.071ns
    Total Input Jitter      (TIJ):    0.000ns
    Discrete Jitter          (DJ):    0.000ns
    Phase Error              (PE):    0.000ns

    Location             Delay type                Incr(ns)  Path(ns)    Netlist Resource(s)
  -------------------------------------------------------------------    -------------------
                         (clock clk rise edge)        0.000     0.000 r  
                                                      0.000     0.000 r  clk (IN)
                         net (fo=2721, unset)         0.030     0.030    u_wrapper/u_core/u_shared_engine/clk
    SLICE_X71Y173        FDCE                                         r  u_wrapper/u_core/u_shared_engine/pf_rom_row_reg[0]/C
  -------------------------------------------------------------------    -------------------
    SLICE_X71Y173        FDCE (Prop_DFF_SLICEM_C_Q)
                                                      0.078     0.108 f  u_wrapper/u_core/u_shared_engine/pf_rom_row_reg[0]/Q
                         net (fo=16, routed)          0.282     0.390    u_wrapper/u_core/u_shared_engine/p_0_in[0]
    SLICE_X72Y173        LUT5 (Prop_G6LUT_SLICEL_I0_O)
                                                      0.149     0.539 f  u_wrapper/u_core/u_shared_engine/coeff_reg_0_i_35/O
                         net (fo=3, routed)           0.145     0.684    u_wrapper/u_core/u_shared_engine/coeff_reg_0_i_35_n_0
    SLICE_X71Y172        LUT3 (Prop_E5LUT_SLICEM_I0_O)
                                                      0.113     0.797 f  u_wrapper/u_core/u_shared_engine/coeff_reg_0_i_40/O
                         net (fo=1, routed)           0.241     1.038    u_wrapper/u_core/u_shared_engine/rom_addr_r1[6]
    SLICE_X72Y171        LUT5 (Prop_G6LUT_SLICEL_I3_O)
                                                      0.050     1.088 f  u_wrapper/u_core/u_shared_engine/coeff_reg_0_i_20/O
                         net (fo=1, routed)           0.008     1.096    u_wrapper/u_core/u_shared_engine/coeff_reg_0_i_20_n_0
    SLICE_X72Y171        CARRY8 (Prop_CARRY8_SLICEL_S[6]_CO[7])
                                                      0.115     1.211 f  u_wrapper/u_core/u_shared_engine/coeff_reg_0_i_2/CO[7]
                         net (fo=1, routed)           0.026     1.237    u_wrapper/u_core/u_shared_engine/coeff_reg_0_i_2_n_0
    SLICE_X72Y172        CARRY8 (Prop_CARRY8_SLICEL_CI_O[4])
                                                      0.086     1.323 r  u_wrapper/u_core/u_shared_engine/coeff_reg_0_i_1/O[4]
                         net (fo=2, routed)           0.370     1.693    u_wrapper/u_core/u_shared_rom/sel[12]
    RAMB36_X6Y35         RAMB36E2                                     r  u_wrapper/u_core/u_shared_rom/coeff_reg_1/ADDRARDADDR[14]
  -------------------------------------------------------------------    -------------------

                         (clock clk rise edge)        2.000     2.000 r  
                                                      0.000     2.000 r  clk (IN)
                         net (fo=2721, unset)         0.039     2.039    u_wrapper/u_core/u_shared_rom/clk
    RAMB36_X6Y35         RAMB36E2                                     r  u_wrapper/u_core/u_shared_rom/coeff_reg_1/CLKARDCLK
                         clock pessimism              0.000     2.039    
                         clock uncertainty           -0.035     2.004    
    RAMB36_X6Y35         RAMB36E2 (Setup_RAMB36E2_RAMB36_CLKARDCLK_ADDRARDADDR[14])
                                                     -0.287     1.717    u_wrapper/u_core/u_shared_rom/coeff_reg_1
  -------------------------------------------------------------------
                         required time                          1.717    
                         arrival time                          -1.693    
  -------------------------------------------------------------------
                         slack                                  0.024    

Slack (MET) :             0.024ns  (required time - arrival time)
  Source:                 u_wrapper/u_core/u_shared_engine/pf_rom_row_reg[0]/C
                            (rising edge-triggered cell FDCE clocked by clk  {rise@0.000ns fall@1.000ns period=2.000ns})
  Destination:            u_wrapper/u_core/u_shared_rom/coeff_reg_1/ADDRARDADDR[14]
                            (rising edge-triggered cell RAMB36E2 clocked by clk  {rise@0.000ns fall@1.000ns period=2.000ns})
  Path Group:             clk
  Path Type:              Setup (Max at Slow Process Corner)
  Requirement:            2.000ns  (clk rise@2.000ns - clk rise@0.000ns)
  Data Path Delay:        1.663ns  (logic 0.591ns (35.535%)  route 1.072ns (64.465%))
  Logic Levels:           5  (CARRY8=2 LUT3=1 LUT5=2)
  Clock Path Skew:        0.009ns (DCD - SCD + CPR)
    Destination Clock Delay (DCD):    0.039ns = ( 2.039 - 2.000 ) 
    Source Clock Delay      (SCD):    0.030ns
    Clock Pessimism Removal (CPR):    0.000ns
  Clock Uncertainty:      0.035ns  ((TSJ^2 + TIJ^2)^1/2 + DJ) / 2 + PE
    Total System Jitter     (TSJ):    0.071ns
    Total Input Jitter      (TIJ):    0.000ns
    Discrete Jitter          (DJ):    0.000ns
    Phase Error              (PE):    0.000ns

    Location             Delay type                Incr(ns)  Path(ns)    Netlist Resource(s)
  -------------------------------------------------------------------    -------------------
                         (clock clk rise edge)        0.000     0.000 r  
                                                      0.000     0.000 r  clk (IN)
                         net (fo=2721, unset)         0.030     0.030    u_wrapper/u_core/u_shared_engine/clk
    SLICE_X71Y173        FDCE                                         r  u_wrapper/u_core/u_shared_engine/pf_rom_row_reg[0]/C
  -------------------------------------------------------------------    -------------------
    SLICE_X71Y173        FDCE (Prop_DFF_SLICEM_C_Q)
                                                      0.078     0.108 r  u_wrapper/u_core/u_shared_engine/pf_rom_row_reg[0]/Q
                         net (fo=16, routed)          0.282     0.390    u_wrapper/u_core/u_shared_engine/p_0_in[0]
    SLICE_X72Y173        LUT5 (Prop_G6LUT_SLICEL_I0_O)
                                                      0.149     0.539 r  u_wrapper/u_core/u_shared_engine/coeff_reg_0_i_35/O
                         net (fo=3, routed)           0.145     0.684    u_wrapper/u_core/u_shared_engine/coeff_reg_0_i_35_n_0
    SLICE_X71Y172        LUT3 (Prop_E5LUT_SLICEM_I0_O)
                                                      0.113     0.797 r  u_wrapper/u_core/u_shared_engine/coeff_reg_0_i_40/O
                         net (fo=1, routed)           0.241     1.038    u_wrapper/u_core/u_shared_engine/rom_addr_r1[6]
    SLICE_X72Y171        LUT5 (Prop_G6LUT_SLICEL_I3_O)
                                                      0.050     1.088 r  u_wrapper/u_core/u_shared_engine/coeff_reg_0_i_20/O
                         net (fo=1, routed)           0.008     1.096    u_wrapper/u_core/u_shared_engine/coeff_reg_0_i_20_n_0
    SLICE_X72Y171        CARRY8 (Prop_CARRY8_SLICEL_S[6]_CO[7])
                                                      0.115     1.211 r  u_wrapper/u_core/u_shared_engine/coeff_reg_0_i_2/CO[7]
                         net (fo=1, routed)           0.026     1.237    u_wrapper/u_core/u_shared_engine/coeff_reg_0_i_2_n_0
    SLICE_X72Y172        CARRY8 (Prop_CARRY8_SLICEL_CI_O[4])
                                                      0.086     1.323 f  u_wrapper/u_core/u_shared_engine/coeff_reg_0_i_1/O[4]
                         net (fo=2, routed)           0.370     1.693    u_wrapper/u_core/u_shared_rom/sel[12]
    RAMB36_X6Y35         RAMB36E2                                     f  u_wrapper/u_core/u_shared_rom/coeff_reg_1/ADDRARDADDR[14]
  -------------------------------------------------------------------    -------------------

                         (clock clk rise edge)        2.000     2.000 r  
                                                      0.000     2.000 r  clk (IN)
                         net (fo=2721, unset)         0.039     2.039    u_wrapper/u_core/u_shared_rom/clk
    RAMB36_X6Y35         RAMB36E2                                     r  u_wrapper/u_core/u_shared_rom/coeff_reg_1/CLKARDCLK
                         clock pessimism              0.000     2.039    
                         clock uncertainty           -0.035     2.004    
    RAMB36_X6Y35         RAMB36E2 (Setup_RAMB36E2_RAMB36_CLKARDCLK_ADDRARDADDR[14])
                                                     -0.287     1.717    u_wrapper/u_core/u_shared_rom/coeff_reg_1
  -------------------------------------------------------------------
                         required time                          1.717    
                         arrival time                          -1.693    
  -------------------------------------------------------------------
                         slack                                  0.024    

Slack (MET) :             0.024ns  (required time - arrival time)
  Source:                 u_wrapper/u_core/u_shared_engine/pf_rom_row_reg[0]/C
                            (rising edge-triggered cell FDCE clocked by clk  {rise@0.000ns fall@1.000ns period=2.000ns})
  Destination:            u_wrapper/u_core/u_shared_rom/coeff_reg_1/ADDRARDADDR[14]
                            (rising edge-triggered cell RAMB36E2 clocked by clk  {rise@0.000ns fall@1.000ns period=2.000ns})
  Path Group:             clk
  Path Type:              Setup (Max at Slow Process Corner)
  Requirement:            2.000ns  (clk rise@2.000ns - clk rise@0.000ns)
  Data Path Delay:        1.663ns  (logic 0.591ns (35.535%)  route 1.072ns (64.465%))
  Logic Levels:           5  (CARRY8=2 LUT3=1 LUT5=2)
  Clock Path Skew:        0.009ns (DCD - SCD + CPR)
    Destination Clock Delay (DCD):    0.039ns = ( 2.039 - 2.000 ) 
    Source Clock Delay      (SCD):    0.030ns
    Clock Pessimism Removal (CPR):    0.000ns
  Clock Uncertainty:      0.035ns  ((TSJ^2 + TIJ^2)^1/2 + DJ) / 2 + PE
    Total System Jitter     (TSJ):    0.071ns
    Total Input Jitter      (TIJ):    0.000ns
    Discrete Jitter          (DJ):    0.000ns
    Phase Error              (PE):    0.000ns

    Location             Delay type                Incr(ns)  Path(ns)    Netlist Resource(s)
  -------------------------------------------------------------------    -------------------
                         (clock clk rise edge)        0.000     0.000 r  
                                                      0.000     0.000 r  clk (IN)
                         net (fo=2721, unset)         0.030     0.030    u_wrapper/u_core/u_shared_engine/clk
    SLICE_X71Y173        FDCE                                         r  u_wrapper/u_core/u_shared_engine/pf_rom_row_reg[0]/C
  -------------------------------------------------------------------    -------------------
    SLICE_X71Y173        FDCE (Prop_DFF_SLICEM_C_Q)
                                                      0.078     0.108 f  u_wrapper/u_core/u_shared_engine/pf_rom_row_reg[0]/Q
                         net (fo=16, routed)          0.282     0.390    u_wrapper/u_core/u_shared_engine/p_0_in[0]
    SLICE_X72Y173        LUT5 (Prop_G6LUT_SLICEL_I0_O)
                                                      0.149     0.539 f  u_wrapper/u_core/u_shared_engine/coeff_reg_0_i_35/O
                         net (fo=3, routed)           0.145     0.684    u_wrapper/u_core/u_shared_engine/coeff_reg_0_i_35_n_0
    SLICE_X71Y172        LUT3 (Prop_E5LUT_SLICEM_I0_O)
                                                      0.113     0.797 f  u_wrapper/u_core/u_shared_engine/coeff_reg_0_i_40/O
                         net (fo=1, routed)           0.241     1.038    u_wrapper/u_core/u_shared_engine/rom_addr_r1[6]
    SLICE_X72Y171        LUT5 (Prop_G6LUT_SLICEL_I3_O)
                                                      0.050     1.088 r  u_wrapper/u_core/u_shared_engine/coeff_reg_0_i_20/O
                         net (fo=1, routed)           0.008     1.096    u_wrapper/u_core/u_shared_engine/coeff_reg_0_i_20_n_0
    SLICE_X72Y171        CARRY8 (Prop_CARRY8_SLICEL_S[6]_CO[7])
                                                      0.115     1.211 r  u_wrapper/u_core/u_shared_engine/coeff_reg_0_i_2/CO[7]
                         net (fo=1, routed)           0.026     1.237    u_wrapper/u_core/u_shared_engine/coeff_reg_0_i_2_n_0
    SLICE_X72Y172        CARRY8 (Prop_CARRY8_SLICEL_CI_O[4])
                                                      0.086     1.323 f  u_wrapper/u_core/u_shared_engine/coeff_reg_0_i_1/O[4]
                         net (fo=2, routed)           0.370     1.693    u_wrapper/u_core/u_shared_rom/sel[12]
    RAMB36_X6Y35         RAMB36E2                                     f  u_wrapper/u_core/u_shared_rom/coeff_reg_1/ADDRARDADDR[14]
  -------------------------------------------------------------------    -------------------

                         (clock clk rise edge)        2.000     2.000 r  
                                                      0.000     2.000 r  clk (IN)
                         net (fo=2721, unset)         0.039     2.039    u_wrapper/u_core/u_shared_rom/clk
    RAMB36_X6Y35         RAMB36E2                                     r  u_wrapper/u_core/u_shared_rom/coeff_reg_1/CLKARDCLK
                         clock pessimism              0.000     2.039    
                         clock uncertainty           -0.035     2.004    
    RAMB36_X6Y35         RAMB36E2 (Setup_RAMB36E2_RAMB36_CLKARDCLK_ADDRARDADDR[14])
                                                     -0.287     1.717    u_wrapper/u_core/u_shared_rom/coeff_reg_1
  -------------------------------------------------------------------
                         required time                          1.717    
                         arrival time                          -1.693    
  -------------------------------------------------------------------
                         slack                                  0.024    




