Copyright 1986-2022 Xilinx, Inc. All Rights Reserved. Copyright 2022-2025 Advanced Micro Devices, Inc. All Rights Reserved.
--------------------------------------------------------------------------------------------------------------------------------------------------
| Tool Version      : Vivado v.2025.2 (win64) Build 6299465 Fri Nov 14 19:35:11 GMT 2025
| Date              : Fri Sep  4 00:27:28 2026
| Host              : Finesse running 64-bit major release  (build 9200)
| Command           : report_timing -setup -nworst 10 -file D:/Workspace/ITS_STUDY_V34_LFNST_FIX/_v34_audit/vivado/v34_setup.rpt
| Design            : its_top_500_singleclk
| Device            : xcku5p-ffvb676
| Speed File        : -2  PRODUCTION 1.29 05-01-2022
| Design State      : Physopt postRoute
| Temperature Grade : E
--------------------------------------------------------------------------------------------------------------------------------------------------

Timing Report

Slack (VIOLATED) :        -0.003ns  (required time - arrival time)
  Source:                 u_wrapper/u_core/u_shared_engine/size_shift_reg[1]/C
                            (rising edge-triggered cell FDCE clocked by clk  {rise@0.000ns fall@1.000ns period=2.000ns})
  Destination:            u_wrapper/u_core/u_shared_rom/coeff_reg_0/ADDRARDADDR[14]
                            (rising edge-triggered cell RAMB36E2 clocked by clk  {rise@0.000ns fall@1.000ns period=2.000ns})
  Path Group:             clk
  Path Type:              Setup (Max at Slow Process Corner)
  Requirement:            2.000ns  (clk rise@2.000ns - clk rise@0.000ns)
  Data Path Delay:        1.691ns  (logic 0.696ns (41.152%)  route 0.995ns (58.848%))
  Logic Levels:           6  (CARRY8=2 LUT3=1 LUT4=1 LUT5=1 LUT6=1)
  Clock Path Skew:        0.011ns (DCD - SCD + CPR)
    Destination Clock Delay (DCD):    0.039ns = ( 2.039 - 2.000 ) 
    Source Clock Delay      (SCD):    0.028ns
    Clock Pessimism Removal (CPR):    0.000ns
  Clock Uncertainty:      0.035ns  ((TSJ^2 + TIJ^2)^1/2 + DJ) / 2 + PE
    Total System Jitter     (TSJ):    0.071ns
    Total Input Jitter      (TIJ):    0.000ns
    Discrete Jitter          (DJ):    0.000ns
    Phase Error              (PE):    0.000ns

    Location             Delay type                Incr(ns)  Path(ns)    Netlist Resource(s)
  -------------------------------------------------------------------    -------------------
                         (clock clk rise edge)        0.000     0.000 r  
                                                      0.000     0.000 r  clk (IN)
                         net (fo=2710, unset)         0.028     0.028    u_wrapper/u_core/u_shared_engine/clk
    SLICE_X70Y157        FDCE                                         r  u_wrapper/u_core/u_shared_engine/size_shift_reg[1]/C
  -------------------------------------------------------------------    -------------------
    SLICE_X70Y157        FDCE (Prop_CFF_SLICEL_C_Q)
                                                      0.079     0.107 r  u_wrapper/u_core/u_shared_engine/size_shift_reg[1]/Q
                         net (fo=60, routed)          0.216     0.323    u_wrapper/u_core/u_shared_engine/size_shift_reg_n_0_[1]
    SLICE_X70Y151        LUT6 (Prop_B6LUT_SLICEL_I2_O)
                                                      0.148     0.471 r  u_wrapper/u_core/u_shared_engine/coeff_reg_0_i_30/O
                         net (fo=4, routed)           0.048     0.519    u_wrapper/u_core/u_shared_engine/coeff_reg_0_i_30_n_0
    SLICE_X70Y151        LUT5 (Prop_F6LUT_SLICEL_I4_O)
                                                      0.035     0.554 r  u_wrapper/u_core/u_shared_engine/coeff_reg_0_i_37/O
                         net (fo=2, routed)           0.134     0.688    u_wrapper/u_core/u_shared_engine/rom_addr_r1[4]
    SLICE_X72Y151        LUT3 (Prop_E5LUT_SLICEL_I0_O)
                                                      0.070     0.758 r  u_wrapper/u_core/u_shared_engine/coeff_reg_0_i_14/O
                         net (fo=2, routed)           0.174     0.932    u_wrapper/u_core/u_shared_engine/coeff_reg_0_i_14_n_0
    SLICE_X72Y151        LUT4 (Prop_F6LUT_SLICEL_I0_O)
                                                      0.123     1.055 r  u_wrapper/u_core/u_shared_engine/coeff_reg_0_i_21/O
                         net (fo=1, routed)           0.011     1.066    u_wrapper/u_core/u_shared_engine/coeff_reg_0_i_21_n_0
    SLICE_X72Y151        CARRY8 (Prop_CARRY8_SLICEL_S[5]_CO[7])
                                                      0.155     1.221 r  u_wrapper/u_core/u_shared_engine/coeff_reg_0_i_2/CO[7]
                         net (fo=1, routed)           0.026     1.247    u_wrapper/u_core/u_shared_engine/coeff_reg_0_i_2_n_0
    SLICE_X72Y152        CARRY8 (Prop_CARRY8_SLICEL_CI_O[4])
                                                      0.086     1.333 r  u_wrapper/u_core/u_shared_engine/coeff_reg_0_i_1/O[4]
                         net (fo=2, routed)           0.386     1.719    u_wrapper/u_core/u_shared_rom/sel[12]
    RAMB36_X6Y31         RAMB36E2                                     r  u_wrapper/u_core/u_shared_rom/coeff_reg_0/ADDRARDADDR[14]
  -------------------------------------------------------------------    -------------------

                         (clock clk rise edge)        2.000     2.000 r  
                                                      0.000     2.000 r  clk (IN)
                         net (fo=2710, unset)         0.039     2.039    u_wrapper/u_core/u_shared_rom/clk
    RAMB36_X6Y31         RAMB36E2                                     r  u_wrapper/u_core/u_shared_rom/coeff_reg_0/CLKARDCLK
                         clock pessimism              0.000     2.039    
                         clock uncertainty           -0.035     2.004    
    RAMB36_X6Y31         RAMB36E2 (Setup_RAMB36E2_RAMB36_CLKARDCLK_ADDRARDADDR[14])
                                                     -0.287     1.717    u_wrapper/u_core/u_shared_rom/coeff_reg_0
  -------------------------------------------------------------------
                         required time                          1.717    
                         arrival time                          -1.719    
  -------------------------------------------------------------------
                         slack                                 -0.003    

Slack (VIOLATED) :        -0.003ns  (required time - arrival time)
  Source:                 u_wrapper/u_core/u_shared_engine/size_shift_reg[1]/C
                            (rising edge-triggered cell FDCE clocked by clk  {rise@0.000ns fall@1.000ns period=2.000ns})
  Destination:            u_wrapper/u_core/u_shared_rom/coeff_reg_0/ADDRARDADDR[14]
                            (rising edge-triggered cell RAMB36E2 clocked by clk  {rise@0.000ns fall@1.000ns period=2.000ns})
  Path Group:             clk
  Path Type:              Setup (Max at Slow Process Corner)
  Requirement:            2.000ns  (clk rise@2.000ns - clk rise@0.000ns)
  Data Path Delay:        1.691ns  (logic 0.696ns (41.152%)  route 0.995ns (58.848%))
  Logic Levels:           6  (CARRY8=2 LUT3=1 LUT4=1 LUT5=1 LUT6=1)
  Clock Path Skew:        0.011ns (DCD - SCD + CPR)
    Destination Clock Delay (DCD):    0.039ns = ( 2.039 - 2.000 ) 
    Source Clock Delay      (SCD):    0.028ns
    Clock Pessimism Removal (CPR):    0.000ns
  Clock Uncertainty:      0.035ns  ((TSJ^2 + TIJ^2)^1/2 + DJ) / 2 + PE
    Total System Jitter     (TSJ):    0.071ns
    Total Input Jitter      (TIJ):    0.000ns
    Discrete Jitter          (DJ):    0.000ns
    Phase Error              (PE):    0.000ns

    Location             Delay type                Incr(ns)  Path(ns)    Netlist Resource(s)
  -------------------------------------------------------------------    -------------------
                         (clock clk rise edge)        0.000     0.000 r  
                                                      0.000     0.000 r  clk (IN)
                         net (fo=2710, unset)         0.028     0.028    u_wrapper/u_core/u_shared_engine/clk
    SLICE_X70Y157        FDCE                                         r  u_wrapper/u_core/u_shared_engine/size_shift_reg[1]/C
  -------------------------------------------------------------------    -------------------
    SLICE_X70Y157        FDCE (Prop_CFF_SLICEL_C_Q)
                                                      0.079     0.107 f  u_wrapper/u_core/u_shared_engine/size_shift_reg[1]/Q
                         net (fo=60, routed)          0.216     0.323    u_wrapper/u_core/u_shared_engine/size_shift_reg_n_0_[1]
    SLICE_X70Y151        LUT6 (Prop_B6LUT_SLICEL_I2_O)
                                                      0.148     0.471 r  u_wrapper/u_core/u_shared_engine/coeff_reg_0_i_30/O
                         net (fo=4, routed)           0.048     0.519    u_wrapper/u_core/u_shared_engine/coeff_reg_0_i_30_n_0
    SLICE_X70Y151        LUT5 (Prop_F6LUT_SLICEL_I4_O)
                                                      0.035     0.554 r  u_wrapper/u_core/u_shared_engine/coeff_reg_0_i_37/O
                         net (fo=2, routed)           0.134     0.688    u_wrapper/u_core/u_shared_engine/rom_addr_r1[4]
    SLICE_X72Y151        LUT3 (Prop_E5LUT_SLICEL_I0_O)
                                                      0.070     0.758 r  u_wrapper/u_core/u_shared_engine/coeff_reg_0_i_14/O
                         net (fo=2, routed)           0.174     0.932    u_wrapper/u_core/u_shared_engine/coeff_reg_0_i_14_n_0
    SLICE_X72Y151        LUT4 (Prop_F6LUT_SLICEL_I0_O)
                                                      0.123     1.055 r  u_wrapper/u_core/u_shared_engine/coeff_reg_0_i_21/O
                         net (fo=1, routed)           0.011     1.066    u_wrapper/u_core/u_shared_engine/coeff_reg_0_i_21_n_0
    SLICE_X72Y151        CARRY8 (Prop_CARRY8_SLICEL_S[5]_CO[7])
                                                      0.155     1.221 r  u_wrapper/u_core/u_shared_engine/coeff_reg_0_i_2/CO[7]
                         net (fo=1, routed)           0.026     1.247    u_wrapper/u_core/u_shared_engine/coeff_reg_0_i_2_n_0
    SLICE_X72Y152        CARRY8 (Prop_CARRY8_SLICEL_CI_O[4])
                                                      0.086     1.333 r  u_wrapper/u_core/u_shared_engine/coeff_reg_0_i_1/O[4]
                         net (fo=2, routed)           0.386     1.719    u_wrapper/u_core/u_shared_rom/sel[12]
    RAMB36_X6Y31         RAMB36E2                                     r  u_wrapper/u_core/u_shared_rom/coeff_reg_0/ADDRARDADDR[14]
  -------------------------------------------------------------------    -------------------

                         (clock clk rise edge)        2.000     2.000 r  
                                                      0.000     2.000 r  clk (IN)
                         net (fo=2710, unset)         0.039     2.039    u_wrapper/u_core/u_shared_rom/clk
    RAMB36_X6Y31         RAMB36E2                                     r  u_wrapper/u_core/u_shared_rom/coeff_reg_0/CLKARDCLK
                         clock pessimism              0.000     2.039    
                         clock uncertainty           -0.035     2.004    
    RAMB36_X6Y31         RAMB36E2 (Setup_RAMB36E2_RAMB36_CLKARDCLK_ADDRARDADDR[14])
                                                     -0.287     1.717    u_wrapper/u_core/u_shared_rom/coeff_reg_0
  -------------------------------------------------------------------
                         required time                          1.717    
                         arrival time                          -1.719    
  -------------------------------------------------------------------
                         slack                                 -0.003    

Slack (VIOLATED) :        -0.003ns  (required time - arrival time)
  Source:                 u_wrapper/u_core/u_shared_engine/size_shift_reg[1]/C
                            (rising edge-triggered cell FDCE clocked by clk  {rise@0.000ns fall@1.000ns period=2.000ns})
  Destination:            u_wrapper/u_core/u_shared_rom/coeff_reg_0/ADDRARDADDR[14]
                            (rising edge-triggered cell RAMB36E2 clocked by clk  {rise@0.000ns fall@1.000ns period=2.000ns})
  Path Group:             clk
  Path Type:              Setup (Max at Slow Process Corner)
  Requirement:            2.000ns  (clk rise@2.000ns - clk rise@0.000ns)
  Data Path Delay:        1.691ns  (logic 0.696ns (41.152%)  route 0.995ns (58.848%))
  Logic Levels:           6  (CARRY8=2 LUT3=1 LUT4=1 LUT5=1 LUT6=1)
  Clock Path Skew:        0.011ns (DCD - SCD + CPR)
    Destination Clock Delay (DCD):    0.039ns = ( 2.039 - 2.000 ) 
    Source Clock Delay      (SCD):    0.028ns
    Clock Pessimism Removal (CPR):    0.000ns
  Clock Uncertainty:      0.035ns  ((TSJ^2 + TIJ^2)^1/2 + DJ) / 2 + PE
    Total System Jitter     (TSJ):    0.071ns
    Total Input Jitter      (TIJ):    0.000ns
    Discrete Jitter          (DJ):    0.000ns
    Phase Error              (PE):    0.000ns

    Location             Delay type                Incr(ns)  Path(ns)    Netlist Resource(s)
  -------------------------------------------------------------------    -------------------
                         (clock clk rise edge)        0.000     0.000 r  
                                                      0.000     0.000 r  clk (IN)
                         net (fo=2710, unset)         0.028     0.028    u_wrapper/u_core/u_shared_engine/clk
    SLICE_X70Y157        FDCE                                         r  u_wrapper/u_core/u_shared_engine/size_shift_reg[1]/C
  -------------------------------------------------------------------    -------------------
    SLICE_X70Y157        FDCE (Prop_CFF_SLICEL_C_Q)
                                                      0.079     0.107 r  u_wrapper/u_core/u_shared_engine/size_shift_reg[1]/Q
                         net (fo=60, routed)          0.216     0.323    u_wrapper/u_core/u_shared_engine/size_shift_reg_n_0_[1]
    SLICE_X70Y151        LUT6 (Prop_B6LUT_SLICEL_I2_O)
                                                      0.148     0.471 f  u_wrapper/u_core/u_shared_engine/coeff_reg_0_i_30/O
                         net (fo=4, routed)           0.048     0.519    u_wrapper/u_core/u_shared_engine/coeff_reg_0_i_30_n_0
    SLICE_X70Y151        LUT5 (Prop_F6LUT_SLICEL_I4_O)
                                                      0.035     0.554 f  u_wrapper/u_core/u_shared_engine/coeff_reg_0_i_37/O
                         net (fo=2, routed)           0.134     0.688    u_wrapper/u_core/u_shared_engine/rom_addr_r1[4]
    SLICE_X72Y151        LUT3 (Prop_E5LUT_SLICEL_I0_O)
                                                      0.070     0.758 f  u_wrapper/u_core/u_shared_engine/coeff_reg_0_i_14/O
                         net (fo=2, routed)           0.174     0.932    u_wrapper/u_core/u_shared_engine/coeff_reg_0_i_14_n_0
    SLICE_X72Y151        LUT4 (Prop_F6LUT_SLICEL_I0_O)
                                                      0.123     1.055 r  u_wrapper/u_core/u_shared_engine/coeff_reg_0_i_21/O
                         net (fo=1, routed)           0.011     1.066    u_wrapper/u_core/u_shared_engine/coeff_reg_0_i_21_n_0
    SLICE_X72Y151        CARRY8 (Prop_CARRY8_SLICEL_S[5]_CO[7])
                                                      0.155     1.221 r  u_wrapper/u_core/u_shared_engine/coeff_reg_0_i_2/CO[7]
                         net (fo=1, routed)           0.026     1.247    u_wrapper/u_core/u_shared_engine/coeff_reg_0_i_2_n_0
    SLICE_X72Y152        CARRY8 (Prop_CARRY8_SLICEL_CI_O[4])
                                                      0.086     1.333 r  u_wrapper/u_core/u_shared_engine/coeff_reg_0_i_1/O[4]
                         net (fo=2, routed)           0.386     1.719    u_wrapper/u_core/u_shared_rom/sel[12]
    RAMB36_X6Y31         RAMB36E2                                     r  u_wrapper/u_core/u_shared_rom/coeff_reg_0/ADDRARDADDR[14]
  -------------------------------------------------------------------    -------------------

                         (clock clk rise edge)        2.000     2.000 r  
                                                      0.000     2.000 r  clk (IN)
                         net (fo=2710, unset)         0.039     2.039    u_wrapper/u_core/u_shared_rom/clk
    RAMB36_X6Y31         RAMB36E2                                     r  u_wrapper/u_core/u_shared_rom/coeff_reg_0/CLKARDCLK
                         clock pessimism              0.000     2.039    
                         clock uncertainty           -0.035     2.004    
    RAMB36_X6Y31         RAMB36E2 (Setup_RAMB36E2_RAMB36_CLKARDCLK_ADDRARDADDR[14])
                                                     -0.287     1.717    u_wrapper/u_core/u_shared_rom/coeff_reg_0
  -------------------------------------------------------------------
                         required time                          1.717    
                         arrival time                          -1.719    
  -------------------------------------------------------------------
                         slack                                 -0.003    

Slack (VIOLATED) :        -0.003ns  (required time - arrival time)
  Source:                 u_wrapper/u_core/u_shared_engine/size_shift_reg[1]/C
                            (rising edge-triggered cell FDCE clocked by clk  {rise@0.000ns fall@1.000ns period=2.000ns})
  Destination:            u_wrapper/u_core/u_shared_rom/coeff_reg_0/ADDRARDADDR[14]
                            (rising edge-triggered cell RAMB36E2 clocked by clk  {rise@0.000ns fall@1.000ns period=2.000ns})
  Path Group:             clk
  Path Type:              Setup (Max at Slow Process Corner)
  Requirement:            2.000ns  (clk rise@2.000ns - clk rise@0.000ns)
  Data Path Delay:        1.691ns  (logic 0.696ns (41.152%)  route 0.995ns (58.848%))
  Logic Levels:           6  (CARRY8=2 LUT3=1 LUT4=1 LUT5=1 LUT6=1)
  Clock Path Skew:        0.011ns (DCD - SCD + CPR)
    Destination Clock Delay (DCD):    0.039ns = ( 2.039 - 2.000 ) 
    Source Clock Delay      (SCD):    0.028ns
    Clock Pessimism Removal (CPR):    0.000ns
  Clock Uncertainty:      0.035ns  ((TSJ^2 + TIJ^2)^1/2 + DJ) / 2 + PE
    Total System Jitter     (TSJ):    0.071ns
    Total Input Jitter      (TIJ):    0.000ns
    Discrete Jitter          (DJ):    0.000ns
    Phase Error              (PE):    0.000ns

    Location             Delay type                Incr(ns)  Path(ns)    Netlist Resource(s)
  -------------------------------------------------------------------    -------------------
                         (clock clk rise edge)        0.000     0.000 r  
                                                      0.000     0.000 r  clk (IN)
                         net (fo=2710, unset)         0.028     0.028    u_wrapper/u_core/u_shared_engine/clk
    SLICE_X70Y157        FDCE                                         r  u_wrapper/u_core/u_shared_engine/size_shift_reg[1]/C
  -------------------------------------------------------------------    -------------------
    SLICE_X70Y157        FDCE (Prop_CFF_SLICEL_C_Q)
                                                      0.079     0.107 f  u_wrapper/u_core/u_shared_engine/size_shift_reg[1]/Q
                         net (fo=60, routed)          0.216     0.323    u_wrapper/u_core/u_shared_engine/size_shift_reg_n_0_[1]
    SLICE_X70Y151        LUT6 (Prop_B6LUT_SLICEL_I2_O)
                                                      0.148     0.471 f  u_wrapper/u_core/u_shared_engine/coeff_reg_0_i_30/O
                         net (fo=4, routed)           0.048     0.519    u_wrapper/u_core/u_shared_engine/coeff_reg_0_i_30_n_0
    SLICE_X70Y151        LUT5 (Prop_F6LUT_SLICEL_I4_O)
                                                      0.035     0.554 f  u_wrapper/u_core/u_shared_engine/coeff_reg_0_i_37/O
                         net (fo=2, routed)           0.134     0.688    u_wrapper/u_core/u_shared_engine/rom_addr_r1[4]
    SLICE_X72Y151        LUT3 (Prop_E5LUT_SLICEL_I0_O)
                                                      0.070     0.758 f  u_wrapper/u_core/u_shared_engine/coeff_reg_0_i_14/O
                         net (fo=2, routed)           0.174     0.932    u_wrapper/u_core/u_shared_engine/coeff_reg_0_i_14_n_0
    SLICE_X72Y151        LUT4 (Prop_F6LUT_SLICEL_I0_O)
                                                      0.123     1.055 r  u_wrapper/u_core/u_shared_engine/coeff_reg_0_i_21/O
                         net (fo=1, routed)           0.011     1.066    u_wrapper/u_core/u_shared_engine/coeff_reg_0_i_21_n_0
    SLICE_X72Y151        CARRY8 (Prop_CARRY8_SLICEL_S[5]_CO[7])
                                                      0.155     1.221 r  u_wrapper/u_core/u_shared_engine/coeff_reg_0_i_2/CO[7]
                         net (fo=1, routed)           0.026     1.247    u_wrapper/u_core/u_shared_engine/coeff_reg_0_i_2_n_0
    SLICE_X72Y152        CARRY8 (Prop_CARRY8_SLICEL_CI_O[4])
                                                      0.086     1.333 r  u_wrapper/u_core/u_shared_engine/coeff_reg_0_i_1/O[4]
                         net (fo=2, routed)           0.386     1.719    u_wrapper/u_core/u_shared_rom/sel[12]
    RAMB36_X6Y31         RAMB36E2                                     r  u_wrapper/u_core/u_shared_rom/coeff_reg_0/ADDRARDADDR[14]
  -------------------------------------------------------------------    -------------------

                         (clock clk rise edge)        2.000     2.000 r  
                                                      0.000     2.000 r  clk (IN)
                         net (fo=2710, unset)         0.039     2.039    u_wrapper/u_core/u_shared_rom/clk
    RAMB36_X6Y31         RAMB36E2                                     r  u_wrapper/u_core/u_shared_rom/coeff_reg_0/CLKARDCLK
                         clock pessimism              0.000     2.039    
                         clock uncertainty           -0.035     2.004    
    RAMB36_X6Y31         RAMB36E2 (Setup_RAMB36E2_RAMB36_CLKARDCLK_ADDRARDADDR[14])
                                                     -0.287     1.717    u_wrapper/u_core/u_shared_rom/coeff_reg_0
  -------------------------------------------------------------------
                         required time                          1.717    
                         arrival time                          -1.719    
  -------------------------------------------------------------------
                         slack                                 -0.003    

Slack (VIOLATED) :        -0.003ns  (required time - arrival time)
  Source:                 u_wrapper/u_core/u_shared_engine/size_shift_reg[1]/C
                            (rising edge-triggered cell FDCE clocked by clk  {rise@0.000ns fall@1.000ns period=2.000ns})
  Destination:            u_wrapper/u_core/u_shared_rom/coeff_reg_0/ADDRARDADDR[14]
                            (rising edge-triggered cell RAMB36E2 clocked by clk  {rise@0.000ns fall@1.000ns period=2.000ns})
  Path Group:             clk
  Path Type:              Setup (Max at Slow Process Corner)
  Requirement:            2.000ns  (clk rise@2.000ns - clk rise@0.000ns)
  Data Path Delay:        1.691ns  (logic 0.696ns (41.152%)  route 0.995ns (58.848%))
  Logic Levels:           6  (CARRY8=2 LUT3=1 LUT4=1 LUT5=1 LUT6=1)
  Clock Path Skew:        0.011ns (DCD - SCD + CPR)
    Destination Clock Delay (DCD):    0.039ns = ( 2.039 - 2.000 ) 
    Source Clock Delay      (SCD):    0.028ns
    Clock Pessimism Removal (CPR):    0.000ns
  Clock Uncertainty:      0.035ns  ((TSJ^2 + TIJ^2)^1/2 + DJ) / 2 + PE
    Total System Jitter     (TSJ):    0.071ns
    Total Input Jitter      (TIJ):    0.000ns
    Discrete Jitter          (DJ):    0.000ns
    Phase Error              (PE):    0.000ns

    Location             Delay type                Incr(ns)  Path(ns)    Netlist Resource(s)
  -------------------------------------------------------------------    -------------------
                         (clock clk rise edge)        0.000     0.000 r  
                                                      0.000     0.000 r  clk (IN)
                         net (fo=2710, unset)         0.028     0.028    u_wrapper/u_core/u_shared_engine/clk
    SLICE_X70Y157        FDCE                                         r  u_wrapper/u_core/u_shared_engine/size_shift_reg[1]/C
  -------------------------------------------------------------------    -------------------
    SLICE_X70Y157        FDCE (Prop_CFF_SLICEL_C_Q)
                                                      0.079     0.107 r  u_wrapper/u_core/u_shared_engine/size_shift_reg[1]/Q
                         net (fo=60, routed)          0.216     0.323    u_wrapper/u_core/u_shared_engine/size_shift_reg_n_0_[1]
    SLICE_X70Y151        LUT6 (Prop_B6LUT_SLICEL_I2_O)
                                                      0.148     0.471 r  u_wrapper/u_core/u_shared_engine/coeff_reg_0_i_30/O
                         net (fo=4, routed)           0.048     0.519    u_wrapper/u_core/u_shared_engine/coeff_reg_0_i_30_n_0
    SLICE_X70Y151        LUT5 (Prop_F6LUT_SLICEL_I4_O)
                                                      0.035     0.554 r  u_wrapper/u_core/u_shared_engine/coeff_reg_0_i_37/O
                         net (fo=2, routed)           0.134     0.688    u_wrapper/u_core/u_shared_engine/rom_addr_r1[4]
    SLICE_X72Y151        LUT3 (Prop_E5LUT_SLICEL_I0_O)
                                                      0.070     0.758 r  u_wrapper/u_core/u_shared_engine/coeff_reg_0_i_14/O
                         net (fo=2, routed)           0.174     0.932    u_wrapper/u_core/u_shared_engine/coeff_reg_0_i_14_n_0
    SLICE_X72Y151        LUT4 (Prop_F6LUT_SLICEL_I0_O)
                                                      0.123     1.055 f  u_wrapper/u_core/u_shared_engine/coeff_reg_0_i_21/O
                         net (fo=1, routed)           0.011     1.066    u_wrapper/u_core/u_shared_engine/coeff_reg_0_i_21_n_0
    SLICE_X72Y151        CARRY8 (Prop_CARRY8_SLICEL_S[5]_CO[7])
                                                      0.155     1.221 r  u_wrapper/u_core/u_shared_engine/coeff_reg_0_i_2/CO[7]
                         net (fo=1, routed)           0.026     1.247    u_wrapper/u_core/u_shared_engine/coeff_reg_0_i_2_n_0
    SLICE_X72Y152        CARRY8 (Prop_CARRY8_SLICEL_CI_O[4])
                                                      0.086     1.333 r  u_wrapper/u_core/u_shared_engine/coeff_reg_0_i_1/O[4]
                         net (fo=2, routed)           0.386     1.719    u_wrapper/u_core/u_shared_rom/sel[12]
    RAMB36_X6Y31         RAMB36E2                                     r  u_wrapper/u_core/u_shared_rom/coeff_reg_0/ADDRARDADDR[14]
  -------------------------------------------------------------------    -------------------

                         (clock clk rise edge)        2.000     2.000 r  
                                                      0.000     2.000 r  clk (IN)
                         net (fo=2710, unset)         0.039     2.039    u_wrapper/u_core/u_shared_rom/clk
    RAMB36_X6Y31         RAMB36E2                                     r  u_wrapper/u_core/u_shared_rom/coeff_reg_0/CLKARDCLK
                         clock pessimism              0.000     2.039    
                         clock uncertainty           -0.035     2.004    
    RAMB36_X6Y31         RAMB36E2 (Setup_RAMB36E2_RAMB36_CLKARDCLK_ADDRARDADDR[14])
                                                     -0.287     1.717    u_wrapper/u_core/u_shared_rom/coeff_reg_0
  -------------------------------------------------------------------
                         required time                          1.717    
                         arrival time                          -1.719    
  -------------------------------------------------------------------
                         slack                                 -0.003    

Slack (VIOLATED) :        -0.003ns  (required time - arrival time)
  Source:                 u_wrapper/u_core/u_shared_engine/size_shift_reg[1]/C
                            (rising edge-triggered cell FDCE clocked by clk  {rise@0.000ns fall@1.000ns period=2.000ns})
  Destination:            u_wrapper/u_core/u_shared_rom/coeff_reg_0/ADDRARDADDR[14]
                            (rising edge-triggered cell RAMB36E2 clocked by clk  {rise@0.000ns fall@1.000ns period=2.000ns})
  Path Group:             clk
  Path Type:              Setup (Max at Slow Process Corner)
  Requirement:            2.000ns  (clk rise@2.000ns - clk rise@0.000ns)
  Data Path Delay:        1.691ns  (logic 0.696ns (41.152%)  route 0.995ns (58.848%))
  Logic Levels:           6  (CARRY8=2 LUT3=1 LUT4=1 LUT5=1 LUT6=1)
  Clock Path Skew:        0.011ns (DCD - SCD + CPR)
    Destination Clock Delay (DCD):    0.039ns = ( 2.039 - 2.000 ) 
    Source Clock Delay      (SCD):    0.028ns
    Clock Pessimism Removal (CPR):    0.000ns
  Clock Uncertainty:      0.035ns  ((TSJ^2 + TIJ^2)^1/2 + DJ) / 2 + PE
    Total System Jitter     (TSJ):    0.071ns
    Total Input Jitter      (TIJ):    0.000ns
    Discrete Jitter          (DJ):    0.000ns
    Phase Error              (PE):    0.000ns

    Location             Delay type                Incr(ns)  Path(ns)    Netlist Resource(s)
  -------------------------------------------------------------------    -------------------
                         (clock clk rise edge)        0.000     0.000 r  
                                                      0.000     0.000 r  clk (IN)
                         net (fo=2710, unset)         0.028     0.028    u_wrapper/u_core/u_shared_engine/clk
    SLICE_X70Y157        FDCE                                         r  u_wrapper/u_core/u_shared_engine/size_shift_reg[1]/C
  -------------------------------------------------------------------    -------------------
    SLICE_X70Y157        FDCE (Prop_CFF_SLICEL_C_Q)
                                                      0.079     0.107 r  u_wrapper/u_core/u_shared_engine/size_shift_reg[1]/Q
                         net (fo=60, routed)          0.216     0.323    u_wrapper/u_core/u_shared_engine/size_shift_reg_n_0_[1]
    SLICE_X70Y151        LUT6 (Prop_B6LUT_SLICEL_I2_O)
                                                      0.148     0.471 f  u_wrapper/u_core/u_shared_engine/coeff_reg_0_i_30/O
                         net (fo=4, routed)           0.048     0.519    u_wrapper/u_core/u_shared_engine/coeff_reg_0_i_30_n_0
    SLICE_X70Y151        LUT5 (Prop_F6LUT_SLICEL_I4_O)
                                                      0.035     0.554 f  u_wrapper/u_core/u_shared_engine/coeff_reg_0_i_37/O
                         net (fo=2, routed)           0.134     0.688    u_wrapper/u_core/u_shared_engine/rom_addr_r1[4]
    SLICE_X72Y151        LUT3 (Prop_E5LUT_SLICEL_I0_O)
                                                      0.070     0.758 f  u_wrapper/u_core/u_shared_engine/coeff_reg_0_i_14/O
                         net (fo=2, routed)           0.174     0.932    u_wrapper/u_core/u_shared_engine/coeff_reg_0_i_14_n_0
    SLICE_X72Y151        LUT4 (Prop_F6LUT_SLICEL_I0_O)
                                                      0.123     1.055 f  u_wrapper/u_core/u_shared_engine/coeff_reg_0_i_21/O
                         net (fo=1, routed)           0.011     1.066    u_wrapper/u_core/u_shared_engine/coeff_reg_0_i_21_n_0
    SLICE_X72Y151        CARRY8 (Prop_CARRY8_SLICEL_S[5]_CO[7])
                                                      0.155     1.221 r  u_wrapper/u_core/u_shared_engine/coeff_reg_0_i_2/CO[7]
                         net (fo=1, routed)           0.026     1.247    u_wrapper/u_core/u_shared_engine/coeff_reg_0_i_2_n_0
    SLICE_X72Y152        CARRY8 (Prop_CARRY8_SLICEL_CI_O[4])
                                                      0.086     1.333 r  u_wrapper/u_core/u_shared_engine/coeff_reg_0_i_1/O[4]
                         net (fo=2, routed)           0.386     1.719    u_wrapper/u_core/u_shared_rom/sel[12]
    RAMB36_X6Y31         RAMB36E2                                     r  u_wrapper/u_core/u_shared_rom/coeff_reg_0/ADDRARDADDR[14]
  -------------------------------------------------------------------    -------------------

                         (clock clk rise edge)        2.000     2.000 r  
                                                      0.000     2.000 r  clk (IN)
                         net (fo=2710, unset)         0.039     2.039    u_wrapper/u_core/u_shared_rom/clk
    RAMB36_X6Y31         RAMB36E2                                     r  u_wrapper/u_core/u_shared_rom/coeff_reg_0/CLKARDCLK
                         clock pessimism              0.000     2.039    
                         clock uncertainty           -0.035     2.004    
    RAMB36_X6Y31         RAMB36E2 (Setup_RAMB36E2_RAMB36_CLKARDCLK_ADDRARDADDR[14])
                                                     -0.287     1.717    u_wrapper/u_core/u_shared_rom/coeff_reg_0
  -------------------------------------------------------------------
                         required time                          1.717    
                         arrival time                          -1.719    
  -------------------------------------------------------------------
                         slack                                 -0.003    

Slack (VIOLATED) :        -0.003ns  (required time - arrival time)
  Source:                 u_wrapper/u_core/u_shared_engine/size_shift_reg[1]/C
                            (rising edge-triggered cell FDCE clocked by clk  {rise@0.000ns fall@1.000ns period=2.000ns})
  Destination:            u_wrapper/u_core/u_shared_rom/coeff_reg_0/ADDRARDADDR[14]
                            (rising edge-triggered cell RAMB36E2 clocked by clk  {rise@0.000ns fall@1.000ns period=2.000ns})
  Path Group:             clk
  Path Type:              Setup (Max at Slow Process Corner)
  Requirement:            2.000ns  (clk rise@2.000ns - clk rise@0.000ns)
  Data Path Delay:        1.691ns  (logic 0.696ns (41.152%)  route 0.995ns (58.848%))
  Logic Levels:           6  (CARRY8=2 LUT3=1 LUT4=1 LUT5=1 LUT6=1)
  Clock Path Skew:        0.011ns (DCD - SCD + CPR)
    Destination Clock Delay (DCD):    0.039ns = ( 2.039 - 2.000 ) 
    Source Clock Delay      (SCD):    0.028ns
    Clock Pessimism Removal (CPR):    0.000ns
  Clock Uncertainty:      0.035ns  ((TSJ^2 + TIJ^2)^1/2 + DJ) / 2 + PE
    Total System Jitter     (TSJ):    0.071ns
    Total Input Jitter      (TIJ):    0.000ns
    Discrete Jitter          (DJ):    0.000ns
    Phase Error              (PE):    0.000ns

    Location             Delay type                Incr(ns)  Path(ns)    Netlist Resource(s)
  -------------------------------------------------------------------    -------------------
                         (clock clk rise edge)        0.000     0.000 r  
                                                      0.000     0.000 r  clk (IN)
                         net (fo=2710, unset)         0.028     0.028    u_wrapper/u_core/u_shared_engine/clk
    SLICE_X70Y157        FDCE                                         r  u_wrapper/u_core/u_shared_engine/size_shift_reg[1]/C
  -------------------------------------------------------------------    -------------------
    SLICE_X70Y157        FDCE (Prop_CFF_SLICEL_C_Q)
                                                      0.079     0.107 r  u_wrapper/u_core/u_shared_engine/size_shift_reg[1]/Q
                         net (fo=60, routed)          0.216     0.323    u_wrapper/u_core/u_shared_engine/size_shift_reg_n_0_[1]
    SLICE_X70Y151        LUT6 (Prop_B6LUT_SLICEL_I2_O)
                                                      0.148     0.471 r  u_wrapper/u_core/u_shared_engine/coeff_reg_0_i_30/O
                         net (fo=4, routed)           0.048     0.519    u_wrapper/u_core/u_shared_engine/coeff_reg_0_i_30_n_0
    SLICE_X70Y151        LUT5 (Prop_F6LUT_SLICEL_I4_O)
                                                      0.035     0.554 r  u_wrapper/u_core/u_shared_engine/coeff_reg_0_i_37/O
                         net (fo=2, routed)           0.134     0.688    u_wrapper/u_core/u_shared_engine/rom_addr_r1[4]
    SLICE_X72Y151        LUT3 (Prop_E5LUT_SLICEL_I0_O)
                                                      0.070     0.758 r  u_wrapper/u_core/u_shared_engine/coeff_reg_0_i_14/O
                         net (fo=2, routed)           0.174     0.932    u_wrapper/u_core/u_shared_engine/coeff_reg_0_i_14_n_0
    SLICE_X72Y151        LUT4 (Prop_F6LUT_SLICEL_I0_O)
                                                      0.123     1.055 r  u_wrapper/u_core/u_shared_engine/coeff_reg_0_i_21/O
                         net (fo=1, routed)           0.011     1.066    u_wrapper/u_core/u_shared_engine/coeff_reg_0_i_21_n_0
    SLICE_X72Y151        CARRY8 (Prop_CARRY8_SLICEL_S[5]_CO[7])
                                                      0.155     1.221 f  u_wrapper/u_core/u_shared_engine/coeff_reg_0_i_2/CO[7]
                         net (fo=1, routed)           0.026     1.247    u_wrapper/u_core/u_shared_engine/coeff_reg_0_i_2_n_0
    SLICE_X72Y152        CARRY8 (Prop_CARRY8_SLICEL_CI_O[4])
                                                      0.086     1.333 r  u_wrapper/u_core/u_shared_engine/coeff_reg_0_i_1/O[4]
                         net (fo=2, routed)           0.386     1.719    u_wrapper/u_core/u_shared_rom/sel[12]
    RAMB36_X6Y31         RAMB36E2                                     r  u_wrapper/u_core/u_shared_rom/coeff_reg_0/ADDRARDADDR[14]
  -------------------------------------------------------------------    -------------------

                         (clock clk rise edge)        2.000     2.000 r  
                                                      0.000     2.000 r  clk (IN)
                         net (fo=2710, unset)         0.039     2.039    u_wrapper/u_core/u_shared_rom/clk
    RAMB36_X6Y31         RAMB36E2                                     r  u_wrapper/u_core/u_shared_rom/coeff_reg_0/CLKARDCLK
                         clock pessimism              0.000     2.039    
                         clock uncertainty           -0.035     2.004    
    RAMB36_X6Y31         RAMB36E2 (Setup_RAMB36E2_RAMB36_CLKARDCLK_ADDRARDADDR[14])
                                                     -0.287     1.717    u_wrapper/u_core/u_shared_rom/coeff_reg_0
  -------------------------------------------------------------------
                         required time                          1.717    
                         arrival time                          -1.719    
  -------------------------------------------------------------------
                         slack                                 -0.003    

Slack (VIOLATED) :        -0.003ns  (required time - arrival time)
  Source:                 u_wrapper/u_core/u_shared_engine/size_shift_reg[1]/C
                            (rising edge-triggered cell FDCE clocked by clk  {rise@0.000ns fall@1.000ns period=2.000ns})
  Destination:            u_wrapper/u_core/u_shared_rom/coeff_reg_0/ADDRARDADDR[14]
                            (rising edge-triggered cell RAMB36E2 clocked by clk  {rise@0.000ns fall@1.000ns period=2.000ns})
  Path Group:             clk
  Path Type:              Setup (Max at Slow Process Corner)
  Requirement:            2.000ns  (clk rise@2.000ns - clk rise@0.000ns)
  Data Path Delay:        1.691ns  (logic 0.696ns (41.152%)  route 0.995ns (58.848%))
  Logic Levels:           6  (CARRY8=2 LUT3=1 LUT4=1 LUT5=1 LUT6=1)
  Clock Path Skew:        0.011ns (DCD - SCD + CPR)
    Destination Clock Delay (DCD):    0.039ns = ( 2.039 - 2.000 ) 
    Source Clock Delay      (SCD):    0.028ns
    Clock Pessimism Removal (CPR):    0.000ns
  Clock Uncertainty:      0.035ns  ((TSJ^2 + TIJ^2)^1/2 + DJ) / 2 + PE
    Total System Jitter     (TSJ):    0.071ns
    Total Input Jitter      (TIJ):    0.000ns
    Discrete Jitter          (DJ):    0.000ns
    Phase Error              (PE):    0.000ns

    Location             Delay type                Incr(ns)  Path(ns)    Netlist Resource(s)
  -------------------------------------------------------------------    -------------------
                         (clock clk rise edge)        0.000     0.000 r  
                                                      0.000     0.000 r  clk (IN)
                         net (fo=2710, unset)         0.028     0.028    u_wrapper/u_core/u_shared_engine/clk
    SLICE_X70Y157        FDCE                                         r  u_wrapper/u_core/u_shared_engine/size_shift_reg[1]/C
  -------------------------------------------------------------------    -------------------
    SLICE_X70Y157        FDCE (Prop_CFF_SLICEL_C_Q)
                                                      0.079     0.107 f  u_wrapper/u_core/u_shared_engine/size_shift_reg[1]/Q
                         net (fo=60, routed)          0.216     0.323    u_wrapper/u_core/u_shared_engine/size_shift_reg_n_0_[1]
    SLICE_X70Y151        LUT6 (Prop_B6LUT_SLICEL_I2_O)
                                                      0.148     0.471 r  u_wrapper/u_core/u_shared_engine/coeff_reg_0_i_30/O
                         net (fo=4, routed)           0.048     0.519    u_wrapper/u_core/u_shared_engine/coeff_reg_0_i_30_n_0
    SLICE_X70Y151        LUT5 (Prop_F6LUT_SLICEL_I4_O)
                                                      0.035     0.554 r  u_wrapper/u_core/u_shared_engine/coeff_reg_0_i_37/O
                         net (fo=2, routed)           0.134     0.688    u_wrapper/u_core/u_shared_engine/rom_addr_r1[4]
    SLICE_X72Y151        LUT3 (Prop_E5LUT_SLICEL_I0_O)
                                                      0.070     0.758 r  u_wrapper/u_core/u_shared_engine/coeff_reg_0_i_14/O
                         net (fo=2, routed)           0.174     0.932    u_wrapper/u_core/u_shared_engine/coeff_reg_0_i_14_n_0
    SLICE_X72Y151        LUT4 (Prop_F6LUT_SLICEL_I0_O)
                                                      0.123     1.055 r  u_wrapper/u_core/u_shared_engine/coeff_reg_0_i_21/O
                         net (fo=1, routed)           0.011     1.066    u_wrapper/u_core/u_shared_engine/coeff_reg_0_i_21_n_0
    SLICE_X72Y151        CARRY8 (Prop_CARRY8_SLICEL_S[5]_CO[7])
                                                      0.155     1.221 f  u_wrapper/u_core/u_shared_engine/coeff_reg_0_i_2/CO[7]
                         net (fo=1, routed)           0.026     1.247    u_wrapper/u_core/u_shared_engine/coeff_reg_0_i_2_n_0
    SLICE_X72Y152        CARRY8 (Prop_CARRY8_SLICEL_CI_O[4])
                                                      0.086     1.333 r  u_wrapper/u_core/u_shared_engine/coeff_reg_0_i_1/O[4]
                         net (fo=2, routed)           0.386     1.719    u_wrapper/u_core/u_shared_rom/sel[12]
    RAMB36_X6Y31         RAMB36E2                                     r  u_wrapper/u_core/u_shared_rom/coeff_reg_0/ADDRARDADDR[14]
  -------------------------------------------------------------------    -------------------

                         (clock clk rise edge)        2.000     2.000 r  
                                                      0.000     2.000 r  clk (IN)
                         net (fo=2710, unset)         0.039     2.039    u_wrapper/u_core/u_shared_rom/clk
    RAMB36_X6Y31         RAMB36E2                                     r  u_wrapper/u_core/u_shared_rom/coeff_reg_0/CLKARDCLK
                         clock pessimism              0.000     2.039    
                         clock uncertainty           -0.035     2.004    
    RAMB36_X6Y31         RAMB36E2 (Setup_RAMB36E2_RAMB36_CLKARDCLK_ADDRARDADDR[14])
                                                     -0.287     1.717    u_wrapper/u_core/u_shared_rom/coeff_reg_0
  -------------------------------------------------------------------
                         required time                          1.717    
                         arrival time                          -1.719    
  -------------------------------------------------------------------
                         slack                                 -0.003    

Slack (VIOLATED) :        -0.003ns  (required time - arrival time)
  Source:                 u_wrapper/u_core/u_shared_engine/size_shift_reg[1]/C
                            (rising edge-triggered cell FDCE clocked by clk  {rise@0.000ns fall@1.000ns period=2.000ns})
  Destination:            u_wrapper/u_core/u_shared_rom/coeff_reg_0/ADDRARDADDR[14]
                            (rising edge-triggered cell RAMB36E2 clocked by clk  {rise@0.000ns fall@1.000ns period=2.000ns})
  Path Group:             clk
  Path Type:              Setup (Max at Slow Process Corner)
  Requirement:            2.000ns  (clk rise@2.000ns - clk rise@0.000ns)
  Data Path Delay:        1.691ns  (logic 0.696ns (41.152%)  route 0.995ns (58.848%))
  Logic Levels:           6  (CARRY8=2 LUT3=1 LUT4=1 LUT5=1 LUT6=1)
  Clock Path Skew:        0.011ns (DCD - SCD + CPR)
    Destination Clock Delay (DCD):    0.039ns = ( 2.039 - 2.000 ) 
    Source Clock Delay      (SCD):    0.028ns
    Clock Pessimism Removal (CPR):    0.000ns
  Clock Uncertainty:      0.035ns  ((TSJ^2 + TIJ^2)^1/2 + DJ) / 2 + PE
    Total System Jitter     (TSJ):    0.071ns
    Total Input Jitter      (TIJ):    0.000ns
    Discrete Jitter          (DJ):    0.000ns
    Phase Error              (PE):    0.000ns

    Location             Delay type                Incr(ns)  Path(ns)    Netlist Resource(s)
  -------------------------------------------------------------------    -------------------
                         (clock clk rise edge)        0.000     0.000 r  
                                                      0.000     0.000 r  clk (IN)
                         net (fo=2710, unset)         0.028     0.028    u_wrapper/u_core/u_shared_engine/clk
    SLICE_X70Y157        FDCE                                         r  u_wrapper/u_core/u_shared_engine/size_shift_reg[1]/C
  -------------------------------------------------------------------    -------------------
    SLICE_X70Y157        FDCE (Prop_CFF_SLICEL_C_Q)
                                                      0.079     0.107 r  u_wrapper/u_core/u_shared_engine/size_shift_reg[1]/Q
                         net (fo=60, routed)          0.216     0.323    u_wrapper/u_core/u_shared_engine/size_shift_reg_n_0_[1]
    SLICE_X70Y151        LUT6 (Prop_B6LUT_SLICEL_I2_O)
                                                      0.148     0.471 f  u_wrapper/u_core/u_shared_engine/coeff_reg_0_i_30/O
                         net (fo=4, routed)           0.048     0.519    u_wrapper/u_core/u_shared_engine/coeff_reg_0_i_30_n_0
    SLICE_X70Y151        LUT5 (Prop_F6LUT_SLICEL_I4_O)
                                                      0.035     0.554 f  u_wrapper/u_core/u_shared_engine/coeff_reg_0_i_37/O
                         net (fo=2, routed)           0.134     0.688    u_wrapper/u_core/u_shared_engine/rom_addr_r1[4]
    SLICE_X72Y151        LUT3 (Prop_E5LUT_SLICEL_I0_O)
                                                      0.070     0.758 f  u_wrapper/u_core/u_shared_engine/coeff_reg_0_i_14/O
                         net (fo=2, routed)           0.174     0.932    u_wrapper/u_core/u_shared_engine/coeff_reg_0_i_14_n_0
    SLICE_X72Y151        LUT4 (Prop_F6LUT_SLICEL_I0_O)
                                                      0.123     1.055 r  u_wrapper/u_core/u_shared_engine/coeff_reg_0_i_21/O
                         net (fo=1, routed)           0.011     1.066    u_wrapper/u_core/u_shared_engine/coeff_reg_0_i_21_n_0
    SLICE_X72Y151        CARRY8 (Prop_CARRY8_SLICEL_S[5]_CO[7])
                                                      0.155     1.221 f  u_wrapper/u_core/u_shared_engine/coeff_reg_0_i_2/CO[7]
                         net (fo=1, routed)           0.026     1.247    u_wrapper/u_core/u_shared_engine/coeff_reg_0_i_2_n_0
    SLICE_X72Y152        CARRY8 (Prop_CARRY8_SLICEL_CI_O[4])
                                                      0.086     1.333 r  u_wrapper/u_core/u_shared_engine/coeff_reg_0_i_1/O[4]
                         net (fo=2, routed)           0.386     1.719    u_wrapper/u_core/u_shared_rom/sel[12]
    RAMB36_X6Y31         RAMB36E2                                     r  u_wrapper/u_core/u_shared_rom/coeff_reg_0/ADDRARDADDR[14]
  -------------------------------------------------------------------    -------------------

                         (clock clk rise edge)        2.000     2.000 r  
                                                      0.000     2.000 r  clk (IN)
                         net (fo=2710, unset)         0.039     2.039    u_wrapper/u_core/u_shared_rom/clk
    RAMB36_X6Y31         RAMB36E2                                     r  u_wrapper/u_core/u_shared_rom/coeff_reg_0/CLKARDCLK
                         clock pessimism              0.000     2.039    
                         clock uncertainty           -0.035     2.004    
    RAMB36_X6Y31         RAMB36E2 (Setup_RAMB36E2_RAMB36_CLKARDCLK_ADDRARDADDR[14])
                                                     -0.287     1.717    u_wrapper/u_core/u_shared_rom/coeff_reg_0
  -------------------------------------------------------------------
                         required time                          1.717    
                         arrival time                          -1.719    
  -------------------------------------------------------------------
                         slack                                 -0.003    

Slack (VIOLATED) :        -0.003ns  (required time - arrival time)
  Source:                 u_wrapper/u_core/u_shared_engine/size_shift_reg[1]/C
                            (rising edge-triggered cell FDCE clocked by clk  {rise@0.000ns fall@1.000ns period=2.000ns})
  Destination:            u_wrapper/u_core/u_shared_rom/coeff_reg_0/ADDRARDADDR[14]
                            (rising edge-triggered cell RAMB36E2 clocked by clk  {rise@0.000ns fall@1.000ns period=2.000ns})
  Path Group:             clk
  Path Type:              Setup (Max at Slow Process Corner)
  Requirement:            2.000ns  (clk rise@2.000ns - clk rise@0.000ns)
  Data Path Delay:        1.691ns  (logic 0.696ns (41.152%)  route 0.995ns (58.848%))
  Logic Levels:           6  (CARRY8=2 LUT3=1 LUT4=1 LUT5=1 LUT6=1)
  Clock Path Skew:        0.011ns (DCD - SCD + CPR)
    Destination Clock Delay (DCD):    0.039ns = ( 2.039 - 2.000 ) 
    Source Clock Delay      (SCD):    0.028ns
    Clock Pessimism Removal (CPR):    0.000ns
  Clock Uncertainty:      0.035ns  ((TSJ^2 + TIJ^2)^1/2 + DJ) / 2 + PE
    Total System Jitter     (TSJ):    0.071ns
    Total Input Jitter      (TIJ):    0.000ns
    Discrete Jitter          (DJ):    0.000ns
    Phase Error              (PE):    0.000ns

    Location             Delay type                Incr(ns)  Path(ns)    Netlist Resource(s)
  -------------------------------------------------------------------    -------------------
                         (clock clk rise edge)        0.000     0.000 r  
                                                      0.000     0.000 r  clk (IN)
                         net (fo=2710, unset)         0.028     0.028    u_wrapper/u_core/u_shared_engine/clk
    SLICE_X70Y157        FDCE                                         r  u_wrapper/u_core/u_shared_engine/size_shift_reg[1]/C
  -------------------------------------------------------------------    -------------------
    SLICE_X70Y157        FDCE (Prop_CFF_SLICEL_C_Q)
                                                      0.079     0.107 f  u_wrapper/u_core/u_shared_engine/size_shift_reg[1]/Q
                         net (fo=60, routed)          0.216     0.323    u_wrapper/u_core/u_shared_engine/size_shift_reg_n_0_[1]
    SLICE_X70Y151        LUT6 (Prop_B6LUT_SLICEL_I2_O)
                                                      0.148     0.471 f  u_wrapper/u_core/u_shared_engine/coeff_reg_0_i_30/O
                         net (fo=4, routed)           0.048     0.519    u_wrapper/u_core/u_shared_engine/coeff_reg_0_i_30_n_0
    SLICE_X70Y151        LUT5 (Prop_F6LUT_SLICEL_I4_O)
                                                      0.035     0.554 f  u_wrapper/u_core/u_shared_engine/coeff_reg_0_i_37/O
                         net (fo=2, routed)           0.134     0.688    u_wrapper/u_core/u_shared_engine/rom_addr_r1[4]
    SLICE_X72Y151        LUT3 (Prop_E5LUT_SLICEL_I0_O)
                                                      0.070     0.758 f  u_wrapper/u_core/u_shared_engine/coeff_reg_0_i_14/O
                         net (fo=2, routed)           0.174     0.932    u_wrapper/u_core/u_shared_engine/coeff_reg_0_i_14_n_0
    SLICE_X72Y151        LUT4 (Prop_F6LUT_SLICEL_I0_O)
                                                      0.123     1.055 r  u_wrapper/u_core/u_shared_engine/coeff_reg_0_i_21/O
                         net (fo=1, routed)           0.011     1.066    u_wrapper/u_core/u_shared_engine/coeff_reg_0_i_21_n_0
    SLICE_X72Y151        CARRY8 (Prop_CARRY8_SLICEL_S[5]_CO[7])
                                                      0.155     1.221 f  u_wrapper/u_core/u_shared_engine/coeff_reg_0_i_2/CO[7]
                         net (fo=1, routed)           0.026     1.247    u_wrapper/u_core/u_shared_engine/coeff_reg_0_i_2_n_0
    SLICE_X72Y152        CARRY8 (Prop_CARRY8_SLICEL_CI_O[4])
                                                      0.086     1.333 r  u_wrapper/u_core/u_shared_engine/coeff_reg_0_i_1/O[4]
                         net (fo=2, routed)           0.386     1.719    u_wrapper/u_core/u_shared_rom/sel[12]
    RAMB36_X6Y31         RAMB36E2                                     r  u_wrapper/u_core/u_shared_rom/coeff_reg_0/ADDRARDADDR[14]
  -------------------------------------------------------------------    -------------------

                         (clock clk rise edge)        2.000     2.000 r  
                                                      0.000     2.000 r  clk (IN)
                         net (fo=2710, unset)         0.039     2.039    u_wrapper/u_core/u_shared_rom/clk
    RAMB36_X6Y31         RAMB36E2                                     r  u_wrapper/u_core/u_shared_rom/coeff_reg_0/CLKARDCLK
                         clock pessimism              0.000     2.039    
                         clock uncertainty           -0.035     2.004    
    RAMB36_X6Y31         RAMB36E2 (Setup_RAMB36E2_RAMB36_CLKARDCLK_ADDRARDADDR[14])
                                                     -0.287     1.717    u_wrapper/u_core/u_shared_rom/coeff_reg_0
  -------------------------------------------------------------------
                         required time                          1.717    
                         arrival time                          -1.719    
  -------------------------------------------------------------------
                         slack                                 -0.003    




