Copyright 1986-2022 Xilinx, Inc. All Rights Reserved. Copyright 2022-2025 Advanced Micro Devices, Inc. All Rights Reserved.
------------------------------------------------------------------------------------------------------------------------------------------------------------------------------------------------------------------------------
| Tool Version      : Vivado v.2025.2 (win64) Build 6299465 Fri Nov 14 19:35:11 GMT 2025
| Date              : Wed Sep  9 23:14:38 2026
| Host              : Finesse running 64-bit major release  (build 9200)
| Command           : report_timing -delay_type min -max_paths 20 -file D:/Workspace/ITS_STUDY_V35_P2F_B2_R4B_EVENT_STATIC/03_verification/vivado/reports_r4b_event_static_postroute/report_timing_hold_worst20_postroute.rpt
| Design            : p2f_dct2_64_b1_step102
| Device            : xcku5p-ffvb676
| Speed File        : -2  PRODUCTION 1.29 05-01-2022
| Design State      : Routed
| Temperature Grade : E
------------------------------------------------------------------------------------------------------------------------------------------------------------------------------------------------------------------------------

Timing Report

Slack (MET) :             0.043ns  (arrival time - required time)
  Source:                 capture_vector_id_reg[1]/C
                            (rising edge-triggered cell FDRE clocked by clk  {rise@0.000ns fall@1.000ns period=2.000ns})
  Destination:            ready_vector_id_reg[3][1]/D
                            (rising edge-triggered cell FDCE clocked by clk  {rise@0.000ns fall@1.000ns period=2.000ns})
  Path Group:             clk
  Path Type:              Hold (Min at Fast Process Corner)
  Requirement:            0.000ns  (clk rise@0.000ns - clk rise@0.000ns)
  Data Path Delay:        0.097ns  (logic 0.039ns (40.046%)  route 0.058ns (59.954%))
  Logic Levels:           0  
  Clock Path Skew:        0.007ns (DCD - SCD - CPR)
    Destination Clock Delay (DCD):    0.019ns
    Source Clock Delay      (SCD):    0.012ns
    Clock Pessimism Removal (CPR):    -0.000ns

    Location             Delay type                Incr(ns)  Path(ns)    Netlist Resource(s)
  -------------------------------------------------------------------    -------------------
                         (clock clk rise edge)        0.000     0.000 r  
                                                      0.000     0.000 r  clk (IN)
                         net (fo=21259, unset)        0.012     0.012    clk
    SLICE_X40Y154        FDRE                                         r  capture_vector_id_reg[1]/C
  -------------------------------------------------------------------    -------------------
    SLICE_X40Y154        FDRE (Prop_CFF_SLICEL_C_Q)
                                                      0.039     0.051 r  capture_vector_id_reg[1]/Q
                         net (fo=8, routed)           0.058     0.109    capture_vector_id_reg_n_0_[1]
    SLICE_X40Y152        FDCE                                         r  ready_vector_id_reg[3][1]/D
  -------------------------------------------------------------------    -------------------

                         (clock clk rise edge)        0.000     0.000 r  
                                                      0.000     0.000 r  clk (IN)
                         net (fo=21259, unset)        0.019     0.019    clk
    SLICE_X40Y152        FDCE                                         r  ready_vector_id_reg[3][1]/C
                         clock pessimism              0.000     0.019    
    SLICE_X40Y152        FDCE (Hold_GFF2_SLICEL_C_D)
                                                      0.047     0.066    ready_vector_id_reg[3][1]
  -------------------------------------------------------------------
                         required time                         -0.066    
                         arrival time                           0.109    
  -------------------------------------------------------------------
                         slack                                  0.043    

Slack (MET) :             0.045ns  (arrival time - required time)
  Source:                 r4a_vector_buf_b_reg[0][21][3]/C
                            (rising edge-triggered cell FDCE clocked by clk  {rise@0.000ns fall@1.000ns period=2.000ns})
  Destination:            operand_x_reg_reg[42][3]/D
                            (rising edge-triggered cell FDCE clocked by clk  {rise@0.000ns fall@1.000ns period=2.000ns})
  Path Group:             clk
  Path Type:              Hold (Min at Fast Process Corner)
  Requirement:            0.000ns  (clk rise@0.000ns - clk rise@0.000ns)
  Data Path Delay:        0.096ns  (logic 0.053ns (55.296%)  route 0.043ns (44.704%))
  Logic Levels:           1  (LUT6=1)
  Clock Path Skew:        0.005ns (DCD - SCD - CPR)
    Destination Clock Delay (DCD):    0.018ns
    Source Clock Delay      (SCD):    0.013ns
    Clock Pessimism Removal (CPR):    -0.000ns

    Location             Delay type                Incr(ns)  Path(ns)    Netlist Resource(s)
  -------------------------------------------------------------------    -------------------
                         (clock clk rise edge)        0.000     0.000 r  
                                                      0.000     0.000 r  clk (IN)
                         net (fo=21259, unset)        0.013     0.013    clk
    SLICE_X63Y93         FDCE                                         r  r4a_vector_buf_b_reg[0][21][3]/C
  -------------------------------------------------------------------    -------------------
    SLICE_X63Y93         FDCE (Prop_EFF_SLICEL_C_Q)
                                                      0.039     0.052 r  r4a_vector_buf_b_reg[0][21][3]/Q
                         net (fo=2, routed)           0.027     0.079    r4a_vector_buf_b_reg[0][21][3]
    SLICE_X63Y94         LUT6 (Prop_A6LUT_SLICEL_I4_O)
                                                      0.014     0.093 r  operand_x_reg[42][3]_i_1/O
                         net (fo=1, routed)           0.016     0.109    operand_x_reg[42][3]_i_1_n_0
    SLICE_X63Y94         FDCE                                         r  operand_x_reg_reg[42][3]/D
  -------------------------------------------------------------------    -------------------

                         (clock clk rise edge)        0.000     0.000 r  
                                                      0.000     0.000 r  clk (IN)
                         net (fo=21259, unset)        0.018     0.018    clk
    SLICE_X63Y94         FDCE                                         r  operand_x_reg_reg[42][3]/C
                         clock pessimism              0.000     0.018    
    SLICE_X63Y94         FDCE (Hold_AFF_SLICEL_C_D)
                                                      0.046     0.064    operand_x_reg_reg[42][3]
  -------------------------------------------------------------------
                         required time                         -0.064    
                         arrival time                           0.109    
  -------------------------------------------------------------------
                         slack                                  0.045    

Slack (MET) :             0.045ns  (arrival time - required time)
  Source:                 capture_vector_id_reg[10]/C
                            (rising edge-triggered cell FDRE clocked by clk  {rise@0.000ns fall@1.000ns period=2.000ns})
  Destination:            ready_vector_id_reg[3][10]/D
                            (rising edge-triggered cell FDCE clocked by clk  {rise@0.000ns fall@1.000ns period=2.000ns})
  Path Group:             clk
  Path Type:              Hold (Min at Fast Process Corner)
  Requirement:            0.000ns  (clk rise@0.000ns - clk rise@0.000ns)
  Data Path Delay:        0.098ns  (logic 0.039ns (39.661%)  route 0.059ns (60.339%))
  Logic Levels:           0  
  Clock Path Skew:        0.006ns (DCD - SCD - CPR)
    Destination Clock Delay (DCD):    0.018ns
    Source Clock Delay      (SCD):    0.012ns
    Clock Pessimism Removal (CPR):    -0.000ns

    Location             Delay type                Incr(ns)  Path(ns)    Netlist Resource(s)
  -------------------------------------------------------------------    -------------------
                         (clock clk rise edge)        0.000     0.000 r  
                                                      0.000     0.000 r  clk (IN)
                         net (fo=21259, unset)        0.012     0.012    clk
    SLICE_X40Y155        FDRE                                         r  capture_vector_id_reg[10]/C
  -------------------------------------------------------------------    -------------------
    SLICE_X40Y155        FDRE (Prop_DFF_SLICEL_C_Q)
                                                      0.039     0.051 r  capture_vector_id_reg[10]/Q
                         net (fo=4, routed)           0.059     0.110    capture_vector_id[10]
    SLICE_X40Y153        FDCE                                         r  ready_vector_id_reg[3][10]/D
  -------------------------------------------------------------------    -------------------

                         (clock clk rise edge)        0.000     0.000 r  
                                                      0.000     0.000 r  clk (IN)
                         net (fo=21259, unset)        0.018     0.018    clk
    SLICE_X40Y153        FDCE                                         r  ready_vector_id_reg[3][10]/C
                         clock pessimism              0.000     0.018    
    SLICE_X40Y153        FDCE (Hold_DFF2_SLICEL_C_D)
                                                      0.047     0.065    ready_vector_id_reg[3][10]
  -------------------------------------------------------------------
                         required time                         -0.065    
                         arrival time                           0.110    
  -------------------------------------------------------------------
                         slack                                  0.045    

Slack (MET) :             0.047ns  (arrival time - required time)
  Source:                 sched_coeff_reg_reg[73][7]/C
                            (rising edge-triggered cell FDCE clocked by clk  {rise@0.000ns fall@1.000ns period=2.000ns})
  Destination:            operand_coeff_reg_reg[73][7]/D
                            (rising edge-triggered cell FDCE clocked by clk  {rise@0.000ns fall@1.000ns period=2.000ns})
  Path Group:             clk
  Path Type:              Hold (Min at Fast Process Corner)
  Requirement:            0.000ns  (clk rise@0.000ns - clk rise@0.000ns)
  Data Path Delay:        0.100ns  (logic 0.038ns (38.000%)  route 0.062ns (62.000%))
  Logic Levels:           0  
  Clock Path Skew:        0.006ns (DCD - SCD - CPR)
    Destination Clock Delay (DCD):    0.019ns
    Source Clock Delay      (SCD):    0.013ns
    Clock Pessimism Removal (CPR):    -0.000ns

    Location             Delay type                Incr(ns)  Path(ns)    Netlist Resource(s)
  -------------------------------------------------------------------    -------------------
                         (clock clk rise edge)        0.000     0.000 r  
                                                      0.000     0.000 r  clk (IN)
                         net (fo=21259, unset)        0.013     0.013    clk
    SLICE_X52Y94         FDCE                                         r  sched_coeff_reg_reg[73][7]/C
  -------------------------------------------------------------------    -------------------
    SLICE_X52Y94         FDCE (Prop_BFF_SLICEM_C_Q)
                                                      0.038     0.051 r  sched_coeff_reg_reg[73][7]/Q
                         net (fo=1, routed)           0.062     0.113    sched_coeff_reg_reg[73][7]
    SLICE_X52Y93         FDCE                                         r  operand_coeff_reg_reg[73][7]/D
  -------------------------------------------------------------------    -------------------

                         (clock clk rise edge)        0.000     0.000 r  
                                                      0.000     0.000 r  clk (IN)
                         net (fo=21259, unset)        0.019     0.019    clk
    SLICE_X52Y93         FDCE                                         r  operand_coeff_reg_reg[73][7]/C
                         clock pessimism              0.000     0.019    
    SLICE_X52Y93         FDCE (Hold_GFF2_SLICEM_C_D)
                                                      0.047     0.066    operand_coeff_reg_reg[73][7]
  -------------------------------------------------------------------
                         required time                         -0.066    
                         arrival time                           0.113    
  -------------------------------------------------------------------
                         slack                                  0.047    

Slack (MET) :             0.048ns  (arrival time - required time)
  Source:                 bf_vector_id_reg[2]/C
                            (rising edge-triggered cell FDCE clocked by clk  {rise@0.000ns fall@1.000ns period=2.000ns})
  Destination:            capture_vector_id_reg[2]/D
                            (rising edge-triggered cell FDRE clocked by clk  {rise@0.000ns fall@1.000ns period=2.000ns})
  Path Group:             clk
  Path Type:              Hold (Min at Fast Process Corner)
  Requirement:            0.000ns  (clk rise@0.000ns - clk rise@0.000ns)
  Data Path Delay:        0.099ns  (logic 0.039ns (39.394%)  route 0.060ns (60.606%))
  Logic Levels:           0  
  Clock Path Skew:        0.005ns (DCD - SCD - CPR)
    Destination Clock Delay (DCD):    0.018ns
    Source Clock Delay      (SCD):    0.013ns
    Clock Pessimism Removal (CPR):    -0.000ns

    Location             Delay type                Incr(ns)  Path(ns)    Netlist Resource(s)
  -------------------------------------------------------------------    -------------------
                         (clock clk rise edge)        0.000     0.000 r  
                                                      0.000     0.000 r  clk (IN)
                         net (fo=21259, unset)        0.013     0.013    clk
    SLICE_X40Y157        FDCE                                         r  bf_vector_id_reg[2]/C
  -------------------------------------------------------------------    -------------------
    SLICE_X40Y157        FDCE (Prop_GFF_SLICEL_C_Q)
                                                      0.039     0.052 r  bf_vector_id_reg[2]/Q
                         net (fo=1, routed)           0.060     0.112    bf_vector_id_reg_n_0_[2]
    SLICE_X40Y157        FDRE                                         r  capture_vector_id_reg[2]/D
  -------------------------------------------------------------------    -------------------

                         (clock clk rise edge)        0.000     0.000 r  
                                                      0.000     0.000 r  clk (IN)
                         net (fo=21259, unset)        0.018     0.018    clk
    SLICE_X40Y157        FDRE                                         r  capture_vector_id_reg[2]/C
                         clock pessimism              0.000     0.018    
    SLICE_X40Y157        FDRE (Hold_DFF_SLICEL_C_D)
                                                      0.046     0.064    capture_vector_id_reg[2]
  -------------------------------------------------------------------
                         required time                         -0.064    
                         arrival time                           0.112    
  -------------------------------------------------------------------
                         slack                                  0.048    

Slack (MET) :             0.049ns  (arrival time - required time)
  Source:                 sched_coeff_reg_reg[18][3]/C
                            (rising edge-triggered cell FDCE clocked by clk  {rise@0.000ns fall@1.000ns period=2.000ns})
  Destination:            operand_coeff_reg_reg[18][3]/D
                            (rising edge-triggered cell FDCE clocked by clk  {rise@0.000ns fall@1.000ns period=2.000ns})
  Path Group:             clk
  Path Type:              Hold (Min at Fast Process Corner)
  Requirement:            0.000ns  (clk rise@0.000ns - clk rise@0.000ns)
  Data Path Delay:        0.102ns  (logic 0.039ns (38.235%)  route 0.063ns (61.765%))
  Logic Levels:           0  
  Clock Path Skew:        0.006ns (DCD - SCD - CPR)
    Destination Clock Delay (DCD):    0.019ns
    Source Clock Delay      (SCD):    0.013ns
    Clock Pessimism Removal (CPR):    -0.000ns

    Location             Delay type                Incr(ns)  Path(ns)    Netlist Resource(s)
  -------------------------------------------------------------------    -------------------
                         (clock clk rise edge)        0.000     0.000 r  
                                                      0.000     0.000 r  clk (IN)
                         net (fo=21259, unset)        0.013     0.013    clk
    SLICE_X52Y79         FDCE                                         r  sched_coeff_reg_reg[18][3]/C
  -------------------------------------------------------------------    -------------------
    SLICE_X52Y79         FDCE (Prop_AFF2_SLICEM_C_Q)
                                                      0.039     0.052 r  sched_coeff_reg_reg[18][3]/Q
                         net (fo=1, routed)           0.063     0.115    sched_coeff_reg_reg[18][3]
    SLICE_X52Y80         FDCE                                         r  operand_coeff_reg_reg[18][3]/D
  -------------------------------------------------------------------    -------------------

                         (clock clk rise edge)        0.000     0.000 r  
                                                      0.000     0.000 r  clk (IN)
                         net (fo=21259, unset)        0.019     0.019    clk
    SLICE_X52Y80         FDCE                                         r  operand_coeff_reg_reg[18][3]/C
                         clock pessimism              0.000     0.019    
    SLICE_X52Y80         FDCE (Hold_GFF2_SLICEM_C_D)
                                                      0.047     0.066    operand_coeff_reg_reg[18][3]
  -------------------------------------------------------------------
                         required time                         -0.066    
                         arrival time                           0.115    
  -------------------------------------------------------------------
                         slack                                  0.049    

Slack (MET) :             0.049ns  (arrival time - required time)
  Source:                 sched_coeff_reg_reg[87][3]/C
                            (rising edge-triggered cell FDCE clocked by clk  {rise@0.000ns fall@1.000ns period=2.000ns})
  Destination:            operand_coeff_reg_reg[87][3]/D
                            (rising edge-triggered cell FDCE clocked by clk  {rise@0.000ns fall@1.000ns period=2.000ns})
  Path Group:             clk
  Path Type:              Hold (Min at Fast Process Corner)
  Requirement:            0.000ns  (clk rise@0.000ns - clk rise@0.000ns)
  Data Path Delay:        0.103ns  (logic 0.040ns (38.835%)  route 0.063ns (61.165%))
  Logic Levels:           0  
  Clock Path Skew:        0.007ns (DCD - SCD - CPR)
    Destination Clock Delay (DCD):    0.019ns
    Source Clock Delay      (SCD):    0.012ns
    Clock Pessimism Removal (CPR):    -0.000ns

    Location             Delay type                Incr(ns)  Path(ns)    Netlist Resource(s)
  -------------------------------------------------------------------    -------------------
                         (clock clk rise edge)        0.000     0.000 r  
                                                      0.000     0.000 r  clk (IN)
                         net (fo=21259, unset)        0.012     0.012    clk
    SLICE_X51Y112        FDCE                                         r  sched_coeff_reg_reg[87][3]/C
  -------------------------------------------------------------------    -------------------
    SLICE_X51Y112        FDCE (Prop_AFF2_SLICEL_C_Q)
                                                      0.040     0.052 r  sched_coeff_reg_reg[87][3]/Q
                         net (fo=1, routed)           0.063     0.115    sched_coeff_reg_reg[87][3]
    SLICE_X52Y112        FDCE                                         r  operand_coeff_reg_reg[87][3]/D
  -------------------------------------------------------------------    -------------------

                         (clock clk rise edge)        0.000     0.000 r  
                                                      0.000     0.000 r  clk (IN)
                         net (fo=21259, unset)        0.019     0.019    clk
    SLICE_X52Y112        FDCE                                         r  operand_coeff_reg_reg[87][3]/C
                         clock pessimism              0.000     0.019    
    SLICE_X52Y112        FDCE (Hold_GFF2_SLICEM_C_D)
                                                      0.047     0.066    operand_coeff_reg_reg[87][3]
  -------------------------------------------------------------------
                         required time                         -0.066    
                         arrival time                           0.115    
  -------------------------------------------------------------------
                         slack                                  0.049    

Slack (MET) :             0.049ns  (arrival time - required time)
  Source:                 sched_coeff_reg_reg[97][2]/C
                            (rising edge-triggered cell FDCE clocked by clk  {rise@0.000ns fall@1.000ns period=2.000ns})
  Destination:            operand_coeff_reg_reg[97][2]/D
                            (rising edge-triggered cell FDCE clocked by clk  {rise@0.000ns fall@1.000ns period=2.000ns})
  Path Group:             clk
  Path Type:              Hold (Min at Fast Process Corner)
  Requirement:            0.000ns  (clk rise@0.000ns - clk rise@0.000ns)
  Data Path Delay:        0.103ns  (logic 0.040ns (38.835%)  route 0.063ns (61.165%))
  Logic Levels:           0  
  Clock Path Skew:        0.007ns (DCD - SCD - CPR)
    Destination Clock Delay (DCD):    0.019ns
    Source Clock Delay      (SCD):    0.012ns
    Clock Pessimism Removal (CPR):    -0.000ns

    Location             Delay type                Incr(ns)  Path(ns)    Netlist Resource(s)
  -------------------------------------------------------------------    -------------------
                         (clock clk rise edge)        0.000     0.000 r  
                                                      0.000     0.000 r  clk (IN)
                         net (fo=21259, unset)        0.012     0.012    clk
    SLICE_X51Y77         FDCE                                         r  sched_coeff_reg_reg[97][2]/C
  -------------------------------------------------------------------    -------------------
    SLICE_X51Y77         FDCE (Prop_AFF2_SLICEL_C_Q)
                                                      0.040     0.052 r  sched_coeff_reg_reg[97][2]/Q
                         net (fo=1, routed)           0.063     0.115    sched_coeff_reg_reg[97][2]
    SLICE_X52Y77         FDCE                                         r  operand_coeff_reg_reg[97][2]/D
  -------------------------------------------------------------------    -------------------

                         (clock clk rise edge)        0.000     0.000 r  
                                                      0.000     0.000 r  clk (IN)
                         net (fo=21259, unset)        0.019     0.019    clk
    SLICE_X52Y77         FDCE                                         r  operand_coeff_reg_reg[97][2]/C
                         clock pessimism              0.000     0.019    
    SLICE_X52Y77         FDCE (Hold_GFF2_SLICEM_C_D)
                                                      0.047     0.066    operand_coeff_reg_reg[97][2]
  -------------------------------------------------------------------
                         required time                         -0.066    
                         arrival time                           0.115    
  -------------------------------------------------------------------
                         slack                                  0.049    

Slack (MET) :             0.049ns  (arrival time - required time)
  Source:                 sched_coeff_reg_reg[104][2]/C
                            (rising edge-triggered cell FDCE clocked by clk  {rise@0.000ns fall@1.000ns period=2.000ns})
  Destination:            operand_coeff_reg_reg[104][2]/D
                            (rising edge-triggered cell FDCE clocked by clk  {rise@0.000ns fall@1.000ns period=2.000ns})
  Path Group:             clk
  Path Type:              Hold (Min at Fast Process Corner)
  Requirement:            0.000ns  (clk rise@0.000ns - clk rise@0.000ns)
  Data Path Delay:        0.103ns  (logic 0.039ns (37.864%)  route 0.064ns (62.136%))
  Logic Levels:           0  
  Clock Path Skew:        0.007ns (DCD - SCD - CPR)
    Destination Clock Delay (DCD):    0.019ns
    Source Clock Delay      (SCD):    0.012ns
    Clock Pessimism Removal (CPR):    -0.000ns

    Location             Delay type                Incr(ns)  Path(ns)    Netlist Resource(s)
  -------------------------------------------------------------------    -------------------
                         (clock clk rise edge)        0.000     0.000 r  
                                                      0.000     0.000 r  clk (IN)
                         net (fo=21259, unset)        0.012     0.012    clk
    SLICE_X60Y70         FDCE                                         r  sched_coeff_reg_reg[104][2]/C
  -------------------------------------------------------------------    -------------------
    SLICE_X60Y70         FDCE (Prop_AFF_SLICEL_C_Q)
                                                      0.039     0.051 r  sched_coeff_reg_reg[104][2]/Q
                         net (fo=1, routed)           0.064     0.115    sched_coeff_reg_reg[104][2]
    SLICE_X61Y70         FDCE                                         r  operand_coeff_reg_reg[104][2]/D
  -------------------------------------------------------------------    -------------------

                         (clock clk rise edge)        0.000     0.000 r  
                                                      0.000     0.000 r  clk (IN)
                         net (fo=21259, unset)        0.019     0.019    clk
    SLICE_X61Y70         FDCE                                         r  operand_coeff_reg_reg[104][2]/C
                         clock pessimism              0.000     0.019    
    SLICE_X61Y70         FDCE (Hold_AFF2_SLICEM_C_D)
                                                      0.047     0.066    operand_coeff_reg_reg[104][2]
  -------------------------------------------------------------------
                         required time                         -0.066    
                         arrival time                           0.115    
  -------------------------------------------------------------------
                         slack                                  0.049    

Slack (MET) :             0.049ns  (arrival time - required time)
  Source:                 sched_coeff_reg_reg[74][1]/C
                            (rising edge-triggered cell FDCE clocked by clk  {rise@0.000ns fall@1.000ns period=2.000ns})
  Destination:            operand_coeff_reg_reg[74][1]/D
                            (rising edge-triggered cell FDCE clocked by clk  {rise@0.000ns fall@1.000ns period=2.000ns})
  Path Group:             clk
  Path Type:              Hold (Min at Fast Process Corner)
  Requirement:            0.000ns  (clk rise@0.000ns - clk rise@0.000ns)
  Data Path Delay:        0.102ns  (logic 0.039ns (38.235%)  route 0.063ns (61.765%))
  Logic Levels:           0  
  Clock Path Skew:        0.006ns (DCD - SCD - CPR)
    Destination Clock Delay (DCD):    0.019ns
    Source Clock Delay      (SCD):    0.013ns
    Clock Pessimism Removal (CPR):    -0.000ns

    Location             Delay type                Incr(ns)  Path(ns)    Netlist Resource(s)
  -------------------------------------------------------------------    -------------------
                         (clock clk rise edge)        0.000     0.000 r  
                                                      0.000     0.000 r  clk (IN)
                         net (fo=21259, unset)        0.013     0.013    clk
    SLICE_X65Y90         FDCE                                         r  sched_coeff_reg_reg[74][1]/C
  -------------------------------------------------------------------    -------------------
    SLICE_X65Y90         FDCE (Prop_HFF_SLICEL_C_Q)
                                                      0.039     0.052 r  sched_coeff_reg_reg[74][1]/Q
                         net (fo=1, routed)           0.063     0.115    sched_coeff_reg_reg[74][1]
    SLICE_X66Y90         FDCE                                         r  operand_coeff_reg_reg[74][1]/D
  -------------------------------------------------------------------    -------------------

                         (clock clk rise edge)        0.000     0.000 r  
                                                      0.000     0.000 r  clk (IN)
                         net (fo=21259, unset)        0.019     0.019    clk
    SLICE_X66Y90         FDCE                                         r  operand_coeff_reg_reg[74][1]/C
                         clock pessimism              0.000     0.019    
    SLICE_X66Y90         FDCE (Hold_EFF2_SLICEM_C_D)
                                                      0.047     0.066    operand_coeff_reg_reg[74][1]
  -------------------------------------------------------------------
                         required time                         -0.066    
                         arrival time                           0.115    
  -------------------------------------------------------------------
                         slack                                  0.049    

Slack (MET) :             0.050ns  (arrival time - required time)
  Source:                 sched_coeff_reg_reg[41][3]/C
                            (rising edge-triggered cell FDCE clocked by clk  {rise@0.000ns fall@1.000ns period=2.000ns})
  Destination:            operand_coeff_reg_reg[41][3]/D
                            (rising edge-triggered cell FDCE clocked by clk  {rise@0.000ns fall@1.000ns period=2.000ns})
  Path Group:             clk
  Path Type:              Hold (Min at Fast Process Corner)
  Requirement:            0.000ns  (clk rise@0.000ns - clk rise@0.000ns)
  Data Path Delay:        0.102ns  (logic 0.040ns (39.216%)  route 0.062ns (60.784%))
  Logic Levels:           0  
  Clock Path Skew:        0.005ns (DCD - SCD - CPR)
    Destination Clock Delay (DCD):    0.018ns
    Source Clock Delay      (SCD):    0.013ns
    Clock Pessimism Removal (CPR):    -0.000ns

    Location             Delay type                Incr(ns)  Path(ns)    Netlist Resource(s)
  -------------------------------------------------------------------    -------------------
                         (clock clk rise edge)        0.000     0.000 r  
                                                      0.000     0.000 r  clk (IN)
                         net (fo=21259, unset)        0.013     0.013    clk
    SLICE_X60Y77         FDCE                                         r  sched_coeff_reg_reg[41][3]/C
  -------------------------------------------------------------------    -------------------
    SLICE_X60Y77         FDCE (Prop_FFF2_SLICEL_C_Q)
                                                      0.040     0.053 r  sched_coeff_reg_reg[41][3]/Q
                         net (fo=1, routed)           0.062     0.115    sched_coeff_reg_reg[41][3]
    SLICE_X60Y75         FDCE                                         r  operand_coeff_reg_reg[41][3]/D
  -------------------------------------------------------------------    -------------------

                         (clock clk rise edge)        0.000     0.000 r  
                                                      0.000     0.000 r  clk (IN)
                         net (fo=21259, unset)        0.018     0.018    clk
    SLICE_X60Y75         FDCE                                         r  operand_coeff_reg_reg[41][3]/C
                         clock pessimism              0.000     0.018    
    SLICE_X60Y75         FDCE (Hold_BFF2_SLICEL_C_D)
                                                      0.047     0.065    operand_coeff_reg_reg[41][3]
  -------------------------------------------------------------------
                         required time                         -0.065    
                         arrival time                           0.115    
  -------------------------------------------------------------------
                         slack                                  0.050    

Slack (MET) :             0.050ns  (arrival time - required time)
  Source:                 sched_coeff_reg_reg[42][5]/C
                            (rising edge-triggered cell FDCE clocked by clk  {rise@0.000ns fall@1.000ns period=2.000ns})
  Destination:            operand_coeff_reg_reg[42][5]/D
                            (rising edge-triggered cell FDCE clocked by clk  {rise@0.000ns fall@1.000ns period=2.000ns})
  Path Group:             clk
  Path Type:              Hold (Min at Fast Process Corner)
  Requirement:            0.000ns  (clk rise@0.000ns - clk rise@0.000ns)
  Data Path Delay:        0.103ns  (logic 0.037ns (35.922%)  route 0.066ns (64.078%))
  Logic Levels:           0  
  Clock Path Skew:        0.006ns (DCD - SCD - CPR)
    Destination Clock Delay (DCD):    0.019ns
    Source Clock Delay      (SCD):    0.013ns
    Clock Pessimism Removal (CPR):    -0.000ns

    Location             Delay type                Incr(ns)  Path(ns)    Netlist Resource(s)
  -------------------------------------------------------------------    -------------------
                         (clock clk rise edge)        0.000     0.000 r  
                                                      0.000     0.000 r  clk (IN)
                         net (fo=21259, unset)        0.013     0.013    clk
    SLICE_X61Y101        FDCE                                         r  sched_coeff_reg_reg[42][5]/C
  -------------------------------------------------------------------    -------------------
    SLICE_X61Y101        FDCE (Prop_FFF_SLICEM_C_Q)
                                                      0.037     0.050 r  sched_coeff_reg_reg[42][5]/Q
                         net (fo=1, routed)           0.066     0.116    sched_coeff_reg_reg[42][5]
    SLICE_X61Y103        FDCE                                         r  operand_coeff_reg_reg[42][5]/D
  -------------------------------------------------------------------    -------------------

                         (clock clk rise edge)        0.000     0.000 r  
                                                      0.000     0.000 r  clk (IN)
                         net (fo=21259, unset)        0.019     0.019    clk
    SLICE_X61Y103        FDCE                                         r  operand_coeff_reg_reg[42][5]/C
                         clock pessimism              0.000     0.019    
    SLICE_X61Y103        FDCE (Hold_GFF2_SLICEM_C_D)
                                                      0.047     0.066    operand_coeff_reg_reg[42][5]
  -------------------------------------------------------------------
                         required time                         -0.066    
                         arrival time                           0.116    
  -------------------------------------------------------------------
                         slack                                  0.050    

Slack (MET) :             0.051ns  (arrival time - required time)
  Source:                 sched_coeff_reg_reg[34][1]/C
                            (rising edge-triggered cell FDCE clocked by clk  {rise@0.000ns fall@1.000ns period=2.000ns})
  Destination:            operand_coeff_reg_reg[34][1]/D
                            (rising edge-triggered cell FDCE clocked by clk  {rise@0.000ns fall@1.000ns period=2.000ns})
  Path Group:             clk
  Path Type:              Hold (Min at Fast Process Corner)
  Requirement:            0.000ns  (clk rise@0.000ns - clk rise@0.000ns)
  Data Path Delay:        0.104ns  (logic 0.039ns (37.500%)  route 0.065ns (62.500%))
  Logic Levels:           0  
  Clock Path Skew:        0.006ns (DCD - SCD - CPR)
    Destination Clock Delay (DCD):    0.019ns
    Source Clock Delay      (SCD):    0.013ns
    Clock Pessimism Removal (CPR):    -0.000ns

    Location             Delay type                Incr(ns)  Path(ns)    Netlist Resource(s)
  -------------------------------------------------------------------    -------------------
                         (clock clk rise edge)        0.000     0.000 r  
                                                      0.000     0.000 r  clk (IN)
                         net (fo=21259, unset)        0.013     0.013    clk
    SLICE_X54Y67         FDCE                                         r  sched_coeff_reg_reg[34][1]/C
  -------------------------------------------------------------------    -------------------
    SLICE_X54Y67         FDCE (Prop_GFF_SLICEL_C_Q)
                                                      0.039     0.052 r  sched_coeff_reg_reg[34][1]/Q
                         net (fo=1, routed)           0.065     0.117    sched_coeff_reg_reg[34][1]
    SLICE_X55Y67         FDCE                                         r  operand_coeff_reg_reg[34][1]/D
  -------------------------------------------------------------------    -------------------

                         (clock clk rise edge)        0.000     0.000 r  
                                                      0.000     0.000 r  clk (IN)
                         net (fo=21259, unset)        0.019     0.019    clk
    SLICE_X55Y67         FDCE                                         r  operand_coeff_reg_reg[34][1]/C
                         clock pessimism              0.000     0.019    
    SLICE_X55Y67         FDCE (Hold_EFF2_SLICEM_C_D)
                                                      0.047     0.066    operand_coeff_reg_reg[34][1]
  -------------------------------------------------------------------
                         required time                         -0.066    
                         arrival time                           0.117    
  -------------------------------------------------------------------
                         slack                                  0.051    

Slack (MET) :             0.051ns  (arrival time - required time)
  Source:                 sched_coeff_reg_reg[44][3]/C
                            (rising edge-triggered cell FDCE clocked by clk  {rise@0.000ns fall@1.000ns period=2.000ns})
  Destination:            operand_coeff_reg_reg[44][3]/D
                            (rising edge-triggered cell FDCE clocked by clk  {rise@0.000ns fall@1.000ns period=2.000ns})
  Path Group:             clk
  Path Type:              Hold (Min at Fast Process Corner)
  Requirement:            0.000ns  (clk rise@0.000ns - clk rise@0.000ns)
  Data Path Delay:        0.104ns  (logic 0.040ns (38.462%)  route 0.064ns (61.538%))
  Logic Levels:           0  
  Clock Path Skew:        0.006ns (DCD - SCD - CPR)
    Destination Clock Delay (DCD):    0.019ns
    Source Clock Delay      (SCD):    0.013ns
    Clock Pessimism Removal (CPR):    -0.000ns

    Location             Delay type                Incr(ns)  Path(ns)    Netlist Resource(s)
  -------------------------------------------------------------------    -------------------
                         (clock clk rise edge)        0.000     0.000 r  
                                                      0.000     0.000 r  clk (IN)
                         net (fo=21259, unset)        0.013     0.013    clk
    SLICE_X65Y122        FDCE                                         r  sched_coeff_reg_reg[44][3]/C
  -------------------------------------------------------------------    -------------------
    SLICE_X65Y122        FDCE (Prop_FFF2_SLICEL_C_Q)
                                                      0.040     0.053 r  sched_coeff_reg_reg[44][3]/Q
                         net (fo=1, routed)           0.064     0.117    sched_coeff_reg_reg[44][3]
    SLICE_X66Y122        FDCE                                         r  operand_coeff_reg_reg[44][3]/D
  -------------------------------------------------------------------    -------------------

                         (clock clk rise edge)        0.000     0.000 r  
                                                      0.000     0.000 r  clk (IN)
                         net (fo=21259, unset)        0.019     0.019    clk
    SLICE_X66Y122        FDCE                                         r  operand_coeff_reg_reg[44][3]/C
                         clock pessimism              0.000     0.019    
    SLICE_X66Y122        FDCE (Hold_AFF2_SLICEM_C_D)
                                                      0.047     0.066    operand_coeff_reg_reg[44][3]
  -------------------------------------------------------------------
                         required time                         -0.066    
                         arrival time                           0.117    
  -------------------------------------------------------------------
                         slack                                  0.051    

Slack (MET) :             0.051ns  (arrival time - required time)
  Source:                 sched_coeff_reg_reg[52][6]/C
                            (rising edge-triggered cell FDCE clocked by clk  {rise@0.000ns fall@1.000ns period=2.000ns})
  Destination:            operand_coeff_reg_reg[52][6]/D
                            (rising edge-triggered cell FDCE clocked by clk  {rise@0.000ns fall@1.000ns period=2.000ns})
  Path Group:             clk
  Path Type:              Hold (Min at Fast Process Corner)
  Requirement:            0.000ns  (clk rise@0.000ns - clk rise@0.000ns)
  Data Path Delay:        0.104ns  (logic 0.040ns (38.462%)  route 0.064ns (61.538%))
  Logic Levels:           0  
  Clock Path Skew:        0.006ns (DCD - SCD - CPR)
    Destination Clock Delay (DCD):    0.019ns
    Source Clock Delay      (SCD):    0.013ns
    Clock Pessimism Removal (CPR):    -0.000ns

    Location             Delay type                Incr(ns)  Path(ns)    Netlist Resource(s)
  -------------------------------------------------------------------    -------------------
                         (clock clk rise edge)        0.000     0.000 r  
                                                      0.000     0.000 r  clk (IN)
                         net (fo=21259, unset)        0.013     0.013    clk
    SLICE_X52Y99         FDCE                                         r  sched_coeff_reg_reg[52][6]/C
  -------------------------------------------------------------------    -------------------
    SLICE_X52Y99         FDCE (Prop_FFF2_SLICEM_C_Q)
                                                      0.040     0.053 r  sched_coeff_reg_reg[52][6]/Q
                         net (fo=1, routed)           0.064     0.117    sched_coeff_reg_reg[52][6]
    SLICE_X52Y100        FDCE                                         r  operand_coeff_reg_reg[52][6]/D
  -------------------------------------------------------------------    -------------------

                         (clock clk rise edge)        0.000     0.000 r  
                                                      0.000     0.000 r  clk (IN)
                         net (fo=21259, unset)        0.019     0.019    clk
    SLICE_X52Y100        FDCE                                         r  operand_coeff_reg_reg[52][6]/C
                         clock pessimism              0.000     0.019    
    SLICE_X52Y100        FDCE (Hold_AFF2_SLICEM_C_D)
                                                      0.047     0.066    operand_coeff_reg_reg[52][6]
  -------------------------------------------------------------------
                         required time                         -0.066    
                         arrival time                           0.117    
  -------------------------------------------------------------------
                         slack                                  0.051    

Slack (MET) :             0.051ns  (arrival time - required time)
  Source:                 sched_coeff_reg_reg[97][7]/C
                            (rising edge-triggered cell FDCE clocked by clk  {rise@0.000ns fall@1.000ns period=2.000ns})
  Destination:            operand_coeff_reg_reg[97][7]/D
                            (rising edge-triggered cell FDCE clocked by clk  {rise@0.000ns fall@1.000ns period=2.000ns})
  Path Group:             clk
  Path Type:              Hold (Min at Fast Process Corner)
  Requirement:            0.000ns  (clk rise@0.000ns - clk rise@0.000ns)
  Data Path Delay:        0.105ns  (logic 0.040ns (38.095%)  route 0.065ns (61.905%))
  Logic Levels:           0  
  Clock Path Skew:        0.007ns (DCD - SCD - CPR)
    Destination Clock Delay (DCD):    0.019ns
    Source Clock Delay      (SCD):    0.012ns
    Clock Pessimism Removal (CPR):    -0.000ns

    Location             Delay type                Incr(ns)  Path(ns)    Netlist Resource(s)
  -------------------------------------------------------------------    -------------------
                         (clock clk rise edge)        0.000     0.000 r  
                                                      0.000     0.000 r  clk (IN)
                         net (fo=21259, unset)        0.012     0.012    clk
    SLICE_X51Y79         FDCE                                         r  sched_coeff_reg_reg[97][7]/C
  -------------------------------------------------------------------    -------------------
    SLICE_X51Y79         FDCE (Prop_BFF2_SLICEL_C_Q)
                                                      0.040     0.052 r  sched_coeff_reg_reg[97][7]/Q
                         net (fo=1, routed)           0.065     0.117    sched_coeff_reg_reg[97][7]
    SLICE_X52Y79         FDCE                                         r  operand_coeff_reg_reg[97][7]/D
  -------------------------------------------------------------------    -------------------

                         (clock clk rise edge)        0.000     0.000 r  
                                                      0.000     0.000 r  clk (IN)
                         net (fo=21259, unset)        0.019     0.019    clk
    SLICE_X52Y79         FDCE                                         r  operand_coeff_reg_reg[97][7]/C
                         clock pessimism              0.000     0.019    
    SLICE_X52Y79         FDCE (Hold_EFF2_SLICEM_C_D)
                                                      0.047     0.066    operand_coeff_reg_reg[97][7]
  -------------------------------------------------------------------
                         required time                         -0.066    
                         arrival time                           0.117    
  -------------------------------------------------------------------
                         slack                                  0.051    

Slack (MET) :             0.051ns  (arrival time - required time)
  Source:                 bf_vector_id_reg[12]/C
                            (rising edge-triggered cell FDCE clocked by clk  {rise@0.000ns fall@1.000ns period=2.000ns})
  Destination:            capture_vector_id_reg[12]/D
                            (rising edge-triggered cell FDRE clocked by clk  {rise@0.000ns fall@1.000ns period=2.000ns})
  Path Group:             clk
  Path Type:              Hold (Min at Fast Process Corner)
  Requirement:            0.000ns  (clk rise@0.000ns - clk rise@0.000ns)
  Data Path Delay:        0.102ns  (logic 0.039ns (38.235%)  route 0.063ns (61.765%))
  Logic Levels:           0  
  Clock Path Skew:        0.005ns (DCD - SCD - CPR)
    Destination Clock Delay (DCD):    0.018ns
    Source Clock Delay      (SCD):    0.013ns
    Clock Pessimism Removal (CPR):    -0.000ns

    Location             Delay type                Incr(ns)  Path(ns)    Netlist Resource(s)
  -------------------------------------------------------------------    -------------------
                         (clock clk rise edge)        0.000     0.000 r  
                                                      0.000     0.000 r  clk (IN)
                         net (fo=21259, unset)        0.013     0.013    clk
    SLICE_X40Y155        FDCE                                         r  bf_vector_id_reg[12]/C
  -------------------------------------------------------------------    -------------------
    SLICE_X40Y155        FDCE (Prop_GFF_SLICEL_C_Q)
                                                      0.039     0.052 r  bf_vector_id_reg[12]/Q
                         net (fo=1, routed)           0.063     0.115    bf_vector_id_reg_n_0_[12]
    SLICE_X40Y155        FDRE                                         r  capture_vector_id_reg[12]/D
  -------------------------------------------------------------------    -------------------

                         (clock clk rise edge)        0.000     0.000 r  
                                                      0.000     0.000 r  clk (IN)
                         net (fo=21259, unset)        0.018     0.018    clk
    SLICE_X40Y155        FDRE                                         r  capture_vector_id_reg[12]/C
                         clock pessimism              0.000     0.018    
    SLICE_X40Y155        FDRE (Hold_CFF_SLICEL_C_D)
                                                      0.046     0.064    capture_vector_id_reg[12]
  -------------------------------------------------------------------
                         required time                         -0.064    
                         arrival time                           0.115    
  -------------------------------------------------------------------
                         slack                                  0.051    

Slack (MET) :             0.051ns  (arrival time - required time)
  Source:                 bf_vector_id_reg[5]/C
                            (rising edge-triggered cell FDCE clocked by clk  {rise@0.000ns fall@1.000ns period=2.000ns})
  Destination:            capture_vector_id_reg[5]/D
                            (rising edge-triggered cell FDRE clocked by clk  {rise@0.000ns fall@1.000ns period=2.000ns})
  Path Group:             clk
  Path Type:              Hold (Min at Fast Process Corner)
  Requirement:            0.000ns  (clk rise@0.000ns - clk rise@0.000ns)
  Data Path Delay:        0.102ns  (logic 0.039ns (38.235%)  route 0.063ns (61.765%))
  Logic Levels:           0  
  Clock Path Skew:        0.005ns (DCD - SCD - CPR)
    Destination Clock Delay (DCD):    0.018ns
    Source Clock Delay      (SCD):    0.013ns
    Clock Pessimism Removal (CPR):    -0.000ns

    Location             Delay type                Incr(ns)  Path(ns)    Netlist Resource(s)
  -------------------------------------------------------------------    -------------------
                         (clock clk rise edge)        0.000     0.000 r  
                                                      0.000     0.000 r  clk (IN)
                         net (fo=21259, unset)        0.013     0.013    clk
    SLICE_X39Y156        FDCE                                         r  bf_vector_id_reg[5]/C
  -------------------------------------------------------------------    -------------------
    SLICE_X39Y156        FDCE (Prop_GFF_SLICEL_C_Q)
                                                      0.039     0.052 r  bf_vector_id_reg[5]/Q
                         net (fo=1, routed)           0.063     0.115    bf_vector_id_reg_n_0_[5]
    SLICE_X39Y156        FDRE                                         r  capture_vector_id_reg[5]/D
  -------------------------------------------------------------------    -------------------

                         (clock clk rise edge)        0.000     0.000 r  
                                                      0.000     0.000 r  clk (IN)
                         net (fo=21259, unset)        0.018     0.018    clk
    SLICE_X39Y156        FDRE                                         r  capture_vector_id_reg[5]/C
                         clock pessimism              0.000     0.018    
    SLICE_X39Y156        FDRE (Hold_CFF_SLICEL_C_D)
                                                      0.046     0.064    capture_vector_id_reg[5]
  -------------------------------------------------------------------
                         required time                         -0.064    
                         arrival time                           0.115    
  -------------------------------------------------------------------
                         slack                                  0.051    

Slack (MET) :             0.051ns  (arrival time - required time)
  Source:                 bf_vector_id_reg[6]/C
                            (rising edge-triggered cell FDCE clocked by clk  {rise@0.000ns fall@1.000ns period=2.000ns})
  Destination:            capture_vector_id_reg[6]/D
                            (rising edge-triggered cell FDRE clocked by clk  {rise@0.000ns fall@1.000ns period=2.000ns})
  Path Group:             clk
  Path Type:              Hold (Min at Fast Process Corner)
  Requirement:            0.000ns  (clk rise@0.000ns - clk rise@0.000ns)
  Data Path Delay:        0.102ns  (logic 0.039ns (38.235%)  route 0.063ns (61.765%))
  Logic Levels:           0  
  Clock Path Skew:        0.005ns (DCD - SCD - CPR)
    Destination Clock Delay (DCD):    0.018ns
    Source Clock Delay      (SCD):    0.013ns
    Clock Pessimism Removal (CPR):    -0.000ns

    Location             Delay type                Incr(ns)  Path(ns)    Netlist Resource(s)
  -------------------------------------------------------------------    -------------------
                         (clock clk rise edge)        0.000     0.000 r  
                                                      0.000     0.000 r  clk (IN)
                         net (fo=21259, unset)        0.013     0.013    clk
    SLICE_X39Y157        FDCE                                         r  bf_vector_id_reg[6]/C
  -------------------------------------------------------------------    -------------------
    SLICE_X39Y157        FDCE (Prop_GFF_SLICEL_C_Q)
                                                      0.039     0.052 r  bf_vector_id_reg[6]/Q
                         net (fo=1, routed)           0.063     0.115    bf_vector_id_reg_n_0_[6]
    SLICE_X39Y157        FDRE                                         r  capture_vector_id_reg[6]/D
  -------------------------------------------------------------------    -------------------

                         (clock clk rise edge)        0.000     0.000 r  
                                                      0.000     0.000 r  clk (IN)
                         net (fo=21259, unset)        0.018     0.018    clk
    SLICE_X39Y157        FDRE                                         r  capture_vector_id_reg[6]/C
                         clock pessimism              0.000     0.018    
    SLICE_X39Y157        FDRE (Hold_CFF_SLICEL_C_D)
                                                      0.046     0.064    capture_vector_id_reg[6]
  -------------------------------------------------------------------
                         required time                         -0.064    
                         arrival time                           0.115    
  -------------------------------------------------------------------
                         slack                                  0.051    

Slack (MET) :             0.051ns  (arrival time - required time)
  Source:                 bf_vector_id_reg[9]/C
                            (rising edge-triggered cell FDCE clocked by clk  {rise@0.000ns fall@1.000ns period=2.000ns})
  Destination:            capture_vector_id_reg[9]/D
                            (rising edge-triggered cell FDRE clocked by clk  {rise@0.000ns fall@1.000ns period=2.000ns})
  Path Group:             clk
  Path Type:              Hold (Min at Fast Process Corner)
  Requirement:            0.000ns  (clk rise@0.000ns - clk rise@0.000ns)
  Data Path Delay:        0.102ns  (logic 0.039ns (38.235%)  route 0.063ns (61.765%))
  Logic Levels:           0  
  Clock Path Skew:        0.005ns (DCD - SCD - CPR)
    Destination Clock Delay (DCD):    0.018ns
    Source Clock Delay      (SCD):    0.013ns
    Clock Pessimism Removal (CPR):    -0.000ns

    Location             Delay type                Incr(ns)  Path(ns)    Netlist Resource(s)
  -------------------------------------------------------------------    -------------------
                         (clock clk rise edge)        0.000     0.000 r  
                                                      0.000     0.000 r  clk (IN)
                         net (fo=21259, unset)        0.013     0.013    clk
    SLICE_X40Y159        FDCE                                         r  bf_vector_id_reg[9]/C
  -------------------------------------------------------------------    -------------------
    SLICE_X40Y159        FDCE (Prop_GFF_SLICEL_C_Q)
                                                      0.039     0.052 r  bf_vector_id_reg[9]/Q
                         net (fo=1, routed)           0.063     0.115    bf_vector_id_reg_n_0_[9]
    SLICE_X40Y159        FDRE                                         r  capture_vector_id_reg[9]/D
  -------------------------------------------------------------------    -------------------

                         (clock clk rise edge)        0.000     0.000 r  
                                                      0.000     0.000 r  clk (IN)
                         net (fo=21259, unset)        0.018     0.018    clk
    SLICE_X40Y159        FDRE                                         r  capture_vector_id_reg[9]/C
                         clock pessimism              0.000     0.018    
    SLICE_X40Y159        FDRE (Hold_CFF_SLICEL_C_D)
                                                      0.046     0.064    capture_vector_id_reg[9]
  -------------------------------------------------------------------
                         required time                         -0.064    
                         arrival time                           0.115    
  -------------------------------------------------------------------
                         slack                                  0.051    




