Copyright 1986-2022 Xilinx, Inc. All Rights Reserved. Copyright 2022-2025 Advanced Micro Devices, Inc. All Rights Reserved.
------------------------------------------------------------------------------------------------------------------------------------------------------------------------------------------------------
| Tool Version : Vivado v.2025.2 (win64) Build 6299465 Fri Nov 14 19:35:11 GMT 2025
| Date         : Sun Sep 13 14:06:21 2026
| Host         : Finesse running 64-bit major release  (build 9200)
| Command      : report_high_fanout_nets -max_nets 200 -file C:/Users/Fine/Documents/Codex/2026-07-23/ni/_its_new_remote_audit_20260910/05_audit/current/19/m3_synth/report_high_fanout_postsynth.rpt
| Design       : step12b_dct2_64_wrapper
| Device       : xcku5p
| Design State : Synthesized
------------------------------------------------------------------------------------------------------------------------------------------------------------------------------------------------------

High Fan-out Nets Information

1. Summary
----------

+----------------------------------------------------+--------+-------------+
| Net Name                                           | Fanout | Driver Type |
+----------------------------------------------------+--------+-------------+
| frozen_r4c/output_active_i_2_n_0                   |  18217 | LUT1        |
| it_data_addr[6]                                    |   4096 | PORT        |
| it_data_addr[7]                                    |   4096 | PORT        |
| it_data_addr[2]                                    |   4072 | PORT        |
| it_data_addr[3]                                    |   4072 | PORT        |
| it_data_addr[4]                                    |   4072 | PORT        |
| it_data_addr[5]                                    |   4072 | PORT        |
| debug_stage16_valid_i_1_n_0                        |   2594 | LUT1        |
| frozen_r4c/red_s0_data[0]                          |   1056 | LUT5        |
| frozen_r4c/final10_mem[0][50][0]_i_1_n_0           |   1041 | LUT3        |
| frozen_r4c/final10_mem[1][50][0]_i_1_n_0           |   1041 | LUT3        |
| frozen_r4c/final10_mem[2][50][0]_i_1_n_0           |   1041 | LUT3        |
| frozen_r4c/final10_mem[3][50][0]_i_1_n_0           |   1041 | LUT3        |
| launch_bank_reg_n_0                                |   1029 | FDRE        |
| frozen_r4c/result_group[2]                         |   1027 | FDCE        |
| frozen_r4c/r4a_vector_buf_a[0]                     |   1024 | LUT2        |
| frozen_r4c/r4a_vector_buf_b[0]                     |   1024 | LUT2        |
| frozen_r4c/result_group[1]                         |    959 | FDCE        |
| frozen_r4c/result_group[3]                         |    958 | FDCE        |
| frozen_r4c/issue_cycle[2]                          |    933 | FDCE        |
| frozen_r4c/issue_cycle[3]                          |    933 | FDCE        |
| frozen_r4c/issue_cycle[0]                          |    931 | FDCE        |
| v_wr_addr3_q[0]                                    |    896 | FDRE        |
| v_wr_addr3_q[1]                                    |    896 | FDRE        |
| v_wr_addr3_q[2]                                    |    896 | FDRE        |
| v_wr_addr3_q[3]                                    |    896 | FDRE        |
| frozen_r4c/result_group[0]                         |    889 | FDCE        |
| result_mem_reg_0_63_0_6_i_1_n_0                    |    864 | LUT3        |
| result_mem_reg_0_63_0_6_i_2_n_0                    |    864 | LUT2        |
| input_tag_a3_reg_r1_0_63_0_6_i_10_n_0              |    840 | LUT3        |
| input_tag_a3_reg_r1_0_63_0_6_i_11_n_0              |    840 | LUT3        |
| input_tag_a3_reg_r1_0_63_0_6_i_12_n_0              |    840 | LUT3        |
| input_tag_a3_reg_r1_0_63_0_6_i_13_n_0              |    840 | LUT3        |
| input_tag_a3_reg_r1_0_63_0_6_i_8_n_0               |    840 | LUT3        |
| input_tag_a3_reg_r1_0_63_0_6_i_9_n_0               |    840 | LUT3        |
| input_tag_b3_reg_r1_0_63_0_6_i_10_n_0              |    840 | LUT3        |
| input_tag_b3_reg_r1_0_63_0_6_i_11_n_0              |    840 | LUT3        |
| input_tag_b3_reg_r1_0_63_0_6_i_12_n_0              |    840 | LUT3        |
| input_tag_b3_reg_r1_0_63_0_6_i_13_n_0              |    840 | LUT3        |
| input_tag_b3_reg_r1_0_63_0_6_i_8_n_0               |    840 | LUT3        |
| input_tag_b3_reg_r1_0_63_0_6_i_9_n_0               |    840 | LUT3        |
| v_wr_addr2_q[4]                                    |    736 | FDRE        |
| v_wr_addr3_q[4]                                    |    736 | FDRE        |
| input_tag_a2_reg_r2_0_63_0_6_i_1_n_0               |    648 | LUT3        |
| input_tag_a2_reg_r2_0_63_0_6_i_2_n_0               |    648 | LUT3        |
| input_tag_a2_reg_r2_0_63_0_6_i_3_n_0               |    648 | LUT3        |
| input_tag_a2_reg_r2_0_63_0_6_i_4_n_0               |    648 | LUT3        |
| input_tag_a2_reg_r2_0_63_0_6_i_5_n_0               |    648 | LUT3        |
| input_tag_a2_reg_r2_0_63_0_6_i_6_n_0               |    648 | LUT3        |
| input_tag_b2_reg_r2_0_63_0_6_i_1_n_0               |    648 | LUT3        |
| input_tag_b2_reg_r2_0_63_0_6_i_2_n_0               |    648 | LUT3        |
| input_tag_b2_reg_r2_0_63_0_6_i_3_n_0               |    648 | LUT3        |
| input_tag_b2_reg_r2_0_63_0_6_i_4_n_0               |    648 | LUT3        |
| input_tag_b2_reg_r2_0_63_0_6_i_5_n_0               |    648 | LUT3        |
| input_tag_b2_reg_r2_0_63_0_6_i_6_n_0               |    648 | LUT3        |
| v_wr_addr3_q_reg[0]_rep_n_0                        |    576 | FDRE        |
| v_wr_addr3_q_reg[1]_rep_n_0                        |    576 | FDRE        |
| v_wr_addr3_q_reg[2]_rep_n_0                        |    576 | FDRE        |
| v_wr_addr3_q_reg[3]_rep_n_0                        |    576 | FDRE        |
| frozen_r4c/red_s1_data[0]                          |    480 | LUT5        |
| frozen_r4c/red_s0_data[61][23]_i_1_n_0             |    480 | LUT6        |
| it_data_addr[9]                                    |    414 | PORT        |
| it_data_addr[8]                                    |    398 | PORT        |
| v_wr_addr0_q[5]                                    |    368 | FDRE        |
| v_wr_addr3_q[5]                                    |    368 | FDRE        |
| v_wr_addr1_q[5]                                    |    368 | FDRE        |
| v_wr_addr2_q[5]                                    |    368 | FDRE        |
| frozen_r4c/signal_reg[2][21]_i_1_n_0               |    360 | LUT4        |
| frozen_r4c/signal_reg[90][21]_i_1_n_0              |    352 | LUT6        |
| frozen_r4c/signal_reg[68][21]_i_1_n_0              |    352 | LUT4        |
| frozen_r4c/red_s1_data[31][23]_i_1_n_0             |    288 | LUT6        |
| p_44_in                                            |    285 | LUT6        |
| it_data_addr[10]                                   |    262 | PORT        |
| phase[0]                                           |    260 | FDRE        |
| phase[1]                                           |    260 | FDRE        |
| it_data_addr[11]                                   |    198 | PORT        |
| frozen_r4c/red_s3_data[0]                          |    192 | LUT6        |
| frozen_r4c/red_s2_data[15][23]_i_1_n_0             |    192 | LUT6        |
| frozen_r4c/red_s2_data[0]                          |    192 | LUT5        |
| frozen_r4c/dot_value_bank[1][8][21]_i_1_n_0        |    186 | LUT6        |
| frozen_r4c/signal_reg[24][23]_i_1_n_0              |    186 | LUT4        |
| frozen_r4c/dot_value_bank[0][8][21]_i_1_n_0        |    186 | LUT6        |
| frozen_r4c/bf_bank_reg_n_0                         |    170 | FDCE        |
| result_pending_index[7]                            |    160 | FDRE        |
| result_pending_index[6]                            |    160 | FDRE        |
| frozen_r4c/bf_bank_reg_rep__16_n_0                 |    158 | FDCE        |
| frozen_r4c/bf_bank_reg_rep__11_n_0                 |    158 | FDCE        |
| frozen_r4c/bf_bank_reg_rep_n_0                     |    156 | FDCE        |
| frozen_r4c/bf_bank_reg_rep__5_n_0                  |    154 | FDCE        |
| frozen_r4c/bf_bank_reg_rep__15_n_0                 |    154 | FDCE        |
| stage_bank_addr0_reg[1]_rep_n_0                    |    144 | FDRE        |
| stage_bank_addr0_reg[1]_rep__2_n_0                 |    144 | FDRE        |
| stage_bank_addr0_reg[3]_rep__2_n_0                 |    144 | FDRE        |
| frozen_r4c/sched_bank_reg_reg[0]_rep_n_0           |    144 | FDCE        |
| stage_bank_addr0_reg[4]_rep_n_0                    |    144 | FDRE        |
| stage_bank_addr0_reg[5]_rep_n_0                    |    144 | FDRE        |
| frozen_r4c/signal_reg[99][21]_i_1_n_0              |    144 | LUT4        |
| stage_bank_addr0_reg[0]_rep_n_0                    |    144 | FDRE        |
| frozen_r4c/sched_bank_reg_reg[0]_rep__0_n_0        |    144 | FDCE        |
| stage_bank_addr1_reg[4]_rep_n_0                    |    144 | FDRE        |
| frozen_r4c/signal_reg[91][21]_i_1_n_0              |    144 | LUT4        |
| stage_bank_addr0_reg[0]_rep__0_n_0                 |    144 | FDRE        |
| stage_bank_addr0_reg[0]_rep__2_n_0                 |    144 | FDRE        |
| stage_bank_addr0_reg[3]_rep__0_n_0                 |    144 | FDRE        |
| frozen_r4c/signal_reg[123][21]_i_1_n_0             |    144 | LUT4        |
| frozen_r4c/bf_bank_reg_rep__0_n_0                  |    144 | FDCE        |
| stage_bank_addr0_reg[2]_rep__2_n_0                 |    144 | FDRE        |
| frozen_r4c/bf_bank_reg_rep__1_n_0                  |    144 | FDCE        |
| stage_bank_addr0_reg[1]_rep__1_n_0                 |    144 | FDRE        |
| frozen_r4c/signal_reg[103][21]_i_1_n_0             |    144 | LUT5        |
| stage_bank_addr0_reg[2]_rep__1_n_0                 |    144 | FDRE        |
| stage_bank_addr0_reg[3]_rep__1_n_0                 |    144 | FDRE        |
| stage_bank_addr0_reg[4]_rep__0_n_0                 |    144 | FDRE        |
| stage_bank_addr2_reg[5]_rep_n_0                    |    144 | FDRE        |
| stage_bank_addr0_reg[2]_rep_n_0                    |    144 | FDRE        |
| stage_bank_addr3_reg[5]_rep_n_0                    |    144 | FDRE        |
| stage_bank_addr1_reg[5]_rep_n_0                    |    144 | FDRE        |
| frozen_r4c/signal_reg[108][21]_i_1_n_0             |    144 | LUT6        |
| frozen_r4c/signal_reg[116][21]_i_1_n_0             |    144 | LUT4        |
| stage_bank_addr0_reg[0]_rep__1_n_0                 |    144 | FDRE        |
| frozen_r4c/signal_reg[115][21]_i_1_n_0             |    144 | LUT4        |
| stage_bank_addr1_reg[4]_rep__0_n_0                 |    144 | FDRE        |
| frozen_r4c/sched_bank_reg_reg_n_0_[0]              |    144 | FDCE        |
| frozen_r4c/signal_reg[107][21]_i_1_n_0             |    144 | LUT4        |
| stage_bank_addr0_reg[1]_rep__0_n_0                 |    144 | FDRE        |
| stage_bank_addr0_reg[2]_rep__0_n_0                 |    144 | FDRE        |
| stage_bank_addr0_reg[3]_rep_n_0                    |    144 | FDRE        |
| frozen_r4c/r4a_issue_active_reg[0]_rep_n_0         |    136 | FDCE        |
| frozen_r4c/r4a_issue_cycle_reg[0][1]_rep__4_n_0    |    133 | FDCE        |
| stage_bank_addr3_reg[6]_rep_n_0                    |    132 | FDRE        |
| stage_bank_addr0_reg[6]_rep_n_0                    |    132 | FDRE        |
| frozen_r4c/bf_bank_reg_rep__4_n_0                  |    132 | FDCE        |
| stage_bank_addr2_reg[6]_rep_n_0                    |    132 | FDRE        |
| stage_bank_addr1_reg[6]_rep_n_0                    |    132 | FDRE        |
| stage_bank_addr1_reg[7]_rep_n_0                    |    132 | FDRE        |
| stage_bank_addr0_reg[7]_rep_n_0                    |    132 | FDRE        |
| stage_bank_addr2_reg[7]_rep_n_0                    |    132 | FDRE        |
| stage_bank_addr3_reg[7]_rep_n_0                    |    132 | FDRE        |
| frozen_r4c/sched_valid_reg_reg[0]_rep_n_0          |    128 | FDCE        |
| frozen_r4c/sched_src_sel_reg_reg[88][0]_rep_n_0    |    128 | FDCE        |
| it_data_in[14]                                     |    128 | PORT        |
| stage_bank_addr0[3]                                |    128 | FDRE        |
| it_data_in[1]                                      |    128 | PORT        |
| stage_bank_addr0[2]                                |    128 | FDRE        |
| stage_bank_addr0[1]                                |    128 | FDRE        |
| frozen_r4c/sched_valid_reg_reg_n_0_[88]            |    128 | FDCE        |
| frozen_r4c/sched_src_sel_reg_reg[88][0]_rep__7_n_0 |    128 | FDCE        |
| stage_bank_addr0[8]                                |    128 | FDRE        |
| stage_bank_addr1[8]                                |    128 | FDRE        |
| stage_bank_addr0[0]                                |    128 | FDRE        |
| it_data_in[15]                                     |    128 | PORT        |
| frozen_r4c/sched_valid_reg_reg[88]_rep__0_n_0      |    128 | FDCE        |
| stage_bank_addr2[8]                                |    128 | FDRE        |
| it_data_in[7]                                      |    128 | PORT        |
| frozen_r4c/sched_src_sel_reg_reg[0][0]_rep_n_0     |    128 | FDCE        |
| frozen_r4c/sched_src_sel_reg_reg[88][0]_rep__4_n_0 |    128 | FDCE        |
| it_data_in[8]                                      |    128 | PORT        |
| stage_bank_addr3[8]                                |    128 | FDRE        |
| it_data_in[9]                                      |    128 | PORT        |
| it_data_in[10]                                     |    128 | PORT        |
| it_data_in[11]                                     |    128 | PORT        |
| frozen_r4c/sched_valid_reg_reg[0]_rep__4_n_0       |    128 | FDCE        |
| it_data_in[12]                                     |    128 | PORT        |
| frozen_r4c/sched_src_sel_reg_reg[0][0]_rep__2_n_0  |    128 | FDCE        |
| frozen_r4c/sched_valid_reg_reg[0]_rep__3_n_0       |    128 | FDCE        |
| frozen_r4c/sched_valid_reg_reg[0]_rep__0_n_0       |    128 | FDCE        |
| frozen_r4c/sched_bank_reg_reg[0]_rep__2_n_0        |    128 | FDCE        |
| frozen_r4c/sched_src_sel_reg_reg[88][0]_rep__6_n_0 |    128 | FDCE        |
| frozen_r4c/sched_valid_reg_reg[88]_rep__1_n_0      |    128 | FDCE        |
| it_data_in[13]                                     |    128 | PORT        |
| frozen_r4c/sched_src_sel_reg_reg[88][0]_rep__1_n_0 |    128 | FDCE        |
| frozen_r4c/sched_valid_reg_reg[88]_rep_n_0         |    128 | FDCE        |
| frozen_r4c/sched_src_sel_reg_reg[88][0]_rep__8_n_0 |    128 | FDCE        |
| frozen_r4c/sched_src_sel_reg_reg[0][0]_rep__1_n_0  |    128 | FDCE        |
| it_data_in[6]                                      |    128 | PORT        |
| it_data_in[5]                                      |    128 | PORT        |
| it_data_in[4]                                      |    128 | PORT        |
| frozen_r4c/sched_valid_reg_reg[0]_rep__1_n_0       |    128 | FDCE        |
| frozen_r4c/sched_src_sel_reg_reg[88][0]_rep__0_n_0 |    128 | FDCE        |
| it_data_in[3]                                      |    128 | PORT        |
| frozen_r4c/sched_src_sel_reg_reg[88][0]_rep__2_n_0 |    128 | FDCE        |
| frozen_r4c/sched_src_sel_reg_reg[0][0]_rep__0_n_0  |    128 | FDCE        |
| it_data_in[0]                                      |    128 | PORT        |
| frozen_r4c/sched_src_sel_reg_reg_n_0_[0][0]        |    128 | FDCE        |
| frozen_r4c/sched_valid_reg_reg[0]_rep__2_n_0       |    128 | FDCE        |
| frozen_r4c/sched_src_sel_reg_reg_n_0_[88][0]       |    128 | FDCE        |
| frozen_r4c/sched_src_sel_reg_reg[88][0]_rep__3_n_0 |    128 | FDCE        |
| frozen_r4c/sched_valid_reg_reg_n_0_[0]             |    128 | FDCE        |
| frozen_r4c/sched_bank_reg_reg[0]_rep__1_n_0        |    128 | FDCE        |
| frozen_r4c/sched_bank_reg_reg[0]_rep__3_n_0        |    128 | FDCE        |
| frozen_r4c/sched_src_sel_reg_reg[88][0]_rep__5_n_0 |    128 | FDCE        |
| it_data_in[2]                                      |    128 | PORT        |
| result_hold_data[39]_i_1_n_0                       |    127 | LUT5        |
| frozen_r4c/r4a_issue_cycle_reg[0][1]_rep__3_n_0    |    123 | FDCE        |
| frozen_r4c/r4a_issue_cycle_reg[0][1]_rep__1_n_0    |    123 | FDCE        |
| frozen_r4c/r4a_issue_cycle_reg[0][1]_rep__2_n_0    |    123 | FDCE        |
| frozen_r4c/r4a_issue_cycle_reg[0][1]_rep__0_n_0    |    123 | FDCE        |
| frozen_r4c/r4a_issue_cycle_reg[0][1]_rep__5_n_0    |    123 | FDCE        |
| debug_stage16_valid0_out                           |    122 | LUT3        |
| frozen_r4c/output_bank_reg[0]_rep__5_n_0           |    122 | FDCE        |
+----------------------------------------------------+--------+-------------+


