Copyright 1986-2022 Xilinx, Inc. All Rights Reserved. Copyright 2022-2025 Advanced Micro Devices, Inc. All Rights Reserved.
---------------------------------------------------------------------------------------------------------------------------------------------
| Tool Version : Vivado v.2025.2 (win64) Build 6299465 Fri Nov 14 19:35:11 GMT 2025
| Date         : Sun Sep 13 17:18:47 2026
| Host         : Finesse running 64-bit major release  (build 9200)
| Command      : report_utilization -hierarchical -file 05_audit/current/21/m5_synth/report_hierarchy_utilization_postsynth.rpt
| Design       : step12b_dct2_64_wrapper
| Device       : xcku5p-ffvb676-2-e
| Speed File   : -2
| Design State : Synthesized
---------------------------------------------------------------------------------------------------------------------------------------------

Utilization Design Information

Table of Contents
-----------------
1. Utilization by Hierarchy

1. Utilization by Hierarchy
---------------------------

+-----------------------------+------------------------+------------+------------+---------+------+-------+--------+--------+------+------------+
|           Instance          |         Module         | Total LUTs | Logic LUTs | LUTRAMs | SRLs |  FFs  | RAMB36 | RAMB18 | URAM | DSP Blocks |
+-----------------------------+------------------------+------------+------------+---------+------+-------+--------+--------+------+------------+
| step12b_dct2_64_wrapper     |                  (top) |      21313 |      15425 |    5888 |    0 | 21336 |      0 |      0 |    0 |        128 |
|   (step12b_dct2_64_wrapper) |                  (top) |       9640 |       3752 |    5888 |    0 |  3234 |      0 |      0 |    0 |          0 |
|   frozen_r4c                | p2f_dct2_64_b1_step102 |      11673 |      11673 |       0 |    0 | 18102 |      0 |      0 |    0 |        128 |
+-----------------------------+------------------------+------------+------------+---------+------+-------+--------+--------+------+------------+


