#-----------------------------------------------------------
# Vivado v2025.2 (64-bit)
# SW Build 6299465 on Fri Nov 14 19:35:11 GMT 2025
# IP Build 6300035 on Fri Nov 14 10:48:45 MST 2025
# SharedData Build 6298862 on Thu Nov 13 04:50:51 MST 2025
# Start of session at: Sat Oct  3 21:05:56 2026
# Process ID         : 39768
# Current directory  : C:/Users/Fine/Documents/Codex/2026-07-23/ni/_feed_counter_verify
# Command line       : vivado.exe -mode batch -log C:\Users\Fine\Documents\Codex\2026-07-23\ni\_feed_counter_verify\05_audit\current\81_feed_counter_baseline_replay_20261003\old_postsynth_replay\vivado.log -journal C:\Users\Fine\Documents\Codex\2026-07-23\ni\_feed_counter_verify\05_audit\current\81_feed_counter_baseline_replay_20261003\old_postsynth_replay\vivado.jou -source C:\Users\Fine\Documents\Codex\2026-07-23\ni\_feed_counter_verify\05_audit\current\80_feed_counter_20260930\20260930T022804Z_9d7510e75385\08_registered_neighbor_synth\implement_registered_neighbor.tcl -tclargs C:\Users\Fine\Documents\Codex\2026-07-23\ni\outputs\sat10_lfnst_transpose_registered_neighbor_20260930_0025\step12f_registered_neighbor_postsynth.dcp C:\Users\Fine\Documents\Codex\2026-07-23\ni\_feed_counter_verify\05_audit\current\81_feed_counter_baseline_replay_20261003\old_postsynth_replay
# Log file           : C:/Users/Fine/Documents/Codex/2026-07-23/ni/_feed_counter_verify/05_audit/current/81_feed_counter_baseline_replay_20261003/old_postsynth_replay/vivado.log
# Journal file       : C:\Users\Fine\Documents\Codex\2026-07-23\ni\_feed_counter_verify\05_audit\current\81_feed_counter_baseline_replay_20261003\old_postsynth_replay\vivado.jou
# Running On         : Finesse
# Platform           : Windows Server 2016 or Windows 10
# Operating System   : 26200
# Processor Detail   : Intel(R) Core(TM) Ultra 5 225H
# CPU Frequency      : 3686 MHz
# CPU Physical cores : 14
# CPU Logical cores  : 14
# Host memory        : 16364 MB
# Swap memory        : 31015 MB
# Total Virtual      : 47380 MB
# Available Virtual  : 16050 MB
#-----------------------------------------------------------
source {C:\Users\Fine\Documents\Codex\2026-07-23\ni\_feed_counter_verify\05_audit\current\80_feed_counter_20260930\20260930T022804Z_9d7510e75385\08_registered_neighbor_synth\implement_registered_neighbor.tcl}
