Copyright 1986-2022 Xilinx, Inc. All Rights Reserved. Copyright 2022-2025 Advanced Micro Devices, Inc. All Rights Reserved.
---------------------------------------------------------------------------------------------------------------------------------------------------------------------------------------------------
| Tool Version      : Vivado v.2025.2 (win64) Build 6299465 Fri Nov 14 19:35:11 GMT 2025
| Date              : Thu Sep 10 12:32:41 2026
| Host              : Finesse running 64-bit major release  (build 9200)
| Command           : report_timing -delay_type min -max_paths 20 -file Z:/ITS_STUDY_V35_P2F_B2_R4C_DSP_PIPE/03_verification/vivado/reports_r4c_postroute/report_timing_hold_worst20_postroute.rpt
| Design            : p2f_dct2_64_b1_step102
| Device            : xcku5p-ffvb676
| Speed File        : -2  PRODUCTION 1.29 05-01-2022
| Design State      : Routed
| Temperature Grade : E
---------------------------------------------------------------------------------------------------------------------------------------------------------------------------------------------------

Timing Report

Slack (MET) :             0.044ns  (arrival time - required time)
  Source:                 r4a_vector_buf_a_reg[0][5][9]/C
                            (rising edge-triggered cell FDCE clocked by clk  {rise@0.000ns fall@1.000ns period=2.000ns})
  Destination:            operand_x_reg_reg[34][9]/D
                            (rising edge-triggered cell FDCE clocked by clk  {rise@0.000ns fall@1.000ns period=2.000ns})
  Path Group:             clk
  Path Type:              Hold (Min at Fast Process Corner)
  Requirement:            0.000ns  (clk rise@0.000ns - clk rise@0.000ns)
  Data Path Delay:        0.095ns  (logic 0.054ns (56.933%)  route 0.041ns (43.067%))
  Logic Levels:           1  (LUT6=1)
  Clock Path Skew:        0.005ns (DCD - SCD - CPR)
    Destination Clock Delay (DCD):    0.018ns
    Source Clock Delay      (SCD):    0.013ns
    Clock Pessimism Removal (CPR):    -0.000ns

    Location             Delay type                Incr(ns)  Path(ns)    Netlist Resource(s)
  -------------------------------------------------------------------    -------------------
                         (clock clk rise edge)        0.000     0.000 r  
                                                      0.000     0.000 r  clk (IN)
                         net (fo=18907, unset)        0.013     0.013    clk
    SLICE_X57Y82         FDCE                                         r  r4a_vector_buf_a_reg[0][5][9]/C
  -------------------------------------------------------------------    -------------------
    SLICE_X57Y82         FDCE (Prop_EFF_SLICEL_C_Q)
                                                      0.039     0.052 r  r4a_vector_buf_a_reg[0][5][9]/Q
                         net (fo=3, routed)           0.026     0.078    r4a_vector_buf_a_reg[0][5][9]
    SLICE_X57Y83         LUT6 (Prop_B6LUT_SLICEL_I4_O)
                                                      0.015     0.093 r  operand_x_reg[34][9]_i_1/O
                         net (fo=1, routed)           0.015     0.108    operand_x_reg[34][9]_i_1_n_0
    SLICE_X57Y83         FDCE                                         r  operand_x_reg_reg[34][9]/D
  -------------------------------------------------------------------    -------------------

                         (clock clk rise edge)        0.000     0.000 r  
                                                      0.000     0.000 r  clk (IN)
                         net (fo=18907, unset)        0.018     0.018    clk
    SLICE_X57Y83         FDCE                                         r  operand_x_reg_reg[34][9]/C
                         clock pessimism              0.000     0.018    
    SLICE_X57Y83         FDCE (Hold_BFF_SLICEL_C_D)
                                                      0.046     0.064    operand_x_reg_reg[34][9]
  -------------------------------------------------------------------
                         required time                         -0.064    
                         arrival time                           0.108    
  -------------------------------------------------------------------
                         slack                                  0.044    

Slack (MET) :             0.044ns  (arrival time - required time)
  Source:                 sched_coeff_reg_reg[34][2]/C
                            (rising edge-triggered cell FDCE clocked by clk  {rise@0.000ns fall@1.000ns period=2.000ns})
  Destination:            operand_coeff_reg_reg[34][2]/D
                            (rising edge-triggered cell FDCE clocked by clk  {rise@0.000ns fall@1.000ns period=2.000ns})
  Path Group:             clk
  Path Type:              Hold (Min at Fast Process Corner)
  Requirement:            0.000ns  (clk rise@0.000ns - clk rise@0.000ns)
  Data Path Delay:        0.096ns  (logic 0.039ns (40.625%)  route 0.057ns (59.375%))
  Logic Levels:           0  
  Clock Path Skew:        0.005ns (DCD - SCD - CPR)
    Destination Clock Delay (DCD):    0.018ns
    Source Clock Delay      (SCD):    0.013ns
    Clock Pessimism Removal (CPR):    -0.000ns

    Location             Delay type                Incr(ns)  Path(ns)    Netlist Resource(s)
  -------------------------------------------------------------------    -------------------
                         (clock clk rise edge)        0.000     0.000 r  
                                                      0.000     0.000 r  clk (IN)
                         net (fo=18907, unset)        0.013     0.013    clk
    SLICE_X56Y84         FDCE                                         r  sched_coeff_reg_reg[34][2]/C
  -------------------------------------------------------------------    -------------------
    SLICE_X56Y84         FDCE (Prop_DFF_SLICEM_C_Q)
                                                      0.039     0.052 r  sched_coeff_reg_reg[34][2]/Q
                         net (fo=1, routed)           0.057     0.109    sched_coeff_reg_reg[34][2]
    SLICE_X57Y84         FDCE                                         r  operand_coeff_reg_reg[34][2]/D
  -------------------------------------------------------------------    -------------------

                         (clock clk rise edge)        0.000     0.000 r  
                                                      0.000     0.000 r  clk (IN)
                         net (fo=18907, unset)        0.018     0.018    clk
    SLICE_X57Y84         FDCE                                         r  operand_coeff_reg_reg[34][2]/C
                         clock pessimism              0.000     0.018    
    SLICE_X57Y84         FDCE (Hold_AFF2_SLICEL_C_D)
                                                      0.047     0.065    operand_coeff_reg_reg[34][2]
  -------------------------------------------------------------------
                         required time                         -0.065    
                         arrival time                           0.109    
  -------------------------------------------------------------------
                         slack                                  0.044    

Slack (MET) :             0.044ns  (arrival time - required time)
  Source:                 sched_coeff_reg_reg[0][4]/C
                            (rising edge-triggered cell FDCE clocked by clk  {rise@0.000ns fall@1.000ns period=2.000ns})
  Destination:            operand_coeff_reg_reg[0][4]/D
                            (rising edge-triggered cell FDCE clocked by clk  {rise@0.000ns fall@1.000ns period=2.000ns})
  Path Group:             clk
  Path Type:              Hold (Min at Fast Process Corner)
  Requirement:            0.000ns  (clk rise@0.000ns - clk rise@0.000ns)
  Data Path Delay:        0.098ns  (logic 0.039ns (39.796%)  route 0.059ns (60.204%))
  Logic Levels:           0  
  Clock Path Skew:        0.007ns (DCD - SCD - CPR)
    Destination Clock Delay (DCD):    0.019ns
    Source Clock Delay      (SCD):    0.012ns
    Clock Pessimism Removal (CPR):    -0.000ns

    Location             Delay type                Incr(ns)  Path(ns)    Netlist Resource(s)
  -------------------------------------------------------------------    -------------------
                         (clock clk rise edge)        0.000     0.000 r  
                                                      0.000     0.000 r  clk (IN)
                         net (fo=18907, unset)        0.012     0.012    clk
    SLICE_X72Y93         FDCE                                         r  sched_coeff_reg_reg[0][4]/C
  -------------------------------------------------------------------    -------------------
    SLICE_X72Y93         FDCE (Prop_CFF_SLICEL_C_Q)
                                                      0.039     0.051 r  sched_coeff_reg_reg[0][4]/Q
                         net (fo=1, routed)           0.059     0.110    sched_coeff_reg_reg[0][4]
    SLICE_X72Y93         FDCE                                         r  operand_coeff_reg_reg[0][4]/D
  -------------------------------------------------------------------    -------------------

                         (clock clk rise edge)        0.000     0.000 r  
                                                      0.000     0.000 r  clk (IN)
                         net (fo=18907, unset)        0.019     0.019    clk
    SLICE_X72Y93         FDCE                                         r  operand_coeff_reg_reg[0][4]/C
                         clock pessimism              0.000     0.019    
    SLICE_X72Y93         FDCE (Hold_HFF2_SLICEL_C_D)
                                                      0.047     0.066    operand_coeff_reg_reg[0][4]
  -------------------------------------------------------------------
                         required time                         -0.066    
                         arrival time                           0.110    
  -------------------------------------------------------------------
                         slack                                  0.044    

Slack (MET) :             0.044ns  (arrival time - required time)
  Source:                 sched_coeff_reg_reg[14][7]/C
                            (rising edge-triggered cell FDCE clocked by clk  {rise@0.000ns fall@1.000ns period=2.000ns})
  Destination:            operand_coeff_reg_reg[14][7]/D
                            (rising edge-triggered cell FDCE clocked by clk  {rise@0.000ns fall@1.000ns period=2.000ns})
  Path Group:             clk
  Path Type:              Hold (Min at Fast Process Corner)
  Requirement:            0.000ns  (clk rise@0.000ns - clk rise@0.000ns)
  Data Path Delay:        0.098ns  (logic 0.039ns (39.796%)  route 0.059ns (60.204%))
  Logic Levels:           0  
  Clock Path Skew:        0.007ns (DCD - SCD - CPR)
    Destination Clock Delay (DCD):    0.019ns
    Source Clock Delay      (SCD):    0.012ns
    Clock Pessimism Removal (CPR):    -0.000ns

    Location             Delay type                Incr(ns)  Path(ns)    Netlist Resource(s)
  -------------------------------------------------------------------    -------------------
                         (clock clk rise edge)        0.000     0.000 r  
                                                      0.000     0.000 r  clk (IN)
                         net (fo=18907, unset)        0.012     0.012    clk
    SLICE_X68Y64         FDCE                                         r  sched_coeff_reg_reg[14][7]/C
  -------------------------------------------------------------------    -------------------
    SLICE_X68Y64         FDCE (Prop_CFF_SLICEL_C_Q)
                                                      0.039     0.051 r  sched_coeff_reg_reg[14][7]/Q
                         net (fo=1, routed)           0.059     0.110    sched_coeff_reg_reg[14][7]
    SLICE_X68Y64         FDCE                                         r  operand_coeff_reg_reg[14][7]/D
  -------------------------------------------------------------------    -------------------

                         (clock clk rise edge)        0.000     0.000 r  
                                                      0.000     0.000 r  clk (IN)
                         net (fo=18907, unset)        0.019     0.019    clk
    SLICE_X68Y64         FDCE                                         r  operand_coeff_reg_reg[14][7]/C
                         clock pessimism              0.000     0.019    
    SLICE_X68Y64         FDCE (Hold_HFF2_SLICEL_C_D)
                                                      0.047     0.066    operand_coeff_reg_reg[14][7]
  -------------------------------------------------------------------
                         required time                         -0.066    
                         arrival time                           0.110    
  -------------------------------------------------------------------
                         slack                                  0.044    

Slack (MET) :             0.045ns  (arrival time - required time)
  Source:                 sched_coeff_reg_reg[17][1]/C
                            (rising edge-triggered cell FDCE clocked by clk  {rise@0.000ns fall@1.000ns period=2.000ns})
  Destination:            operand_coeff_reg_reg[17][1]/D
                            (rising edge-triggered cell FDCE clocked by clk  {rise@0.000ns fall@1.000ns period=2.000ns})
  Path Group:             clk
  Path Type:              Hold (Min at Fast Process Corner)
  Requirement:            0.000ns  (clk rise@0.000ns - clk rise@0.000ns)
  Data Path Delay:        0.098ns  (logic 0.039ns (39.796%)  route 0.059ns (60.204%))
  Logic Levels:           0  
  Clock Path Skew:        0.007ns (DCD - SCD - CPR)
    Destination Clock Delay (DCD):    0.019ns
    Source Clock Delay      (SCD):    0.012ns
    Clock Pessimism Removal (CPR):    -0.000ns

    Location             Delay type                Incr(ns)  Path(ns)    Netlist Resource(s)
  -------------------------------------------------------------------    -------------------
                         (clock clk rise edge)        0.000     0.000 r  
                                                      0.000     0.000 r  clk (IN)
                         net (fo=18907, unset)        0.012     0.012    clk
    SLICE_X48Y85         FDCE                                         r  sched_coeff_reg_reg[17][1]/C
  -------------------------------------------------------------------    -------------------
    SLICE_X48Y85         FDCE (Prop_DFF_SLICEL_C_Q)
                                                      0.039     0.051 r  sched_coeff_reg_reg[17][1]/Q
                         net (fo=1, routed)           0.059     0.110    sched_coeff_reg_reg[17][1]
    SLICE_X48Y85         FDCE                                         r  operand_coeff_reg_reg[17][1]/D
  -------------------------------------------------------------------    -------------------

                         (clock clk rise edge)        0.000     0.000 r  
                                                      0.000     0.000 r  clk (IN)
                         net (fo=18907, unset)        0.019     0.019    clk
    SLICE_X48Y85         FDCE                                         r  operand_coeff_reg_reg[17][1]/C
                         clock pessimism              0.000     0.019    
    SLICE_X48Y85         FDCE (Hold_HFF_SLICEL_C_D)
                                                      0.046     0.065    operand_coeff_reg_reg[17][1]
  -------------------------------------------------------------------
                         required time                         -0.065    
                         arrival time                           0.110    
  -------------------------------------------------------------------
                         slack                                  0.045    

Slack (MET) :             0.045ns  (arrival time - required time)
  Source:                 vector_id_d1_reg[12]/C
                            (rising edge-triggered cell FDCE clocked by clk  {rise@0.000ns fall@1.000ns period=2.000ns})
  Destination:            vector_id_d2_reg[12]/D
                            (rising edge-triggered cell FDCE clocked by clk  {rise@0.000ns fall@1.000ns period=2.000ns})
  Path Group:             clk
  Path Type:              Hold (Min at Fast Process Corner)
  Requirement:            0.000ns  (clk rise@0.000ns - clk rise@0.000ns)
  Data Path Delay:        0.098ns  (logic 0.038ns (38.776%)  route 0.060ns (61.224%))
  Logic Levels:           0  
  Clock Path Skew:        0.006ns (DCD - SCD - CPR)
    Destination Clock Delay (DCD):    0.019ns
    Source Clock Delay      (SCD):    0.013ns
    Clock Pessimism Removal (CPR):    -0.000ns

    Location             Delay type                Incr(ns)  Path(ns)    Netlist Resource(s)
  -------------------------------------------------------------------    -------------------
                         (clock clk rise edge)        0.000     0.000 r  
                                                      0.000     0.000 r  clk (IN)
                         net (fo=18907, unset)        0.013     0.013    clk
    SLICE_X44Y137        FDCE                                         r  vector_id_d1_reg[12]/C
  -------------------------------------------------------------------    -------------------
    SLICE_X44Y137        FDCE (Prop_AFF_SLICEM_C_Q)
                                                      0.038     0.051 r  vector_id_d1_reg[12]/Q
                         net (fo=1, routed)           0.060     0.111    vector_id_d1[12]
    SLICE_X44Y137        FDCE                                         r  vector_id_d2_reg[12]/D
  -------------------------------------------------------------------    -------------------

                         (clock clk rise edge)        0.000     0.000 r  
                                                      0.000     0.000 r  clk (IN)
                         net (fo=18907, unset)        0.019     0.019    clk
    SLICE_X44Y137        FDCE                                         r  vector_id_d2_reg[12]/C
                         clock pessimism              0.000     0.019    
    SLICE_X44Y137        FDCE (Hold_AFF2_SLICEM_C_D)
                                                      0.047     0.066    vector_id_d2_reg[12]
  -------------------------------------------------------------------
                         required time                         -0.066    
                         arrival time                           0.111    
  -------------------------------------------------------------------
                         slack                                  0.045    

Slack (MET) :             0.045ns  (arrival time - required time)
  Source:                 vector_id_d1_reg[5]/C
                            (rising edge-triggered cell FDCE clocked by clk  {rise@0.000ns fall@1.000ns period=2.000ns})
  Destination:            vector_id_d2_reg[5]/D
                            (rising edge-triggered cell FDCE clocked by clk  {rise@0.000ns fall@1.000ns period=2.000ns})
  Path Group:             clk
  Path Type:              Hold (Min at Fast Process Corner)
  Requirement:            0.000ns  (clk rise@0.000ns - clk rise@0.000ns)
  Data Path Delay:        0.098ns  (logic 0.038ns (38.776%)  route 0.060ns (61.224%))
  Logic Levels:           0  
  Clock Path Skew:        0.006ns (DCD - SCD - CPR)
    Destination Clock Delay (DCD):    0.019ns
    Source Clock Delay      (SCD):    0.013ns
    Clock Pessimism Removal (CPR):    -0.000ns

    Location             Delay type                Incr(ns)  Path(ns)    Netlist Resource(s)
  -------------------------------------------------------------------    -------------------
                         (clock clk rise edge)        0.000     0.000 r  
                                                      0.000     0.000 r  clk (IN)
                         net (fo=18907, unset)        0.013     0.013    clk
    SLICE_X44Y140        FDCE                                         r  vector_id_d1_reg[5]/C
  -------------------------------------------------------------------    -------------------
    SLICE_X44Y140        FDCE (Prop_AFF_SLICEM_C_Q)
                                                      0.038     0.051 r  vector_id_d1_reg[5]/Q
                         net (fo=1, routed)           0.060     0.111    vector_id_d1[5]
    SLICE_X44Y140        FDCE                                         r  vector_id_d2_reg[5]/D
  -------------------------------------------------------------------    -------------------

                         (clock clk rise edge)        0.000     0.000 r  
                                                      0.000     0.000 r  clk (IN)
                         net (fo=18907, unset)        0.019     0.019    clk
    SLICE_X44Y140        FDCE                                         r  vector_id_d2_reg[5]/C
                         clock pessimism              0.000     0.019    
    SLICE_X44Y140        FDCE (Hold_AFF2_SLICEM_C_D)
                                                      0.047     0.066    vector_id_d2_reg[5]
  -------------------------------------------------------------------
                         required time                         -0.066    
                         arrival time                           0.111    
  -------------------------------------------------------------------
                         slack                                  0.045    

Slack (MET) :             0.046ns  (arrival time - required time)
  Source:                 sched_coeff_reg_reg[94][5]/C
                            (rising edge-triggered cell FDCE clocked by clk  {rise@0.000ns fall@1.000ns period=2.000ns})
  Destination:            operand_coeff_reg_reg[94][5]/D
                            (rising edge-triggered cell FDCE clocked by clk  {rise@0.000ns fall@1.000ns period=2.000ns})
  Path Group:             clk
  Path Type:              Hold (Min at Fast Process Corner)
  Requirement:            0.000ns  (clk rise@0.000ns - clk rise@0.000ns)
  Data Path Delay:        0.099ns  (logic 0.039ns (39.394%)  route 0.060ns (60.606%))
  Logic Levels:           0  
  Clock Path Skew:        0.007ns (DCD - SCD - CPR)
    Destination Clock Delay (DCD):    0.019ns
    Source Clock Delay      (SCD):    0.012ns
    Clock Pessimism Removal (CPR):    -0.000ns

    Location             Delay type                Incr(ns)  Path(ns)    Netlist Resource(s)
  -------------------------------------------------------------------    -------------------
                         (clock clk rise edge)        0.000     0.000 r  
                                                      0.000     0.000 r  clk (IN)
                         net (fo=18907, unset)        0.012     0.012    clk
    SLICE_X77Y88         FDCE                                         r  sched_coeff_reg_reg[94][5]/C
  -------------------------------------------------------------------    -------------------
    SLICE_X77Y88         FDCE (Prop_BFF_SLICEL_C_Q)
                                                      0.039     0.051 r  sched_coeff_reg_reg[94][5]/Q
                         net (fo=1, routed)           0.060     0.111    sched_coeff_reg_reg[94][5]
    SLICE_X77Y88         FDCE                                         r  operand_coeff_reg_reg[94][5]/D
  -------------------------------------------------------------------    -------------------

                         (clock clk rise edge)        0.000     0.000 r  
                                                      0.000     0.000 r  clk (IN)
                         net (fo=18907, unset)        0.019     0.019    clk
    SLICE_X77Y88         FDCE                                         r  operand_coeff_reg_reg[94][5]/C
                         clock pessimism              0.000     0.019    
    SLICE_X77Y88         FDCE (Hold_GFF_SLICEL_C_D)
                                                      0.046     0.065    operand_coeff_reg_reg[94][5]
  -------------------------------------------------------------------
                         required time                         -0.065    
                         arrival time                           0.111    
  -------------------------------------------------------------------
                         slack                                  0.046    

Slack (MET) :             0.047ns  (arrival time - required time)
  Source:                 sched_coeff_reg_reg[35][2]/C
                            (rising edge-triggered cell FDCE clocked by clk  {rise@0.000ns fall@1.000ns period=2.000ns})
  Destination:            operand_coeff_reg_reg[35][2]/D
                            (rising edge-triggered cell FDCE clocked by clk  {rise@0.000ns fall@1.000ns period=2.000ns})
  Path Group:             clk
  Path Type:              Hold (Min at Fast Process Corner)
  Requirement:            0.000ns  (clk rise@0.000ns - clk rise@0.000ns)
  Data Path Delay:        0.100ns  (logic 0.039ns (39.000%)  route 0.061ns (61.000%))
  Logic Levels:           0  
  Clock Path Skew:        0.007ns (DCD - SCD - CPR)
    Destination Clock Delay (DCD):    0.019ns
    Source Clock Delay      (SCD):    0.012ns
    Clock Pessimism Removal (CPR):    -0.000ns

    Location             Delay type                Incr(ns)  Path(ns)    Netlist Resource(s)
  -------------------------------------------------------------------    -------------------
                         (clock clk rise edge)        0.000     0.000 r  
                                                      0.000     0.000 r  clk (IN)
                         net (fo=18907, unset)        0.012     0.012    clk
    SLICE_X54Y74         FDCE                                         r  sched_coeff_reg_reg[35][2]/C
  -------------------------------------------------------------------    -------------------
    SLICE_X54Y74         FDCE (Prop_AFF_SLICEL_C_Q)
                                                      0.039     0.051 r  sched_coeff_reg_reg[35][2]/Q
                         net (fo=1, routed)           0.061     0.112    sched_coeff_reg_reg[35][2]
    SLICE_X54Y74         FDCE                                         r  operand_coeff_reg_reg[35][2]/D
  -------------------------------------------------------------------    -------------------

                         (clock clk rise edge)        0.000     0.000 r  
                                                      0.000     0.000 r  clk (IN)
                         net (fo=18907, unset)        0.019     0.019    clk
    SLICE_X54Y74         FDCE                                         r  operand_coeff_reg_reg[35][2]/C
                         clock pessimism              0.000     0.019    
    SLICE_X54Y74         FDCE (Hold_HFF_SLICEL_C_D)
                                                      0.046     0.065    operand_coeff_reg_reg[35][2]
  -------------------------------------------------------------------
                         required time                         -0.065    
                         arrival time                           0.112    
  -------------------------------------------------------------------
                         slack                                  0.047    

Slack (MET) :             0.047ns  (arrival time - required time)
  Source:                 sched_coeff_reg_reg[39][4]/C
                            (rising edge-triggered cell FDCE clocked by clk  {rise@0.000ns fall@1.000ns period=2.000ns})
  Destination:            operand_coeff_reg_reg[39][4]/D
                            (rising edge-triggered cell FDCE clocked by clk  {rise@0.000ns fall@1.000ns period=2.000ns})
  Path Group:             clk
  Path Type:              Hold (Min at Fast Process Corner)
  Requirement:            0.000ns  (clk rise@0.000ns - clk rise@0.000ns)
  Data Path Delay:        0.100ns  (logic 0.039ns (39.000%)  route 0.061ns (61.000%))
  Logic Levels:           0  
  Clock Path Skew:        0.007ns (DCD - SCD - CPR)
    Destination Clock Delay (DCD):    0.019ns
    Source Clock Delay      (SCD):    0.012ns
    Clock Pessimism Removal (CPR):    -0.000ns

    Location             Delay type                Incr(ns)  Path(ns)    Netlist Resource(s)
  -------------------------------------------------------------------    -------------------
                         (clock clk rise edge)        0.000     0.000 r  
                                                      0.000     0.000 r  clk (IN)
                         net (fo=18907, unset)        0.012     0.012    clk
    SLICE_X63Y60         FDCE                                         r  sched_coeff_reg_reg[39][4]/C
  -------------------------------------------------------------------    -------------------
    SLICE_X63Y60         FDCE (Prop_AFF_SLICEL_C_Q)
                                                      0.039     0.051 r  sched_coeff_reg_reg[39][4]/Q
                         net (fo=1, routed)           0.061     0.112    sched_coeff_reg_reg[39][4]
    SLICE_X63Y60         FDCE                                         r  operand_coeff_reg_reg[39][4]/D
  -------------------------------------------------------------------    -------------------

                         (clock clk rise edge)        0.000     0.000 r  
                                                      0.000     0.000 r  clk (IN)
                         net (fo=18907, unset)        0.019     0.019    clk
    SLICE_X63Y60         FDCE                                         r  operand_coeff_reg_reg[39][4]/C
                         clock pessimism              0.000     0.019    
    SLICE_X63Y60         FDCE (Hold_GFF_SLICEL_C_D)
                                                      0.046     0.065    operand_coeff_reg_reg[39][4]
  -------------------------------------------------------------------
                         required time                         -0.065    
                         arrival time                           0.112    
  -------------------------------------------------------------------
                         slack                                  0.047    

Slack (MET) :             0.048ns  (arrival time - required time)
  Source:                 sched_coeff_reg_reg[35][3]/C
                            (rising edge-triggered cell FDCE clocked by clk  {rise@0.000ns fall@1.000ns period=2.000ns})
  Destination:            operand_coeff_reg_reg[35][3]/D
                            (rising edge-triggered cell FDCE clocked by clk  {rise@0.000ns fall@1.000ns period=2.000ns})
  Path Group:             clk
  Path Type:              Hold (Min at Fast Process Corner)
  Requirement:            0.000ns  (clk rise@0.000ns - clk rise@0.000ns)
  Data Path Delay:        0.101ns  (logic 0.038ns (37.624%)  route 0.063ns (62.376%))
  Logic Levels:           0  
  Clock Path Skew:        0.006ns (DCD - SCD - CPR)
    Destination Clock Delay (DCD):    0.019ns
    Source Clock Delay      (SCD):    0.013ns
    Clock Pessimism Removal (CPR):    -0.000ns

    Location             Delay type                Incr(ns)  Path(ns)    Netlist Resource(s)
  -------------------------------------------------------------------    -------------------
                         (clock clk rise edge)        0.000     0.000 r  
                                                      0.000     0.000 r  clk (IN)
                         net (fo=18907, unset)        0.013     0.013    clk
    SLICE_X56Y77         FDCE                                         r  sched_coeff_reg_reg[35][3]/C
  -------------------------------------------------------------------    -------------------
    SLICE_X56Y77         FDCE (Prop_AFF_SLICEM_C_Q)
                                                      0.038     0.051 r  sched_coeff_reg_reg[35][3]/Q
                         net (fo=1, routed)           0.063     0.114    sched_coeff_reg_reg[35][3]
    SLICE_X56Y77         FDCE                                         r  operand_coeff_reg_reg[35][3]/D
  -------------------------------------------------------------------    -------------------

                         (clock clk rise edge)        0.000     0.000 r  
                                                      0.000     0.000 r  clk (IN)
                         net (fo=18907, unset)        0.019     0.019    clk
    SLICE_X56Y77         FDCE                                         r  operand_coeff_reg_reg[35][3]/C
                         clock pessimism              0.000     0.019    
    SLICE_X56Y77         FDCE (Hold_EFF2_SLICEM_C_D)
                                                      0.047     0.066    operand_coeff_reg_reg[35][3]
  -------------------------------------------------------------------
                         required time                         -0.066    
                         arrival time                           0.114    
  -------------------------------------------------------------------
                         slack                                  0.048    

Slack (MET) :             0.048ns  (arrival time - required time)
  Source:                 sched_coeff_reg_reg[38][5]/C
                            (rising edge-triggered cell FDCE clocked by clk  {rise@0.000ns fall@1.000ns period=2.000ns})
  Destination:            operand_coeff_reg_reg[38][5]/D
                            (rising edge-triggered cell FDCE clocked by clk  {rise@0.000ns fall@1.000ns period=2.000ns})
  Path Group:             clk
  Path Type:              Hold (Min at Fast Process Corner)
  Requirement:            0.000ns  (clk rise@0.000ns - clk rise@0.000ns)
  Data Path Delay:        0.101ns  (logic 0.038ns (37.624%)  route 0.063ns (62.376%))
  Logic Levels:           0  
  Clock Path Skew:        0.006ns (DCD - SCD - CPR)
    Destination Clock Delay (DCD):    0.019ns
    Source Clock Delay      (SCD):    0.013ns
    Clock Pessimism Removal (CPR):    -0.000ns

    Location             Delay type                Incr(ns)  Path(ns)    Netlist Resource(s)
  -------------------------------------------------------------------    -------------------
                         (clock clk rise edge)        0.000     0.000 r  
                                                      0.000     0.000 r  clk (IN)
                         net (fo=18907, unset)        0.013     0.013    clk
    SLICE_X71Y63         FDCE                                         r  sched_coeff_reg_reg[38][5]/C
  -------------------------------------------------------------------    -------------------
    SLICE_X71Y63         FDCE (Prop_AFF_SLICEM_C_Q)
                                                      0.038     0.051 r  sched_coeff_reg_reg[38][5]/Q
                         net (fo=1, routed)           0.063     0.114    sched_coeff_reg_reg[38][5]
    SLICE_X71Y63         FDCE                                         r  operand_coeff_reg_reg[38][5]/D
  -------------------------------------------------------------------    -------------------

                         (clock clk rise edge)        0.000     0.000 r  
                                                      0.000     0.000 r  clk (IN)
                         net (fo=18907, unset)        0.019     0.019    clk
    SLICE_X71Y63         FDCE                                         r  operand_coeff_reg_reg[38][5]/C
                         clock pessimism              0.000     0.019    
    SLICE_X71Y63         FDCE (Hold_EFF2_SLICEM_C_D)
                                                      0.047     0.066    operand_coeff_reg_reg[38][5]
  -------------------------------------------------------------------
                         required time                         -0.066    
                         arrival time                           0.114    
  -------------------------------------------------------------------
                         slack                                  0.048    

Slack (MET) :             0.048ns  (arrival time - required time)
  Source:                 sched_coeff_reg_reg[76][0]/C
                            (rising edge-triggered cell FDCE clocked by clk  {rise@0.000ns fall@1.000ns period=2.000ns})
  Destination:            operand_coeff_reg_reg[76][0]/D
                            (rising edge-triggered cell FDCE clocked by clk  {rise@0.000ns fall@1.000ns period=2.000ns})
  Path Group:             clk
  Path Type:              Hold (Min at Fast Process Corner)
  Requirement:            0.000ns  (clk rise@0.000ns - clk rise@0.000ns)
  Data Path Delay:        0.101ns  (logic 0.038ns (37.624%)  route 0.063ns (62.376%))
  Logic Levels:           0  
  Clock Path Skew:        0.006ns (DCD - SCD - CPR)
    Destination Clock Delay (DCD):    0.019ns
    Source Clock Delay      (SCD):    0.013ns
    Clock Pessimism Removal (CPR):    -0.000ns

    Location             Delay type                Incr(ns)  Path(ns)    Netlist Resource(s)
  -------------------------------------------------------------------    -------------------
                         (clock clk rise edge)        0.000     0.000 r  
                                                      0.000     0.000 r  clk (IN)
                         net (fo=18907, unset)        0.013     0.013    clk
    SLICE_X61Y58         FDCE                                         r  sched_coeff_reg_reg[76][0]/C
  -------------------------------------------------------------------    -------------------
    SLICE_X61Y58         FDCE (Prop_CFF_SLICEM_C_Q)
                                                      0.038     0.051 r  sched_coeff_reg_reg[76][0]/Q
                         net (fo=1, routed)           0.063     0.114    sched_coeff_reg_reg[76][0]
    SLICE_X61Y58         FDCE                                         r  operand_coeff_reg_reg[76][0]/D
  -------------------------------------------------------------------    -------------------

                         (clock clk rise edge)        0.000     0.000 r  
                                                      0.000     0.000 r  clk (IN)
                         net (fo=18907, unset)        0.019     0.019    clk
    SLICE_X61Y58         FDCE                                         r  operand_coeff_reg_reg[76][0]/C
                         clock pessimism              0.000     0.019    
    SLICE_X61Y58         FDCE (Hold_HFF2_SLICEM_C_D)
                                                      0.047     0.066    operand_coeff_reg_reg[76][0]
  -------------------------------------------------------------------
                         required time                         -0.066    
                         arrival time                           0.114    
  -------------------------------------------------------------------
                         slack                                  0.048    

Slack (MET) :             0.048ns  (arrival time - required time)
  Source:                 sched_coeff_reg_reg[5][7]/C
                            (rising edge-triggered cell FDCE clocked by clk  {rise@0.000ns fall@1.000ns period=2.000ns})
  Destination:            operand_coeff_reg_reg[5][7]/D
                            (rising edge-triggered cell FDCE clocked by clk  {rise@0.000ns fall@1.000ns period=2.000ns})
  Path Group:             clk
  Path Type:              Hold (Min at Fast Process Corner)
  Requirement:            0.000ns  (clk rise@0.000ns - clk rise@0.000ns)
  Data Path Delay:        0.101ns  (logic 0.041ns (40.594%)  route 0.060ns (59.406%))
  Logic Levels:           0  
  Clock Path Skew:        0.006ns (DCD - SCD - CPR)
    Destination Clock Delay (DCD):    0.019ns
    Source Clock Delay      (SCD):    0.013ns
    Clock Pessimism Removal (CPR):    -0.000ns

    Location             Delay type                Incr(ns)  Path(ns)    Netlist Resource(s)
  -------------------------------------------------------------------    -------------------
                         (clock clk rise edge)        0.000     0.000 r  
                                                      0.000     0.000 r  clk (IN)
                         net (fo=18907, unset)        0.013     0.013    clk
    SLICE_X74Y93         FDCE                                         r  sched_coeff_reg_reg[5][7]/C
  -------------------------------------------------------------------    -------------------
    SLICE_X74Y93         FDCE (Prop_DFF2_SLICEM_C_Q)
                                                      0.041     0.054 r  sched_coeff_reg_reg[5][7]/Q
                         net (fo=1, routed)           0.060     0.114    sched_coeff_reg_reg[5][7]
    SLICE_X73Y93         FDCE                                         r  operand_coeff_reg_reg[5][7]/D
  -------------------------------------------------------------------    -------------------

                         (clock clk rise edge)        0.000     0.000 r  
                                                      0.000     0.000 r  clk (IN)
                         net (fo=18907, unset)        0.019     0.019    clk
    SLICE_X73Y93         FDCE                                         r  operand_coeff_reg_reg[5][7]/C
                         clock pessimism              0.000     0.019    
    SLICE_X73Y93         FDCE (Hold_HFF2_SLICEL_C_D)
                                                      0.047     0.066    operand_coeff_reg_reg[5][7]
  -------------------------------------------------------------------
                         required time                         -0.066    
                         arrival time                           0.114    
  -------------------------------------------------------------------
                         slack                                  0.048    

Slack (MET) :             0.049ns  (arrival time - required time)
  Source:                 sched_coeff_reg_reg[25][5]/C
                            (rising edge-triggered cell FDCE clocked by clk  {rise@0.000ns fall@1.000ns period=2.000ns})
  Destination:            operand_coeff_reg_reg[25][5]/D
                            (rising edge-triggered cell FDCE clocked by clk  {rise@0.000ns fall@1.000ns period=2.000ns})
  Path Group:             clk
  Path Type:              Hold (Min at Fast Process Corner)
  Requirement:            0.000ns  (clk rise@0.000ns - clk rise@0.000ns)
  Data Path Delay:        0.102ns  (logic 0.038ns (37.255%)  route 0.064ns (62.745%))
  Logic Levels:           0  
  Clock Path Skew:        0.006ns (DCD - SCD - CPR)
    Destination Clock Delay (DCD):    0.019ns
    Source Clock Delay      (SCD):    0.013ns
    Clock Pessimism Removal (CPR):    -0.000ns

    Location             Delay type                Incr(ns)  Path(ns)    Netlist Resource(s)
  -------------------------------------------------------------------    -------------------
                         (clock clk rise edge)        0.000     0.000 r  
                                                      0.000     0.000 r  clk (IN)
                         net (fo=18907, unset)        0.013     0.013    clk
    SLICE_X53Y99         FDCE                                         r  sched_coeff_reg_reg[25][5]/C
  -------------------------------------------------------------------    -------------------
    SLICE_X53Y99         FDCE (Prop_CFF_SLICEM_C_Q)
                                                      0.038     0.051 r  sched_coeff_reg_reg[25][5]/Q
                         net (fo=1, routed)           0.064     0.115    sched_coeff_reg_reg[25][5]
    SLICE_X53Y100        FDCE                                         r  operand_coeff_reg_reg[25][5]/D
  -------------------------------------------------------------------    -------------------

                         (clock clk rise edge)        0.000     0.000 r  
                                                      0.000     0.000 r  clk (IN)
                         net (fo=18907, unset)        0.019     0.019    clk
    SLICE_X53Y100        FDCE                                         r  operand_coeff_reg_reg[25][5]/C
                         clock pessimism              0.000     0.019    
    SLICE_X53Y100        FDCE (Hold_HFF2_SLICEM_C_D)
                                                      0.047     0.066    operand_coeff_reg_reg[25][5]
  -------------------------------------------------------------------
                         required time                         -0.066    
                         arrival time                           0.115    
  -------------------------------------------------------------------
                         slack                                  0.049    

Slack (MET) :             0.049ns  (arrival time - required time)
  Source:                 sched_coeff_reg_reg[29][4]/C
                            (rising edge-triggered cell FDCE clocked by clk  {rise@0.000ns fall@1.000ns period=2.000ns})
  Destination:            operand_coeff_reg_reg[29][4]/D
                            (rising edge-triggered cell FDCE clocked by clk  {rise@0.000ns fall@1.000ns period=2.000ns})
  Path Group:             clk
  Path Type:              Hold (Min at Fast Process Corner)
  Requirement:            0.000ns  (clk rise@0.000ns - clk rise@0.000ns)
  Data Path Delay:        0.102ns  (logic 0.040ns (39.216%)  route 0.062ns (60.784%))
  Logic Levels:           0  
  Clock Path Skew:        0.007ns (DCD - SCD - CPR)
    Destination Clock Delay (DCD):    0.019ns
    Source Clock Delay      (SCD):    0.012ns
    Clock Pessimism Removal (CPR):    -0.000ns

    Location             Delay type                Incr(ns)  Path(ns)    Netlist Resource(s)
  -------------------------------------------------------------------    -------------------
                         (clock clk rise edge)        0.000     0.000 r  
                                                      0.000     0.000 r  clk (IN)
                         net (fo=18907, unset)        0.012     0.012    clk
    SLICE_X69Y68         FDCE                                         r  sched_coeff_reg_reg[29][4]/C
  -------------------------------------------------------------------    -------------------
    SLICE_X69Y68         FDCE (Prop_BFF2_SLICEL_C_Q)
                                                      0.040     0.052 r  sched_coeff_reg_reg[29][4]/Q
                         net (fo=1, routed)           0.062     0.114    sched_coeff_reg_reg[29][4]
    SLICE_X68Y68         FDCE                                         r  operand_coeff_reg_reg[29][4]/D
  -------------------------------------------------------------------    -------------------

                         (clock clk rise edge)        0.000     0.000 r  
                                                      0.000     0.000 r  clk (IN)
                         net (fo=18907, unset)        0.019     0.019    clk
    SLICE_X68Y68         FDCE                                         r  operand_coeff_reg_reg[29][4]/C
                         clock pessimism              0.000     0.019    
    SLICE_X68Y68         FDCE (Hold_HFF_SLICEL_C_D)
                                                      0.046     0.065    operand_coeff_reg_reg[29][4]
  -------------------------------------------------------------------
                         required time                         -0.065    
                         arrival time                           0.114    
  -------------------------------------------------------------------
                         slack                                  0.049    

Slack (MET) :             0.049ns  (arrival time - required time)
  Source:                 bf_cycle_reg[5]/C
                            (rising edge-triggered cell FDCE clocked by clk  {rise@0.000ns fall@1.000ns period=2.000ns})
  Destination:            bf_cycle_reg[5]/D
                            (rising edge-triggered cell FDCE clocked by clk  {rise@0.000ns fall@1.000ns period=2.000ns})
  Path Group:             clk
  Path Type:              Hold (Min at Fast Process Corner)
  Requirement:            0.000ns  (clk rise@0.000ns - clk rise@0.000ns)
  Data Path Delay:        0.101ns  (logic 0.053ns (52.286%)  route 0.048ns (47.714%))
  Logic Levels:           1  (LUT6=1)
  Clock Path Skew:        0.006ns (DCD - SCD - CPR)
    Destination Clock Delay (DCD):    0.018ns
    Source Clock Delay      (SCD):    0.012ns
    Clock Pessimism Removal (CPR):    -0.000ns

    Location             Delay type                Incr(ns)  Path(ns)    Netlist Resource(s)
  -------------------------------------------------------------------    -------------------
                         (clock clk rise edge)        0.000     0.000 r  
                                                      0.000     0.000 r  clk (IN)
                         net (fo=18907, unset)        0.012     0.012    clk
    SLICE_X64Y135        FDCE                                         r  bf_cycle_reg[5]/C
  -------------------------------------------------------------------    -------------------
    SLICE_X64Y135        FDCE (Prop_CFF_SLICEL_C_Q)
                                                      0.039     0.051 r  bf_cycle_reg[5]/Q
                         net (fo=4, routed)           0.031     0.082    bf_cycle[5]
    SLICE_X64Y135        LUT6 (Prop_C6LUT_SLICEL_I5_O)
                                                      0.014     0.096 r  bf_cycle[5]_i_2/O
                         net (fo=1, routed)           0.017     0.113    bf_cycle[5]_i_2_n_0
    SLICE_X64Y135        FDCE                                         r  bf_cycle_reg[5]/D
  -------------------------------------------------------------------    -------------------

                         (clock clk rise edge)        0.000     0.000 r  
                                                      0.000     0.000 r  clk (IN)
                         net (fo=18907, unset)        0.018     0.018    clk
    SLICE_X64Y135        FDCE                                         r  bf_cycle_reg[5]/C
                         clock pessimism              0.000     0.018    
    SLICE_X64Y135        FDCE (Hold_CFF_SLICEL_C_D)
                                                      0.046     0.064    bf_cycle_reg[5]
  -------------------------------------------------------------------
                         required time                         -0.064    
                         arrival time                           0.113    
  -------------------------------------------------------------------
                         slack                                  0.049    

Slack (MET) :             0.050ns  (arrival time - required time)
  Source:                 sched_coeff_reg_reg[124][7]/C
                            (rising edge-triggered cell FDCE clocked by clk  {rise@0.000ns fall@1.000ns period=2.000ns})
  Destination:            operand_coeff_reg_reg[124][7]/D
                            (rising edge-triggered cell FDCE clocked by clk  {rise@0.000ns fall@1.000ns period=2.000ns})
  Path Group:             clk
  Path Type:              Hold (Min at Fast Process Corner)
  Requirement:            0.000ns  (clk rise@0.000ns - clk rise@0.000ns)
  Data Path Delay:        0.104ns  (logic 0.041ns (39.423%)  route 0.063ns (60.577%))
  Logic Levels:           0  
  Clock Path Skew:        0.007ns (DCD - SCD - CPR)
    Destination Clock Delay (DCD):    0.019ns
    Source Clock Delay      (SCD):    0.012ns
    Clock Pessimism Removal (CPR):    -0.000ns

    Location             Delay type                Incr(ns)  Path(ns)    Netlist Resource(s)
  -------------------------------------------------------------------    -------------------
                         (clock clk rise edge)        0.000     0.000 r  
                                                      0.000     0.000 r  clk (IN)
                         net (fo=18907, unset)        0.012     0.012    clk
    SLICE_X73Y84         FDCE                                         r  sched_coeff_reg_reg[124][7]/C
  -------------------------------------------------------------------    -------------------
    SLICE_X73Y84         FDCE (Prop_DFF2_SLICEL_C_Q)
                                                      0.041     0.053 r  sched_coeff_reg_reg[124][7]/Q
                         net (fo=1, routed)           0.063     0.116    sched_coeff_reg_reg[124][7]
    SLICE_X74Y84         FDCE                                         r  operand_coeff_reg_reg[124][7]/D
  -------------------------------------------------------------------    -------------------

                         (clock clk rise edge)        0.000     0.000 r  
                                                      0.000     0.000 r  clk (IN)
                         net (fo=18907, unset)        0.019     0.019    clk
    SLICE_X74Y84         FDCE                                         r  operand_coeff_reg_reg[124][7]/C
                         clock pessimism              0.000     0.019    
    SLICE_X74Y84         FDCE (Hold_EFF2_SLICEM_C_D)
                                                      0.047     0.066    operand_coeff_reg_reg[124][7]
  -------------------------------------------------------------------
                         required time                         -0.066    
                         arrival time                           0.116    
  -------------------------------------------------------------------
                         slack                                  0.050    

Slack (MET) :             0.050ns  (arrival time - required time)
  Source:                 sched_coeff_reg_reg[28][3]/C
                            (rising edge-triggered cell FDCE clocked by clk  {rise@0.000ns fall@1.000ns period=2.000ns})
  Destination:            operand_coeff_reg_reg[28][3]/D
                            (rising edge-triggered cell FDCE clocked by clk  {rise@0.000ns fall@1.000ns period=2.000ns})
  Path Group:             clk
  Path Type:              Hold (Min at Fast Process Corner)
  Requirement:            0.000ns  (clk rise@0.000ns - clk rise@0.000ns)
  Data Path Delay:        0.103ns  (logic 0.039ns (37.864%)  route 0.064ns (62.136%))
  Logic Levels:           0  
  Clock Path Skew:        0.006ns (DCD - SCD - CPR)
    Destination Clock Delay (DCD):    0.019ns
    Source Clock Delay      (SCD):    0.013ns
    Clock Pessimism Removal (CPR):    -0.000ns

    Location             Delay type                Incr(ns)  Path(ns)    Netlist Resource(s)
  -------------------------------------------------------------------    -------------------
                         (clock clk rise edge)        0.000     0.000 r  
                                                      0.000     0.000 r  clk (IN)
                         net (fo=18907, unset)        0.013     0.013    clk
    SLICE_X74Y68         FDCE                                         r  sched_coeff_reg_reg[28][3]/C
  -------------------------------------------------------------------    -------------------
    SLICE_X74Y68         FDCE (Prop_GFF2_SLICEM_C_Q)
                                                      0.039     0.052 r  sched_coeff_reg_reg[28][3]/Q
                         net (fo=1, routed)           0.064     0.116    sched_coeff_reg_reg[28][3]
    SLICE_X74Y67         FDCE                                         r  operand_coeff_reg_reg[28][3]/D
  -------------------------------------------------------------------    -------------------

                         (clock clk rise edge)        0.000     0.000 r  
                                                      0.000     0.000 r  clk (IN)
                         net (fo=18907, unset)        0.019     0.019    clk
    SLICE_X74Y67         FDCE                                         r  operand_coeff_reg_reg[28][3]/C
                         clock pessimism              0.000     0.019    
    SLICE_X74Y67         FDCE (Hold_AFF2_SLICEM_C_D)
                                                      0.047     0.066    operand_coeff_reg_reg[28][3]
  -------------------------------------------------------------------
                         required time                         -0.066    
                         arrival time                           0.116    
  -------------------------------------------------------------------
                         slack                                  0.050    

Slack (MET) :             0.050ns  (arrival time - required time)
  Source:                 sched_coeff_reg_reg[46][2]/C
                            (rising edge-triggered cell FDCE clocked by clk  {rise@0.000ns fall@1.000ns period=2.000ns})
  Destination:            operand_coeff_reg_reg[46][2]/D
                            (rising edge-triggered cell FDCE clocked by clk  {rise@0.000ns fall@1.000ns period=2.000ns})
  Path Group:             clk
  Path Type:              Hold (Min at Fast Process Corner)
  Requirement:            0.000ns  (clk rise@0.000ns - clk rise@0.000ns)
  Data Path Delay:        0.104ns  (logic 0.041ns (39.423%)  route 0.063ns (60.577%))
  Logic Levels:           0  
  Clock Path Skew:        0.007ns (DCD - SCD - CPR)
    Destination Clock Delay (DCD):    0.019ns
    Source Clock Delay      (SCD):    0.012ns
    Clock Pessimism Removal (CPR):    -0.000ns

    Location             Delay type                Incr(ns)  Path(ns)    Netlist Resource(s)
  -------------------------------------------------------------------    -------------------
                         (clock clk rise edge)        0.000     0.000 r  
                                                      0.000     0.000 r  clk (IN)
                         net (fo=18907, unset)        0.012     0.012    clk
    SLICE_X80Y55         FDCE                                         r  sched_coeff_reg_reg[46][2]/C
  -------------------------------------------------------------------    -------------------
    SLICE_X80Y55         FDCE (Prop_DFF2_SLICEL_C_Q)
                                                      0.041     0.053 r  sched_coeff_reg_reg[46][2]/Q
                         net (fo=1, routed)           0.063     0.116    sched_coeff_reg_reg[46][2]
    SLICE_X81Y55         FDCE                                         r  operand_coeff_reg_reg[46][2]/D
  -------------------------------------------------------------------    -------------------

                         (clock clk rise edge)        0.000     0.000 r  
                                                      0.000     0.000 r  clk (IN)
                         net (fo=18907, unset)        0.019     0.019    clk
    SLICE_X81Y55         FDCE                                         r  operand_coeff_reg_reg[46][2]/C
                         clock pessimism              0.000     0.019    
    SLICE_X81Y55         FDCE (Hold_EFF2_SLICEM_C_D)
                                                      0.047     0.066    operand_coeff_reg_reg[46][2]
  -------------------------------------------------------------------
                         required time                         -0.066    
                         arrival time                           0.116    
  -------------------------------------------------------------------
                         slack                                  0.050    




