Copyright 1986-2022 Xilinx, Inc. All Rights Reserved. Copyright 2022-2025 Advanced Micro Devices, Inc. All Rights Reserved.
------------------------------------------------------------------------------------------------------------------------------------------------------------------------------
| Tool Version      : Vivado v.2025.2 (win64) Build 6299465 Fri Nov 14 19:35:11 GMT 2025
| Date              : Thu Sep 10 12:32:41 2026
| Host              : Finesse running 64-bit major release  (build 9200)
| Command           : check_timing -verbose -file Z:/ITS_STUDY_V35_P2F_B2_R4C_DSP_PIPE/03_verification/vivado/reports_r4c_postroute/report_timing_unconstrained_postroute.rpt
| Design            : p2f_dct2_64_b1_step102
| Device            : xcku5p-ffvb676
| Speed File        : -2  PRODUCTION 1.29 05-01-2022
| Design State      : Routed
| Temperature Grade : E
------------------------------------------------------------------------------------------------------------------------------------------------------------------------------


check_timing report

Table of Contents
-----------------
1. checking no_clock (0)
2. checking constant_clock (0)
3. checking pulse_width_clock (0)
4. checking unconstrained_internal_endpoints (0)
5. checking no_input_delay (1042)
6. checking no_output_delay (128)
7. checking multiple_clock (0)
8. checking generated_clocks (0)
9. checking loops (0)
10. checking partial_input_delay (0)
11. checking partial_output_delay (0)
12. checking latch_loops (0)

1. checking no_clock (0)
------------------------
 There are 0 register/latch pins with no clock.


2. checking constant_clock (0)
------------------------------
 There are 0 register/latch pins with constant_clock.


3. checking pulse_width_clock (0)
---------------------------------
 There are 0 register/latch pins which need pulse_width check


4. checking unconstrained_internal_endpoints (0)
------------------------------------------------
 There are 0 pins that are not constrained for maximum delay.

 There are 0 pins that are not constrained for maximum delay due to constant clock.


5. checking no_input_delay (1042)
---------------------------------
 There are 1042 input ports with no input delay specified. (HIGH)

rst_n
vector_data_flat[0]
vector_data_flat[1000]
vector_data_flat[1001]
vector_data_flat[1002]
vector_data_flat[1003]
vector_data_flat[1004]
vector_data_flat[1005]
vector_data_flat[1006]
vector_data_flat[1007]
vector_data_flat[1008]
vector_data_flat[1009]
vector_data_flat[100]
vector_data_flat[1010]
vector_data_flat[1011]
vector_data_flat[1012]
vector_data_flat[1013]
vector_data_flat[1014]
vector_data_flat[1015]
vector_data_flat[1016]
vector_data_flat[1017]
vector_data_flat[1018]
vector_data_flat[1019]
vector_data_flat[101]
vector_data_flat[1020]
vector_data_flat[1021]
vector_data_flat[1022]
vector_data_flat[1023]
vector_data_flat[102]
vector_data_flat[103]
vector_data_flat[104]
vector_data_flat[105]
vector_data_flat[106]
vector_data_flat[107]
vector_data_flat[108]
vector_data_flat[109]
vector_data_flat[10]
vector_data_flat[110]
vector_data_flat[111]
vector_data_flat[112]
vector_data_flat[113]
vector_data_flat[114]
vector_data_flat[115]
vector_data_flat[116]
vector_data_flat[117]
vector_data_flat[118]
vector_data_flat[119]
vector_data_flat[11]
vector_data_flat[120]
vector_data_flat[121]
vector_data_flat[122]
vector_data_flat[123]
vector_data_flat[124]
vector_data_flat[125]
vector_data_flat[126]
vector_data_flat[127]
vector_data_flat[128]
vector_data_flat[129]
vector_data_flat[12]
vector_data_flat[130]
vector_data_flat[131]
vector_data_flat[132]
vector_data_flat[133]
vector_data_flat[134]
vector_data_flat[135]
vector_data_flat[136]
vector_data_flat[137]
vector_data_flat[138]
vector_data_flat[139]
vector_data_flat[13]
vector_data_flat[140]
vector_data_flat[141]
vector_data_flat[142]
vector_data_flat[143]
vector_data_flat[144]
vector_data_flat[145]
vector_data_flat[146]
vector_data_flat[147]
vector_data_flat[148]
vector_data_flat[149]
vector_data_flat[14]
vector_data_flat[150]
vector_data_flat[151]
vector_data_flat[152]
vector_data_flat[153]
vector_data_flat[154]
vector_data_flat[155]
vector_data_flat[156]
vector_data_flat[157]
vector_data_flat[158]
vector_data_flat[159]
vector_data_flat[15]
vector_data_flat[160]
vector_data_flat[161]
vector_data_flat[162]
vector_data_flat[163]
vector_data_flat[164]
vector_data_flat[165]
vector_data_flat[166]
vector_data_flat[167]
vector_data_flat[168]
vector_data_flat[169]
vector_data_flat[16]
vector_data_flat[170]
vector_data_flat[171]
vector_data_flat[172]
vector_data_flat[173]
vector_data_flat[174]
vector_data_flat[175]
vector_data_flat[176]
vector_data_flat[177]
vector_data_flat[178]
vector_data_flat[179]
vector_data_flat[17]
vector_data_flat[180]
vector_data_flat[181]
vector_data_flat[182]
vector_data_flat[183]
vector_data_flat[184]
vector_data_flat[185]
vector_data_flat[186]
vector_data_flat[187]
vector_data_flat[188]
vector_data_flat[189]
vector_data_flat[18]
vector_data_flat[190]
vector_data_flat[191]
vector_data_flat[192]
vector_data_flat[193]
vector_data_flat[194]
vector_data_flat[195]
vector_data_flat[196]
vector_data_flat[197]
vector_data_flat[198]
vector_data_flat[199]
vector_data_flat[19]
vector_data_flat[1]
vector_data_flat[200]
vector_data_flat[201]
vector_data_flat[202]
vector_data_flat[203]
vector_data_flat[204]
vector_data_flat[205]
vector_data_flat[206]
vector_data_flat[207]
vector_data_flat[208]
vector_data_flat[209]
vector_data_flat[20]
vector_data_flat[210]
vector_data_flat[211]
vector_data_flat[212]
vector_data_flat[213]
vector_data_flat[214]
vector_data_flat[215]
vector_data_flat[216]
vector_data_flat[217]
vector_data_flat[218]
vector_data_flat[219]
vector_data_flat[21]
vector_data_flat[220]
vector_data_flat[221]
vector_data_flat[222]
vector_data_flat[223]
vector_data_flat[224]
vector_data_flat[225]
vector_data_flat[226]
vector_data_flat[227]
vector_data_flat[228]
vector_data_flat[229]
vector_data_flat[22]
vector_data_flat[230]
vector_data_flat[231]
vector_data_flat[232]
vector_data_flat[233]
vector_data_flat[234]
vector_data_flat[235]
vector_data_flat[236]
vector_data_flat[237]
vector_data_flat[238]
vector_data_flat[239]
vector_data_flat[23]
vector_data_flat[240]
vector_data_flat[241]
vector_data_flat[242]
vector_data_flat[243]
vector_data_flat[244]
vector_data_flat[245]
vector_data_flat[246]
vector_data_flat[247]
vector_data_flat[248]
vector_data_flat[249]
vector_data_flat[24]
vector_data_flat[250]
vector_data_flat[251]
vector_data_flat[252]
vector_data_flat[253]
vector_data_flat[254]
vector_data_flat[255]
vector_data_flat[256]
vector_data_flat[257]
vector_data_flat[258]
vector_data_flat[259]
vector_data_flat[25]
vector_data_flat[260]
vector_data_flat[261]
vector_data_flat[262]
vector_data_flat[263]
vector_data_flat[264]
vector_data_flat[265]
vector_data_flat[266]
vector_data_flat[267]
vector_data_flat[268]
vector_data_flat[269]
vector_data_flat[26]
vector_data_flat[270]
vector_data_flat[271]
vector_data_flat[272]
vector_data_flat[273]
vector_data_flat[274]
vector_data_flat[275]
vector_data_flat[276]
vector_data_flat[277]
vector_data_flat[278]
vector_data_flat[279]
vector_data_flat[27]
vector_data_flat[280]
vector_data_flat[281]
vector_data_flat[282]
vector_data_flat[283]
vector_data_flat[284]
vector_data_flat[285]
vector_data_flat[286]
vector_data_flat[287]
vector_data_flat[288]
vector_data_flat[289]
vector_data_flat[28]
vector_data_flat[290]
vector_data_flat[291]
vector_data_flat[292]
vector_data_flat[293]
vector_data_flat[294]
vector_data_flat[295]
vector_data_flat[296]
vector_data_flat[297]
vector_data_flat[298]
vector_data_flat[299]
vector_data_flat[29]
vector_data_flat[2]
vector_data_flat[300]
vector_data_flat[301]
vector_data_flat[302]
vector_data_flat[303]
vector_data_flat[304]
vector_data_flat[305]
vector_data_flat[306]
vector_data_flat[307]
vector_data_flat[308]
vector_data_flat[309]
vector_data_flat[30]
vector_data_flat[310]
vector_data_flat[311]
vector_data_flat[312]
vector_data_flat[313]
vector_data_flat[314]
vector_data_flat[315]
vector_data_flat[316]
vector_data_flat[317]
vector_data_flat[318]
vector_data_flat[319]
vector_data_flat[31]
vector_data_flat[320]
vector_data_flat[321]
vector_data_flat[322]
vector_data_flat[323]
vector_data_flat[324]
vector_data_flat[325]
vector_data_flat[326]
vector_data_flat[327]
vector_data_flat[328]
vector_data_flat[329]
vector_data_flat[32]
vector_data_flat[330]
vector_data_flat[331]
vector_data_flat[332]
vector_data_flat[333]
vector_data_flat[334]
vector_data_flat[335]
vector_data_flat[336]
vector_data_flat[337]
vector_data_flat[338]
vector_data_flat[339]
vector_data_flat[33]
vector_data_flat[340]
vector_data_flat[341]
vector_data_flat[342]
vector_data_flat[343]
vector_data_flat[344]
vector_data_flat[345]
vector_data_flat[346]
vector_data_flat[347]
vector_data_flat[348]
vector_data_flat[349]
vector_data_flat[34]
vector_data_flat[350]
vector_data_flat[351]
vector_data_flat[352]
vector_data_flat[353]
vector_data_flat[354]
vector_data_flat[355]
vector_data_flat[356]
vector_data_flat[357]
vector_data_flat[358]
vector_data_flat[359]
vector_data_flat[35]
vector_data_flat[360]
vector_data_flat[361]
vector_data_flat[362]
vector_data_flat[363]
vector_data_flat[364]
vector_data_flat[365]
vector_data_flat[366]
vector_data_flat[367]
vector_data_flat[368]
vector_data_flat[369]
vector_data_flat[36]
vector_data_flat[370]
vector_data_flat[371]
vector_data_flat[372]
vector_data_flat[373]
vector_data_flat[374]
vector_data_flat[375]
vector_data_flat[376]
vector_data_flat[377]
vector_data_flat[378]
vector_data_flat[379]
vector_data_flat[37]
vector_data_flat[380]
vector_data_flat[381]
vector_data_flat[382]
vector_data_flat[383]
vector_data_flat[384]
vector_data_flat[385]
vector_data_flat[386]
vector_data_flat[387]
vector_data_flat[388]
vector_data_flat[389]
vector_data_flat[38]
vector_data_flat[390]
vector_data_flat[391]
vector_data_flat[392]
vector_data_flat[393]
vector_data_flat[394]
vector_data_flat[395]
vector_data_flat[396]
vector_data_flat[397]
vector_data_flat[398]
vector_data_flat[399]
vector_data_flat[39]
vector_data_flat[3]
vector_data_flat[400]
vector_data_flat[401]
vector_data_flat[402]
vector_data_flat[403]
vector_data_flat[404]
vector_data_flat[405]
vector_data_flat[406]
vector_data_flat[407]
vector_data_flat[408]
vector_data_flat[409]
vector_data_flat[40]
vector_data_flat[410]
vector_data_flat[411]
vector_data_flat[412]
vector_data_flat[413]
vector_data_flat[414]
vector_data_flat[415]
vector_data_flat[416]
vector_data_flat[417]
vector_data_flat[418]
vector_data_flat[419]
vector_data_flat[41]
vector_data_flat[420]
vector_data_flat[421]
vector_data_flat[422]
vector_data_flat[423]
vector_data_flat[424]
vector_data_flat[425]
vector_data_flat[426]
vector_data_flat[427]
vector_data_flat[428]
vector_data_flat[429]
vector_data_flat[42]
vector_data_flat[430]
vector_data_flat[431]
vector_data_flat[432]
vector_data_flat[433]
vector_data_flat[434]
vector_data_flat[435]
vector_data_flat[436]
vector_data_flat[437]
vector_data_flat[438]
vector_data_flat[439]
vector_data_flat[43]
vector_data_flat[440]
vector_data_flat[441]
vector_data_flat[442]
vector_data_flat[443]
vector_data_flat[444]
vector_data_flat[445]
vector_data_flat[446]
vector_data_flat[447]
vector_data_flat[448]
vector_data_flat[449]
vector_data_flat[44]
vector_data_flat[450]
vector_data_flat[451]
vector_data_flat[452]
vector_data_flat[453]
vector_data_flat[454]
vector_data_flat[455]
vector_data_flat[456]
vector_data_flat[457]
vector_data_flat[458]
vector_data_flat[459]
vector_data_flat[45]
vector_data_flat[460]
vector_data_flat[461]
vector_data_flat[462]
vector_data_flat[463]
vector_data_flat[464]
vector_data_flat[465]
vector_data_flat[466]
vector_data_flat[467]
vector_data_flat[468]
vector_data_flat[469]
vector_data_flat[46]
vector_data_flat[470]
vector_data_flat[471]
vector_data_flat[472]
vector_data_flat[473]
vector_data_flat[474]
vector_data_flat[475]
vector_data_flat[476]
vector_data_flat[477]
vector_data_flat[478]
vector_data_flat[479]
vector_data_flat[47]
vector_data_flat[480]
vector_data_flat[481]
vector_data_flat[482]
vector_data_flat[483]
vector_data_flat[484]
vector_data_flat[485]
vector_data_flat[486]
vector_data_flat[487]
vector_data_flat[488]
vector_data_flat[489]
vector_data_flat[48]
vector_data_flat[490]
vector_data_flat[491]
vector_data_flat[492]
vector_data_flat[493]
vector_data_flat[494]
vector_data_flat[495]
vector_data_flat[496]
vector_data_flat[497]
vector_data_flat[498]
vector_data_flat[499]
vector_data_flat[49]
vector_data_flat[4]
vector_data_flat[500]
vector_data_flat[501]
vector_data_flat[502]
vector_data_flat[503]
vector_data_flat[504]
vector_data_flat[505]
vector_data_flat[506]
vector_data_flat[507]
vector_data_flat[508]
vector_data_flat[509]
vector_data_flat[50]
vector_data_flat[510]
vector_data_flat[511]
vector_data_flat[512]
vector_data_flat[513]
vector_data_flat[514]
vector_data_flat[515]
vector_data_flat[516]
vector_data_flat[517]
vector_data_flat[518]
vector_data_flat[519]
vector_data_flat[51]
vector_data_flat[520]
vector_data_flat[521]
vector_data_flat[522]
vector_data_flat[523]
vector_data_flat[524]
vector_data_flat[525]
vector_data_flat[526]
vector_data_flat[527]
vector_data_flat[528]
vector_data_flat[529]
vector_data_flat[52]
vector_data_flat[530]
vector_data_flat[531]
vector_data_flat[532]
vector_data_flat[533]
vector_data_flat[534]
vector_data_flat[535]
vector_data_flat[536]
vector_data_flat[537]
vector_data_flat[538]
vector_data_flat[539]
vector_data_flat[53]
vector_data_flat[540]
vector_data_flat[541]
vector_data_flat[542]
vector_data_flat[543]
vector_data_flat[544]
vector_data_flat[545]
vector_data_flat[546]
vector_data_flat[547]
vector_data_flat[548]
vector_data_flat[549]
vector_data_flat[54]
vector_data_flat[550]
vector_data_flat[551]
vector_data_flat[552]
vector_data_flat[553]
vector_data_flat[554]
vector_data_flat[555]
vector_data_flat[556]
vector_data_flat[557]
vector_data_flat[558]
vector_data_flat[559]
vector_data_flat[55]
vector_data_flat[560]
vector_data_flat[561]
vector_data_flat[562]
vector_data_flat[563]
vector_data_flat[564]
vector_data_flat[565]
vector_data_flat[566]
vector_data_flat[567]
vector_data_flat[568]
vector_data_flat[569]
vector_data_flat[56]
vector_data_flat[570]
vector_data_flat[571]
vector_data_flat[572]
vector_data_flat[573]
vector_data_flat[574]
vector_data_flat[575]
vector_data_flat[576]
vector_data_flat[577]
vector_data_flat[578]
vector_data_flat[579]
vector_data_flat[57]
vector_data_flat[580]
vector_data_flat[581]
vector_data_flat[582]
vector_data_flat[583]
vector_data_flat[584]
vector_data_flat[585]
vector_data_flat[586]
vector_data_flat[587]
vector_data_flat[588]
vector_data_flat[589]
vector_data_flat[58]
vector_data_flat[590]
vector_data_flat[591]
vector_data_flat[592]
vector_data_flat[593]
vector_data_flat[594]
vector_data_flat[595]
vector_data_flat[596]
vector_data_flat[597]
vector_data_flat[598]
vector_data_flat[599]
vector_data_flat[59]
vector_data_flat[5]
vector_data_flat[600]
vector_data_flat[601]
vector_data_flat[602]
vector_data_flat[603]
vector_data_flat[604]
vector_data_flat[605]
vector_data_flat[606]
vector_data_flat[607]
vector_data_flat[608]
vector_data_flat[609]
vector_data_flat[60]
vector_data_flat[610]
vector_data_flat[611]
vector_data_flat[612]
vector_data_flat[613]
vector_data_flat[614]
vector_data_flat[615]
vector_data_flat[616]
vector_data_flat[617]
vector_data_flat[618]
vector_data_flat[619]
vector_data_flat[61]
vector_data_flat[620]
vector_data_flat[621]
vector_data_flat[622]
vector_data_flat[623]
vector_data_flat[624]
vector_data_flat[625]
vector_data_flat[626]
vector_data_flat[627]
vector_data_flat[628]
vector_data_flat[629]
vector_data_flat[62]
vector_data_flat[630]
vector_data_flat[631]
vector_data_flat[632]
vector_data_flat[633]
vector_data_flat[634]
vector_data_flat[635]
vector_data_flat[636]
vector_data_flat[637]
vector_data_flat[638]
vector_data_flat[639]
vector_data_flat[63]
vector_data_flat[640]
vector_data_flat[641]
vector_data_flat[642]
vector_data_flat[643]
vector_data_flat[644]
vector_data_flat[645]
vector_data_flat[646]
vector_data_flat[647]
vector_data_flat[648]
vector_data_flat[649]
vector_data_flat[64]
vector_data_flat[650]
vector_data_flat[651]
vector_data_flat[652]
vector_data_flat[653]
vector_data_flat[654]
vector_data_flat[655]
vector_data_flat[656]
vector_data_flat[657]
vector_data_flat[658]
vector_data_flat[659]
vector_data_flat[65]
vector_data_flat[660]
vector_data_flat[661]
vector_data_flat[662]
vector_data_flat[663]
vector_data_flat[664]
vector_data_flat[665]
vector_data_flat[666]
vector_data_flat[667]
vector_data_flat[668]
vector_data_flat[669]
vector_data_flat[66]
vector_data_flat[670]
vector_data_flat[671]
vector_data_flat[672]
vector_data_flat[673]
vector_data_flat[674]
vector_data_flat[675]
vector_data_flat[676]
vector_data_flat[677]
vector_data_flat[678]
vector_data_flat[679]
vector_data_flat[67]
vector_data_flat[680]
vector_data_flat[681]
vector_data_flat[682]
vector_data_flat[683]
vector_data_flat[684]
vector_data_flat[685]
vector_data_flat[686]
vector_data_flat[687]
vector_data_flat[688]
vector_data_flat[689]
vector_data_flat[68]
vector_data_flat[690]
vector_data_flat[691]
vector_data_flat[692]
vector_data_flat[693]
vector_data_flat[694]
vector_data_flat[695]
vector_data_flat[696]
vector_data_flat[697]
vector_data_flat[698]
vector_data_flat[699]
vector_data_flat[69]
vector_data_flat[6]
vector_data_flat[700]
vector_data_flat[701]
vector_data_flat[702]
vector_data_flat[703]
vector_data_flat[704]
vector_data_flat[705]
vector_data_flat[706]
vector_data_flat[707]
vector_data_flat[708]
vector_data_flat[709]
vector_data_flat[70]
vector_data_flat[710]
vector_data_flat[711]
vector_data_flat[712]
vector_data_flat[713]
vector_data_flat[714]
vector_data_flat[715]
vector_data_flat[716]
vector_data_flat[717]
vector_data_flat[718]
vector_data_flat[719]
vector_data_flat[71]
vector_data_flat[720]
vector_data_flat[721]
vector_data_flat[722]
vector_data_flat[723]
vector_data_flat[724]
vector_data_flat[725]
vector_data_flat[726]
vector_data_flat[727]
vector_data_flat[728]
vector_data_flat[729]
vector_data_flat[72]
vector_data_flat[730]
vector_data_flat[731]
vector_data_flat[732]
vector_data_flat[733]
vector_data_flat[734]
vector_data_flat[735]
vector_data_flat[736]
vector_data_flat[737]
vector_data_flat[738]
vector_data_flat[739]
vector_data_flat[73]
vector_data_flat[740]
vector_data_flat[741]
vector_data_flat[742]
vector_data_flat[743]
vector_data_flat[744]
vector_data_flat[745]
vector_data_flat[746]
vector_data_flat[747]
vector_data_flat[748]
vector_data_flat[749]
vector_data_flat[74]
vector_data_flat[750]
vector_data_flat[751]
vector_data_flat[752]
vector_data_flat[753]
vector_data_flat[754]
vector_data_flat[755]
vector_data_flat[756]
vector_data_flat[757]
vector_data_flat[758]
vector_data_flat[759]
vector_data_flat[75]
vector_data_flat[760]
vector_data_flat[761]
vector_data_flat[762]
vector_data_flat[763]
vector_data_flat[764]
vector_data_flat[765]
vector_data_flat[766]
vector_data_flat[767]
vector_data_flat[768]
vector_data_flat[769]
vector_data_flat[76]
vector_data_flat[770]
vector_data_flat[771]
vector_data_flat[772]
vector_data_flat[773]
vector_data_flat[774]
vector_data_flat[775]
vector_data_flat[776]
vector_data_flat[777]
vector_data_flat[778]
vector_data_flat[779]
vector_data_flat[77]
vector_data_flat[780]
vector_data_flat[781]
vector_data_flat[782]
vector_data_flat[783]
vector_data_flat[784]
vector_data_flat[785]
vector_data_flat[786]
vector_data_flat[787]
vector_data_flat[788]
vector_data_flat[789]
vector_data_flat[78]
vector_data_flat[790]
vector_data_flat[791]
vector_data_flat[792]
vector_data_flat[793]
vector_data_flat[794]
vector_data_flat[795]
vector_data_flat[796]
vector_data_flat[797]
vector_data_flat[798]
vector_data_flat[799]
vector_data_flat[79]
vector_data_flat[7]
vector_data_flat[800]
vector_data_flat[801]
vector_data_flat[802]
vector_data_flat[803]
vector_data_flat[804]
vector_data_flat[805]
vector_data_flat[806]
vector_data_flat[807]
vector_data_flat[808]
vector_data_flat[809]
vector_data_flat[80]
vector_data_flat[810]
vector_data_flat[811]
vector_data_flat[812]
vector_data_flat[813]
vector_data_flat[814]
vector_data_flat[815]
vector_data_flat[816]
vector_data_flat[817]
vector_data_flat[818]
vector_data_flat[819]
vector_data_flat[81]
vector_data_flat[820]
vector_data_flat[821]
vector_data_flat[822]
vector_data_flat[823]
vector_data_flat[824]
vector_data_flat[825]
vector_data_flat[826]
vector_data_flat[827]
vector_data_flat[828]
vector_data_flat[829]
vector_data_flat[82]
vector_data_flat[830]
vector_data_flat[831]
vector_data_flat[832]
vector_data_flat[833]
vector_data_flat[834]
vector_data_flat[835]
vector_data_flat[836]
vector_data_flat[837]
vector_data_flat[838]
vector_data_flat[839]
vector_data_flat[83]
vector_data_flat[840]
vector_data_flat[841]
vector_data_flat[842]
vector_data_flat[843]
vector_data_flat[844]
vector_data_flat[845]
vector_data_flat[846]
vector_data_flat[847]
vector_data_flat[848]
vector_data_flat[849]
vector_data_flat[84]
vector_data_flat[850]
vector_data_flat[851]
vector_data_flat[852]
vector_data_flat[853]
vector_data_flat[854]
vector_data_flat[855]
vector_data_flat[856]
vector_data_flat[857]
vector_data_flat[858]
vector_data_flat[859]
vector_data_flat[85]
vector_data_flat[860]
vector_data_flat[861]
vector_data_flat[862]
vector_data_flat[863]
vector_data_flat[864]
vector_data_flat[865]
vector_data_flat[866]
vector_data_flat[867]
vector_data_flat[868]
vector_data_flat[869]
vector_data_flat[86]
vector_data_flat[870]
vector_data_flat[871]
vector_data_flat[872]
vector_data_flat[873]
vector_data_flat[874]
vector_data_flat[875]
vector_data_flat[876]
vector_data_flat[877]
vector_data_flat[878]
vector_data_flat[879]
vector_data_flat[87]
vector_data_flat[880]
vector_data_flat[881]
vector_data_flat[882]
vector_data_flat[883]
vector_data_flat[884]
vector_data_flat[885]
vector_data_flat[886]
vector_data_flat[887]
vector_data_flat[888]
vector_data_flat[889]
vector_data_flat[88]
vector_data_flat[890]
vector_data_flat[891]
vector_data_flat[892]
vector_data_flat[893]
vector_data_flat[894]
vector_data_flat[895]
vector_data_flat[896]
vector_data_flat[897]
vector_data_flat[898]
vector_data_flat[899]
vector_data_flat[89]
vector_data_flat[8]
vector_data_flat[900]
vector_data_flat[901]
vector_data_flat[902]
vector_data_flat[903]
vector_data_flat[904]
vector_data_flat[905]
vector_data_flat[906]
vector_data_flat[907]
vector_data_flat[908]
vector_data_flat[909]
vector_data_flat[90]
vector_data_flat[910]
vector_data_flat[911]
vector_data_flat[912]
vector_data_flat[913]
vector_data_flat[914]
vector_data_flat[915]
vector_data_flat[916]
vector_data_flat[917]
vector_data_flat[918]
vector_data_flat[919]
vector_data_flat[91]
vector_data_flat[920]
vector_data_flat[921]
vector_data_flat[922]
vector_data_flat[923]
vector_data_flat[924]
vector_data_flat[925]
vector_data_flat[926]
vector_data_flat[927]
vector_data_flat[928]
vector_data_flat[929]
vector_data_flat[92]
vector_data_flat[930]
vector_data_flat[931]
vector_data_flat[932]
vector_data_flat[933]
vector_data_flat[934]
vector_data_flat[935]
vector_data_flat[936]
vector_data_flat[937]
vector_data_flat[938]
vector_data_flat[939]
vector_data_flat[93]
vector_data_flat[940]
vector_data_flat[941]
vector_data_flat[942]
vector_data_flat[943]
vector_data_flat[944]
vector_data_flat[945]
vector_data_flat[946]
vector_data_flat[947]
vector_data_flat[948]
vector_data_flat[949]
vector_data_flat[94]
vector_data_flat[950]
vector_data_flat[951]
vector_data_flat[952]
vector_data_flat[953]
vector_data_flat[954]
vector_data_flat[955]
vector_data_flat[956]
vector_data_flat[957]
vector_data_flat[958]
vector_data_flat[959]
vector_data_flat[95]
vector_data_flat[960]
vector_data_flat[961]
vector_data_flat[962]
vector_data_flat[963]
vector_data_flat[964]
vector_data_flat[965]
vector_data_flat[966]
vector_data_flat[967]
vector_data_flat[968]
vector_data_flat[969]
vector_data_flat[96]
vector_data_flat[970]
vector_data_flat[971]
vector_data_flat[972]
vector_data_flat[973]
vector_data_flat[974]
vector_data_flat[975]
vector_data_flat[976]
vector_data_flat[977]
vector_data_flat[978]
vector_data_flat[979]
vector_data_flat[97]
vector_data_flat[980]
vector_data_flat[981]
vector_data_flat[982]
vector_data_flat[983]
vector_data_flat[984]
vector_data_flat[985]
vector_data_flat[986]
vector_data_flat[987]
vector_data_flat[988]
vector_data_flat[989]
vector_data_flat[98]
vector_data_flat[990]
vector_data_flat[991]
vector_data_flat[992]
vector_data_flat[993]
vector_data_flat[994]
vector_data_flat[995]
vector_data_flat[996]
vector_data_flat[997]
vector_data_flat[998]
vector_data_flat[999]
vector_data_flat[99]
vector_data_flat[9]
vector_id_in[0]
vector_id_in[10]
vector_id_in[11]
vector_id_in[12]
vector_id_in[13]
vector_id_in[14]
vector_id_in[15]
vector_id_in[1]
vector_id_in[2]
vector_id_in[3]
vector_id_in[4]
vector_id_in[5]
vector_id_in[6]
vector_id_in[7]
vector_id_in[8]
vector_id_in[9]
vector_start

 There are 0 input ports with no input delay but user has a false path constraint.


6. checking no_output_delay (128)
---------------------------------
 There are 128 ports with no output delay specified. (HIGH)

result_final10_flat[0]
result_final10_flat[10]
result_final10_flat[11]
result_final10_flat[12]
result_final10_flat[13]
result_final10_flat[14]
result_final10_flat[15]
result_final10_flat[16]
result_final10_flat[17]
result_final10_flat[18]
result_final10_flat[19]
result_final10_flat[1]
result_final10_flat[20]
result_final10_flat[21]
result_final10_flat[22]
result_final10_flat[23]
result_final10_flat[24]
result_final10_flat[25]
result_final10_flat[26]
result_final10_flat[27]
result_final10_flat[28]
result_final10_flat[29]
result_final10_flat[2]
result_final10_flat[30]
result_final10_flat[31]
result_final10_flat[32]
result_final10_flat[33]
result_final10_flat[34]
result_final10_flat[35]
result_final10_flat[36]
result_final10_flat[37]
result_final10_flat[38]
result_final10_flat[39]
result_final10_flat[3]
result_final10_flat[4]
result_final10_flat[5]
result_final10_flat[6]
result_final10_flat[7]
result_final10_flat[8]
result_final10_flat[9]
result_first
result_group[0]
result_group[1]
result_group[2]
result_group[3]
result_group[4]
result_last
result_stage16_flat[0]
result_stage16_flat[10]
result_stage16_flat[11]
result_stage16_flat[12]
result_stage16_flat[13]
result_stage16_flat[14]
result_stage16_flat[15]
result_stage16_flat[16]
result_stage16_flat[17]
result_stage16_flat[18]
result_stage16_flat[19]
result_stage16_flat[1]
result_stage16_flat[20]
result_stage16_flat[21]
result_stage16_flat[22]
result_stage16_flat[23]
result_stage16_flat[24]
result_stage16_flat[25]
result_stage16_flat[26]
result_stage16_flat[27]
result_stage16_flat[28]
result_stage16_flat[29]
result_stage16_flat[2]
result_stage16_flat[30]
result_stage16_flat[31]
result_stage16_flat[32]
result_stage16_flat[33]
result_stage16_flat[34]
result_stage16_flat[35]
result_stage16_flat[36]
result_stage16_flat[37]
result_stage16_flat[38]
result_stage16_flat[39]
result_stage16_flat[3]
result_stage16_flat[40]
result_stage16_flat[41]
result_stage16_flat[42]
result_stage16_flat[43]
result_stage16_flat[44]
result_stage16_flat[45]
result_stage16_flat[46]
result_stage16_flat[47]
result_stage16_flat[48]
result_stage16_flat[49]
result_stage16_flat[4]
result_stage16_flat[50]
result_stage16_flat[51]
result_stage16_flat[52]
result_stage16_flat[53]
result_stage16_flat[54]
result_stage16_flat[55]
result_stage16_flat[56]
result_stage16_flat[57]
result_stage16_flat[58]
result_stage16_flat[59]
result_stage16_flat[5]
result_stage16_flat[60]
result_stage16_flat[61]
result_stage16_flat[62]
result_stage16_flat[63]
result_stage16_flat[6]
result_stage16_flat[7]
result_stage16_flat[8]
result_stage16_flat[9]
result_valid
result_vector_id[0]
result_vector_id[10]
result_vector_id[11]
result_vector_id[12]
result_vector_id[13]
result_vector_id[14]
result_vector_id[15]
result_vector_id[1]
result_vector_id[2]
result_vector_id[3]
result_vector_id[4]
result_vector_id[5]
result_vector_id[6]
result_vector_id[7]
result_vector_id[8]
result_vector_id[9]

 There are 0 ports with no output delay but user has a false path constraint

 There are 0 ports with no output delay but with a timing clock defined on it or propagating through it


7. checking multiple_clock (0)
------------------------------
 There are 0 register/latch pins with multiple clocks.


8. checking generated_clocks (0)
--------------------------------
 There are 0 generated clocks that are not connected to a clock source.


9. checking loops (0)
---------------------
 There are 0 combinational loops in the design.


10. checking partial_input_delay (0)
------------------------------------
 There are 0 input ports with partial input delay specified.


11. checking partial_output_delay (0)
-------------------------------------
 There are 0 ports with partial output delay specified.


12. checking latch_loops (0)
----------------------------
 There are 0 combinational latch loops in the design through latch input


