Copyright 1986-2022 Xilinx, Inc. All Rights Reserved. Copyright 2022-2025 Advanced Micro Devices, Inc. All Rights Reserved.
------------------------------------------------------------------------------------------------------------------------------------------------------------------------------
| Tool Version      : Vivado v.2025.2 (win64) Build 6299465 Fri Nov 14 19:35:11 GMT 2025
| Date              : Sat Sep  5 00:57:11 2026
| Host              : Finesse running 64-bit major release  (build 9200)
| Command           : report_timing_summary -delay_type min -max_paths 20 -file D:/Workspace/ITS_STUDY_V35_P2A_DCT2_64_R1/V35_P2A_DCT2_64/vivado/reports/p2a_hold_summary.rpt
| Design            : p2a_dct2_64_p4
| Device            : xcku5p-ffvb676
| Speed File        : -2  PRODUCTION 1.29 05-01-2022
| Design State      : Routed
| Temperature Grade : E
------------------------------------------------------------------------------------------------------------------------------------------------------------------------------

Timing Summary Report

------------------------------------------------------------------------------------------------
| Timer Settings
| --------------
------------------------------------------------------------------------------------------------

  Enable Multi Corner Analysis               :  Yes
  Enable Pessimism Removal                   :  Yes
  Pessimism Removal Resolution               :  Nearest Common Node
  Enable Input Delay Default Clock           :  No
  Enable Preset / Clear Arcs                 :  No
  Disable Flight Delays                      :  No
  Ignore I/O Paths                           :  No
  Timing Early Launch at Borrowing Latches   :  No
  Borrow Time for Max Delay Exceptions       :  Yes
  Merge Timing Exceptions                    :  Yes
  Inter-SLR Compensation                     :  Conservative

  Corner  Analyze    Analyze    
  Name    Max Paths  Min Paths  
  ------  ---------  ---------  
  Slow    Yes        Yes        
  Fast    Yes        Yes        


------------------------------------------------------------------------------------------------
| Report Methodology
| ------------------
------------------------------------------------------------------------------------------------

No report available as report_methodology has not been run prior. Run report_methodology on the current design for the summary of methodology violations.



check_timing report

Table of Contents
-----------------
1. checking no_clock (0)
2. checking constant_clock (0)
3. checking pulse_width_clock (0)
4. checking unconstrained_internal_endpoints (0)
5. checking no_input_delay (100)
6. checking no_output_delay (155)
7. checking multiple_clock (0)
8. checking generated_clocks (0)
9. checking loops (0)
10. checking partial_input_delay (0)
11. checking partial_output_delay (0)
12. checking latch_loops (0)

1. checking no_clock (0)
------------------------
 There are 0 register/latch pins with no clock.


2. checking constant_clock (0)
------------------------------
 There are 0 register/latch pins with constant_clock.


3. checking pulse_width_clock (0)
---------------------------------
 There are 0 register/latch pins which need pulse_width check


4. checking unconstrained_internal_endpoints (0)
------------------------------------------------
 There are 0 pins that are not constrained for maximum delay.

 There are 0 pins that are not constrained for maximum delay due to constant clock.


5. checking no_input_delay (100)
--------------------------------
 There are 100 input ports with no input delay specified. (HIGH)

 There are 0 input ports with no input delay but user has a false path constraint.


6. checking no_output_delay (155)
---------------------------------
 There are 155 ports with no output delay specified. (HIGH)

 There are 0 ports with no output delay but user has a false path constraint

 There are 0 ports with no output delay but with a timing clock defined on it or propagating through it


7. checking multiple_clock (0)
------------------------------
 There are 0 register/latch pins with multiple clocks.


8. checking generated_clocks (0)
--------------------------------
 There are 0 generated clocks that are not connected to a clock source.


9. checking loops (0)
---------------------
 There are 0 combinational loops in the design.


10. checking partial_input_delay (0)
------------------------------------
 There are 0 input ports with partial input delay specified.


11. checking partial_output_delay (0)
-------------------------------------
 There are 0 ports with partial output delay specified.


12. checking latch_loops (0)
----------------------------
 There are 0 combinational latch loops in the design through latch input



------------------------------------------------------------------------------------------------
| Design Timing Summary
| ---------------------
------------------------------------------------------------------------------------------------

    WHS(ns)      THS(ns)  THS Failing Endpoints  THS Total Endpoints     WPWS(ns)     TPWS(ns)  TPWS Failing Endpoints  TPWS Total Endpoints  
    -------      -------  ---------------------  -------------------     --------     --------  ----------------------  --------------------  
      0.019        0.000                      0                63425        0.458        0.000                       0                 13234  


All user specified timing constraints are met.


------------------------------------------------------------------------------------------------
| Clock Summary
| -------------
------------------------------------------------------------------------------------------------

Clock  Waveform(ns)         Period(ns)      Frequency(MHz)
-----  ------------         ----------      --------------
clk    {0.000 1.000}        2.000           500.000         


------------------------------------------------------------------------------------------------
| Intra Clock Table
| -----------------
------------------------------------------------------------------------------------------------

Clock             WHS(ns)      THS(ns)  THS Failing Endpoints  THS Total Endpoints     WPWS(ns)     TPWS(ns)  TPWS Failing Endpoints  TPWS Total Endpoints  
-----             -------      -------  ---------------------  -------------------     --------     --------  ----------------------  --------------------  
clk                 0.019        0.000                      0                63425        0.458        0.000                       0                 13234  


------------------------------------------------------------------------------------------------
| Inter Clock Table
| -----------------
------------------------------------------------------------------------------------------------

From Clock    To Clock          WHS(ns)      THS(ns)  THS Failing Endpoints  THS Total Endpoints  
----------    --------          -------      -------  ---------------------  -------------------  


------------------------------------------------------------------------------------------------
| Other Path Groups Table
| -----------------------
------------------------------------------------------------------------------------------------

Path Group    From Clock    To Clock          WHS(ns)      THS(ns)  THS Failing Endpoints  THS Total Endpoints  
----------    ----------    --------          -------      -------  ---------------------  -------------------  


------------------------------------------------------------------------------------------------
| Timing Details
| --------------
------------------------------------------------------------------------------------------------


---------------------------------------------------------------------------------------------------
From Clock:  clk
  To Clock:  clk

Setup :           NA  Failing Endpoints,  Worst Slack           NA  ,  Total Violation           NA
Hold  :            0  Failing Endpoints,  Worst Slack        0.019ns,  Total Violation        0.000ns
PW    :            0  Failing Endpoints,  Worst Slack        0.458ns,  Total Violation        0.000ns
---------------------------------------------------------------------------------------------------


Min Delay Paths
--------------------------------------------------------------------------------------
Slack (MET) :             0.019ns  (arrival time - required time)
  Source:                 valid_pipe_reg[4]/C
                            (rising edge-triggered cell FDCE clocked by clk  {rise@0.000ns fall@1.000ns period=2.000ns})
  Destination:            valid_pipe_reg[5]/D
                            (rising edge-triggered cell FDCE clocked by clk  {rise@0.000ns fall@1.000ns period=2.000ns})
  Path Group:             clk
  Path Type:              Hold (Min at Fast Process Corner)
  Requirement:            0.000ns  (clk rise@0.000ns - clk rise@0.000ns)
  Data Path Delay:        0.072ns  (logic 0.039ns (54.167%)  route 0.033ns (45.833%))
  Logic Levels:           0  
  Clock Path Skew:        0.006ns (DCD - SCD - CPR)
    Destination Clock Delay (DCD):    0.019ns
    Source Clock Delay      (SCD):    0.013ns
    Clock Pessimism Removal (CPR):    -0.000ns

    Location             Delay type                Incr(ns)  Path(ns)    Netlist Resource(s)
  -------------------------------------------------------------------    -------------------
                         (clock clk rise edge)        0.000     0.000 r  
                                                      0.000     0.000 r  clk (IN)
                         net (fo=14513, unset)        0.013     0.013    clk
    SLICE_X60Y161        FDCE                                         r  valid_pipe_reg[4]/C
  -------------------------------------------------------------------    -------------------
    SLICE_X60Y161        FDCE (Prop_HFF_SLICEL_C_Q)
                                                      0.039     0.052 r  valid_pipe_reg[4]/Q
                         net (fo=1, routed)           0.033     0.085    valid_pipe[4]
    SLICE_X60Y161        FDCE                                         r  valid_pipe_reg[5]/D
  -------------------------------------------------------------------    -------------------

                         (clock clk rise edge)        0.000     0.000 r  
                                                      0.000     0.000 r  clk (IN)
                         net (fo=14513, unset)        0.019     0.019    clk
    SLICE_X60Y161        FDCE                                         r  valid_pipe_reg[5]/C
                         clock pessimism              0.000     0.019    
    SLICE_X60Y161        FDCE (Hold_HFF2_SLICEL_C_D)
                                                      0.047     0.066    valid_pipe_reg[5]
  -------------------------------------------------------------------
                         required time                         -0.066    
                         arrival time                           0.085    
  -------------------------------------------------------------------
                         slack                                  0.019    

Slack (MET) :             0.024ns  (arrival time - required time)
  Source:                 shifted_r_reg[0][0]/C
                            (rising edge-triggered cell FDCE clocked by clk  {rise@0.000ns fall@1.000ns period=2.000ns})
  Destination:            stage16_r_reg[0][0]/D
                            (rising edge-triggered cell FDCE clocked by clk  {rise@0.000ns fall@1.000ns period=2.000ns})
  Path Group:             clk
  Path Type:              Hold (Min at Fast Process Corner)
  Requirement:            0.000ns  (clk rise@0.000ns - clk rise@0.000ns)
  Data Path Delay:        0.077ns  (logic 0.039ns (50.649%)  route 0.038ns (49.351%))
  Logic Levels:           0  
  Clock Path Skew:        0.006ns (DCD - SCD - CPR)
    Destination Clock Delay (DCD):    0.019ns
    Source Clock Delay      (SCD):    0.013ns
    Clock Pessimism Removal (CPR):    -0.000ns

    Location             Delay type                Incr(ns)  Path(ns)    Netlist Resource(s)
  -------------------------------------------------------------------    -------------------
                         (clock clk rise edge)        0.000     0.000 r  
                                                      0.000     0.000 r  clk (IN)
                         net (fo=14513, unset)        0.013     0.013    clk
    SLICE_X67Y149        FDCE                                         r  shifted_r_reg[0][0]/C
  -------------------------------------------------------------------    -------------------
    SLICE_X67Y149        FDCE (Prop_HFF_SLICEM_C_Q)
                                                      0.039     0.052 r  shifted_r_reg[0][0]/Q
                         net (fo=1, routed)           0.038     0.090    shifted_r_reg_n_0_[0][0]
    SLICE_X67Y149        FDCE                                         r  stage16_r_reg[0][0]/D
  -------------------------------------------------------------------    -------------------

                         (clock clk rise edge)        0.000     0.000 r  
                                                      0.000     0.000 r  clk (IN)
                         net (fo=14513, unset)        0.019     0.019    clk
    SLICE_X67Y149        FDCE                                         r  stage16_r_reg[0][0]/C
                         clock pessimism              0.000     0.019    
    SLICE_X67Y149        FDCE (Hold_HFF2_SLICEM_C_D)
                                                      0.047     0.066    stage16_r_reg[0][0]
  -------------------------------------------------------------------
                         required time                         -0.066    
                         arrival time                           0.090    
  -------------------------------------------------------------------
                         slack                                  0.024    

Slack (MET) :             0.029ns  (arrival time - required time)
  Source:                 issue_id_r_reg[15]/C
                            (rising edge-triggered cell FDCE clocked by clk  {rise@0.000ns fall@1.000ns period=2.000ns})
  Destination:            prod_id_pipe_reg[0][15]/D
                            (rising edge-triggered cell FDCE clocked by clk  {rise@0.000ns fall@1.000ns period=2.000ns})
  Path Group:             clk
  Path Type:              Hold (Min at Fast Process Corner)
  Requirement:            0.000ns  (clk rise@0.000ns - clk rise@0.000ns)
  Data Path Delay:        0.081ns  (logic 0.039ns (48.148%)  route 0.042ns (51.852%))
  Logic Levels:           0  
  Clock Path Skew:        0.006ns (DCD - SCD - CPR)
    Destination Clock Delay (DCD):    0.019ns
    Source Clock Delay      (SCD):    0.013ns
    Clock Pessimism Removal (CPR):    -0.000ns

    Location             Delay type                Incr(ns)  Path(ns)    Netlist Resource(s)
  -------------------------------------------------------------------    -------------------
                         (clock clk rise edge)        0.000     0.000 r  
                                                      0.000     0.000 r  clk (IN)
                         net (fo=14513, unset)        0.013     0.013    clk
    SLICE_X57Y171        FDCE                                         r  issue_id_r_reg[15]/C
  -------------------------------------------------------------------    -------------------
    SLICE_X57Y171        FDCE (Prop_FFF_SLICEL_C_Q)
                                                      0.039     0.052 r  issue_id_r_reg[15]/Q
                         net (fo=1, routed)           0.042     0.094    issue_id_r[15]
    SLICE_X57Y171        FDCE                                         r  prod_id_pipe_reg[0][15]/D
  -------------------------------------------------------------------    -------------------

                         (clock clk rise edge)        0.000     0.000 r  
                                                      0.000     0.000 r  clk (IN)
                         net (fo=14513, unset)        0.019     0.019    clk
    SLICE_X57Y171        FDCE                                         r  prod_id_pipe_reg[0][15]/C
                         clock pessimism              0.000     0.019    
    SLICE_X57Y171        FDCE (Hold_EFF_SLICEL_C_D)
                                                      0.046     0.065    prod_id_pipe_reg[0][15]
  -------------------------------------------------------------------
                         required time                         -0.065    
                         arrival time                           0.094    
  -------------------------------------------------------------------
                         slack                                  0.029    

Slack (MET) :             0.031ns  (arrival time - required time)
  Source:                 prod_id_pipe_reg[0][11]/C
                            (rising edge-triggered cell FDCE clocked by clk  {rise@0.000ns fall@1.000ns period=2.000ns})
  Destination:            prod_id_pipe_reg[1][11]/D
                            (rising edge-triggered cell FDCE clocked by clk  {rise@0.000ns fall@1.000ns period=2.000ns})
  Path Group:             clk
  Path Type:              Hold (Min at Fast Process Corner)
  Requirement:            0.000ns  (clk rise@0.000ns - clk rise@0.000ns)
  Data Path Delay:        0.083ns  (logic 0.039ns (46.988%)  route 0.044ns (53.012%))
  Logic Levels:           0  
  Clock Path Skew:        0.006ns (DCD - SCD - CPR)
    Destination Clock Delay (DCD):    0.019ns
    Source Clock Delay      (SCD):    0.013ns
    Clock Pessimism Removal (CPR):    -0.000ns

    Location             Delay type                Incr(ns)  Path(ns)    Netlist Resource(s)
  -------------------------------------------------------------------    -------------------
                         (clock clk rise edge)        0.000     0.000 r  
                                                      0.000     0.000 r  clk (IN)
                         net (fo=14513, unset)        0.013     0.013    clk
    SLICE_X59Y173        FDCE                                         r  prod_id_pipe_reg[0][11]/C
  -------------------------------------------------------------------    -------------------
    SLICE_X59Y173        FDCE (Prop_GFF_SLICEL_C_Q)
                                                      0.039     0.052 r  prod_id_pipe_reg[0][11]/Q
                         net (fo=1, routed)           0.044     0.096    prod_id_pipe_reg_n_0_[0][11]
    SLICE_X59Y173        FDCE                                         r  prod_id_pipe_reg[1][11]/D
  -------------------------------------------------------------------    -------------------

                         (clock clk rise edge)        0.000     0.000 r  
                                                      0.000     0.000 r  clk (IN)
                         net (fo=14513, unset)        0.019     0.019    clk
    SLICE_X59Y173        FDCE                                         r  prod_id_pipe_reg[1][11]/C
                         clock pessimism              0.000     0.019    
    SLICE_X59Y173        FDCE (Hold_FFF_SLICEL_C_D)
                                                      0.046     0.065    prod_id_pipe_reg[1][11]
  -------------------------------------------------------------------
                         required time                         -0.065    
                         arrival time                           0.096    
  -------------------------------------------------------------------
                         slack                                  0.031    

Slack (MET) :             0.031ns  (arrival time - required time)
  Source:                 prod_id_pipe_reg[0][24]/C
                            (rising edge-triggered cell FDCE clocked by clk  {rise@0.000ns fall@1.000ns period=2.000ns})
  Destination:            prod_id_pipe_reg[1][24]/D
                            (rising edge-triggered cell FDCE clocked by clk  {rise@0.000ns fall@1.000ns period=2.000ns})
  Path Group:             clk
  Path Type:              Hold (Min at Fast Process Corner)
  Requirement:            0.000ns  (clk rise@0.000ns - clk rise@0.000ns)
  Data Path Delay:        0.083ns  (logic 0.039ns (46.988%)  route 0.044ns (53.012%))
  Logic Levels:           0  
  Clock Path Skew:        0.006ns (DCD - SCD - CPR)
    Destination Clock Delay (DCD):    0.019ns
    Source Clock Delay      (SCD):    0.013ns
    Clock Pessimism Removal (CPR):    -0.000ns

    Location             Delay type                Incr(ns)  Path(ns)    Netlist Resource(s)
  -------------------------------------------------------------------    -------------------
                         (clock clk rise edge)        0.000     0.000 r  
                                                      0.000     0.000 r  clk (IN)
                         net (fo=14513, unset)        0.013     0.013    clk
    SLICE_X59Y172        FDCE                                         r  prod_id_pipe_reg[0][24]/C
  -------------------------------------------------------------------    -------------------
    SLICE_X59Y172        FDCE (Prop_GFF_SLICEL_C_Q)
                                                      0.039     0.052 r  prod_id_pipe_reg[0][24]/Q
                         net (fo=1, routed)           0.044     0.096    prod_id_pipe_reg_n_0_[0][24]
    SLICE_X59Y172        FDCE                                         r  prod_id_pipe_reg[1][24]/D
  -------------------------------------------------------------------    -------------------

                         (clock clk rise edge)        0.000     0.000 r  
                                                      0.000     0.000 r  clk (IN)
                         net (fo=14513, unset)        0.019     0.019    clk
    SLICE_X59Y172        FDCE                                         r  prod_id_pipe_reg[1][24]/C
                         clock pessimism              0.000     0.019    
    SLICE_X59Y172        FDCE (Hold_FFF_SLICEL_C_D)
                                                      0.046     0.065    prod_id_pipe_reg[1][24]
  -------------------------------------------------------------------
                         required time                         -0.065    
                         arrival time                           0.096    
  -------------------------------------------------------------------
                         slack                                  0.031    

Slack (MET) :             0.036ns  (arrival time - required time)
  Source:                 prod_id_pipe_reg[0][18]/C
                            (rising edge-triggered cell FDCE clocked by clk  {rise@0.000ns fall@1.000ns period=2.000ns})
  Destination:            prod_id_pipe_reg[1][18]/D
                            (rising edge-triggered cell FDCE clocked by clk  {rise@0.000ns fall@1.000ns period=2.000ns})
  Path Group:             clk
  Path Type:              Hold (Min at Fast Process Corner)
  Requirement:            0.000ns  (clk rise@0.000ns - clk rise@0.000ns)
  Data Path Delay:        0.088ns  (logic 0.037ns (42.045%)  route 0.051ns (57.955%))
  Logic Levels:           0  
  Clock Path Skew:        0.006ns (DCD - SCD - CPR)
    Destination Clock Delay (DCD):    0.019ns
    Source Clock Delay      (SCD):    0.013ns
    Clock Pessimism Removal (CPR):    -0.000ns

    Location             Delay type                Incr(ns)  Path(ns)    Netlist Resource(s)
  -------------------------------------------------------------------    -------------------
                         (clock clk rise edge)        0.000     0.000 r  
                                                      0.000     0.000 r  clk (IN)
                         net (fo=14513, unset)        0.013     0.013    clk
    SLICE_X58Y169        FDCE                                         r  prod_id_pipe_reg[0][18]/C
  -------------------------------------------------------------------    -------------------
    SLICE_X58Y169        FDCE (Prop_FFF_SLICEM_C_Q)
                                                      0.037     0.050 r  prod_id_pipe_reg[0][18]/Q
                         net (fo=1, routed)           0.051     0.101    prod_id_pipe_reg_n_0_[0][18]
    SLICE_X58Y169        FDCE                                         r  prod_id_pipe_reg[1][18]/D
  -------------------------------------------------------------------    -------------------

                         (clock clk rise edge)        0.000     0.000 r  
                                                      0.000     0.000 r  clk (IN)
                         net (fo=14513, unset)        0.019     0.019    clk
    SLICE_X58Y169        FDCE                                         r  prod_id_pipe_reg[1][18]/C
                         clock pessimism              0.000     0.019    
    SLICE_X58Y169        FDCE (Hold_EFF_SLICEM_C_D)
                                                      0.046     0.065    prod_id_pipe_reg[1][18]
  -------------------------------------------------------------------
                         required time                         -0.065    
                         arrival time                           0.101    
  -------------------------------------------------------------------
                         slack                                  0.036    

Slack (MET) :             0.036ns  (arrival time - required time)
  Source:                 vec_b_reg[0][11]/C
                            (rising edge-triggered cell FDRE clocked by clk  {rise@0.000ns fall@1.000ns period=2.000ns})
  Destination:            vec_selected_r_reg[0][11]/D
                            (rising edge-triggered cell FDCE clocked by clk  {rise@0.000ns fall@1.000ns period=2.000ns})
  Path Group:             clk
  Path Type:              Hold (Min at Fast Process Corner)
  Requirement:            0.000ns  (clk rise@0.000ns - clk rise@0.000ns)
  Data Path Delay:        0.088ns  (logic 0.059ns (67.045%)  route 0.029ns (32.955%))
  Logic Levels:           1  (LUT3=1)
  Clock Path Skew:        0.005ns (DCD - SCD - CPR)
    Destination Clock Delay (DCD):    0.018ns
    Source Clock Delay      (SCD):    0.013ns
    Clock Pessimism Removal (CPR):    -0.000ns

    Location             Delay type                Incr(ns)  Path(ns)    Netlist Resource(s)
  -------------------------------------------------------------------    -------------------
                         (clock clk rise edge)        0.000     0.000 r  
                                                      0.000     0.000 r  clk (IN)
                         net (fo=14513, unset)        0.013     0.013    clk
    SLICE_X80Y135        FDRE                                         r  vec_b_reg[0][11]/C
  -------------------------------------------------------------------    -------------------
    SLICE_X80Y135        FDRE (Prop_GFF_SLICEL_C_Q)
                                                      0.039     0.052 r  vec_b_reg[0][11]/Q
                         net (fo=1, routed)           0.023     0.075    vec_b_reg_n_0_[0][11]
    SLICE_X80Y135        LUT3 (Prop_D5LUT_SLICEL_I1_O)
                                                      0.020     0.095 r  vec_selected_r[0][11]_i_1/O
                         net (fo=1, routed)           0.006     0.101    vec_selected_r[0][11]_i_1_n_0
    SLICE_X80Y135        FDCE                                         r  vec_selected_r_reg[0][11]/D
  -------------------------------------------------------------------    -------------------

                         (clock clk rise edge)        0.000     0.000 r  
                                                      0.000     0.000 r  clk (IN)
                         net (fo=14513, unset)        0.018     0.018    clk
    SLICE_X80Y135        FDCE                                         r  vec_selected_r_reg[0][11]/C
                         clock pessimism              0.000     0.018    
    SLICE_X80Y135        FDCE (Hold_DFF2_SLICEL_C_D)
                                                      0.047     0.065    vec_selected_r_reg[0][11]
  -------------------------------------------------------------------
                         required time                         -0.065    
                         arrival time                           0.101    
  -------------------------------------------------------------------
                         slack                                  0.036    

Slack (MET) :             0.036ns  (arrival time - required time)
  Source:                 vec_b_reg[0][13]/C
                            (rising edge-triggered cell FDRE clocked by clk  {rise@0.000ns fall@1.000ns period=2.000ns})
  Destination:            vec_selected_r_reg[0][13]/D
                            (rising edge-triggered cell FDCE clocked by clk  {rise@0.000ns fall@1.000ns period=2.000ns})
  Path Group:             clk
  Path Type:              Hold (Min at Fast Process Corner)
  Requirement:            0.000ns  (clk rise@0.000ns - clk rise@0.000ns)
  Data Path Delay:        0.088ns  (logic 0.059ns (67.045%)  route 0.029ns (32.955%))
  Logic Levels:           1  (LUT3=1)
  Clock Path Skew:        0.005ns (DCD - SCD - CPR)
    Destination Clock Delay (DCD):    0.018ns
    Source Clock Delay      (SCD):    0.013ns
    Clock Pessimism Removal (CPR):    -0.000ns

    Location             Delay type                Incr(ns)  Path(ns)    Netlist Resource(s)
  -------------------------------------------------------------------    -------------------
                         (clock clk rise edge)        0.000     0.000 r  
                                                      0.000     0.000 r  clk (IN)
                         net (fo=14513, unset)        0.013     0.013    clk
    SLICE_X83Y134        FDRE                                         r  vec_b_reg[0][13]/C
  -------------------------------------------------------------------    -------------------
    SLICE_X83Y134        FDRE (Prop_GFF_SLICEL_C_Q)
                                                      0.039     0.052 r  vec_b_reg[0][13]/Q
                         net (fo=1, routed)           0.023     0.075    vec_b_reg_n_0_[0][13]
    SLICE_X83Y134        LUT3 (Prop_D5LUT_SLICEL_I1_O)
                                                      0.020     0.095 r  vec_selected_r[0][13]_i_1/O
                         net (fo=1, routed)           0.006     0.101    vec_selected_r[0][13]_i_1_n_0
    SLICE_X83Y134        FDCE                                         r  vec_selected_r_reg[0][13]/D
  -------------------------------------------------------------------    -------------------

                         (clock clk rise edge)        0.000     0.000 r  
                                                      0.000     0.000 r  clk (IN)
                         net (fo=14513, unset)        0.018     0.018    clk
    SLICE_X83Y134        FDCE                                         r  vec_selected_r_reg[0][13]/C
                         clock pessimism              0.000     0.018    
    SLICE_X83Y134        FDCE (Hold_DFF2_SLICEL_C_D)
                                                      0.047     0.065    vec_selected_r_reg[0][13]
  -------------------------------------------------------------------
                         required time                         -0.065    
                         arrival time                           0.101    
  -------------------------------------------------------------------
                         slack                                  0.036    

Slack (MET) :             0.036ns  (arrival time - required time)
  Source:                 vec_b_reg[10][11]/C
                            (rising edge-triggered cell FDRE clocked by clk  {rise@0.000ns fall@1.000ns period=2.000ns})
  Destination:            vec_selected_r_reg[10][11]/D
                            (rising edge-triggered cell FDCE clocked by clk  {rise@0.000ns fall@1.000ns period=2.000ns})
  Path Group:             clk
  Path Type:              Hold (Min at Fast Process Corner)
  Requirement:            0.000ns  (clk rise@0.000ns - clk rise@0.000ns)
  Data Path Delay:        0.088ns  (logic 0.059ns (67.045%)  route 0.029ns (32.955%))
  Logic Levels:           1  (LUT3=1)
  Clock Path Skew:        0.005ns (DCD - SCD - CPR)
    Destination Clock Delay (DCD):    0.018ns
    Source Clock Delay      (SCD):    0.013ns
    Clock Pessimism Removal (CPR):    -0.000ns

    Location             Delay type                Incr(ns)  Path(ns)    Netlist Resource(s)
  -------------------------------------------------------------------    -------------------
                         (clock clk rise edge)        0.000     0.000 r  
                                                      0.000     0.000 r  clk (IN)
                         net (fo=14513, unset)        0.013     0.013    clk
    SLICE_X64Y89         FDRE                                         r  vec_b_reg[10][11]/C
  -------------------------------------------------------------------    -------------------
    SLICE_X64Y89         FDRE (Prop_GFF_SLICEL_C_Q)
                                                      0.039     0.052 r  vec_b_reg[10][11]/Q
                         net (fo=1, routed)           0.023     0.075    vec_b_reg_n_0_[10][11]
    SLICE_X64Y89         LUT3 (Prop_D5LUT_SLICEL_I1_O)
                                                      0.020     0.095 r  vec_selected_r[10][11]_i_1/O
                         net (fo=1, routed)           0.006     0.101    vec_selected_r[10][11]_i_1_n_0
    SLICE_X64Y89         FDCE                                         r  vec_selected_r_reg[10][11]/D
  -------------------------------------------------------------------    -------------------

                         (clock clk rise edge)        0.000     0.000 r  
                                                      0.000     0.000 r  clk (IN)
                         net (fo=14513, unset)        0.018     0.018    clk
    SLICE_X64Y89         FDCE                                         r  vec_selected_r_reg[10][11]/C
                         clock pessimism              0.000     0.018    
    SLICE_X64Y89         FDCE (Hold_DFF2_SLICEL_C_D)
                                                      0.047     0.065    vec_selected_r_reg[10][11]
  -------------------------------------------------------------------
                         required time                         -0.065    
                         arrival time                           0.101    
  -------------------------------------------------------------------
                         slack                                  0.036    

Slack (MET) :             0.036ns  (arrival time - required time)
  Source:                 vec_b_reg[10][13]/C
                            (rising edge-triggered cell FDRE clocked by clk  {rise@0.000ns fall@1.000ns period=2.000ns})
  Destination:            vec_selected_r_reg[10][13]/D
                            (rising edge-triggered cell FDCE clocked by clk  {rise@0.000ns fall@1.000ns period=2.000ns})
  Path Group:             clk
  Path Type:              Hold (Min at Fast Process Corner)
  Requirement:            0.000ns  (clk rise@0.000ns - clk rise@0.000ns)
  Data Path Delay:        0.088ns  (logic 0.059ns (67.045%)  route 0.029ns (32.955%))
  Logic Levels:           1  (LUT3=1)
  Clock Path Skew:        0.005ns (DCD - SCD - CPR)
    Destination Clock Delay (DCD):    0.018ns
    Source Clock Delay      (SCD):    0.013ns
    Clock Pessimism Removal (CPR):    -0.000ns

    Location             Delay type                Incr(ns)  Path(ns)    Netlist Resource(s)
  -------------------------------------------------------------------    -------------------
                         (clock clk rise edge)        0.000     0.000 r  
                                                      0.000     0.000 r  clk (IN)
                         net (fo=14513, unset)        0.013     0.013    clk
    SLICE_X63Y89         FDRE                                         r  vec_b_reg[10][13]/C
  -------------------------------------------------------------------    -------------------
    SLICE_X63Y89         FDRE (Prop_GFF_SLICEL_C_Q)
                                                      0.039     0.052 r  vec_b_reg[10][13]/Q
                         net (fo=1, routed)           0.023     0.075    vec_b_reg_n_0_[10][13]
    SLICE_X63Y89         LUT3 (Prop_D5LUT_SLICEL_I1_O)
                                                      0.020     0.095 r  vec_selected_r[10][13]_i_1/O
                         net (fo=1, routed)           0.006     0.101    vec_selected_r[10][13]_i_1_n_0
    SLICE_X63Y89         FDCE                                         r  vec_selected_r_reg[10][13]/D
  -------------------------------------------------------------------    -------------------

                         (clock clk rise edge)        0.000     0.000 r  
                                                      0.000     0.000 r  clk (IN)
                         net (fo=14513, unset)        0.018     0.018    clk
    SLICE_X63Y89         FDCE                                         r  vec_selected_r_reg[10][13]/C
                         clock pessimism              0.000     0.018    
    SLICE_X63Y89         FDCE (Hold_DFF2_SLICEL_C_D)
                                                      0.047     0.065    vec_selected_r_reg[10][13]
  -------------------------------------------------------------------
                         required time                         -0.065    
                         arrival time                           0.101    
  -------------------------------------------------------------------
                         slack                                  0.036    

Slack (MET) :             0.036ns  (arrival time - required time)
  Source:                 vec_b_reg[10][5]/C
                            (rising edge-triggered cell FDRE clocked by clk  {rise@0.000ns fall@1.000ns period=2.000ns})
  Destination:            vec_selected_r_reg[10][5]/D
                            (rising edge-triggered cell FDCE clocked by clk  {rise@0.000ns fall@1.000ns period=2.000ns})
  Path Group:             clk
  Path Type:              Hold (Min at Fast Process Corner)
  Requirement:            0.000ns  (clk rise@0.000ns - clk rise@0.000ns)
  Data Path Delay:        0.088ns  (logic 0.059ns (67.045%)  route 0.029ns (32.955%))
  Logic Levels:           1  (LUT3=1)
  Clock Path Skew:        0.005ns (DCD - SCD - CPR)
    Destination Clock Delay (DCD):    0.018ns
    Source Clock Delay      (SCD):    0.013ns
    Clock Pessimism Removal (CPR):    -0.000ns

    Location             Delay type                Incr(ns)  Path(ns)    Netlist Resource(s)
  -------------------------------------------------------------------    -------------------
                         (clock clk rise edge)        0.000     0.000 r  
                                                      0.000     0.000 r  clk (IN)
                         net (fo=14513, unset)        0.013     0.013    clk
    SLICE_X65Y89         FDRE                                         r  vec_b_reg[10][5]/C
  -------------------------------------------------------------------    -------------------
    SLICE_X65Y89         FDRE (Prop_GFF_SLICEL_C_Q)
                                                      0.039     0.052 r  vec_b_reg[10][5]/Q
                         net (fo=1, routed)           0.023     0.075    vec_b_reg_n_0_[10][5]
    SLICE_X65Y89         LUT3 (Prop_D5LUT_SLICEL_I1_O)
                                                      0.020     0.095 r  vec_selected_r[10][5]_i_1/O
                         net (fo=1, routed)           0.006     0.101    vec_selected_r[10][5]_i_1_n_0
    SLICE_X65Y89         FDCE                                         r  vec_selected_r_reg[10][5]/D
  -------------------------------------------------------------------    -------------------

                         (clock clk rise edge)        0.000     0.000 r  
                                                      0.000     0.000 r  clk (IN)
                         net (fo=14513, unset)        0.018     0.018    clk
    SLICE_X65Y89         FDCE                                         r  vec_selected_r_reg[10][5]/C
                         clock pessimism              0.000     0.018    
    SLICE_X65Y89         FDCE (Hold_DFF2_SLICEL_C_D)
                                                      0.047     0.065    vec_selected_r_reg[10][5]
  -------------------------------------------------------------------
                         required time                         -0.065    
                         arrival time                           0.101    
  -------------------------------------------------------------------
                         slack                                  0.036    

Slack (MET) :             0.036ns  (arrival time - required time)
  Source:                 vec_b_reg[11][11]/C
                            (rising edge-triggered cell FDRE clocked by clk  {rise@0.000ns fall@1.000ns period=2.000ns})
  Destination:            vec_selected_r_reg[11][11]/D
                            (rising edge-triggered cell FDCE clocked by clk  {rise@0.000ns fall@1.000ns period=2.000ns})
  Path Group:             clk
  Path Type:              Hold (Min at Fast Process Corner)
  Requirement:            0.000ns  (clk rise@0.000ns - clk rise@0.000ns)
  Data Path Delay:        0.088ns  (logic 0.059ns (67.045%)  route 0.029ns (32.955%))
  Logic Levels:           1  (LUT3=1)
  Clock Path Skew:        0.005ns (DCD - SCD - CPR)
    Destination Clock Delay (DCD):    0.018ns
    Source Clock Delay      (SCD):    0.013ns
    Clock Pessimism Removal (CPR):    -0.000ns

    Location             Delay type                Incr(ns)  Path(ns)    Netlist Resource(s)
  -------------------------------------------------------------------    -------------------
                         (clock clk rise edge)        0.000     0.000 r  
                                                      0.000     0.000 r  clk (IN)
                         net (fo=14513, unset)        0.013     0.013    clk
    SLICE_X60Y84         FDRE                                         r  vec_b_reg[11][11]/C
  -------------------------------------------------------------------    -------------------
    SLICE_X60Y84         FDRE (Prop_GFF_SLICEL_C_Q)
                                                      0.039     0.052 r  vec_b_reg[11][11]/Q
                         net (fo=1, routed)           0.023     0.075    vec_b_reg_n_0_[11][11]
    SLICE_X60Y84         LUT3 (Prop_D5LUT_SLICEL_I1_O)
                                                      0.020     0.095 r  vec_selected_r[11][11]_i_1/O
                         net (fo=1, routed)           0.006     0.101    vec_selected_r[11][11]_i_1_n_0
    SLICE_X60Y84         FDCE                                         r  vec_selected_r_reg[11][11]/D
  -------------------------------------------------------------------    -------------------

                         (clock clk rise edge)        0.000     0.000 r  
                                                      0.000     0.000 r  clk (IN)
                         net (fo=14513, unset)        0.018     0.018    clk
    SLICE_X60Y84         FDCE                                         r  vec_selected_r_reg[11][11]/C
                         clock pessimism              0.000     0.018    
    SLICE_X60Y84         FDCE (Hold_DFF2_SLICEL_C_D)
                                                      0.047     0.065    vec_selected_r_reg[11][11]
  -------------------------------------------------------------------
                         required time                         -0.065    
                         arrival time                           0.101    
  -------------------------------------------------------------------
                         slack                                  0.036    

Slack (MET) :             0.036ns  (arrival time - required time)
  Source:                 vec_b_reg[11][13]/C
                            (rising edge-triggered cell FDRE clocked by clk  {rise@0.000ns fall@1.000ns period=2.000ns})
  Destination:            vec_selected_r_reg[11][13]/D
                            (rising edge-triggered cell FDCE clocked by clk  {rise@0.000ns fall@1.000ns period=2.000ns})
  Path Group:             clk
  Path Type:              Hold (Min at Fast Process Corner)
  Requirement:            0.000ns  (clk rise@0.000ns - clk rise@0.000ns)
  Data Path Delay:        0.088ns  (logic 0.059ns (67.045%)  route 0.029ns (32.955%))
  Logic Levels:           1  (LUT3=1)
  Clock Path Skew:        0.005ns (DCD - SCD - CPR)
    Destination Clock Delay (DCD):    0.018ns
    Source Clock Delay      (SCD):    0.013ns
    Clock Pessimism Removal (CPR):    -0.000ns

    Location             Delay type                Incr(ns)  Path(ns)    Netlist Resource(s)
  -------------------------------------------------------------------    -------------------
                         (clock clk rise edge)        0.000     0.000 r  
                                                      0.000     0.000 r  clk (IN)
                         net (fo=14513, unset)        0.013     0.013    clk
    SLICE_X60Y85         FDRE                                         r  vec_b_reg[11][13]/C
  -------------------------------------------------------------------    -------------------
    SLICE_X60Y85         FDRE (Prop_GFF_SLICEL_C_Q)
                                                      0.039     0.052 r  vec_b_reg[11][13]/Q
                         net (fo=1, routed)           0.023     0.075    vec_b_reg_n_0_[11][13]
    SLICE_X60Y85         LUT3 (Prop_D5LUT_SLICEL_I1_O)
                                                      0.020     0.095 r  vec_selected_r[11][13]_i_1/O
                         net (fo=1, routed)           0.006     0.101    vec_selected_r[11][13]_i_1_n_0
    SLICE_X60Y85         FDCE                                         r  vec_selected_r_reg[11][13]/D
  -------------------------------------------------------------------    -------------------

                         (clock clk rise edge)        0.000     0.000 r  
                                                      0.000     0.000 r  clk (IN)
                         net (fo=14513, unset)        0.018     0.018    clk
    SLICE_X60Y85         FDCE                                         r  vec_selected_r_reg[11][13]/C
                         clock pessimism              0.000     0.018    
    SLICE_X60Y85         FDCE (Hold_DFF2_SLICEL_C_D)
                                                      0.047     0.065    vec_selected_r_reg[11][13]
  -------------------------------------------------------------------
                         required time                         -0.065    
                         arrival time                           0.101    
  -------------------------------------------------------------------
                         slack                                  0.036    

Slack (MET) :             0.036ns  (arrival time - required time)
  Source:                 vec_b_reg[12][5]/C
                            (rising edge-triggered cell FDRE clocked by clk  {rise@0.000ns fall@1.000ns period=2.000ns})
  Destination:            vec_selected_r_reg[12][5]/D
                            (rising edge-triggered cell FDCE clocked by clk  {rise@0.000ns fall@1.000ns period=2.000ns})
  Path Group:             clk
  Path Type:              Hold (Min at Fast Process Corner)
  Requirement:            0.000ns  (clk rise@0.000ns - clk rise@0.000ns)
  Data Path Delay:        0.088ns  (logic 0.059ns (67.045%)  route 0.029ns (32.955%))
  Logic Levels:           1  (LUT3=1)
  Clock Path Skew:        0.005ns (DCD - SCD - CPR)
    Destination Clock Delay (DCD):    0.018ns
    Source Clock Delay      (SCD):    0.013ns
    Clock Pessimism Removal (CPR):    -0.000ns

    Location             Delay type                Incr(ns)  Path(ns)    Netlist Resource(s)
  -------------------------------------------------------------------    -------------------
                         (clock clk rise edge)        0.000     0.000 r  
                                                      0.000     0.000 r  clk (IN)
                         net (fo=14513, unset)        0.013     0.013    clk
    SLICE_X47Y88         FDRE                                         r  vec_b_reg[12][5]/C
  -------------------------------------------------------------------    -------------------
    SLICE_X47Y88         FDRE (Prop_GFF_SLICEL_C_Q)
                                                      0.039     0.052 r  vec_b_reg[12][5]/Q
                         net (fo=1, routed)           0.023     0.075    vec_b_reg_n_0_[12][5]
    SLICE_X47Y88         LUT3 (Prop_D5LUT_SLICEL_I1_O)
                                                      0.020     0.095 r  vec_selected_r[12][5]_i_1/O
                         net (fo=1, routed)           0.006     0.101    vec_selected_r[12][5]_i_1_n_0
    SLICE_X47Y88         FDCE                                         r  vec_selected_r_reg[12][5]/D
  -------------------------------------------------------------------    -------------------

                         (clock clk rise edge)        0.000     0.000 r  
                                                      0.000     0.000 r  clk (IN)
                         net (fo=14513, unset)        0.018     0.018    clk
    SLICE_X47Y88         FDCE                                         r  vec_selected_r_reg[12][5]/C
                         clock pessimism              0.000     0.018    
    SLICE_X47Y88         FDCE (Hold_DFF2_SLICEL_C_D)
                                                      0.047     0.065    vec_selected_r_reg[12][5]
  -------------------------------------------------------------------
                         required time                         -0.065    
                         arrival time                           0.101    
  -------------------------------------------------------------------
                         slack                                  0.036    

Slack (MET) :             0.036ns  (arrival time - required time)
  Source:                 vec_b_reg[13][11]/C
                            (rising edge-triggered cell FDRE clocked by clk  {rise@0.000ns fall@1.000ns period=2.000ns})
  Destination:            vec_selected_r_reg[13][11]/D
                            (rising edge-triggered cell FDCE clocked by clk  {rise@0.000ns fall@1.000ns period=2.000ns})
  Path Group:             clk
  Path Type:              Hold (Min at Fast Process Corner)
  Requirement:            0.000ns  (clk rise@0.000ns - clk rise@0.000ns)
  Data Path Delay:        0.088ns  (logic 0.059ns (67.045%)  route 0.029ns (32.955%))
  Logic Levels:           1  (LUT3=1)
  Clock Path Skew:        0.005ns (DCD - SCD - CPR)
    Destination Clock Delay (DCD):    0.018ns
    Source Clock Delay      (SCD):    0.013ns
    Clock Pessimism Removal (CPR):    -0.000ns

    Location             Delay type                Incr(ns)  Path(ns)    Netlist Resource(s)
  -------------------------------------------------------------------    -------------------
                         (clock clk rise edge)        0.000     0.000 r  
                                                      0.000     0.000 r  clk (IN)
                         net (fo=14513, unset)        0.013     0.013    clk
    SLICE_X47Y86         FDRE                                         r  vec_b_reg[13][11]/C
  -------------------------------------------------------------------    -------------------
    SLICE_X47Y86         FDRE (Prop_GFF_SLICEL_C_Q)
                                                      0.039     0.052 r  vec_b_reg[13][11]/Q
                         net (fo=1, routed)           0.023     0.075    vec_b_reg_n_0_[13][11]
    SLICE_X47Y86         LUT3 (Prop_D5LUT_SLICEL_I1_O)
                                                      0.020     0.095 r  vec_selected_r[13][11]_i_1/O
                         net (fo=1, routed)           0.006     0.101    vec_selected_r[13][11]_i_1_n_0
    SLICE_X47Y86         FDCE                                         r  vec_selected_r_reg[13][11]/D
  -------------------------------------------------------------------    -------------------

                         (clock clk rise edge)        0.000     0.000 r  
                                                      0.000     0.000 r  clk (IN)
                         net (fo=14513, unset)        0.018     0.018    clk
    SLICE_X47Y86         FDCE                                         r  vec_selected_r_reg[13][11]/C
                         clock pessimism              0.000     0.018    
    SLICE_X47Y86         FDCE (Hold_DFF2_SLICEL_C_D)
                                                      0.047     0.065    vec_selected_r_reg[13][11]
  -------------------------------------------------------------------
                         required time                         -0.065    
                         arrival time                           0.101    
  -------------------------------------------------------------------
                         slack                                  0.036    

Slack (MET) :             0.036ns  (arrival time - required time)
  Source:                 vec_b_reg[13][13]/C
                            (rising edge-triggered cell FDRE clocked by clk  {rise@0.000ns fall@1.000ns period=2.000ns})
  Destination:            vec_selected_r_reg[13][13]/D
                            (rising edge-triggered cell FDCE clocked by clk  {rise@0.000ns fall@1.000ns period=2.000ns})
  Path Group:             clk
  Path Type:              Hold (Min at Fast Process Corner)
  Requirement:            0.000ns  (clk rise@0.000ns - clk rise@0.000ns)
  Data Path Delay:        0.088ns  (logic 0.059ns (67.045%)  route 0.029ns (32.955%))
  Logic Levels:           1  (LUT3=1)
  Clock Path Skew:        0.005ns (DCD - SCD - CPR)
    Destination Clock Delay (DCD):    0.018ns
    Source Clock Delay      (SCD):    0.013ns
    Clock Pessimism Removal (CPR):    -0.000ns

    Location             Delay type                Incr(ns)  Path(ns)    Netlist Resource(s)
  -------------------------------------------------------------------    -------------------
                         (clock clk rise edge)        0.000     0.000 r  
                                                      0.000     0.000 r  clk (IN)
                         net (fo=14513, unset)        0.013     0.013    clk
    SLICE_X47Y87         FDRE                                         r  vec_b_reg[13][13]/C
  -------------------------------------------------------------------    -------------------
    SLICE_X47Y87         FDRE (Prop_GFF_SLICEL_C_Q)
                                                      0.039     0.052 r  vec_b_reg[13][13]/Q
                         net (fo=1, routed)           0.023     0.075    vec_b_reg_n_0_[13][13]
    SLICE_X47Y87         LUT3 (Prop_D5LUT_SLICEL_I1_O)
                                                      0.020     0.095 r  vec_selected_r[13][13]_i_1/O
                         net (fo=1, routed)           0.006     0.101    vec_selected_r[13][13]_i_1_n_0
    SLICE_X47Y87         FDCE                                         r  vec_selected_r_reg[13][13]/D
  -------------------------------------------------------------------    -------------------

                         (clock clk rise edge)        0.000     0.000 r  
                                                      0.000     0.000 r  clk (IN)
                         net (fo=14513, unset)        0.018     0.018    clk
    SLICE_X47Y87         FDCE                                         r  vec_selected_r_reg[13][13]/C
                         clock pessimism              0.000     0.018    
    SLICE_X47Y87         FDCE (Hold_DFF2_SLICEL_C_D)
                                                      0.047     0.065    vec_selected_r_reg[13][13]
  -------------------------------------------------------------------
                         required time                         -0.065    
                         arrival time                           0.101    
  -------------------------------------------------------------------
                         slack                                  0.036    

Slack (MET) :             0.036ns  (arrival time - required time)
  Source:                 vec_b_reg[14][11]/C
                            (rising edge-triggered cell FDRE clocked by clk  {rise@0.000ns fall@1.000ns period=2.000ns})
  Destination:            vec_selected_r_reg[14][11]/D
                            (rising edge-triggered cell FDCE clocked by clk  {rise@0.000ns fall@1.000ns period=2.000ns})
  Path Group:             clk
  Path Type:              Hold (Min at Fast Process Corner)
  Requirement:            0.000ns  (clk rise@0.000ns - clk rise@0.000ns)
  Data Path Delay:        0.088ns  (logic 0.059ns (67.045%)  route 0.029ns (32.955%))
  Logic Levels:           1  (LUT3=1)
  Clock Path Skew:        0.005ns (DCD - SCD - CPR)
    Destination Clock Delay (DCD):    0.018ns
    Source Clock Delay      (SCD):    0.013ns
    Clock Pessimism Removal (CPR):    -0.000ns

    Location             Delay type                Incr(ns)  Path(ns)    Netlist Resource(s)
  -------------------------------------------------------------------    -------------------
                         (clock clk rise edge)        0.000     0.000 r  
                                                      0.000     0.000 r  clk (IN)
                         net (fo=14513, unset)        0.013     0.013    clk
    SLICE_X51Y80         FDRE                                         r  vec_b_reg[14][11]/C
  -------------------------------------------------------------------    -------------------
    SLICE_X51Y80         FDRE (Prop_GFF_SLICEL_C_Q)
                                                      0.039     0.052 r  vec_b_reg[14][11]/Q
                         net (fo=1, routed)           0.023     0.075    vec_b_reg_n_0_[14][11]
    SLICE_X51Y80         LUT3 (Prop_D5LUT_SLICEL_I1_O)
                                                      0.020     0.095 r  vec_selected_r[14][11]_i_1/O
                         net (fo=1, routed)           0.006     0.101    vec_selected_r[14][11]_i_1_n_0
    SLICE_X51Y80         FDCE                                         r  vec_selected_r_reg[14][11]/D
  -------------------------------------------------------------------    -------------------

                         (clock clk rise edge)        0.000     0.000 r  
                                                      0.000     0.000 r  clk (IN)
                         net (fo=14513, unset)        0.018     0.018    clk
    SLICE_X51Y80         FDCE                                         r  vec_selected_r_reg[14][11]/C
                         clock pessimism              0.000     0.018    
    SLICE_X51Y80         FDCE (Hold_DFF2_SLICEL_C_D)
                                                      0.047     0.065    vec_selected_r_reg[14][11]
  -------------------------------------------------------------------
                         required time                         -0.065    
                         arrival time                           0.101    
  -------------------------------------------------------------------
                         slack                                  0.036    

Slack (MET) :             0.036ns  (arrival time - required time)
  Source:                 vec_b_reg[15][11]/C
                            (rising edge-triggered cell FDRE clocked by clk  {rise@0.000ns fall@1.000ns period=2.000ns})
  Destination:            vec_selected_r_reg[15][11]/D
                            (rising edge-triggered cell FDCE clocked by clk  {rise@0.000ns fall@1.000ns period=2.000ns})
  Path Group:             clk
  Path Type:              Hold (Min at Fast Process Corner)
  Requirement:            0.000ns  (clk rise@0.000ns - clk rise@0.000ns)
  Data Path Delay:        0.088ns  (logic 0.059ns (67.045%)  route 0.029ns (32.955%))
  Logic Levels:           1  (LUT3=1)
  Clock Path Skew:        0.005ns (DCD - SCD - CPR)
    Destination Clock Delay (DCD):    0.018ns
    Source Clock Delay      (SCD):    0.013ns
    Clock Pessimism Removal (CPR):    -0.000ns

    Location             Delay type                Incr(ns)  Path(ns)    Netlist Resource(s)
  -------------------------------------------------------------------    -------------------
                         (clock clk rise edge)        0.000     0.000 r  
                                                      0.000     0.000 r  clk (IN)
                         net (fo=14513, unset)        0.013     0.013    clk
    SLICE_X48Y81         FDRE                                         r  vec_b_reg[15][11]/C
  -------------------------------------------------------------------    -------------------
    SLICE_X48Y81         FDRE (Prop_GFF_SLICEL_C_Q)
                                                      0.039     0.052 r  vec_b_reg[15][11]/Q
                         net (fo=1, routed)           0.023     0.075    vec_b_reg_n_0_[15][11]
    SLICE_X48Y81         LUT3 (Prop_D5LUT_SLICEL_I1_O)
                                                      0.020     0.095 r  vec_selected_r[15][11]_i_1/O
                         net (fo=1, routed)           0.006     0.101    vec_selected_r[15][11]_i_1_n_0
    SLICE_X48Y81         FDCE                                         r  vec_selected_r_reg[15][11]/D
  -------------------------------------------------------------------    -------------------

                         (clock clk rise edge)        0.000     0.000 r  
                                                      0.000     0.000 r  clk (IN)
                         net (fo=14513, unset)        0.018     0.018    clk
    SLICE_X48Y81         FDCE                                         r  vec_selected_r_reg[15][11]/C
                         clock pessimism              0.000     0.018    
    SLICE_X48Y81         FDCE (Hold_DFF2_SLICEL_C_D)
                                                      0.047     0.065    vec_selected_r_reg[15][11]
  -------------------------------------------------------------------
                         required time                         -0.065    
                         arrival time                           0.101    
  -------------------------------------------------------------------
                         slack                                  0.036    

Slack (MET) :             0.036ns  (arrival time - required time)
  Source:                 vec_b_reg[19][11]/C
                            (rising edge-triggered cell FDRE clocked by clk  {rise@0.000ns fall@1.000ns period=2.000ns})
  Destination:            vec_selected_r_reg[19][11]/D
                            (rising edge-triggered cell FDCE clocked by clk  {rise@0.000ns fall@1.000ns period=2.000ns})
  Path Group:             clk
  Path Type:              Hold (Min at Fast Process Corner)
  Requirement:            0.000ns  (clk rise@0.000ns - clk rise@0.000ns)
  Data Path Delay:        0.088ns  (logic 0.059ns (67.045%)  route 0.029ns (32.955%))
  Logic Levels:           1  (LUT3=1)
  Clock Path Skew:        0.005ns (DCD - SCD - CPR)
    Destination Clock Delay (DCD):    0.018ns
    Source Clock Delay      (SCD):    0.013ns
    Clock Pessimism Removal (CPR):    -0.000ns

    Location             Delay type                Incr(ns)  Path(ns)    Netlist Resource(s)
  -------------------------------------------------------------------    -------------------
                         (clock clk rise edge)        0.000     0.000 r  
                                                      0.000     0.000 r  clk (IN)
                         net (fo=14513, unset)        0.013     0.013    clk
    SLICE_X65Y182        FDRE                                         r  vec_b_reg[19][11]/C
  -------------------------------------------------------------------    -------------------
    SLICE_X65Y182        FDRE (Prop_GFF_SLICEL_C_Q)
                                                      0.039     0.052 r  vec_b_reg[19][11]/Q
                         net (fo=1, routed)           0.023     0.075    vec_b_reg_n_0_[19][11]
    SLICE_X65Y182        LUT3 (Prop_D5LUT_SLICEL_I1_O)
                                                      0.020     0.095 r  vec_selected_r[19][11]_i_1/O
                         net (fo=1, routed)           0.006     0.101    vec_selected_r[19][11]_i_1_n_0
    SLICE_X65Y182        FDCE                                         r  vec_selected_r_reg[19][11]/D
  -------------------------------------------------------------------    -------------------

                         (clock clk rise edge)        0.000     0.000 r  
                                                      0.000     0.000 r  clk (IN)
                         net (fo=14513, unset)        0.018     0.018    clk
    SLICE_X65Y182        FDCE                                         r  vec_selected_r_reg[19][11]/C
                         clock pessimism              0.000     0.018    
    SLICE_X65Y182        FDCE (Hold_DFF2_SLICEL_C_D)
                                                      0.047     0.065    vec_selected_r_reg[19][11]
  -------------------------------------------------------------------
                         required time                         -0.065    
                         arrival time                           0.101    
  -------------------------------------------------------------------
                         slack                                  0.036    

Slack (MET) :             0.036ns  (arrival time - required time)
  Source:                 vec_b_reg[19][13]/C
                            (rising edge-triggered cell FDRE clocked by clk  {rise@0.000ns fall@1.000ns period=2.000ns})
  Destination:            vec_selected_r_reg[19][13]/D
                            (rising edge-triggered cell FDCE clocked by clk  {rise@0.000ns fall@1.000ns period=2.000ns})
  Path Group:             clk
  Path Type:              Hold (Min at Fast Process Corner)
  Requirement:            0.000ns  (clk rise@0.000ns - clk rise@0.000ns)
  Data Path Delay:        0.088ns  (logic 0.059ns (67.045%)  route 0.029ns (32.955%))
  Logic Levels:           1  (LUT3=1)
  Clock Path Skew:        0.005ns (DCD - SCD - CPR)
    Destination Clock Delay (DCD):    0.018ns
    Source Clock Delay      (SCD):    0.013ns
    Clock Pessimism Removal (CPR):    -0.000ns

    Location             Delay type                Incr(ns)  Path(ns)    Netlist Resource(s)
  -------------------------------------------------------------------    -------------------
                         (clock clk rise edge)        0.000     0.000 r  
                                                      0.000     0.000 r  clk (IN)
                         net (fo=14513, unset)        0.013     0.013    clk
    SLICE_X65Y184        FDRE                                         r  vec_b_reg[19][13]/C
  -------------------------------------------------------------------    -------------------
    SLICE_X65Y184        FDRE (Prop_GFF_SLICEL_C_Q)
                                                      0.039     0.052 r  vec_b_reg[19][13]/Q
                         net (fo=1, routed)           0.023     0.075    vec_b_reg_n_0_[19][13]
    SLICE_X65Y184        LUT3 (Prop_D5LUT_SLICEL_I1_O)
                                                      0.020     0.095 r  vec_selected_r[19][13]_i_1/O
                         net (fo=1, routed)           0.006     0.101    vec_selected_r[19][13]_i_1_n_0
    SLICE_X65Y184        FDCE                                         r  vec_selected_r_reg[19][13]/D
  -------------------------------------------------------------------    -------------------

                         (clock clk rise edge)        0.000     0.000 r  
                                                      0.000     0.000 r  clk (IN)
                         net (fo=14513, unset)        0.018     0.018    clk
    SLICE_X65Y184        FDCE                                         r  vec_selected_r_reg[19][13]/C
                         clock pessimism              0.000     0.018    
    SLICE_X65Y184        FDCE (Hold_DFF2_SLICEL_C_D)
                                                      0.047     0.065    vec_selected_r_reg[19][13]
  -------------------------------------------------------------------
                         required time                         -0.065    
                         arrival time                           0.101    
  -------------------------------------------------------------------
                         slack                                  0.036    





Pulse Width Checks
--------------------------------------------------------------------------------------
Clock Name:         clk
Waveform(ns):       { 0.000 1.000 }
Period(ns):         2.000
Sources:            { clk }

Check Type        Corner  Lib Pin             Reference Pin  Required(ns)  Actual(ns)  Slack(ns)  Location      Pin
Min Period        n/a     RAMB18E2/CLKARDCLK  n/a            1.355         2.000       0.645      RAMB18_X7Y52  coeff_selected_r_reg[0][0]/CLKARDCLK
Min Period        n/a     RAMB18E2/CLKARDCLK  n/a            1.355         2.000       0.645      RAMB18_X5Y35  coeff_selected_r_reg[0][10]/CLKARDCLK
Min Period        n/a     RAMB18E2/CLKARDCLK  n/a            1.355         2.000       0.645      RAMB18_X5Y33  coeff_selected_r_reg[0][11]/CLKARDCLK
Min Period        n/a     RAMB18E2/CLKARDCLK  n/a            1.355         2.000       0.645      RAMB18_X3Y34  coeff_selected_r_reg[0][12]/CLKARDCLK
Min Period        n/a     RAMB18E2/CLKARDCLK  n/a            1.355         2.000       0.645      RAMB18_X2Y36  coeff_selected_r_reg[0][13]/CLKARDCLK
Min Period        n/a     RAMB18E2/CLKARDCLK  n/a            1.355         2.000       0.645      RAMB18_X3Y29  coeff_selected_r_reg[0][14]/CLKARDCLK
Min Period        n/a     RAMB18E2/CLKARDCLK  n/a            1.355         2.000       0.645      RAMB18_X3Y31  coeff_selected_r_reg[0][15]/CLKARDCLK
Min Period        n/a     RAMB18E2/CLKARDCLK  n/a            1.355         2.000       0.645      RAMB18_X5Y73  coeff_selected_r_reg[0][16]/CLKARDCLK
Min Period        n/a     RAMB18E2/CLKARDCLK  n/a            1.355         2.000       0.645      RAMB18_X5Y67  coeff_selected_r_reg[0][17]/CLKARDCLK
Min Period        n/a     RAMB18E2/CLKARDCLK  n/a            1.355         2.000       0.645      RAMB18_X6Y68  coeff_selected_r_reg[0][18]/CLKARDCLK
Min Period        n/a     RAMB18E2/CLKARDCLK  n/a            1.355         2.000       0.645      RAMB18_X5Y69  coeff_selected_r_reg[0][19]/CLKARDCLK
Min Period        n/a     RAMB18E2/CLKARDCLK  n/a            1.355         2.000       0.645      RAMB18_X7Y53  coeff_selected_r_reg[0][1]/CLKARDCLK
Min Period        n/a     RAMB18E2/CLKARDCLK  n/a            1.355         2.000       0.645      RAMB18_X5Y80  coeff_selected_r_reg[0][20]/CLKARDCLK
Min Period        n/a     RAMB18E2/CLKARDCLK  n/a            1.355         2.000       0.645      RAMB18_X5Y81  coeff_selected_r_reg[0][21]/CLKARDCLK
Min Period        n/a     RAMB18E2/CLKARDCLK  n/a            1.355         2.000       0.645      RAMB18_X5Y84  coeff_selected_r_reg[0][22]/CLKARDCLK
Min Period        n/a     RAMB18E2/CLKARDCLK  n/a            1.355         2.000       0.645      RAMB18_X5Y85  coeff_selected_r_reg[0][23]/CLKARDCLK
Min Period        n/a     RAMB18E2/CLKARDCLK  n/a            1.355         2.000       0.645      RAMB18_X7Y73  coeff_selected_r_reg[0][24]/CLKARDCLK
Min Period        n/a     RAMB18E2/CLKARDCLK  n/a            1.355         2.000       0.645      RAMB18_X7Y74  coeff_selected_r_reg[0][25]/CLKARDCLK
Min Period        n/a     RAMB18E2/CLKARDCLK  n/a            1.355         2.000       0.645      RAMB18_X7Y69  coeff_selected_r_reg[0][26]/CLKARDCLK
Min Period        n/a     RAMB18E2/CLKARDCLK  n/a            1.355         2.000       0.645      RAMB18_X7Y71  coeff_selected_r_reg[0][27]/CLKARDCLK
Low Pulse Width   Slow    RAMB18E2/CLKARDCLK  n/a            0.542         1.000       0.458      RAMB18_X7Y52  coeff_selected_r_reg[0][0]/CLKARDCLK
Low Pulse Width   Fast    RAMB18E2/CLKARDCLK  n/a            0.542         1.000       0.458      RAMB18_X7Y52  coeff_selected_r_reg[0][0]/CLKARDCLK
Low Pulse Width   Slow    RAMB18E2/CLKARDCLK  n/a            0.542         1.000       0.458      RAMB18_X5Y35  coeff_selected_r_reg[0][10]/CLKARDCLK
Low Pulse Width   Fast    RAMB18E2/CLKARDCLK  n/a            0.542         1.000       0.458      RAMB18_X5Y35  coeff_selected_r_reg[0][10]/CLKARDCLK
Low Pulse Width   Slow    RAMB18E2/CLKARDCLK  n/a            0.542         1.000       0.458      RAMB18_X5Y33  coeff_selected_r_reg[0][11]/CLKARDCLK
Low Pulse Width   Fast    RAMB18E2/CLKARDCLK  n/a            0.542         1.000       0.458      RAMB18_X5Y33  coeff_selected_r_reg[0][11]/CLKARDCLK
Low Pulse Width   Slow    RAMB18E2/CLKARDCLK  n/a            0.542         1.000       0.458      RAMB18_X3Y34  coeff_selected_r_reg[0][12]/CLKARDCLK
Low Pulse Width   Fast    RAMB18E2/CLKARDCLK  n/a            0.542         1.000       0.458      RAMB18_X3Y34  coeff_selected_r_reg[0][12]/CLKARDCLK
Low Pulse Width   Slow    RAMB18E2/CLKARDCLK  n/a            0.542         1.000       0.458      RAMB18_X2Y36  coeff_selected_r_reg[0][13]/CLKARDCLK
Low Pulse Width   Fast    RAMB18E2/CLKARDCLK  n/a            0.542         1.000       0.458      RAMB18_X2Y36  coeff_selected_r_reg[0][13]/CLKARDCLK
Low Pulse Width   Slow    RAMB18E2/CLKARDCLK  n/a            0.542         1.000       0.458      RAMB18_X3Y29  coeff_selected_r_reg[0][14]/CLKARDCLK
Low Pulse Width   Fast    RAMB18E2/CLKARDCLK  n/a            0.542         1.000       0.458      RAMB18_X3Y29  coeff_selected_r_reg[0][14]/CLKARDCLK
Low Pulse Width   Slow    RAMB18E2/CLKARDCLK  n/a            0.542         1.000       0.458      RAMB18_X3Y31  coeff_selected_r_reg[0][15]/CLKARDCLK
Low Pulse Width   Fast    RAMB18E2/CLKARDCLK  n/a            0.542         1.000       0.458      RAMB18_X3Y31  coeff_selected_r_reg[0][15]/CLKARDCLK
Low Pulse Width   Slow    RAMB18E2/CLKARDCLK  n/a            0.542         1.000       0.458      RAMB18_X5Y73  coeff_selected_r_reg[0][16]/CLKARDCLK
Low Pulse Width   Fast    RAMB18E2/CLKARDCLK  n/a            0.542         1.000       0.458      RAMB18_X5Y73  coeff_selected_r_reg[0][16]/CLKARDCLK
Low Pulse Width   Slow    RAMB18E2/CLKARDCLK  n/a            0.542         1.000       0.458      RAMB18_X5Y67  coeff_selected_r_reg[0][17]/CLKARDCLK
Low Pulse Width   Fast    RAMB18E2/CLKARDCLK  n/a            0.542         1.000       0.458      RAMB18_X5Y67  coeff_selected_r_reg[0][17]/CLKARDCLK
Low Pulse Width   Slow    RAMB18E2/CLKARDCLK  n/a            0.542         1.000       0.458      RAMB18_X6Y68  coeff_selected_r_reg[0][18]/CLKARDCLK
Low Pulse Width   Fast    RAMB18E2/CLKARDCLK  n/a            0.542         1.000       0.458      RAMB18_X6Y68  coeff_selected_r_reg[0][18]/CLKARDCLK
High Pulse Width  Slow    RAMB18E2/CLKARDCLK  n/a            0.542         1.000       0.458      RAMB18_X7Y52  coeff_selected_r_reg[0][0]/CLKARDCLK
High Pulse Width  Fast    RAMB18E2/CLKARDCLK  n/a            0.542         1.000       0.458      RAMB18_X7Y52  coeff_selected_r_reg[0][0]/CLKARDCLK
High Pulse Width  Slow    RAMB18E2/CLKARDCLK  n/a            0.542         1.000       0.458      RAMB18_X5Y35  coeff_selected_r_reg[0][10]/CLKARDCLK
High Pulse Width  Fast    RAMB18E2/CLKARDCLK  n/a            0.542         1.000       0.458      RAMB18_X5Y35  coeff_selected_r_reg[0][10]/CLKARDCLK
High Pulse Width  Slow    RAMB18E2/CLKARDCLK  n/a            0.542         1.000       0.458      RAMB18_X5Y33  coeff_selected_r_reg[0][11]/CLKARDCLK
High Pulse Width  Fast    RAMB18E2/CLKARDCLK  n/a            0.542         1.000       0.458      RAMB18_X5Y33  coeff_selected_r_reg[0][11]/CLKARDCLK
High Pulse Width  Slow    RAMB18E2/CLKARDCLK  n/a            0.542         1.000       0.458      RAMB18_X3Y34  coeff_selected_r_reg[0][12]/CLKARDCLK
High Pulse Width  Fast    RAMB18E2/CLKARDCLK  n/a            0.542         1.000       0.458      RAMB18_X3Y34  coeff_selected_r_reg[0][12]/CLKARDCLK
High Pulse Width  Slow    RAMB18E2/CLKARDCLK  n/a            0.542         1.000       0.458      RAMB18_X2Y36  coeff_selected_r_reg[0][13]/CLKARDCLK
High Pulse Width  Fast    RAMB18E2/CLKARDCLK  n/a            0.542         1.000       0.458      RAMB18_X2Y36  coeff_selected_r_reg[0][13]/CLKARDCLK
High Pulse Width  Slow    RAMB18E2/CLKARDCLK  n/a            0.542         1.000       0.458      RAMB18_X3Y29  coeff_selected_r_reg[0][14]/CLKARDCLK
High Pulse Width  Fast    RAMB18E2/CLKARDCLK  n/a            0.542         1.000       0.458      RAMB18_X3Y29  coeff_selected_r_reg[0][14]/CLKARDCLK
High Pulse Width  Slow    RAMB18E2/CLKARDCLK  n/a            0.542         1.000       0.458      RAMB18_X3Y31  coeff_selected_r_reg[0][15]/CLKARDCLK
High Pulse Width  Fast    RAMB18E2/CLKARDCLK  n/a            0.542         1.000       0.458      RAMB18_X3Y31  coeff_selected_r_reg[0][15]/CLKARDCLK
High Pulse Width  Slow    RAMB18E2/CLKARDCLK  n/a            0.542         1.000       0.458      RAMB18_X5Y73  coeff_selected_r_reg[0][16]/CLKARDCLK
High Pulse Width  Fast    RAMB18E2/CLKARDCLK  n/a            0.542         1.000       0.458      RAMB18_X5Y73  coeff_selected_r_reg[0][16]/CLKARDCLK
High Pulse Width  Slow    RAMB18E2/CLKARDCLK  n/a            0.542         1.000       0.458      RAMB18_X5Y67  coeff_selected_r_reg[0][17]/CLKARDCLK
High Pulse Width  Fast    RAMB18E2/CLKARDCLK  n/a            0.542         1.000       0.458      RAMB18_X5Y67  coeff_selected_r_reg[0][17]/CLKARDCLK
High Pulse Width  Slow    RAMB18E2/CLKARDCLK  n/a            0.542         1.000       0.458      RAMB18_X6Y68  coeff_selected_r_reg[0][18]/CLKARDCLK
High Pulse Width  Fast    RAMB18E2/CLKARDCLK  n/a            0.542         1.000       0.458      RAMB18_X6Y68  coeff_selected_r_reg[0][18]/CLKARDCLK



