Copyright 1986-2022 Xilinx, Inc. All Rights Reserved. Copyright 2022-2025 Advanced Micro Devices, Inc. All Rights Reserved.
--------------------------------------------------------------------------------------------------------------------------------------------------------------
| Tool Version : Vivado v.2025.2 (win64) Build 6299465 Fri Nov 14 19:35:11 GMT 2025
| Date         : Sun Sep 13 23:04:59 2026
| Host         : Finesse running 64-bit major release  (build 9200)
| Command      : report_utilization -hierarchical -file 03_verification/vivado/../../05_audit/current/23/m7_timing/report_hierarchy_utilization_postroute.rpt
| Design       : step12c_registered_neighbor_harness
| Device       : xcku5p-ffvb676-2-e
| Speed File   : -2
| Design State : Routed
--------------------------------------------------------------------------------------------------------------------------------------------------------------

Utilization Design Information

Table of Contents
-----------------
1. Utilization by Hierarchy

1. Utilization by Hierarchy
---------------------------

+-----------------------------------------+-------------------------+------------+------------+---------+------+-------+--------+--------+------+------------+
|                 Instance                |          Module         | Total LUTs | Logic LUTs | LUTRAMs | SRLs |  FFs  | RAMB36 | RAMB18 | URAM | DSP Blocks |
+-----------------------------------------+-------------------------+------------+------------+---------+------+-------+--------+--------+------+------------+
| step12c_registered_neighbor_harness     |                   (top) |      20250 |      14362 |    5888 |    0 | 21572 |      0 |      0 |    0 |        128 |
|   (step12c_registered_neighbor_harness) |                   (top) |          1 |          1 |       0 |    0 |   167 |      0 |      0 |    0 |          0 |
|   u_dut                                 | step12b_dct2_64_wrapper |      20249 |      14361 |    5888 |    0 | 21405 |      0 |      0 |    0 |        128 |
|     (u_dut)                             | step12b_dct2_64_wrapper |       8851 |       2963 |    5888 |    0 |  3246 |      0 |      0 |    0 |          0 |
|     frozen_r4c                          |  p2f_dct2_64_b1_step102 |      11398 |      11398 |       0 |    0 | 18159 |      0 |      0 |    0 |        128 |
+-----------------------------------------+-------------------------+------------+------------+---------+------+-------+--------+--------+------+------------+
* Note: The sum of lower-level cells may be larger than their parent cells total, due to cross-hierarchy LUT combining


