{
  "schema": "step12d_engineering.gate_a_validation.v1",
  "status": "PASS_GATE_A_PROFILE_INHERITANCE",
  "profile_name": "contest_engineering_vtm10_sat10_v2",
  "adapter_default": "SAT10",
  "decision_class": "PROVISIONAL_ENGINEERING_DECISION",
  "official_equivalence": "NOT_PROVEN",
  "profile_path": "03_verification/step12d_engineering/profiles/contest_engineering_vtm10_sat10_v2.json",
  "profile_sha256": "FEA3ACB18C5C35EB0FD8A8DBF533C3A6BE7536BCC8EF5FDB87135DF512643746",
  "historical_hidden_golden_equivalence": "UNKNOWN",
  "counts": {
    "lfnst_off_engineering_superset": 169,
    "lfnst_on_active": 200,
    "one_d_cases": 13
  },
  "architecture_candidate": "C_PRIME",
  "immutable_hash_checks": {
    "historical_gate_a_boundary": "NOT_RECHECKED_PROFILE_V2"
  },
  "rtl_tree_diff": [],
  "historical_boundary_recheck": "NOT_RECHECKED_PROFILE_V2",
  "vivado_run": false,
  "unified_rtl_authorized": true,
  "gate_b_entry": "AUTHORIZED: implement unified P4 1-D RTL outside frozen v3.5-18 files",
  "residual_risks": [
    "lfnst_idx=0 exact official pair subset remains unknown; supported per-axis superset is explicitly not claimed official",
    "final signed-10 adapter is an engineering decision; official and historical hidden-golden equivalence remain unknown"
  ]
}
