{
  "version": "V3.5-17-Step12B-cycle-model",
  "status": "PASS",
  "cases": [
    {
      "kind": "zero",
      "cycles": 2130,
      "vectors": 128,
      "vector_ii": {
        "vertical": [
          16
        ],
        "horizontal": [
          16
        ]
      },
      "result_writes": 1024,
      "result_fires": 1024,
      "stats": {
        "input_cache_full": 0,
        "staging_wait": 0,
        "result_capacity_wait": 0,
        "output_backpressure": 0,
        "epoch_scrub": 0
      }
    },
    {
      "kind": "sparse",
      "cycles": 2135,
      "vectors": 128,
      "vector_ii": {
        "vertical": [
          16
        ],
        "horizontal": [
          16
        ]
      },
      "result_writes": 1024,
      "result_fires": 1024,
      "stats": {
        "input_cache_full": 0,
        "staging_wait": 0,
        "result_capacity_wait": 0,
        "output_backpressure": 0,
        "epoch_scrub": 0
      }
    },
    {
      "kind": "alternating",
      "cycles": 6226,
      "vectors": 128,
      "vector_ii": {
        "vertical": [
          16
        ],
        "horizontal": [
          16
        ]
      },
      "result_writes": 1024,
      "result_fires": 1024,
      "stats": {
        "input_cache_full": 0,
        "staging_wait": 0,
        "result_capacity_wait": 0,
        "output_backpressure": 0,
        "epoch_scrub": 0
      }
    },
    {
      "kind": "random",
      "cycles": 6225,
      "vectors": 128,
      "vector_ii": {
        "vertical": [
          16
        ],
        "horizontal": [
          16
        ]
      },
      "result_writes": 1024,
      "result_fires": 1024,
      "stats": {
        "input_cache_full": 0,
        "staging_wait": 0,
        "result_capacity_wait": 0,
        "output_backpressure": 0,
        "epoch_scrub": 0
      }
    }
  ],
  "backpressure": {
    "kind": "backpressure",
    "cycles": 2565,
    "vectors": 128,
    "vector_ii": {
      "vertical": [
        16
      ],
      "horizontal": [
        16
      ]
    },
    "result_writes": 1024,
    "result_fires": 1024,
    "stats": {
      "input_cache_full": 0,
      "staging_wait": 0,
      "result_capacity_wait": 0,
      "output_backpressure": 755,
      "epoch_scrub": 0
    }
  }
}
Model Technology ModelSim SE-64 vlog 2020.4 Compiler 2020.10 Oct 13 2020
Start time: 17:04:24 on Sep 11,2026
vlog -sv -work work "+incdir+02_rtl/rtl" 02_rtl/rtl/p2f_dct2_64_b1_step102.sv 02_rtl/rtl/step12b_dct2_64_wrapper.sv 03_verification/tb/step12b_dct2_64_wrapper_tb.sv 
-- Compiling module p2f_dct2_64_b1_step102
-- Compiling module step12b_dct2_64_wrapper
-- Compiling module step12b_dct2_64_wrapper_tb

Top level modules:
	step12b_dct2_64_wrapper_tb
End time: 17:04:24 on Sep 11,2026, Elapsed time: 0:00:00
Errors: 0, Warnings: 0
Reading pref.tcl

# 2020.4

# vsim -c work.step12b_dct2_64_wrapper_tb -do "run -all; quit -f" 
# Start time: 17:04:25 on Sep 11,2026
# ** Note: (vsim-8009) Loading existing optimized design _opt
# //  ModelSim SE-64 2020.4 Oct 13 2020
# //
# //  Copyright 1991-2020 Mentor Graphics Corporation
# //  All Rights Reserved.
# //
# //  ModelSim SE-64 and its associated documentation contain trade
# //  secrets and commercial or financial information that are the property of
# //  Mentor Graphics Corporation and are privileged, confidential,
# //  and exempt from disclosure under the Freedom of Information Act,
# //  5 U.S.C. Section 552. Furthermore, this information
# //  is prohibited from disclosure under the Trade Secrets Act,
# //  18 U.S.C. Section 1905.
# //
# Loading sv_std.std
# Loading work.step12b_dct2_64_wrapper_tb(fast)
# run -all
# WRAP_START t=53000 phase=1 lc=0 lb=0 readyA=1 readyB=0 since=32
# WRAP_START t=85000 phase=1 lc=1 lb=1 readyA=0 readyB=1 since=15
# WRAP_START t=117000 phase=1 lc=2 lb=0 readyA=1 readyB=0 since=15
# WRAP_LAST t=129000 phase=1 vid=0
# WRAP_START t=149000 phase=1 lc=3 lb=1 readyA=0 readyB=1 since=15
# WRAP_LAST t=161000 phase=1 vid=1
# WRAP_START t=181000 phase=1 lc=4 lb=0 readyA=1 readyB=0 since=15
# WRAP_LAST t=193000 phase=1 vid=2
# WRAP_START t=213000 phase=1 lc=5 lb=1 readyA=0 readyB=1 since=15
# WRAP_LAST t=225000 phase=1 vid=3
# WRAP_START t=245000 phase=1 lc=6 lb=0 readyA=1 readyB=0 since=15
# WRAP_LAST t=257000 phase=1 vid=4
# WRAP_START t=277000 phase=1 lc=7 lb=1 readyA=0 readyB=1 since=15
# WRAP_LAST t=289000 phase=1 vid=5
# WRAP_START t=309000 phase=1 lc=8 lb=0 readyA=1 readyB=0 since=15
# WRAP_LAST t=321000 phase=1 vid=6
# WRAP_START t=341000 phase=1 lc=9 lb=1 readyA=0 readyB=1 since=15
# WRAP_LAST t=353000 phase=1 vid=7
# WRAP_START t=373000 phase=1 lc=10 lb=0 readyA=1 readyB=0 since=15
# WRAP_LAST t=385000 phase=1 vid=8
# WRAP_START t=405000 phase=1 lc=11 lb=1 readyA=0 readyB=1 since=15
# WRAP_LAST t=417000 phase=1 vid=9
# WRAP_START t=437000 phase=1 lc=12 lb=0 readyA=1 readyB=0 since=15
# WRAP_LAST t=449000 phase=1 vid=10
# WRAP_START t=469000 phase=1 lc=13 lb=1 readyA=0 readyB=1 since=15
# WRAP_LAST t=481000 phase=1 vid=11
# WRAP_START t=501000 phase=1 lc=14 lb=0 readyA=1 readyB=0 since=15
# WRAP_LAST t=513000 phase=1 vid=12
# WRAP_START t=533000 phase=1 lc=15 lb=1 readyA=0 readyB=1 since=15
# WRAP_LAST t=545000 phase=1 vid=13
# WRAP_START t=565000 phase=1 lc=16 lb=0 readyA=1 readyB=0 since=15
# WRAP_LAST t=577000 phase=1 vid=14
# WRAP_START t=597000 phase=1 lc=17 lb=1 readyA=0 readyB=1 since=15
# WRAP_LAST t=609000 phase=1 vid=15
# WRAP_START t=629000 phase=1 lc=18 lb=0 readyA=1 readyB=0 since=15
# WRAP_LAST t=641000 phase=1 vid=16
# WRAP_START t=661000 phase=1 lc=19 lb=1 readyA=0 readyB=1 since=15
# WRAP_LAST t=673000 phase=1 vid=17
# WRAP_START t=693000 phase=1 lc=20 lb=0 readyA=1 readyB=0 since=15
# WRAP_LAST t=705000 phase=1 vid=18
# WRAP_START t=725000 phase=1 lc=21 lb=1 readyA=0 readyB=1 since=15
# WRAP_LAST t=737000 phase=1 vid=19
# WRAP_START t=757000 phase=1 lc=22 lb=0 readyA=1 readyB=0 since=15
# WRAP_LAST t=769000 phase=1 vid=20
# WRAP_START t=789000 phase=1 lc=23 lb=1 readyA=0 readyB=1 since=15
# WRAP_LAST t=801000 phase=1 vid=21
# WRAP_START t=821000 phase=1 lc=24 lb=0 readyA=1 readyB=0 since=15
# WRAP_LAST t=833000 phase=1 vid=22
# WRAP_START t=853000 phase=1 lc=25 lb=1 readyA=0 readyB=1 since=15
# WRAP_LAST t=865000 phase=1 vid=23
# WRAP_START t=885000 phase=1 lc=26 lb=0 readyA=1 readyB=0 since=15
# WRAP_LAST t=897000 phase=1 vid=24
# WRAP_START t=917000 phase=1 lc=27 lb=1 readyA=0 readyB=1 since=15
# WRAP_LAST t=929000 phase=1 vid=25
# WRAP_START t=949000 phase=1 lc=28 lb=0 readyA=1 readyB=0 since=15
# WRAP_LAST t=961000 phase=1 vid=26
# WRAP_START t=981000 phase=1 lc=29 lb=1 readyA=0 readyB=1 since=15
# WRAP_LAST t=993000 phase=1 vid=27
# WRAP_START t=1013000 phase=1 lc=30 lb=0 readyA=1 readyB=0 since=15
# WRAP_LAST t=1025000 phase=1 vid=28
# WRAP_START t=1045000 phase=1 lc=31 lb=1 readyA=0 readyB=1 since=15
# WRAP_LAST t=1057000 phase=1 vid=29
# WRAP_START t=1077000 phase=1 lc=32 lb=0 readyA=1 readyB=0 since=15
# WRAP_LAST t=1089000 phase=1 vid=30
# WRAP_START t=1109000 phase=1 lc=33 lb=1 readyA=0 readyB=1 since=15
# WRAP_LAST t=1121000 phase=1 vid=31
# WRAP_START t=1141000 phase=1 lc=34 lb=0 readyA=1 readyB=0 since=15
# WRAP_LAST t=1153000 phase=1 vid=32
# WRAP_START t=1173000 phase=1 lc=35 lb=1 readyA=0 readyB=1 since=15
# WRAP_LAST t=1185000 phase=1 vid=33
# WRAP_START t=1205000 phase=1 lc=36 lb=0 readyA=1 readyB=0 since=15
# WRAP_LAST t=1217000 phase=1 vid=34
# WRAP_START t=1237000 phase=1 lc=37 lb=1 readyA=0 readyB=1 since=15
# WRAP_LAST t=1249000 phase=1 vid=35
# WRAP_START t=1269000 phase=1 lc=38 lb=0 readyA=1 readyB=0 since=15
# WRAP_LAST t=1281000 phase=1 vid=36
# WRAP_START t=1301000 phase=1 lc=39 lb=1 readyA=0 readyB=1 since=15
# WRAP_LAST t=1313000 phase=1 vid=37
# WRAP_START t=1333000 phase=1 lc=40 lb=0 readyA=1 readyB=0 since=15
# WRAP_LAST t=1345000 phase=1 vid=38
# WRAP_START t=1365000 phase=1 lc=41 lb=1 readyA=0 readyB=1 since=15
# WRAP_LAST t=1377000 phase=1 vid=39
# WRAP_START t=1397000 phase=1 lc=42 lb=0 readyA=1 readyB=0 since=15
# WRAP_LAST t=1409000 phase=1 vid=40
# WRAP_START t=1429000 phase=1 lc=43 lb=1 readyA=0 readyB=1 since=15
# WRAP_LAST t=1441000 phase=1 vid=41
# WRAP_START t=1461000 phase=1 lc=44 lb=0 readyA=1 readyB=0 since=15
# WRAP_LAST t=1473000 phase=1 vid=42
# WRAP_START t=1493000 phase=1 lc=45 lb=1 readyA=0 readyB=1 since=15
# WRAP_LAST t=1505000 phase=1 vid=43
# WRAP_START t=1525000 phase=1 lc=46 lb=0 readyA=1 readyB=0 since=15
# WRAP_LAST t=1537000 phase=1 vid=44
# WRAP_START t=1557000 phase=1 lc=47 lb=1 readyA=0 readyB=1 since=15
# WRAP_LAST t=1569000 phase=1 vid=45
# WRAP_START t=1589000 phase=1 lc=48 lb=0 readyA=1 readyB=0 since=15
# WRAP_LAST t=1601000 phase=1 vid=46
# WRAP_START t=1621000 phase=1 lc=49 lb=1 readyA=0 readyB=1 since=15
# WRAP_LAST t=1633000 phase=1 vid=47
# WRAP_START t=1653000 phase=1 lc=50 lb=0 readyA=1 readyB=0 since=15
# WRAP_LAST t=1665000 phase=1 vid=48
# WRAP_START t=1685000 phase=1 lc=51 lb=1 readyA=0 readyB=1 since=15
# WRAP_LAST t=1697000 phase=1 vid=49
# WRAP_START t=1717000 phase=1 lc=52 lb=0 readyA=1 readyB=0 since=15
# WRAP_LAST t=1729000 phase=1 vid=50
# WRAP_START t=1749000 phase=1 lc=53 lb=1 readyA=0 readyB=1 since=15
# WRAP_LAST t=1761000 phase=1 vid=51
# WRAP_START t=1781000 phase=1 lc=54 lb=0 readyA=1 readyB=0 since=15
# WRAP_LAST t=1793000 phase=1 vid=52
# WRAP_START t=1813000 phase=1 lc=55 lb=1 readyA=0 readyB=1 since=15
# WRAP_LAST t=1825000 phase=1 vid=53
# WRAP_START t=1845000 phase=1 lc=56 lb=0 readyA=1 readyB=0 since=15
# WRAP_LAST t=1857000 phase=1 vid=54
# WRAP_START t=1877000 phase=1 lc=57 lb=1 readyA=0 readyB=1 since=15
# WRAP_LAST t=1889000 phase=1 vid=55
# WRAP_START t=1909000 phase=1 lc=58 lb=0 readyA=1 readyB=0 since=15
# WRAP_LAST t=1921000 phase=1 vid=56
# WRAP_START t=1941000 phase=1 lc=59 lb=1 readyA=0 readyB=1 since=15
# WRAP_LAST t=1953000 phase=1 vid=57
# WRAP_START t=1973000 phase=1 lc=60 lb=0 readyA=1 readyB=0 since=15
# WRAP_LAST t=1985000 phase=1 vid=58
# WRAP_START t=2005000 phase=1 lc=61 lb=1 readyA=0 readyB=1 since=15
# WRAP_LAST t=2017000 phase=1 vid=59
# WRAP_START t=2037000 phase=1 lc=62 lb=0 readyA=1 readyB=0 since=15
# WRAP_LAST t=2049000 phase=1 vid=60
# WRAP_START t=2069000 phase=1 lc=63 lb=1 readyA=0 readyB=1 since=15
# WRAP_LAST t=2081000 phase=1 vid=61
# WRAP_LAST t=2113000 phase=1 vid=62
# WRAP_LAST t=2145000 phase=1 vid=63
# WRAP_START t=2179000 phase=2 lc=0 lb=0 readyA=1 readyB=0 since=32
# WRAP_START t=2211000 phase=2 lc=1 lb=1 readyA=0 readyB=1 since=15
# WRAP_START t=2243000 phase=2 lc=2 lb=0 readyA=1 readyB=0 since=15
# WRAP_LAST t=2255000 phase=2 vid=64
# WRAP_START t=2275000 phase=2 lc=3 lb=1 readyA=0 readyB=1 since=15
# WRAP_LAST t=2287000 phase=2 vid=65
# WRAP_START t=2307000 phase=2 lc=4 lb=0 readyA=1 readyB=0 since=15
# WRAP_LAST t=2319000 phase=2 vid=66
# WRAP_START t=2339000 phase=2 lc=5 lb=1 readyA=0 readyB=1 since=15
# WRAP_LAST t=2351000 phase=2 vid=67
# WRAP_START t=2371000 phase=2 lc=6 lb=0 readyA=1 readyB=0 since=15
# WRAP_LAST t=2383000 phase=2 vid=68
# WRAP_START t=2403000 phase=2 lc=7 lb=1 readyA=0 readyB=1 since=15
# WRAP_LAST t=2415000 phase=2 vid=69
# WRAP_START t=2435000 phase=2 lc=8 lb=0 readyA=1 readyB=0 since=15
# WRAP_LAST t=2447000 phase=2 vid=70
# WRAP_START t=2467000 phase=2 lc=9 lb=1 readyA=0 readyB=1 since=15
# WRAP_LAST t=2479000 phase=2 vid=71
# WRAP_START t=2499000 phase=2 lc=10 lb=0 readyA=1 readyB=0 since=15
# WRAP_LAST t=2511000 phase=2 vid=72
# WRAP_START t=2531000 phase=2 lc=11 lb=1 readyA=0 readyB=1 since=15
# WRAP_LAST t=2543000 phase=2 vid=73
# WRAP_START t=2563000 phase=2 lc=12 lb=0 readyA=1 readyB=0 since=15
# WRAP_LAST t=2575000 phase=2 vid=74
# WRAP_START t=2595000 phase=2 lc=13 lb=1 readyA=0 readyB=1 since=15
# WRAP_LAST t=2607000 phase=2 vid=75
# WRAP_START t=2627000 phase=2 lc=14 lb=0 readyA=1 readyB=0 since=15
# WRAP_LAST t=2639000 phase=2 vid=76
# WRAP_START t=2659000 phase=2 lc=15 lb=1 readyA=0 readyB=1 since=15
# WRAP_LAST t=2671000 phase=2 vid=77
# WRAP_START t=2691000 phase=2 lc=16 lb=0 readyA=1 readyB=0 since=15
# WRAP_LAST t=2703000 phase=2 vid=78
# WRAP_START t=2723000 phase=2 lc=17 lb=1 readyA=0 readyB=1 since=15
# WRAP_LAST t=2735000 phase=2 vid=79
# WRAP_START t=2755000 phase=2 lc=18 lb=0 readyA=1 readyB=0 since=15
# WRAP_LAST t=2767000 phase=2 vid=80
# WRAP_START t=2787000 phase=2 lc=19 lb=1 readyA=0 readyB=1 since=15
# WRAP_LAST t=2799000 phase=2 vid=81
# WRAP_START t=2819000 phase=2 lc=20 lb=0 readyA=1 readyB=0 since=15
# WRAP_LAST t=2831000 phase=2 vid=82
# WRAP_START t=2851000 phase=2 lc=21 lb=1 readyA=0 readyB=1 since=15
# WRAP_LAST t=2863000 phase=2 vid=83
# WRAP_START t=2883000 phase=2 lc=22 lb=0 readyA=1 readyB=0 since=15
# WRAP_LAST t=2895000 phase=2 vid=84
# WRAP_START t=2915000 phase=2 lc=23 lb=1 readyA=0 readyB=1 since=15
# WRAP_LAST t=2927000 phase=2 vid=85
# WRAP_START t=2947000 phase=2 lc=24 lb=0 readyA=1 readyB=0 since=15
# WRAP_LAST t=2959000 phase=2 vid=86
# WRAP_START t=2979000 phase=2 lc=25 lb=1 readyA=0 readyB=1 since=15
# WRAP_LAST t=2991000 phase=2 vid=87
# WRAP_START t=3011000 phase=2 lc=26 lb=0 readyA=1 readyB=0 since=15
# WRAP_LAST t=3023000 phase=2 vid=88
# WRAP_START t=3043000 phase=2 lc=27 lb=1 readyA=0 readyB=1 since=15
# WRAP_LAST t=3055000 phase=2 vid=89
# WRAP_START t=3075000 phase=2 lc=28 lb=0 readyA=1 readyB=0 since=15
# WRAP_LAST t=3087000 phase=2 vid=90
# WRAP_START t=3107000 phase=2 lc=29 lb=1 readyA=0 readyB=1 since=15
# WRAP_LAST t=3119000 phase=2 vid=91
# WRAP_START t=3139000 phase=2 lc=30 lb=0 readyA=1 readyB=0 since=15
# WRAP_LAST t=3151000 phase=2 vid=92
# WRAP_START t=3171000 phase=2 lc=31 lb=1 readyA=0 readyB=1 since=15
# WRAP_LAST t=3183000 phase=2 vid=93
# WRAP_START t=3203000 phase=2 lc=32 lb=0 readyA=1 readyB=0 since=15
# WRAP_LAST t=3215000 phase=2 vid=94
# WRAP_START t=3235000 phase=2 lc=33 lb=1 readyA=0 readyB=1 since=15
# WRAP_LAST t=3247000 phase=2 vid=95
# WRAP_START t=3267000 phase=2 lc=34 lb=0 readyA=1 readyB=0 since=15
# WRAP_LAST t=3279000 phase=2 vid=96
# WRAP_START t=3299000 phase=2 lc=35 lb=1 readyA=0 readyB=1 since=15
# WRAP_LAST t=3311000 phase=2 vid=97
# WRAP_START t=3331000 phase=2 lc=36 lb=0 readyA=1 readyB=0 since=15
# WRAP_LAST t=3343000 phase=2 vid=98
# WRAP_START t=3363000 phase=2 lc=37 lb=1 readyA=0 readyB=1 since=15
# WRAP_LAST t=3375000 phase=2 vid=99
# WRAP_START t=3395000 phase=2 lc=38 lb=0 readyA=1 readyB=0 since=15
# WRAP_LAST t=3407000 phase=2 vid=100
# WRAP_START t=3427000 phase=2 lc=39 lb=1 readyA=0 readyB=1 since=15
# WRAP_LAST t=3439000 phase=2 vid=101
# WRAP_START t=3459000 phase=2 lc=40 lb=0 readyA=1 readyB=0 since=15
# WRAP_LAST t=3471000 phase=2 vid=102
# WRAP_START t=3491000 phase=2 lc=41 lb=1 readyA=0 readyB=1 since=15
# WRAP_LAST t=3503000 phase=2 vid=103
# WRAP_START t=3523000 phase=2 lc=42 lb=0 readyA=1 readyB=0 since=15
# WRAP_LAST t=3535000 phase=2 vid=104
# WRAP_START t=3555000 phase=2 lc=43 lb=1 readyA=0 readyB=1 since=15
# WRAP_LAST t=3567000 phase=2 vid=105
# WRAP_START t=3587000 phase=2 lc=44 lb=0 readyA=1 readyB=0 since=15
# WRAP_LAST t=3599000 phase=2 vid=106
# WRAP_START t=3619000 phase=2 lc=45 lb=1 readyA=0 readyB=1 since=15
# WRAP_LAST t=3631000 phase=2 vid=107
# WRAP_START t=3651000 phase=2 lc=46 lb=0 readyA=1 readyB=0 since=15
# WRAP_LAST t=3663000 phase=2 vid=108
# WRAP_START t=3683000 phase=2 lc=47 lb=1 readyA=0 readyB=1 since=15
# WRAP_LAST t=3695000 phase=2 vid=109
# WRAP_START t=3715000 phase=2 lc=48 lb=0 readyA=1 readyB=0 since=15
# WRAP_LAST t=3727000 phase=2 vid=110
# WRAP_START t=3747000 phase=2 lc=49 lb=1 readyA=0 readyB=1 since=15
# WRAP_LAST t=3759000 phase=2 vid=111
# WRAP_START t=3779000 phase=2 lc=50 lb=0 readyA=1 readyB=0 since=15
# WRAP_LAST t=3791000 phase=2 vid=112
# WRAP_START t=3811000 phase=2 lc=51 lb=1 readyA=0 readyB=1 since=15
# WRAP_LAST t=3823000 phase=2 vid=113
# WRAP_START t=3843000 phase=2 lc=52 lb=0 readyA=1 readyB=0 since=15
# WRAP_LAST t=3855000 phase=2 vid=114
# WRAP_START t=3875000 phase=2 lc=53 lb=1 readyA=0 readyB=1 since=15
# WRAP_LAST t=3887000 phase=2 vid=115
# WRAP_START t=3907000 phase=2 lc=54 lb=0 readyA=1 readyB=0 since=15
# WRAP_LAST t=3919000 phase=2 vid=116
# WRAP_START t=3939000 phase=2 lc=55 lb=1 readyA=0 readyB=1 since=15
# WRAP_LAST t=3951000 phase=2 vid=117
# WRAP_START t=3971000 phase=2 lc=56 lb=0 readyA=1 readyB=0 since=15
# WRAP_LAST t=3983000 phase=2 vid=118
# WRAP_START t=4003000 phase=2 lc=57 lb=1 readyA=0 readyB=1 since=15
# WRAP_LAST t=4015000 phase=2 vid=119
# WRAP_START t=4035000 phase=2 lc=58 lb=0 readyA=1 readyB=0 since=15
# WRAP_LAST t=4047000 phase=2 vid=120
# WRAP_START t=4067000 phase=2 lc=59 lb=1 readyA=0 readyB=1 since=15
# WRAP_LAST t=4079000 phase=2 vid=121
# WRAP_START t=4099000 phase=2 lc=60 lb=0 readyA=1 readyB=0 since=15
# WRAP_LAST t=4111000 phase=2 vid=122
# WRAP_START t=4131000 phase=2 lc=61 lb=1 readyA=0 readyB=1 since=15
# WRAP_LAST t=4143000 phase=2 vid=123
# WRAP_START t=4163000 phase=2 lc=62 lb=0 readyA=1 readyB=0 since=15
# WRAP_LAST t=4175000 phase=2 vid=124
# WRAP_START t=4195000 phase=2 lc=63 lb=1 readyA=0 readyB=1 since=15
# WRAP_LAST t=4207000 phase=2 vid=125
# WRAP_LAST t=4239000 phase=2 vid=126
# WRAP_LAST t=4271000 phase=2 vid=127
# STEP12B_WRAPPER_PASS cycles=3538 output_beats=1024
# ** Note: $finish    : 03_verification/tb/step12b_dct2_64_wrapper_tb.sv(82)
#    Time: 7093 ns  Iteration: 1  Instance: /step12b_dct2_64_wrapper_tb
# End time: 17:04:26 on Sep 11,2026, Elapsed time: 0:00:01
# Errors: 0, Warnings: 0
Model Technology ModelSim SE-64 vlog 2020.4 Compiler 2020.10 Oct 13 2020
Start time: 17:04:26 on Sep 11,2026
vlog -sv -work work "+define+SYNTHESIS" "+incdir+02_rtl/rtl" 02_rtl/rtl/p2f_dct2_64_b1_step102.sv 02_rtl/rtl/step12b_dct2_64_wrapper.sv 03_verification/tb/step12b_dct2_64_wrapper_tb.sv 
-- Compiling module p2f_dct2_64_b1_step102
-- Compiling module step12b_dct2_64_wrapper
-- Compiling module step12b_dct2_64_wrapper_tb

Top level modules:
	step12b_dct2_64_wrapper_tb
End time: 17:04:26 on Sep 11,2026, Elapsed time: 0:00:00
Errors: 0, Warnings: 0
Reading pref.tcl

# 2020.4

# vsim -c work.step12b_dct2_64_wrapper_tb -do "run -all; quit -f" 
# Start time: 17:04:27 on Sep 11,2026
# ** Note: (vsim-3813) Design is being optimized due to module recompilation...
# //  ModelSim SE-64 2020.4 Oct 13 2020
# //
# //  Copyright 1991-2020 Mentor Graphics Corporation
# //  All Rights Reserved.
# //
# //  ModelSim SE-64 and its associated documentation contain trade
# //  secrets and commercial or financial information that are the property of
# //  Mentor Graphics Corporation and are privileged, confidential,
# //  and exempt from disclosure under the Freedom of Information Act,
# //  5 U.S.C. Section 552. Furthermore, this information
# //  is prohibited from disclosure under the Trade Secrets Act,
# //  18 U.S.C. Section 1905.
# //
# Loading sv_std.std
# Loading work.step12b_dct2_64_wrapper_tb(fast)
# run -all
# WRAP_START t=53000 phase=1 lc=0 lb=0 readyA=1 readyB=0 since=32
# WRAP_START t=85000 phase=1 lc=1 lb=1 readyA=0 readyB=1 since=15
# WRAP_START t=117000 phase=1 lc=2 lb=0 readyA=1 readyB=0 since=15
# WRAP_LAST t=129000 phase=1 vid=0
# WRAP_START t=149000 phase=1 lc=3 lb=1 readyA=0 readyB=1 since=15
# WRAP_LAST t=161000 phase=1 vid=1
# WRAP_START t=181000 phase=1 lc=4 lb=0 readyA=1 readyB=0 since=15
# WRAP_LAST t=193000 phase=1 vid=2
# WRAP_START t=213000 phase=1 lc=5 lb=1 readyA=0 readyB=1 since=15
# WRAP_LAST t=225000 phase=1 vid=3
# WRAP_START t=245000 phase=1 lc=6 lb=0 readyA=1 readyB=0 since=15
# WRAP_LAST t=257000 phase=1 vid=4
# WRAP_START t=277000 phase=1 lc=7 lb=1 readyA=0 readyB=1 since=15
# WRAP_LAST t=289000 phase=1 vid=5
# WRAP_START t=309000 phase=1 lc=8 lb=0 readyA=1 readyB=0 since=15
# WRAP_LAST t=321000 phase=1 vid=6
# WRAP_START t=341000 phase=1 lc=9 lb=1 readyA=0 readyB=1 since=15
# WRAP_LAST t=353000 phase=1 vid=7
# WRAP_START t=373000 phase=1 lc=10 lb=0 readyA=1 readyB=0 since=15
# WRAP_LAST t=385000 phase=1 vid=8
# WRAP_START t=405000 phase=1 lc=11 lb=1 readyA=0 readyB=1 since=15
# WRAP_LAST t=417000 phase=1 vid=9
# WRAP_START t=437000 phase=1 lc=12 lb=0 readyA=1 readyB=0 since=15
# WRAP_LAST t=449000 phase=1 vid=10
# WRAP_START t=469000 phase=1 lc=13 lb=1 readyA=0 readyB=1 since=15
# WRAP_LAST t=481000 phase=1 vid=11
# WRAP_START t=501000 phase=1 lc=14 lb=0 readyA=1 readyB=0 since=15
# WRAP_LAST t=513000 phase=1 vid=12
# WRAP_START t=533000 phase=1 lc=15 lb=1 readyA=0 readyB=1 since=15
# WRAP_LAST t=545000 phase=1 vid=13
# WRAP_START t=565000 phase=1 lc=16 lb=0 readyA=1 readyB=0 since=15
# WRAP_LAST t=577000 phase=1 vid=14
# WRAP_START t=597000 phase=1 lc=17 lb=1 readyA=0 readyB=1 since=15
# WRAP_LAST t=609000 phase=1 vid=15
# WRAP_START t=629000 phase=1 lc=18 lb=0 readyA=1 readyB=0 since=15
# WRAP_LAST t=641000 phase=1 vid=16
# WRAP_START t=661000 phase=1 lc=19 lb=1 readyA=0 readyB=1 since=15
# WRAP_LAST t=673000 phase=1 vid=17
# WRAP_START t=693000 phase=1 lc=20 lb=0 readyA=1 readyB=0 since=15
# WRAP_LAST t=705000 phase=1 vid=18
# WRAP_START t=725000 phase=1 lc=21 lb=1 readyA=0 readyB=1 since=15
# WRAP_LAST t=737000 phase=1 vid=19
# WRAP_START t=757000 phase=1 lc=22 lb=0 readyA=1 readyB=0 since=15
# WRAP_LAST t=769000 phase=1 vid=20
# WRAP_START t=789000 phase=1 lc=23 lb=1 readyA=0 readyB=1 since=15
# WRAP_LAST t=801000 phase=1 vid=21
# WRAP_START t=821000 phase=1 lc=24 lb=0 readyA=1 readyB=0 since=15
# WRAP_LAST t=833000 phase=1 vid=22
# WRAP_START t=853000 phase=1 lc=25 lb=1 readyA=0 readyB=1 since=15
# WRAP_LAST t=865000 phase=1 vid=23
# WRAP_START t=885000 phase=1 lc=26 lb=0 readyA=1 readyB=0 since=15
# WRAP_LAST t=897000 phase=1 vid=24
# WRAP_START t=917000 phase=1 lc=27 lb=1 readyA=0 readyB=1 since=15
# WRAP_LAST t=929000 phase=1 vid=25
# WRAP_START t=949000 phase=1 lc=28 lb=0 readyA=1 readyB=0 since=15
# WRAP_LAST t=961000 phase=1 vid=26
# WRAP_START t=981000 phase=1 lc=29 lb=1 readyA=0 readyB=1 since=15
# WRAP_LAST t=993000 phase=1 vid=27
# WRAP_START t=1013000 phase=1 lc=30 lb=0 readyA=1 readyB=0 since=15
# WRAP_LAST t=1025000 phase=1 vid=28
# WRAP_START t=1045000 phase=1 lc=31 lb=1 readyA=0 readyB=1 since=15
# WRAP_LAST t=1057000 phase=1 vid=29
# WRAP_START t=1077000 phase=1 lc=32 lb=0 readyA=1 readyB=0 since=15
# WRAP_LAST t=1089000 phase=1 vid=30
# WRAP_START t=1109000 phase=1 lc=33 lb=1 readyA=0 readyB=1 since=15
# WRAP_LAST t=1121000 phase=1 vid=31
# WRAP_START t=1141000 phase=1 lc=34 lb=0 readyA=1 readyB=0 since=15
# WRAP_LAST t=1153000 phase=1 vid=32
# WRAP_START t=1173000 phase=1 lc=35 lb=1 readyA=0 readyB=1 since=15
# WRAP_LAST t=1185000 phase=1 vid=33
# WRAP_START t=1205000 phase=1 lc=36 lb=0 readyA=1 readyB=0 since=15
# WRAP_LAST t=1217000 phase=1 vid=34
# WRAP_START t=1237000 phase=1 lc=37 lb=1 readyA=0 readyB=1 since=15
# WRAP_LAST t=1249000 phase=1 vid=35
# WRAP_START t=1269000 phase=1 lc=38 lb=0 readyA=1 readyB=0 since=15
# WRAP_LAST t=1281000 phase=1 vid=36
# WRAP_START t=1301000 phase=1 lc=39 lb=1 readyA=0 readyB=1 since=15
# WRAP_LAST t=1313000 phase=1 vid=37
# WRAP_START t=1333000 phase=1 lc=40 lb=0 readyA=1 readyB=0 since=15
# WRAP_LAST t=1345000 phase=1 vid=38
# WRAP_START t=1365000 phase=1 lc=41 lb=1 readyA=0 readyB=1 since=15
# WRAP_LAST t=1377000 phase=1 vid=39
# WRAP_START t=1397000 phase=1 lc=42 lb=0 readyA=1 readyB=0 since=15
# WRAP_LAST t=1409000 phase=1 vid=40
# WRAP_START t=1429000 phase=1 lc=43 lb=1 readyA=0 readyB=1 since=15
# WRAP_LAST t=1441000 phase=1 vid=41
# WRAP_START t=1461000 phase=1 lc=44 lb=0 readyA=1 readyB=0 since=15
# WRAP_LAST t=1473000 phase=1 vid=42
# WRAP_START t=1493000 phase=1 lc=45 lb=1 readyA=0 readyB=1 since=15
# WRAP_LAST t=1505000 phase=1 vid=43
# WRAP_START t=1525000 phase=1 lc=46 lb=0 readyA=1 readyB=0 since=15
# WRAP_LAST t=1537000 phase=1 vid=44
# WRAP_START t=1557000 phase=1 lc=47 lb=1 readyA=0 readyB=1 since=15
# WRAP_LAST t=1569000 phase=1 vid=45
# WRAP_START t=1589000 phase=1 lc=48 lb=0 readyA=1 readyB=0 since=15
# WRAP_LAST t=1601000 phase=1 vid=46
# WRAP_START t=1621000 phase=1 lc=49 lb=1 readyA=0 readyB=1 since=15
# WRAP_LAST t=1633000 phase=1 vid=47
# WRAP_START t=1653000 phase=1 lc=50 lb=0 readyA=1 readyB=0 since=15
# WRAP_LAST t=1665000 phase=1 vid=48
# WRAP_START t=1685000 phase=1 lc=51 lb=1 readyA=0 readyB=1 since=15
# WRAP_LAST t=1697000 phase=1 vid=49
# WRAP_START t=1717000 phase=1 lc=52 lb=0 readyA=1 readyB=0 since=15
# WRAP_LAST t=1729000 phase=1 vid=50
# WRAP_START t=1749000 phase=1 lc=53 lb=1 readyA=0 readyB=1 since=15
# WRAP_LAST t=1761000 phase=1 vid=51
# WRAP_START t=1781000 phase=1 lc=54 lb=0 readyA=1 readyB=0 since=15
# WRAP_LAST t=1793000 phase=1 vid=52
# WRAP_START t=1813000 phase=1 lc=55 lb=1 readyA=0 readyB=1 since=15
# WRAP_LAST t=1825000 phase=1 vid=53
# WRAP_START t=1845000 phase=1 lc=56 lb=0 readyA=1 readyB=0 since=15
# WRAP_LAST t=1857000 phase=1 vid=54
# WRAP_START t=1877000 phase=1 lc=57 lb=1 readyA=0 readyB=1 since=15
# WRAP_LAST t=1889000 phase=1 vid=55
# WRAP_START t=1909000 phase=1 lc=58 lb=0 readyA=1 readyB=0 since=15
# WRAP_LAST t=1921000 phase=1 vid=56
# WRAP_START t=1941000 phase=1 lc=59 lb=1 readyA=0 readyB=1 since=15
# WRAP_LAST t=1953000 phase=1 vid=57
# WRAP_START t=1973000 phase=1 lc=60 lb=0 readyA=1 readyB=0 since=15
# WRAP_LAST t=1985000 phase=1 vid=58
# WRAP_START t=2005000 phase=1 lc=61 lb=1 readyA=0 readyB=1 since=15
# WRAP_LAST t=2017000 phase=1 vid=59
# WRAP_START t=2037000 phase=1 lc=62 lb=0 readyA=1 readyB=0 since=15
# WRAP_LAST t=2049000 phase=1 vid=60
# WRAP_START t=2069000 phase=1 lc=63 lb=1 readyA=0 readyB=1 since=15
# WRAP_LAST t=2081000 phase=1 vid=61
# WRAP_LAST t=2113000 phase=1 vid=62
# WRAP_LAST t=2145000 phase=1 vid=63
# WRAP_START t=2179000 phase=2 lc=0 lb=0 readyA=1 readyB=0 since=32
# WRAP_START t=2211000 phase=2 lc=1 lb=1 readyA=0 readyB=1 since=15
# WRAP_START t=2243000 phase=2 lc=2 lb=0 readyA=1 readyB=0 since=15
# WRAP_LAST t=2255000 phase=2 vid=64
# WRAP_START t=2275000 phase=2 lc=3 lb=1 readyA=0 readyB=1 since=15
# WRAP_LAST t=2287000 phase=2 vid=65
# WRAP_START t=2307000 phase=2 lc=4 lb=0 readyA=1 readyB=0 since=15
# WRAP_LAST t=2319000 phase=2 vid=66
# WRAP_START t=2339000 phase=2 lc=5 lb=1 readyA=0 readyB=1 since=15
# WRAP_LAST t=2351000 phase=2 vid=67
# WRAP_START t=2371000 phase=2 lc=6 lb=0 readyA=1 readyB=0 since=15
# WRAP_LAST t=2383000 phase=2 vid=68
# WRAP_START t=2403000 phase=2 lc=7 lb=1 readyA=0 readyB=1 since=15
# WRAP_LAST t=2415000 phase=2 vid=69
# WRAP_START t=2435000 phase=2 lc=8 lb=0 readyA=1 readyB=0 since=15
# WRAP_LAST t=2447000 phase=2 vid=70
# WRAP_START t=2467000 phase=2 lc=9 lb=1 readyA=0 readyB=1 since=15
# WRAP_LAST t=2479000 phase=2 vid=71
# WRAP_START t=2499000 phase=2 lc=10 lb=0 readyA=1 readyB=0 since=15
# WRAP_LAST t=2511000 phase=2 vid=72
# WRAP_START t=2531000 phase=2 lc=11 lb=1 readyA=0 readyB=1 since=15
# WRAP_LAST t=2543000 phase=2 vid=73
# WRAP_START t=2563000 phase=2 lc=12 lb=0 readyA=1 readyB=0 since=15
# WRAP_LAST t=2575000 phase=2 vid=74
# WRAP_START t=2595000 phase=2 lc=13 lb=1 readyA=0 readyB=1 since=15
# WRAP_LAST t=2607000 phase=2 vid=75
# WRAP_START t=2627000 phase=2 lc=14 lb=0 readyA=1 readyB=0 since=15
# WRAP_LAST t=2639000 phase=2 vid=76
# WRAP_START t=2659000 phase=2 lc=15 lb=1 readyA=0 readyB=1 since=15
# WRAP_LAST t=2671000 phase=2 vid=77
# WRAP_START t=2691000 phase=2 lc=16 lb=0 readyA=1 readyB=0 since=15
# WRAP_LAST t=2703000 phase=2 vid=78
# WRAP_START t=2723000 phase=2 lc=17 lb=1 readyA=0 readyB=1 since=15
# WRAP_LAST t=2735000 phase=2 vid=79
# WRAP_START t=2755000 phase=2 lc=18 lb=0 readyA=1 readyB=0 since=15
# WRAP_LAST t=2767000 phase=2 vid=80
# WRAP_START t=2787000 phase=2 lc=19 lb=1 readyA=0 readyB=1 since=15
# WRAP_LAST t=2799000 phase=2 vid=81
# WRAP_START t=2819000 phase=2 lc=20 lb=0 readyA=1 readyB=0 since=15
# WRAP_LAST t=2831000 phase=2 vid=82
# WRAP_START t=2851000 phase=2 lc=21 lb=1 readyA=0 readyB=1 since=15
# WRAP_LAST t=2863000 phase=2 vid=83
# WRAP_START t=2883000 phase=2 lc=22 lb=0 readyA=1 readyB=0 since=15
# WRAP_LAST t=2895000 phase=2 vid=84
# WRAP_START t=2915000 phase=2 lc=23 lb=1 readyA=0 readyB=1 since=15
# WRAP_LAST t=2927000 phase=2 vid=85
# WRAP_START t=2947000 phase=2 lc=24 lb=0 readyA=1 readyB=0 since=15
# WRAP_LAST t=2959000 phase=2 vid=86
# WRAP_START t=2979000 phase=2 lc=25 lb=1 readyA=0 readyB=1 since=15
# WRAP_LAST t=2991000 phase=2 vid=87
# WRAP_START t=3011000 phase=2 lc=26 lb=0 readyA=1 readyB=0 since=15
# WRAP_LAST t=3023000 phase=2 vid=88
# WRAP_START t=3043000 phase=2 lc=27 lb=1 readyA=0 readyB=1 since=15
# WRAP_LAST t=3055000 phase=2 vid=89
# WRAP_START t=3075000 phase=2 lc=28 lb=0 readyA=1 readyB=0 since=15
# WRAP_LAST t=3087000 phase=2 vid=90
# WRAP_START t=3107000 phase=2 lc=29 lb=1 readyA=0 readyB=1 since=15
# WRAP_LAST t=3119000 phase=2 vid=91
# WRAP_START t=3139000 phase=2 lc=30 lb=0 readyA=1 readyB=0 since=15
# WRAP_LAST t=3151000 phase=2 vid=92
# WRAP_START t=3171000 phase=2 lc=31 lb=1 readyA=0 readyB=1 since=15
# WRAP_LAST t=3183000 phase=2 vid=93
# WRAP_START t=3203000 phase=2 lc=32 lb=0 readyA=1 readyB=0 since=15
# WRAP_LAST t=3215000 phase=2 vid=94
# WRAP_START t=3235000 phase=2 lc=33 lb=1 readyA=0 readyB=1 since=15
# WRAP_LAST t=3247000 phase=2 vid=95
# WRAP_START t=3267000 phase=2 lc=34 lb=0 readyA=1 readyB=0 since=15
# WRAP_LAST t=3279000 phase=2 vid=96
# WRAP_START t=3299000 phase=2 lc=35 lb=1 readyA=0 readyB=1 since=15
# WRAP_LAST t=3311000 phase=2 vid=97
# WRAP_START t=3331000 phase=2 lc=36 lb=0 readyA=1 readyB=0 since=15
# WRAP_LAST t=3343000 phase=2 vid=98
# WRAP_START t=3363000 phase=2 lc=37 lb=1 readyA=0 readyB=1 since=15
# WRAP_LAST t=3375000 phase=2 vid=99
# WRAP_START t=3395000 phase=2 lc=38 lb=0 readyA=1 readyB=0 since=15
# WRAP_LAST t=3407000 phase=2 vid=100
# WRAP_START t=3427000 phase=2 lc=39 lb=1 readyA=0 readyB=1 since=15
# WRAP_LAST t=3439000 phase=2 vid=101
# WRAP_START t=3459000 phase=2 lc=40 lb=0 readyA=1 readyB=0 since=15
# WRAP_LAST t=3471000 phase=2 vid=102
# WRAP_START t=3491000 phase=2 lc=41 lb=1 readyA=0 readyB=1 since=15
# WRAP_LAST t=3503000 phase=2 vid=103
# WRAP_START t=3523000 phase=2 lc=42 lb=0 readyA=1 readyB=0 since=15
# WRAP_LAST t=3535000 phase=2 vid=104
# WRAP_START t=3555000 phase=2 lc=43 lb=1 readyA=0 readyB=1 since=15
# WRAP_LAST t=3567000 phase=2 vid=105
# WRAP_START t=3587000 phase=2 lc=44 lb=0 readyA=1 readyB=0 since=15
# WRAP_LAST t=3599000 phase=2 vid=106
# WRAP_START t=3619000 phase=2 lc=45 lb=1 readyA=0 readyB=1 since=15
# WRAP_LAST t=3631000 phase=2 vid=107
# WRAP_START t=3651000 phase=2 lc=46 lb=0 readyA=1 readyB=0 since=15
# WRAP_LAST t=3663000 phase=2 vid=108
# WRAP_START t=3683000 phase=2 lc=47 lb=1 readyA=0 readyB=1 since=15
# WRAP_LAST t=3695000 phase=2 vid=109
# WRAP_START t=3715000 phase=2 lc=48 lb=0 readyA=1 readyB=0 since=15
# WRAP_LAST t=3727000 phase=2 vid=110
# WRAP_START t=3747000 phase=2 lc=49 lb=1 readyA=0 readyB=1 since=15
# WRAP_LAST t=3759000 phase=2 vid=111
# WRAP_START t=3779000 phase=2 lc=50 lb=0 readyA=1 readyB=0 since=15
# WRAP_LAST t=3791000 phase=2 vid=112
# WRAP_START t=3811000 phase=2 lc=51 lb=1 readyA=0 readyB=1 since=15
# WRAP_LAST t=3823000 phase=2 vid=113
# WRAP_START t=3843000 phase=2 lc=52 lb=0 readyA=1 readyB=0 since=15
# WRAP_LAST t=3855000 phase=2 vid=114
# WRAP_START t=3875000 phase=2 lc=53 lb=1 readyA=0 readyB=1 since=15
# WRAP_LAST t=3887000 phase=2 vid=115
# WRAP_START t=3907000 phase=2 lc=54 lb=0 readyA=1 readyB=0 since=15
# WRAP_LAST t=3919000 phase=2 vid=116
# WRAP_START t=3939000 phase=2 lc=55 lb=1 readyA=0 readyB=1 since=15
# WRAP_LAST t=3951000 phase=2 vid=117
# WRAP_START t=3971000 phase=2 lc=56 lb=0 readyA=1 readyB=0 since=15
# WRAP_LAST t=3983000 phase=2 vid=118
# WRAP_START t=4003000 phase=2 lc=57 lb=1 readyA=0 readyB=1 since=15
# WRAP_LAST t=4015000 phase=2 vid=119
# WRAP_START t=4035000 phase=2 lc=58 lb=0 readyA=1 readyB=0 since=15
# WRAP_LAST t=4047000 phase=2 vid=120
# WRAP_START t=4067000 phase=2 lc=59 lb=1 readyA=0 readyB=1 since=15
# WRAP_LAST t=4079000 phase=2 vid=121
# WRAP_START t=4099000 phase=2 lc=60 lb=0 readyA=1 readyB=0 since=15
# WRAP_LAST t=4111000 phase=2 vid=122
# WRAP_START t=4131000 phase=2 lc=61 lb=1 readyA=0 readyB=1 since=15
# WRAP_LAST t=4143000 phase=2 vid=123
# WRAP_START t=4163000 phase=2 lc=62 lb=0 readyA=1 readyB=0 since=15
# WRAP_LAST t=4175000 phase=2 vid=124
# WRAP_START t=4195000 phase=2 lc=63 lb=1 readyA=0 readyB=1 since=15
# WRAP_LAST t=4207000 phase=2 vid=125
# WRAP_LAST t=4239000 phase=2 vid=126
# WRAP_LAST t=4271000 phase=2 vid=127
# STEP12B_WRAPPER_PASS cycles=3538 output_beats=1024
# ** Note: $finish    : 03_verification/tb/step12b_dct2_64_wrapper_tb.sv(82)
#    Time: 7093 ns  Iteration: 1  Instance: /step12b_dct2_64_wrapper_tb
# End time: 17:04:28 on Sep 11,2026, Elapsed time: 0:00:01
# Errors: 0, Warnings: 0
V35_17_STEP12B_FUNCTIONAL_SMOKE_PASS
