Copyright 1986-2022 Xilinx, Inc. All Rights Reserved. Copyright 2022-2025 Advanced Micro Devices, Inc. All Rights Reserved.
-------------------------------------------------------------------------------------------------------------------------------------------------------------------------------------------------------
| Tool Version : Vivado v.2025.2 (win64) Build 6299465 Fri Nov 14 19:35:11 GMT 2025
| Date         : Wed Sep  9 22:53:12 2026
| Host         : Finesse running 64-bit major release  (build 9200)
| Command      : report_high_fanout_nets -max_nets 100 -file D:/Workspace/ITS_STUDY_V35_P2F_B2_R4B_EVENT_STATIC/03_verification/vivado/reports_r4b_event_static_synth/report_high_fanout_postsynth.rpt
| Design       : p2f_dct2_64_b1_step102
| Device       : xcku5p
| Design State : Synthesized
-------------------------------------------------------------------------------------------------------------------------------------------------------------------------------------------------------

High Fan-out Nets Information

1. Summary
----------

+-----------------------------------------+--------+-------------+
| Net Name                                | Fanout | Driver Type |
+-----------------------------------------+--------+-------------+
| output_active_i_2_n_0                   |  21213 | LUT1        |
| red_s0_data[0]                          |   1057 | LUT5        |
| stage16_mem[0][22][0]_i_1_n_0           |   1041 | LUT3        |
| stage16_mem[1][22][0]_i_1_n_0           |   1041 | LUT3        |
| stage16_mem[2][22][0]_i_1_n_0           |   1041 | LUT3        |
| stage16_mem[3][22][0]_i_1_n_0           |   1041 | LUT3        |
| r4a_vector_buf_a[0]                     |   1024 | LUT2        |
| r4a_vector_buf_b[0]                     |   1024 | LUT2        |
| red_s1_data[0]                          |    481 | LUT5        |
| red_s0_data[47][23]_i_1_n_0             |    480 | LUT5        |
| signal_reg[33][23]_i_1_n_0              |    384 | LUT6        |
| signal_reg[60][23]_i_1_n_0              |    376 | LUT6        |
| signal_reg[34][23]_i_1_n_0              |    370 | LUT6        |
| red_s1_data[21][23]_i_1_n_0             |    288 | LUT6        |
| red_s3_data[0]                          |    195 | LUT6        |
| dot_value_bank[1][8][23]_i_1_n_0        |    192 | LUT6        |
| signal_reg[1][23]_i_1_n_0               |    192 | LUT6        |
| red_s2_data[0]                          |    192 | LUT6        |
| dot_value_bank[0][8][23]_i_1_n_0        |    192 | LUT6        |
| red_s2_data[10][23]_i_1_n_0             |    192 | LUT5        |
| output_group_reg[3]_rep_n_0             |    190 | FDCE        |
| result_vector_id[0]                     |    190 | FDCE        |
| result_vector_id[1]                     |    190 | FDCE        |
| result_stage16_flat[63]_INST_0_i_30_n_0 |    173 | LUT2        |
| r4a_issue_active_reg[0]__0              |    160 | FDCE        |
| signal_reg[92][21]_i_1_n_0              |    148 | LUT6        |
| bf_vector_id_reg[0]_rep__1_n_0          |    148 | FDCE        |
| bf_vector_id_reg[0]_rep__7_n_0          |    148 | FDCE        |
| bf_vector_id_reg[0]_rep__5_n_0          |    146 | FDCE        |
| bf_vector_id_reg[0]_rep__0_n_0          |    144 | FDCE        |
| sched_bank_reg_reg[0]_rep__0_n_0        |    144 | FDCE        |
| signal_reg[105][21]_i_1_n_0             |    144 | LUT3        |
| signal_reg[111][21]_i_1_n_0             |    144 | LUT6        |
| signal_reg[116][21]_i_1_n_0             |    144 | LUT6        |
| signal_reg[41][21]_i_1_n_0              |    144 | LUT3        |
| signal_reg[4][21]_i_1_n_0               |    144 | LUT3        |
| signal_reg[73][21]_i_1_n_0              |    144 | LUT6        |
| signal_reg[77][21]_i_1_n_0              |    144 | LUT6        |
| sched_bank_reg_reg_n_0_[0]              |    144 | FDCE        |
| bf_vector_id_reg[0]_rep__4_n_0          |    142 | FDCE        |
| result_final10_flat[28]_INST_0_i_26_n_0 |    142 | LUT2        |
| sched_valid_reg_reg_n_0_[88]            |    138 | FDCE        |
| result_final10_flat[6]_INST_0_i_6_n_0   |    137 | LUT2        |
| r4a_issue_cycle_reg[0][0]               |    136 | FDCE        |
| bf_vector_id_reg[0]_rep_n_0             |    136 | FDCE        |
| result_final10_flat[7]_INST_0_i_5_n_0   |    136 | LUT2        |
| result_final10_flat[8]_INST_0_i_11_n_0  |    135 | LUT2        |
| result_final10_flat[26]_INST_0_i_22_n_0 |    134 | LUT2        |
| result_final10_flat[6]_INST_0_i_7_n_0   |    134 | LUT2        |
| sched_valid_reg_reg_n_0_[0]             |    134 | FDCE        |
| result_final10_flat[38]_INST_0_i_28_n_0 |    133 | LUT2        |
| result_ready[2]_i_2_n_0                 |    133 | LUT2        |
| result_ready[3]_i_2_n_0                 |    131 | LUT2        |
| r4a_issue_cycle_reg[0][1]_rep_n_0       |    131 | FDCE        |
| result_ready[0]_i_2_n_0                 |    131 | LUT2        |
| result_final10_flat[3]_INST_0_i_5_n_0   |    130 | LUT2        |
| result_stage16_flat[59]_INST_0_i_22_n_0 |    129 | LUT2        |
| result_final10_flat[8]_INST_0_i_12_n_0  |    129 | LUT2        |
| result_stage16_flat[44]_INST_0_i_27_n_0 |    129 | LUT2        |
| sched_valid_reg_reg[0]_rep__2_n_0       |    128 | FDCE        |
| result_final10_flat[0]_INST_0_i_9_n_0   |    128 | LUT2        |
| sched_src_sel_reg_reg[0][0]_rep__1_n_0  |    128 | FDCE        |
| sched_src_sel_reg_reg[88][0]_rep__0_n_0 |    128 | FDCE        |
| sched_bank_reg_reg[0]_rep__2_n_0        |    128 | FDCE        |
| sched_valid_reg_reg[88]_rep__1_n_0      |    128 | FDCE        |
| sched_src_sel_reg_reg_n_0_[88][0]       |    128 | FDCE        |
| sched_src_sel_reg_reg[0][0]_rep__3_n_0  |    128 | FDCE        |
| sched_src_sel_reg_reg[88][0]_rep__3_n_0 |    128 | FDCE        |
| sched_src_sel_reg_reg[88][0]_rep_n_0    |    128 | FDCE        |
| result_final10_flat[24]_INST_0_i_33_n_0 |    128 | LUT2        |
| sched_valid_reg_reg[0]_rep__0_n_0       |    128 | FDCE        |
| sched_valid_reg_reg[88]_rep__0_n_0      |    128 | FDCE        |
| sched_src_sel_reg_reg[88][0]_rep__5_n_0 |    128 | FDCE        |
| sched_src_sel_reg_reg[88][0]_rep__8_n_0 |    128 | FDCE        |
| sched_valid_reg_reg[0]_rep__4_n_0       |    128 | FDCE        |
| sched_src_sel_reg_reg[88][0]_rep__1_n_0 |    128 | FDCE        |
| sched_bank_reg_reg[0]_rep_n_0           |    128 | FDCE        |
| sched_src_sel_reg_reg[88][0]_rep__2_n_0 |    128 | FDCE        |
| sched_src_sel_reg_reg[88][0]_rep__4_n_0 |    128 | FDCE        |
| sched_src_sel_reg_reg[0][0]_rep__0_n_0  |    128 | FDCE        |
| bf_vector_id_reg[0]_rep__3_n_0          |    128 | FDCE        |
| sched_valid_reg_reg[0]_rep__1_n_0       |    128 | FDCE        |
| sched_src_sel_reg_reg[88][0]_rep__7_n_0 |    128 | FDCE        |
| sched_valid_reg_reg[0]_rep__3_n_0       |    128 | FDCE        |
| sched_valid_reg_reg[88]_rep_n_0         |    128 | FDCE        |
| sched_bank_reg_reg[0]_rep__4_n_0        |    128 | FDCE        |
| sched_src_sel_reg_reg[88][0]_rep__6_n_0 |    128 | FDCE        |
| sched_valid_reg_reg[0]_rep_n_0          |    128 | FDCE        |
| sched_src_sel_reg_reg_n_0_[0][0]        |    128 | FDCE        |
| sched_src_sel_reg_reg[0][0]_rep__2_n_0  |    128 | FDCE        |
| sched_bank_reg_reg[0]_rep__3_n_0        |    128 | FDCE        |
| r4a_issue_active_reg[0]_rep_n_0         |    126 | FDCE        |
| r4a_issue_cycle_reg[0][3]_rep_n_0       |    126 | FDCE        |
| r4a_issue_active_reg[0]_rep__2_n_0      |    126 | FDCE        |
| r4a_issue_cycle_reg[0][2]_rep_n_0       |    126 | FDCE        |
| r4a_issue_active_reg[0]_rep__3_n_0      |    126 | FDCE        |
| bf_vector_id_reg[0]_rep__6_n_0          |    126 | FDCE        |
| r4a_issue_active_reg[0]_rep__4_n_0      |    126 | FDCE        |
| r4a_issue_active_reg[0]_rep__0_n_0      |    126 | FDCE        |
| result_final10_flat[9]_INST_0_i_5_n_0   |    126 | LUT2        |
+-----------------------------------------+--------+-------------+


