Copyright 1986-2022 Xilinx, Inc. All Rights Reserved. Copyright 2022-2025 Advanced Micro Devices, Inc. All Rights Reserved.
-----------------------------------------------------------------------------------------------------------------------------------------------------------------------------
| Tool Version : Vivado v.2025.2 (win64) Build 6299465 Fri Nov 14 19:35:11 GMT 2025
| Date         : Wed Sep  9 17:36:15 2026
| Host         : Finesse running 64-bit major release  (build 9200)
| Command      : report_high_fanout_nets -max_nets 100 -file D:/Workspace/ITS_STUDY_V35_P2F_B2_R3R/03_verification/vivado/reports_r3r_synth/report_high_fanout_postsynth.rpt
| Design       : p2f_dct2_64_b1_step102
| Device       : xcku5p
| Design State : Synthesized
-----------------------------------------------------------------------------------------------------------------------------------------------------------------------------

High Fan-out Nets Information

1. Summary
----------

+-----------------------------------------+--------+-------------+
| Net Name                                | Fanout | Driver Type |
+-----------------------------------------+--------+-------------+
| output_active_i_2_n_0                   |  20406 | LUT1        |
| sched_src_reg_reg_n_0_[46][0]           |   7109 | FDCE        |
| red_s0_data[0]                          |   1056 | LUT6        |
| stage16_mem[0][61][0]_i_1_n_0           |   1041 | LUT3        |
| stage16_mem[1][61][0]_i_1_n_0           |   1040 | LUT3        |
| stage16_mem[2][61][0]_i_1_n_0           |   1040 | LUT3        |
| stage16_mem[3][61][0]_i_1_n_0           |   1040 | LUT3        |
| vector_buf_a[8][15]_i_1_n_0             |   1024 | LUT3        |
| vector_buf_b[6][15]_i_1_n_0             |   1024 | LUT3        |
| signal_reg[42][23]_i_3_n_0              |    489 | LUT6        |
| red_s0_data[57][23]_i_1_n_0             |    480 | LUT6        |
| red_s1_data[0]                          |    480 | LUT5        |
| signal_reg[42][23]_i_1_n_0              |    384 | LUT2        |
| signal_reg[46][23]_i_1_n_0              |    336 | LUT4        |
| signal_reg[18][23]_i_1_n_0              |    336 | LUT2        |
| issue_cycle_reg[3]_rep_n_0              |    332 | FDCE        |
| issue_active_reg_rep__5_n_0             |    328 | FDCE        |
| issue_cycle_reg[4]_rep__6_n_0           |    315 | FDCE        |
| red_s1_data[31][23]_i_1_n_0             |    288 | LUT6        |
| issue_cycle_reg[2]_rep__4_n_0           |    285 | FDCE        |
| issue_cycle_reg[4]_rep__1_n_0           |    284 | FDCE        |
| issue_active_reg_rep__0_n_0             |    283 | FDCE        |
| issue_cycle_reg[3]_rep__4_n_0           |    280 | FDCE        |
| issue_cycle_reg[0]_rep__1_n_0           |    275 | FDCE        |
| issue_cycle_reg[1]_rep__0_n_0           |    273 | FDCE        |
| issue_cycle_reg[0]_rep__6_n_0           |    259 | FDCE        |
| issue_cycle_reg[1]_rep__5_n_0           |    252 | FDCE        |
| issue_cycle_reg[2]_rep__0_n_0           |    243 | FDCE        |
| issue_cycle_reg[0]_rep__4_n_0           |    222 | FDCE        |
| issue_cycle_reg[1]_rep__3_n_0           |    220 | FDCE        |
| signal_reg[24][23]_i_3_n_0              |    197 | LUT6        |
| red_s3_vector[0]                        |    195 | LUT6        |
| issue_cycle_reg[2]_rep__2_n_0           |    195 | FDCE        |
| signal_reg[24][23]_i_1_n_0              |    192 | LUT2        |
| red_s2_data[15][23]_i_1_n_0             |    192 | LUT5        |
| dot_value_bank[1][13][23]_i_1_n_0       |    192 | LUT5        |
| dot_value_bank[0][13][23]_i_1_n_0       |    192 | LUT5        |
| red_s2_data[0]                          |    192 | LUT6        |
| issue_cycle_reg[2]_rep_n_0              |    178 | FDCE        |
| sched_valid_reg_reg_n_0_[25]            |    178 | FDCE        |
| sched_src_reg_reg[46][4]_rep__5_n_0     |    178 | FDCE        |
| sched_src_reg_reg_n_0_[0][1]            |    178 | FDCE        |
| sched_src_reg_reg[46][2]_rep__1_n_0     |    176 | FDCE        |
| sched_src_reg_reg[46][4]_rep__3_n_0     |    176 | FDCE        |
| sched_src_reg_reg_n_0_[113][2]          |    176 | FDCE        |
| sched_valid_reg_reg[121]_rep__22_n_0    |    176 | FDCE        |
| signal_reg[18][23]_i_3_n_0              |    170 | LUT3        |
| output_group[1]_i_4_n_0                 |    169 | LUT2        |
| issue_cycle_reg[3]_rep__0_n_0           |    168 | FDCE        |
| result_stage16_flat[63]_INST_0_i_24_n_0 |    168 | LUT2        |
| dot_value_bank[1][13][23]_i_4_n_0       |    168 | LUT6        |
| output_group[1]_i_2_n_0                 |    161 | LUT2        |
| sched_src_reg_reg[61][2]_rep__0_n_0     |    160 | FDCE        |
| sched_src_reg_reg_n_0_[53][5]           |    160 | FDCE        |
| sched_src_reg_reg[46][1]_rep__27_n_0    |    160 | FDCE        |
| sched_src_reg_reg[5][5]_rep_n_0         |    160 | FDCE        |
| sched_src_reg_reg[26][4]_rep__1_n_0     |    160 | FDCE        |
| sched_src_reg_reg[46][1]_rep_n_0        |    160 | FDCE        |
| sched_src_reg_reg_n_0_[113][5]          |    159 | FDCE        |
| issue_cycle_reg[4]_rep__4_n_0           |    156 | FDCE        |
| issue_active_reg_rep__3_n_0             |    154 | FDCE        |
| sched_valid_reg_reg_n_0_[40]            |    149 | FDCE        |
| sched_src_reg_reg_n_0_[113][1]          |    149 | FDCE        |
| result_stage16_flat[63]_INST_0_i_32_n_0 |    148 | LUT2        |
| sched_src_reg_reg_n_0_[46][4]           |    147 | FDCE        |
| signal_reg[46][23]_i_2_n_0              |    146 | LUT4        |
| sched_src_reg_reg_n_0_[40][5]           |    145 | FDCE        |
| sched_src_reg_reg_n_0_[101][1]          |    145 | FDCE        |
| signal_reg[0][23]_i_3_n_0               |    145 | LUT6        |
| signal_reg[18][23]_i_20_n_0             |    145 | LUT4        |
| operand_valid_reg_reg_n_0_[72]          |    144 | FDCE        |
| sched_src_reg_reg[46][1]_rep__7_n_0     |    144 | FDCE        |
| sched_src_reg_reg[47][4]_rep__0_n_0     |    144 | FDCE        |
| operand_valid_reg_reg_n_0_[0]           |    144 | FDCE        |
| operand_valid_reg_reg[45]__0            |    144 | FDCE        |
| operand_valid_reg_reg[104]_rep_n_0      |    144 | FDCE        |
| sched_src_reg_reg[46][1]_rep__4_n_0     |    144 | FDCE        |
| operand_valid_reg_reg[25]_rep_n_0       |    144 | FDCE        |
| signal_reg[119][21]_i_44_n_0            |    144 | LUT5        |
| signal_reg[119][21]_i_43_n_0            |    144 | LUT4        |
| issue_cycle_reg[3]                      |    143 | FDCE        |
| issue_active                            |    143 | FDCE        |
| issue_cycle_reg[2]                      |    142 | FDCE        |
| issue_cycle_reg[0]                      |    142 | FDCE        |
| issue_cycle_reg[1]                      |    141 | FDCE        |
| sched_valid_reg_reg[121]_rep__2_n_0     |    139 | FDCE        |
| result_last_INST_0_i_1_n_0              |    139 | LUT2        |
| result_stage16_flat[63]_INST_0_i_41_n_0 |    137 | LUT2        |
| result_group[0]                         |    137 | FDCE        |
| issue_cycle_reg[4]                      |    137 | FDCE        |
| result_group[1]                         |    136 | FDCE        |
| issue_cycle_reg[2]_rep__1_n_0           |    134 | FDCE        |
| sched_valid_reg_reg_n_0_[51]            |    133 | FDCE        |
| issue_active_reg_rep_n_0                |    133 | FDCE        |
| result_group[3]                         |    132 | FDCE        |
| result_ready[1]_i_2_n_0                 |    131 | LUT2        |
| sched_src_reg_reg[41][3]_rep__0_n_0     |    131 | FDCE        |
| issue_cycle_reg[4]_rep__5_n_0           |    131 | FDCE        |
| operand_coeff_reg_reg[63][7]_rep_n_0    |    131 | FDCE        |
| result_ready[2]_i_2_n_0                 |    130 | LUT2        |
+-----------------------------------------+--------+-------------+


