Copyright 1986-2022 Xilinx, Inc. All Rights Reserved. Copyright 2022-2025 Advanced Micro Devices, Inc. All Rights Reserved.
---------------------------------------------------------------------------------------------------------------------------------------------------------------------
| Tool Version      : Vivado v.2025.2 (win64) Build 6299465 Fri Nov 14 19:35:11 GMT 2025
| Date              : Sat Sep  5 00:57:12 2026
| Host              : Finesse running 64-bit major release  (build 9200)
| Command           : report_timing -delay_type max -max_paths 20 -file D:/Workspace/ITS_STUDY_V35_P2A_DCT2_64_R1/V35_P2A_DCT2_64/vivado/reports/p2a_setup_paths.rpt
| Design            : p2a_dct2_64_p4
| Device            : xcku5p-ffvb676
| Speed File        : -2  PRODUCTION 1.29 05-01-2022
| Design State      : Routed
| Temperature Grade : E
---------------------------------------------------------------------------------------------------------------------------------------------------------------------

Timing Report

Slack (VIOLATED) :        -2.761ns  (required time - arrival time)
  Source:                 issue_group_r_reg[1]_rep__3/C
                            (rising edge-triggered cell FDCE clocked by clk  {rise@0.000ns fall@1.000ns period=2.000ns})
  Destination:            coeff_selected_r_reg[0][51]/ADDRARDADDR[11]
                            (rising edge-triggered cell RAMB18E2 clocked by clk  {rise@0.000ns fall@1.000ns period=2.000ns})
  Path Group:             clk
  Path Type:              Setup (Max at Slow Process Corner)
  Requirement:            2.000ns  (clk rise@2.000ns - clk rise@0.000ns)
  Data Path Delay:        4.458ns  (logic 0.079ns (1.772%)  route 4.379ns (98.228%))
  Logic Levels:           0  
  Clock Path Skew:        0.011ns (DCD - SCD + CPR)
    Destination Clock Delay (DCD):    0.041ns = ( 2.041 - 2.000 ) 
    Source Clock Delay      (SCD):    0.030ns
    Clock Pessimism Removal (CPR):    0.000ns
  Clock Uncertainty:      0.035ns  ((TSJ^2 + TIJ^2)^1/2 + DJ) / 2 + PE
    Total System Jitter     (TSJ):    0.071ns
    Total Input Jitter      (TIJ):    0.000ns
    Discrete Jitter          (DJ):    0.000ns
    Phase Error              (PE):    0.000ns

    Location             Delay type                Incr(ns)  Path(ns)    Netlist Resource(s)
  -------------------------------------------------------------------    -------------------
                         (clock clk rise edge)        0.000     0.000 r  
                                                      0.000     0.000 r  clk (IN)
                         net (fo=14513, unset)        0.030     0.030    clk
    SLICE_X58Y165        FDCE                                         r  issue_group_r_reg[1]_rep__3/C
  -------------------------------------------------------------------    -------------------
    SLICE_X58Y165        FDCE (Prop_GFF2_SLICEM_C_Q)
                                                      0.079     0.109 r  issue_group_r_reg[1]_rep__3/Q
                         net (fo=32, routed)          4.379     4.488    issue_group_r_reg[1]_rep__3_n_0
    RAMB18_X0Y53         RAMB18E2                                     r  coeff_selected_r_reg[0][51]/ADDRARDADDR[11]
  -------------------------------------------------------------------    -------------------

                         (clock clk rise edge)        2.000     2.000 r  
                                                      0.000     2.000 r  clk (IN)
                         net (fo=14513, unset)        0.041     2.041    clk
    RAMB18_X0Y53         RAMB18E2                                     r  coeff_selected_r_reg[0][51]/CLKARDCLK
                         clock pessimism              0.000     2.041    
                         clock uncertainty           -0.035     2.006    
    RAMB18_X0Y53         RAMB18E2 (Setup_RAMB18E2_U_RAMB181_CLKARDCLK_ADDRARDADDR[11])
                                                     -0.279     1.727    coeff_selected_r_reg[0][51]
  -------------------------------------------------------------------
                         required time                          1.727    
                         arrival time                          -4.488    
  -------------------------------------------------------------------
                         slack                                 -2.761    

Slack (VIOLATED) :        -2.734ns  (required time - arrival time)
  Source:                 issue_group_r_reg[1]_rep__3/C
                            (rising edge-triggered cell FDCE clocked by clk  {rise@0.000ns fall@1.000ns period=2.000ns})
  Destination:            coeff_selected_r_reg[0][50]/ADDRARDADDR[11]
                            (rising edge-triggered cell RAMB18E2 clocked by clk  {rise@0.000ns fall@1.000ns period=2.000ns})
  Path Group:             clk
  Path Type:              Setup (Max at Slow Process Corner)
  Requirement:            2.000ns  (clk rise@2.000ns - clk rise@0.000ns)
  Data Path Delay:        4.445ns  (logic 0.079ns (1.777%)  route 4.366ns (98.223%))
  Logic Levels:           0  
  Clock Path Skew:        0.009ns (DCD - SCD + CPR)
    Destination Clock Delay (DCD):    0.039ns = ( 2.039 - 2.000 ) 
    Source Clock Delay      (SCD):    0.030ns
    Clock Pessimism Removal (CPR):    0.000ns
  Clock Uncertainty:      0.035ns  ((TSJ^2 + TIJ^2)^1/2 + DJ) / 2 + PE
    Total System Jitter     (TSJ):    0.071ns
    Total Input Jitter      (TIJ):    0.000ns
    Discrete Jitter          (DJ):    0.000ns
    Phase Error              (PE):    0.000ns

    Location             Delay type                Incr(ns)  Path(ns)    Netlist Resource(s)
  -------------------------------------------------------------------    -------------------
                         (clock clk rise edge)        0.000     0.000 r  
                                                      0.000     0.000 r  clk (IN)
                         net (fo=14513, unset)        0.030     0.030    clk
    SLICE_X58Y165        FDCE                                         r  issue_group_r_reg[1]_rep__3/C
  -------------------------------------------------------------------    -------------------
    SLICE_X58Y165        FDCE (Prop_GFF2_SLICEM_C_Q)
                                                      0.079     0.109 r  issue_group_r_reg[1]_rep__3/Q
                         net (fo=32, routed)          4.366     4.475    issue_group_r_reg[1]_rep__3_n_0
    RAMB18_X0Y52         RAMB18E2                                     r  coeff_selected_r_reg[0][50]/ADDRARDADDR[11]
  -------------------------------------------------------------------    -------------------

                         (clock clk rise edge)        2.000     2.000 r  
                                                      0.000     2.000 r  clk (IN)
                         net (fo=14513, unset)        0.039     2.039    clk
    RAMB18_X0Y52         RAMB18E2                                     r  coeff_selected_r_reg[0][50]/CLKARDCLK
                         clock pessimism              0.000     2.039    
                         clock uncertainty           -0.035     2.004    
    RAMB18_X0Y52         RAMB18E2 (Setup_RAMB18E2_L_RAMB180_CLKARDCLK_ADDRARDADDR[11])
                                                     -0.263     1.741    coeff_selected_r_reg[0][50]
  -------------------------------------------------------------------
                         required time                          1.741    
                         arrival time                          -4.475    
  -------------------------------------------------------------------
                         slack                                 -2.734    

Slack (VIOLATED) :        -2.623ns  (required time - arrival time)
  Source:                 issue_group_r_reg[1]_rep__3/C
                            (rising edge-triggered cell FDCE clocked by clk  {rise@0.000ns fall@1.000ns period=2.000ns})
  Destination:            coeff_selected_r_reg[0][48]/ADDRARDADDR[11]
                            (rising edge-triggered cell RAMB18E2 clocked by clk  {rise@0.000ns fall@1.000ns period=2.000ns})
  Path Group:             clk
  Path Type:              Setup (Max at Slow Process Corner)
  Requirement:            2.000ns  (clk rise@2.000ns - clk rise@0.000ns)
  Data Path Delay:        4.333ns  (logic 0.079ns (1.823%)  route 4.254ns (98.177%))
  Logic Levels:           0  
  Clock Path Skew:        0.009ns (DCD - SCD + CPR)
    Destination Clock Delay (DCD):    0.039ns = ( 2.039 - 2.000 ) 
    Source Clock Delay      (SCD):    0.030ns
    Clock Pessimism Removal (CPR):    0.000ns
  Clock Uncertainty:      0.035ns  ((TSJ^2 + TIJ^2)^1/2 + DJ) / 2 + PE
    Total System Jitter     (TSJ):    0.071ns
    Total Input Jitter      (TIJ):    0.000ns
    Discrete Jitter          (DJ):    0.000ns
    Phase Error              (PE):    0.000ns

    Location             Delay type                Incr(ns)  Path(ns)    Netlist Resource(s)
  -------------------------------------------------------------------    -------------------
                         (clock clk rise edge)        0.000     0.000 r  
                                                      0.000     0.000 r  clk (IN)
                         net (fo=14513, unset)        0.030     0.030    clk
    SLICE_X58Y165        FDCE                                         r  issue_group_r_reg[1]_rep__3/C
  -------------------------------------------------------------------    -------------------
    SLICE_X58Y165        FDCE (Prop_GFF2_SLICEM_C_Q)
                                                      0.079     0.109 r  issue_group_r_reg[1]_rep__3/Q
                         net (fo=32, routed)          4.254     4.363    issue_group_r_reg[1]_rep__3_n_0
    RAMB18_X0Y50         RAMB18E2                                     r  coeff_selected_r_reg[0][48]/ADDRARDADDR[11]
  -------------------------------------------------------------------    -------------------

                         (clock clk rise edge)        2.000     2.000 r  
                                                      0.000     2.000 r  clk (IN)
                         net (fo=14513, unset)        0.039     2.039    clk
    RAMB18_X0Y50         RAMB18E2                                     r  coeff_selected_r_reg[0][48]/CLKARDCLK
                         clock pessimism              0.000     2.039    
                         clock uncertainty           -0.035     2.004    
    RAMB18_X0Y50         RAMB18E2 (Setup_RAMB18E2_L_RAMB180_CLKARDCLK_ADDRARDADDR[11])
                                                     -0.263     1.741    coeff_selected_r_reg[0][48]
  -------------------------------------------------------------------
                         required time                          1.741    
                         arrival time                          -4.363    
  -------------------------------------------------------------------
                         slack                                 -2.623    

Slack (VIOLATED) :        -2.573ns  (required time - arrival time)
  Source:                 issue_group_r_reg[1]_rep__3/C
                            (rising edge-triggered cell FDCE clocked by clk  {rise@0.000ns fall@1.000ns period=2.000ns})
  Destination:            coeff_selected_r_reg[0][49]/ADDRARDADDR[11]
                            (rising edge-triggered cell RAMB18E2 clocked by clk  {rise@0.000ns fall@1.000ns period=2.000ns})
  Path Group:             clk
  Path Type:              Setup (Max at Slow Process Corner)
  Requirement:            2.000ns  (clk rise@2.000ns - clk rise@0.000ns)
  Data Path Delay:        4.284ns  (logic 0.079ns (1.844%)  route 4.205ns (98.156%))
  Logic Levels:           0  
  Clock Path Skew:        0.009ns (DCD - SCD + CPR)
    Destination Clock Delay (DCD):    0.039ns = ( 2.039 - 2.000 ) 
    Source Clock Delay      (SCD):    0.030ns
    Clock Pessimism Removal (CPR):    0.000ns
  Clock Uncertainty:      0.035ns  ((TSJ^2 + TIJ^2)^1/2 + DJ) / 2 + PE
    Total System Jitter     (TSJ):    0.071ns
    Total Input Jitter      (TIJ):    0.000ns
    Discrete Jitter          (DJ):    0.000ns
    Phase Error              (PE):    0.000ns

    Location             Delay type                Incr(ns)  Path(ns)    Netlist Resource(s)
  -------------------------------------------------------------------    -------------------
                         (clock clk rise edge)        0.000     0.000 r  
                                                      0.000     0.000 r  clk (IN)
                         net (fo=14513, unset)        0.030     0.030    clk
    SLICE_X58Y165        FDCE                                         r  issue_group_r_reg[1]_rep__3/C
  -------------------------------------------------------------------    -------------------
    SLICE_X58Y165        FDCE (Prop_GFF2_SLICEM_C_Q)
                                                      0.079     0.109 r  issue_group_r_reg[1]_rep__3/Q
                         net (fo=32, routed)          4.205     4.314    issue_group_r_reg[1]_rep__3_n_0
    RAMB18_X0Y48         RAMB18E2                                     r  coeff_selected_r_reg[0][49]/ADDRARDADDR[11]
  -------------------------------------------------------------------    -------------------

                         (clock clk rise edge)        2.000     2.000 r  
                                                      0.000     2.000 r  clk (IN)
                         net (fo=14513, unset)        0.039     2.039    clk
    RAMB18_X0Y48         RAMB18E2                                     r  coeff_selected_r_reg[0][49]/CLKARDCLK
                         clock pessimism              0.000     2.039    
                         clock uncertainty           -0.035     2.004    
    RAMB18_X0Y48         RAMB18E2 (Setup_RAMB18E2_L_RAMB180_CLKARDCLK_ADDRARDADDR[11])
                                                     -0.263     1.741    coeff_selected_r_reg[0][49]
  -------------------------------------------------------------------
                         required time                          1.741    
                         arrival time                          -4.314    
  -------------------------------------------------------------------
                         slack                                 -2.573    

Slack (VIOLATED) :        -2.436ns  (required time - arrival time)
  Source:                 issue_group_r_reg[1]_rep__3/C
                            (rising edge-triggered cell FDCE clocked by clk  {rise@0.000ns fall@1.000ns period=2.000ns})
  Destination:            coeff_selected_r_reg[0][52]/ADDRARDADDR[11]
                            (rising edge-triggered cell RAMB18E2 clocked by clk  {rise@0.000ns fall@1.000ns period=2.000ns})
  Path Group:             clk
  Path Type:              Setup (Max at Slow Process Corner)
  Requirement:            2.000ns  (clk rise@2.000ns - clk rise@0.000ns)
  Data Path Delay:        4.146ns  (logic 0.079ns (1.905%)  route 4.067ns (98.095%))
  Logic Levels:           0  
  Clock Path Skew:        0.009ns (DCD - SCD + CPR)
    Destination Clock Delay (DCD):    0.039ns = ( 2.039 - 2.000 ) 
    Source Clock Delay      (SCD):    0.030ns
    Clock Pessimism Removal (CPR):    0.000ns
  Clock Uncertainty:      0.035ns  ((TSJ^2 + TIJ^2)^1/2 + DJ) / 2 + PE
    Total System Jitter     (TSJ):    0.071ns
    Total Input Jitter      (TIJ):    0.000ns
    Discrete Jitter          (DJ):    0.000ns
    Phase Error              (PE):    0.000ns

    Location             Delay type                Incr(ns)  Path(ns)    Netlist Resource(s)
  -------------------------------------------------------------------    -------------------
                         (clock clk rise edge)        0.000     0.000 r  
                                                      0.000     0.000 r  clk (IN)
                         net (fo=14513, unset)        0.030     0.030    clk
    SLICE_X58Y165        FDCE                                         r  issue_group_r_reg[1]_rep__3/C
  -------------------------------------------------------------------    -------------------
    SLICE_X58Y165        FDCE (Prop_GFF2_SLICEM_C_Q)
                                                      0.079     0.109 r  issue_group_r_reg[1]_rep__3/Q
                         net (fo=32, routed)          4.067     4.176    issue_group_r_reg[1]_rep__3_n_0
    RAMB18_X1Y44         RAMB18E2                                     r  coeff_selected_r_reg[0][52]/ADDRARDADDR[11]
  -------------------------------------------------------------------    -------------------

                         (clock clk rise edge)        2.000     2.000 r  
                                                      0.000     2.000 r  clk (IN)
                         net (fo=14513, unset)        0.039     2.039    clk
    RAMB18_X1Y44         RAMB18E2                                     r  coeff_selected_r_reg[0][52]/CLKARDCLK
                         clock pessimism              0.000     2.039    
                         clock uncertainty           -0.035     2.004    
    RAMB18_X1Y44         RAMB18E2 (Setup_RAMB18E2_L_RAMB180_CLKARDCLK_ADDRARDADDR[11])
                                                     -0.263     1.741    coeff_selected_r_reg[0][52]
  -------------------------------------------------------------------
                         required time                          1.741    
                         arrival time                          -4.176    
  -------------------------------------------------------------------
                         slack                                 -2.436    

Slack (VIOLATED) :        -2.369ns  (required time - arrival time)
  Source:                 issue_group_r_reg[1]_rep__3/C
                            (rising edge-triggered cell FDCE clocked by clk  {rise@0.000ns fall@1.000ns period=2.000ns})
  Destination:            coeff_selected_r_reg[3][48]/ADDRARDADDR[11]
                            (rising edge-triggered cell RAMB18E2 clocked by clk  {rise@0.000ns fall@1.000ns period=2.000ns})
  Path Group:             clk
  Path Type:              Setup (Max at Slow Process Corner)
  Requirement:            2.000ns  (clk rise@2.000ns - clk rise@0.000ns)
  Data Path Delay:        4.079ns  (logic 0.079ns (1.937%)  route 4.000ns (98.063%))
  Logic Levels:           0  
  Clock Path Skew:        0.009ns (DCD - SCD + CPR)
    Destination Clock Delay (DCD):    0.039ns = ( 2.039 - 2.000 ) 
    Source Clock Delay      (SCD):    0.030ns
    Clock Pessimism Removal (CPR):    0.000ns
  Clock Uncertainty:      0.035ns  ((TSJ^2 + TIJ^2)^1/2 + DJ) / 2 + PE
    Total System Jitter     (TSJ):    0.071ns
    Total Input Jitter      (TIJ):    0.000ns
    Discrete Jitter          (DJ):    0.000ns
    Phase Error              (PE):    0.000ns

    Location             Delay type                Incr(ns)  Path(ns)    Netlist Resource(s)
  -------------------------------------------------------------------    -------------------
                         (clock clk rise edge)        0.000     0.000 r  
                                                      0.000     0.000 r  clk (IN)
                         net (fo=14513, unset)        0.030     0.030    clk
    SLICE_X58Y165        FDCE                                         r  issue_group_r_reg[1]_rep__3/C
  -------------------------------------------------------------------    -------------------
    SLICE_X58Y165        FDCE (Prop_GFF2_SLICEM_C_Q)
                                                      0.079     0.109 r  issue_group_r_reg[1]_rep__3/Q
                         net (fo=32, routed)          4.000     4.109    issue_group_r_reg[1]_rep__3_n_0
    RAMB18_X1Y46         RAMB18E2                                     r  coeff_selected_r_reg[3][48]/ADDRARDADDR[11]
  -------------------------------------------------------------------    -------------------

                         (clock clk rise edge)        2.000     2.000 r  
                                                      0.000     2.000 r  clk (IN)
                         net (fo=14513, unset)        0.039     2.039    clk
    RAMB18_X1Y46         RAMB18E2                                     r  coeff_selected_r_reg[3][48]/CLKARDCLK
                         clock pessimism              0.000     2.039    
                         clock uncertainty           -0.035     2.004    
    RAMB18_X1Y46         RAMB18E2 (Setup_RAMB18E2_L_RAMB180_CLKARDCLK_ADDRARDADDR[11])
                                                     -0.263     1.741    coeff_selected_r_reg[3][48]
  -------------------------------------------------------------------
                         required time                          1.741    
                         arrival time                          -4.109    
  -------------------------------------------------------------------
                         slack                                 -2.369    

Slack (VIOLATED) :        -2.258ns  (required time - arrival time)
  Source:                 issue_group_r_reg[1]_rep__3/C
                            (rising edge-triggered cell FDCE clocked by clk  {rise@0.000ns fall@1.000ns period=2.000ns})
  Destination:            coeff_selected_r_reg[3][49]/ADDRARDADDR[11]
                            (rising edge-triggered cell RAMB18E2 clocked by clk  {rise@0.000ns fall@1.000ns period=2.000ns})
  Path Group:             clk
  Path Type:              Setup (Max at Slow Process Corner)
  Requirement:            2.000ns  (clk rise@2.000ns - clk rise@0.000ns)
  Data Path Delay:        3.969ns  (logic 0.079ns (1.990%)  route 3.890ns (98.010%))
  Logic Levels:           0  
  Clock Path Skew:        0.009ns (DCD - SCD + CPR)
    Destination Clock Delay (DCD):    0.039ns = ( 2.039 - 2.000 ) 
    Source Clock Delay      (SCD):    0.030ns
    Clock Pessimism Removal (CPR):    0.000ns
  Clock Uncertainty:      0.035ns  ((TSJ^2 + TIJ^2)^1/2 + DJ) / 2 + PE
    Total System Jitter     (TSJ):    0.071ns
    Total Input Jitter      (TIJ):    0.000ns
    Discrete Jitter          (DJ):    0.000ns
    Phase Error              (PE):    0.000ns

    Location             Delay type                Incr(ns)  Path(ns)    Netlist Resource(s)
  -------------------------------------------------------------------    -------------------
                         (clock clk rise edge)        0.000     0.000 r  
                                                      0.000     0.000 r  clk (IN)
                         net (fo=14513, unset)        0.030     0.030    clk
    SLICE_X58Y165        FDCE                                         r  issue_group_r_reg[1]_rep__3/C
  -------------------------------------------------------------------    -------------------
    SLICE_X58Y165        FDCE (Prop_GFF2_SLICEM_C_Q)
                                                      0.079     0.109 r  issue_group_r_reg[1]_rep__3/Q
                         net (fo=32, routed)          3.890     3.999    issue_group_r_reg[1]_rep__3_n_0
    RAMB18_X1Y48         RAMB18E2                                     r  coeff_selected_r_reg[3][49]/ADDRARDADDR[11]
  -------------------------------------------------------------------    -------------------

                         (clock clk rise edge)        2.000     2.000 r  
                                                      0.000     2.000 r  clk (IN)
                         net (fo=14513, unset)        0.039     2.039    clk
    RAMB18_X1Y48         RAMB18E2                                     r  coeff_selected_r_reg[3][49]/CLKARDCLK
                         clock pessimism              0.000     2.039    
                         clock uncertainty           -0.035     2.004    
    RAMB18_X1Y48         RAMB18E2 (Setup_RAMB18E2_L_RAMB180_CLKARDCLK_ADDRARDADDR[11])
                                                     -0.263     1.741    coeff_selected_r_reg[3][49]
  -------------------------------------------------------------------
                         required time                          1.741    
                         arrival time                          -3.999    
  -------------------------------------------------------------------
                         slack                                 -2.258    

Slack (VIOLATED) :        -2.156ns  (required time - arrival time)
  Source:                 issue_group_r_reg[1]_rep__3/C
                            (rising edge-triggered cell FDCE clocked by clk  {rise@0.000ns fall@1.000ns period=2.000ns})
  Destination:            coeff_selected_r_reg[3][50]/ADDRARDADDR[11]
                            (rising edge-triggered cell RAMB18E2 clocked by clk  {rise@0.000ns fall@1.000ns period=2.000ns})
  Path Group:             clk
  Path Type:              Setup (Max at Slow Process Corner)
  Requirement:            2.000ns  (clk rise@2.000ns - clk rise@0.000ns)
  Data Path Delay:        3.853ns  (logic 0.079ns (2.051%)  route 3.774ns (97.949%))
  Logic Levels:           0  
  Clock Path Skew:        0.011ns (DCD - SCD + CPR)
    Destination Clock Delay (DCD):    0.041ns = ( 2.041 - 2.000 ) 
    Source Clock Delay      (SCD):    0.030ns
    Clock Pessimism Removal (CPR):    0.000ns
  Clock Uncertainty:      0.035ns  ((TSJ^2 + TIJ^2)^1/2 + DJ) / 2 + PE
    Total System Jitter     (TSJ):    0.071ns
    Total Input Jitter      (TIJ):    0.000ns
    Discrete Jitter          (DJ):    0.000ns
    Phase Error              (PE):    0.000ns

    Location             Delay type                Incr(ns)  Path(ns)    Netlist Resource(s)
  -------------------------------------------------------------------    -------------------
                         (clock clk rise edge)        0.000     0.000 r  
                                                      0.000     0.000 r  clk (IN)
                         net (fo=14513, unset)        0.030     0.030    clk
    SLICE_X58Y165        FDCE                                         r  issue_group_r_reg[1]_rep__3/C
  -------------------------------------------------------------------    -------------------
    SLICE_X58Y165        FDCE (Prop_GFF2_SLICEM_C_Q)
                                                      0.079     0.109 r  issue_group_r_reg[1]_rep__3/Q
                         net (fo=32, routed)          3.774     3.883    issue_group_r_reg[1]_rep__3_n_0
    RAMB18_X1Y51         RAMB18E2                                     r  coeff_selected_r_reg[3][50]/ADDRARDADDR[11]
  -------------------------------------------------------------------    -------------------

                         (clock clk rise edge)        2.000     2.000 r  
                                                      0.000     2.000 r  clk (IN)
                         net (fo=14513, unset)        0.041     2.041    clk
    RAMB18_X1Y51         RAMB18E2                                     r  coeff_selected_r_reg[3][50]/CLKARDCLK
                         clock pessimism              0.000     2.041    
                         clock uncertainty           -0.035     2.006    
    RAMB18_X1Y51         RAMB18E2 (Setup_RAMB18E2_U_RAMB181_CLKARDCLK_ADDRARDADDR[11])
                                                     -0.279     1.727    coeff_selected_r_reg[3][50]
  -------------------------------------------------------------------
                         required time                          1.727    
                         arrival time                          -3.883    
  -------------------------------------------------------------------
                         slack                                 -2.156    

Slack (VIOLATED) :        -2.155ns  (required time - arrival time)
  Source:                 issue_group_r_reg[1]_rep__3/C
                            (rising edge-triggered cell FDCE clocked by clk  {rise@0.000ns fall@1.000ns period=2.000ns})
  Destination:            coeff_selected_r_reg[3][59]/ADDRARDADDR[11]
                            (rising edge-triggered cell RAMB18E2 clocked by clk  {rise@0.000ns fall@1.000ns period=2.000ns})
  Path Group:             clk
  Path Type:              Setup (Max at Slow Process Corner)
  Requirement:            2.000ns  (clk rise@2.000ns - clk rise@0.000ns)
  Data Path Delay:        3.866ns  (logic 0.079ns (2.044%)  route 3.787ns (97.956%))
  Logic Levels:           0  
  Clock Path Skew:        0.009ns (DCD - SCD + CPR)
    Destination Clock Delay (DCD):    0.039ns = ( 2.039 - 2.000 ) 
    Source Clock Delay      (SCD):    0.030ns
    Clock Pessimism Removal (CPR):    0.000ns
  Clock Uncertainty:      0.035ns  ((TSJ^2 + TIJ^2)^1/2 + DJ) / 2 + PE
    Total System Jitter     (TSJ):    0.071ns
    Total Input Jitter      (TIJ):    0.000ns
    Discrete Jitter          (DJ):    0.000ns
    Phase Error              (PE):    0.000ns

    Location             Delay type                Incr(ns)  Path(ns)    Netlist Resource(s)
  -------------------------------------------------------------------    -------------------
                         (clock clk rise edge)        0.000     0.000 r  
                                                      0.000     0.000 r  clk (IN)
                         net (fo=14513, unset)        0.030     0.030    clk
    SLICE_X58Y165        FDCE                                         r  issue_group_r_reg[1]_rep__3/C
  -------------------------------------------------------------------    -------------------
    SLICE_X58Y165        FDCE (Prop_GFF2_SLICEM_C_Q)
                                                      0.079     0.109 r  issue_group_r_reg[1]_rep__3/Q
                         net (fo=32, routed)          3.787     3.896    issue_group_r_reg[1]_rep__3_n_0
    RAMB18_X1Y64         RAMB18E2                                     r  coeff_selected_r_reg[3][59]/ADDRARDADDR[11]
  -------------------------------------------------------------------    -------------------

                         (clock clk rise edge)        2.000     2.000 r  
                                                      0.000     2.000 r  clk (IN)
                         net (fo=14513, unset)        0.039     2.039    clk
    RAMB18_X1Y64         RAMB18E2                                     r  coeff_selected_r_reg[3][59]/CLKARDCLK
                         clock pessimism              0.000     2.039    
                         clock uncertainty           -0.035     2.004    
    RAMB18_X1Y64         RAMB18E2 (Setup_RAMB18E2_L_RAMB180_CLKARDCLK_ADDRARDADDR[11])
                                                     -0.263     1.741    coeff_selected_r_reg[3][59]
  -------------------------------------------------------------------
                         required time                          1.741    
                         arrival time                          -3.896    
  -------------------------------------------------------------------
                         slack                                 -2.155    

Slack (VIOLATED) :        -2.061ns  (required time - arrival time)
  Source:                 issue_group_r_reg[1]_rep__3/C
                            (rising edge-triggered cell FDCE clocked by clk  {rise@0.000ns fall@1.000ns period=2.000ns})
  Destination:            coeff_selected_r_reg[3][54]/ADDRARDADDR[11]
                            (rising edge-triggered cell RAMB18E2 clocked by clk  {rise@0.000ns fall@1.000ns period=2.000ns})
  Path Group:             clk
  Path Type:              Setup (Max at Slow Process Corner)
  Requirement:            2.000ns  (clk rise@2.000ns - clk rise@0.000ns)
  Data Path Delay:        3.758ns  (logic 0.079ns (2.102%)  route 3.679ns (97.898%))
  Logic Levels:           0  
  Clock Path Skew:        0.011ns (DCD - SCD + CPR)
    Destination Clock Delay (DCD):    0.041ns = ( 2.041 - 2.000 ) 
    Source Clock Delay      (SCD):    0.030ns
    Clock Pessimism Removal (CPR):    0.000ns
  Clock Uncertainty:      0.035ns  ((TSJ^2 + TIJ^2)^1/2 + DJ) / 2 + PE
    Total System Jitter     (TSJ):    0.071ns
    Total Input Jitter      (TIJ):    0.000ns
    Discrete Jitter          (DJ):    0.000ns
    Phase Error              (PE):    0.000ns

    Location             Delay type                Incr(ns)  Path(ns)    Netlist Resource(s)
  -------------------------------------------------------------------    -------------------
                         (clock clk rise edge)        0.000     0.000 r  
                                                      0.000     0.000 r  clk (IN)
                         net (fo=14513, unset)        0.030     0.030    clk
    SLICE_X58Y165        FDCE                                         r  issue_group_r_reg[1]_rep__3/C
  -------------------------------------------------------------------    -------------------
    SLICE_X58Y165        FDCE (Prop_GFF2_SLICEM_C_Q)
                                                      0.079     0.109 r  issue_group_r_reg[1]_rep__3/Q
                         net (fo=32, routed)          3.679     3.788    issue_group_r_reg[1]_rep__3_n_0
    RAMB18_X1Y53         RAMB18E2                                     r  coeff_selected_r_reg[3][54]/ADDRARDADDR[11]
  -------------------------------------------------------------------    -------------------

                         (clock clk rise edge)        2.000     2.000 r  
                                                      0.000     2.000 r  clk (IN)
                         net (fo=14513, unset)        0.041     2.041    clk
    RAMB18_X1Y53         RAMB18E2                                     r  coeff_selected_r_reg[3][54]/CLKARDCLK
                         clock pessimism              0.000     2.041    
                         clock uncertainty           -0.035     2.006    
    RAMB18_X1Y53         RAMB18E2 (Setup_RAMB18E2_U_RAMB181_CLKARDCLK_ADDRARDADDR[11])
                                                     -0.279     1.727    coeff_selected_r_reg[3][54]
  -------------------------------------------------------------------
                         required time                          1.727    
                         arrival time                          -3.788    
  -------------------------------------------------------------------
                         slack                                 -2.061    

Slack (VIOLATED) :        -2.034ns  (required time - arrival time)
  Source:                 issue_group_r_reg[1]_rep__3/C
                            (rising edge-triggered cell FDCE clocked by clk  {rise@0.000ns fall@1.000ns period=2.000ns})
  Destination:            coeff_selected_r_reg[3][51]/ADDRARDADDR[11]
                            (rising edge-triggered cell RAMB18E2 clocked by clk  {rise@0.000ns fall@1.000ns period=2.000ns})
  Path Group:             clk
  Path Type:              Setup (Max at Slow Process Corner)
  Requirement:            2.000ns  (clk rise@2.000ns - clk rise@0.000ns)
  Data Path Delay:        3.745ns  (logic 0.079ns (2.110%)  route 3.666ns (97.890%))
  Logic Levels:           0  
  Clock Path Skew:        0.009ns (DCD - SCD + CPR)
    Destination Clock Delay (DCD):    0.039ns = ( 2.039 - 2.000 ) 
    Source Clock Delay      (SCD):    0.030ns
    Clock Pessimism Removal (CPR):    0.000ns
  Clock Uncertainty:      0.035ns  ((TSJ^2 + TIJ^2)^1/2 + DJ) / 2 + PE
    Total System Jitter     (TSJ):    0.071ns
    Total Input Jitter      (TIJ):    0.000ns
    Discrete Jitter          (DJ):    0.000ns
    Phase Error              (PE):    0.000ns

    Location             Delay type                Incr(ns)  Path(ns)    Netlist Resource(s)
  -------------------------------------------------------------------    -------------------
                         (clock clk rise edge)        0.000     0.000 r  
                                                      0.000     0.000 r  clk (IN)
                         net (fo=14513, unset)        0.030     0.030    clk
    SLICE_X58Y165        FDCE                                         r  issue_group_r_reg[1]_rep__3/C
  -------------------------------------------------------------------    -------------------
    SLICE_X58Y165        FDCE (Prop_GFF2_SLICEM_C_Q)
                                                      0.079     0.109 r  issue_group_r_reg[1]_rep__3/Q
                         net (fo=32, routed)          3.666     3.775    issue_group_r_reg[1]_rep__3_n_0
    RAMB18_X1Y52         RAMB18E2                                     r  coeff_selected_r_reg[3][51]/ADDRARDADDR[11]
  -------------------------------------------------------------------    -------------------

                         (clock clk rise edge)        2.000     2.000 r  
                                                      0.000     2.000 r  clk (IN)
                         net (fo=14513, unset)        0.039     2.039    clk
    RAMB18_X1Y52         RAMB18E2                                     r  coeff_selected_r_reg[3][51]/CLKARDCLK
                         clock pessimism              0.000     2.039    
                         clock uncertainty           -0.035     2.004    
    RAMB18_X1Y52         RAMB18E2 (Setup_RAMB18E2_L_RAMB180_CLKARDCLK_ADDRARDADDR[11])
                                                     -0.263     1.741    coeff_selected_r_reg[3][51]
  -------------------------------------------------------------------
                         required time                          1.741    
                         arrival time                          -3.775    
  -------------------------------------------------------------------
                         slack                                 -2.034    

Slack (VIOLATED) :        -1.972ns  (required time - arrival time)
  Source:                 issue_group_r_reg[1]_rep__3/C
                            (rising edge-triggered cell FDCE clocked by clk  {rise@0.000ns fall@1.000ns period=2.000ns})
  Destination:            coeff_selected_r_reg[3][62]/ADDRARDADDR[11]
                            (rising edge-triggered cell RAMB18E2 clocked by clk  {rise@0.000ns fall@1.000ns period=2.000ns})
  Path Group:             clk
  Path Type:              Setup (Max at Slow Process Corner)
  Requirement:            2.000ns  (clk rise@2.000ns - clk rise@0.000ns)
  Data Path Delay:        3.683ns  (logic 0.079ns (2.145%)  route 3.604ns (97.855%))
  Logic Levels:           0  
  Clock Path Skew:        0.009ns (DCD - SCD + CPR)
    Destination Clock Delay (DCD):    0.039ns = ( 2.039 - 2.000 ) 
    Source Clock Delay      (SCD):    0.030ns
    Clock Pessimism Removal (CPR):    0.000ns
  Clock Uncertainty:      0.035ns  ((TSJ^2 + TIJ^2)^1/2 + DJ) / 2 + PE
    Total System Jitter     (TSJ):    0.071ns
    Total Input Jitter      (TIJ):    0.000ns
    Discrete Jitter          (DJ):    0.000ns
    Phase Error              (PE):    0.000ns

    Location             Delay type                Incr(ns)  Path(ns)    Netlist Resource(s)
  -------------------------------------------------------------------    -------------------
                         (clock clk rise edge)        0.000     0.000 r  
                                                      0.000     0.000 r  clk (IN)
                         net (fo=14513, unset)        0.030     0.030    clk
    SLICE_X58Y165        FDCE                                         r  issue_group_r_reg[1]_rep__3/C
  -------------------------------------------------------------------    -------------------
    SLICE_X58Y165        FDCE (Prop_GFF2_SLICEM_C_Q)
                                                      0.079     0.109 r  issue_group_r_reg[1]_rep__3/Q
                         net (fo=32, routed)          3.604     3.713    issue_group_r_reg[1]_rep__3_n_0
    RAMB18_X1Y60         RAMB18E2                                     r  coeff_selected_r_reg[3][62]/ADDRARDADDR[11]
  -------------------------------------------------------------------    -------------------

                         (clock clk rise edge)        2.000     2.000 r  
                                                      0.000     2.000 r  clk (IN)
                         net (fo=14513, unset)        0.039     2.039    clk
    RAMB18_X1Y60         RAMB18E2                                     r  coeff_selected_r_reg[3][62]/CLKARDCLK
                         clock pessimism              0.000     2.039    
                         clock uncertainty           -0.035     2.004    
    RAMB18_X1Y60         RAMB18E2 (Setup_RAMB18E2_L_RAMB180_CLKARDCLK_ADDRARDADDR[11])
                                                     -0.263     1.741    coeff_selected_r_reg[3][62]
  -------------------------------------------------------------------
                         required time                          1.741    
                         arrival time                          -3.713    
  -------------------------------------------------------------------
                         slack                                 -1.972    

Slack (VIOLATED) :        -1.861ns  (required time - arrival time)
  Source:                 issue_group_r_reg[1]_rep__3/C
                            (rising edge-triggered cell FDCE clocked by clk  {rise@0.000ns fall@1.000ns period=2.000ns})
  Destination:            coeff_selected_r_reg[3][63]/ADDRARDADDR[11]
                            (rising edge-triggered cell RAMB18E2 clocked by clk  {rise@0.000ns fall@1.000ns period=2.000ns})
  Path Group:             clk
  Path Type:              Setup (Max at Slow Process Corner)
  Requirement:            2.000ns  (clk rise@2.000ns - clk rise@0.000ns)
  Data Path Delay:        3.558ns  (logic 0.079ns (2.220%)  route 3.479ns (97.780%))
  Logic Levels:           0  
  Clock Path Skew:        0.011ns (DCD - SCD + CPR)
    Destination Clock Delay (DCD):    0.041ns = ( 2.041 - 2.000 ) 
    Source Clock Delay      (SCD):    0.030ns
    Clock Pessimism Removal (CPR):    0.000ns
  Clock Uncertainty:      0.035ns  ((TSJ^2 + TIJ^2)^1/2 + DJ) / 2 + PE
    Total System Jitter     (TSJ):    0.071ns
    Total Input Jitter      (TIJ):    0.000ns
    Discrete Jitter          (DJ):    0.000ns
    Phase Error              (PE):    0.000ns

    Location             Delay type                Incr(ns)  Path(ns)    Netlist Resource(s)
  -------------------------------------------------------------------    -------------------
                         (clock clk rise edge)        0.000     0.000 r  
                                                      0.000     0.000 r  clk (IN)
                         net (fo=14513, unset)        0.030     0.030    clk
    SLICE_X58Y165        FDCE                                         r  issue_group_r_reg[1]_rep__3/C
  -------------------------------------------------------------------    -------------------
    SLICE_X58Y165        FDCE (Prop_GFF2_SLICEM_C_Q)
                                                      0.079     0.109 r  issue_group_r_reg[1]_rep__3/Q
                         net (fo=32, routed)          3.479     3.588    issue_group_r_reg[1]_rep__3_n_0
    RAMB18_X1Y59         RAMB18E2                                     r  coeff_selected_r_reg[3][63]/ADDRARDADDR[11]
  -------------------------------------------------------------------    -------------------

                         (clock clk rise edge)        2.000     2.000 r  
                                                      0.000     2.000 r  clk (IN)
                         net (fo=14513, unset)        0.041     2.041    clk
    RAMB18_X1Y59         RAMB18E2                                     r  coeff_selected_r_reg[3][63]/CLKARDCLK
                         clock pessimism              0.000     2.041    
                         clock uncertainty           -0.035     2.006    
    RAMB18_X1Y59         RAMB18E2 (Setup_RAMB18E2_U_RAMB181_CLKARDCLK_ADDRARDADDR[11])
                                                     -0.279     1.727    coeff_selected_r_reg[3][63]
  -------------------------------------------------------------------
                         required time                          1.727    
                         arrival time                          -3.588    
  -------------------------------------------------------------------
                         slack                                 -1.861    

Slack (VIOLATED) :        -1.826ns  (required time - arrival time)
  Source:                 issue_group_r_reg[3]_rep__3/C
                            (rising edge-triggered cell FDCE clocked by clk  {rise@0.000ns fall@1.000ns period=2.000ns})
  Destination:            coeff_selected_r_reg[0][51]/ADDRARDADDR[13]
                            (rising edge-triggered cell RAMB18E2 clocked by clk  {rise@0.000ns fall@1.000ns period=2.000ns})
  Path Group:             clk
  Path Type:              Setup (Max at Slow Process Corner)
  Requirement:            2.000ns  (clk rise@2.000ns - clk rise@0.000ns)
  Data Path Delay:        3.515ns  (logic 0.081ns (2.304%)  route 3.434ns (97.696%))
  Logic Levels:           0  
  Clock Path Skew:        0.012ns (DCD - SCD + CPR)
    Destination Clock Delay (DCD):    0.041ns = ( 2.041 - 2.000 ) 
    Source Clock Delay      (SCD):    0.029ns
    Clock Pessimism Removal (CPR):    0.000ns
  Clock Uncertainty:      0.035ns  ((TSJ^2 + TIJ^2)^1/2 + DJ) / 2 + PE
    Total System Jitter     (TSJ):    0.071ns
    Total Input Jitter      (TIJ):    0.000ns
    Discrete Jitter          (DJ):    0.000ns
    Phase Error              (PE):    0.000ns

    Location             Delay type                Incr(ns)  Path(ns)    Netlist Resource(s)
  -------------------------------------------------------------------    -------------------
                         (clock clk rise edge)        0.000     0.000 r  
                                                      0.000     0.000 r  clk (IN)
                         net (fo=14513, unset)        0.029     0.029    clk
    SLICE_X60Y166        FDCE                                         r  issue_group_r_reg[3]_rep__3/C
  -------------------------------------------------------------------    -------------------
    SLICE_X60Y166        FDCE (Prop_GFF2_SLICEL_C_Q)
                                                      0.081     0.110 r  issue_group_r_reg[3]_rep__3/Q
                         net (fo=32, routed)          3.434     3.544    issue_group_r_reg[3]_rep__3_n_0
    RAMB18_X0Y53         RAMB18E2                                     r  coeff_selected_r_reg[0][51]/ADDRARDADDR[13]
  -------------------------------------------------------------------    -------------------

                         (clock clk rise edge)        2.000     2.000 r  
                                                      0.000     2.000 r  clk (IN)
                         net (fo=14513, unset)        0.041     2.041    clk
    RAMB18_X0Y53         RAMB18E2                                     r  coeff_selected_r_reg[0][51]/CLKARDCLK
                         clock pessimism              0.000     2.041    
                         clock uncertainty           -0.035     2.006    
    RAMB18_X0Y53         RAMB18E2 (Setup_RAMB18E2_U_RAMB181_CLKARDCLK_ADDRARDADDR[13])
                                                     -0.287     1.719    coeff_selected_r_reg[0][51]
  -------------------------------------------------------------------
                         required time                          1.719    
                         arrival time                          -3.544    
  -------------------------------------------------------------------
                         slack                                 -1.826    

Slack (VIOLATED) :        -1.794ns  (required time - arrival time)
  Source:                 issue_group_r_reg[3]_rep__3/C
                            (rising edge-triggered cell FDCE clocked by clk  {rise@0.000ns fall@1.000ns period=2.000ns})
  Destination:            coeff_selected_r_reg[0][50]/ADDRARDADDR[13]
                            (rising edge-triggered cell RAMB18E2 clocked by clk  {rise@0.000ns fall@1.000ns period=2.000ns})
  Path Group:             clk
  Path Type:              Setup (Max at Slow Process Corner)
  Requirement:            2.000ns  (clk rise@2.000ns - clk rise@0.000ns)
  Data Path Delay:        3.500ns  (logic 0.081ns (2.314%)  route 3.419ns (97.686%))
  Logic Levels:           0  
  Clock Path Skew:        0.010ns (DCD - SCD + CPR)
    Destination Clock Delay (DCD):    0.039ns = ( 2.039 - 2.000 ) 
    Source Clock Delay      (SCD):    0.029ns
    Clock Pessimism Removal (CPR):    0.000ns
  Clock Uncertainty:      0.035ns  ((TSJ^2 + TIJ^2)^1/2 + DJ) / 2 + PE
    Total System Jitter     (TSJ):    0.071ns
    Total Input Jitter      (TIJ):    0.000ns
    Discrete Jitter          (DJ):    0.000ns
    Phase Error              (PE):    0.000ns

    Location             Delay type                Incr(ns)  Path(ns)    Netlist Resource(s)
  -------------------------------------------------------------------    -------------------
                         (clock clk rise edge)        0.000     0.000 r  
                                                      0.000     0.000 r  clk (IN)
                         net (fo=14513, unset)        0.029     0.029    clk
    SLICE_X60Y166        FDCE                                         r  issue_group_r_reg[3]_rep__3/C
  -------------------------------------------------------------------    -------------------
    SLICE_X60Y166        FDCE (Prop_GFF2_SLICEL_C_Q)
                                                      0.081     0.110 r  issue_group_r_reg[3]_rep__3/Q
                         net (fo=32, routed)          3.419     3.529    issue_group_r_reg[3]_rep__3_n_0
    RAMB18_X0Y52         RAMB18E2                                     r  coeff_selected_r_reg[0][50]/ADDRARDADDR[13]
  -------------------------------------------------------------------    -------------------

                         (clock clk rise edge)        2.000     2.000 r  
                                                      0.000     2.000 r  clk (IN)
                         net (fo=14513, unset)        0.039     2.039    clk
    RAMB18_X0Y52         RAMB18E2                                     r  coeff_selected_r_reg[0][50]/CLKARDCLK
                         clock pessimism              0.000     2.039    
                         clock uncertainty           -0.035     2.004    
    RAMB18_X0Y52         RAMB18E2 (Setup_RAMB18E2_L_RAMB180_CLKARDCLK_ADDRARDADDR[13])
                                                     -0.268     1.736    coeff_selected_r_reg[0][50]
  -------------------------------------------------------------------
                         required time                          1.736    
                         arrival time                          -3.529    
  -------------------------------------------------------------------
                         slack                                 -1.794    

Slack (VIOLATED) :        -1.790ns  (required time - arrival time)
  Source:                 issue_group_r_reg[3]_rep__3/C
                            (rising edge-triggered cell FDCE clocked by clk  {rise@0.000ns fall@1.000ns period=2.000ns})
  Destination:            coeff_selected_r_reg[0][49]/ADDRARDADDR[13]
                            (rising edge-triggered cell RAMB18E2 clocked by clk  {rise@0.000ns fall@1.000ns period=2.000ns})
  Path Group:             clk
  Path Type:              Setup (Max at Slow Process Corner)
  Requirement:            2.000ns  (clk rise@2.000ns - clk rise@0.000ns)
  Data Path Delay:        3.497ns  (logic 0.081ns (2.316%)  route 3.416ns (97.684%))
  Logic Levels:           0  
  Clock Path Skew:        0.010ns (DCD - SCD + CPR)
    Destination Clock Delay (DCD):    0.039ns = ( 2.039 - 2.000 ) 
    Source Clock Delay      (SCD):    0.029ns
    Clock Pessimism Removal (CPR):    0.000ns
  Clock Uncertainty:      0.035ns  ((TSJ^2 + TIJ^2)^1/2 + DJ) / 2 + PE
    Total System Jitter     (TSJ):    0.071ns
    Total Input Jitter      (TIJ):    0.000ns
    Discrete Jitter          (DJ):    0.000ns
    Phase Error              (PE):    0.000ns

    Location             Delay type                Incr(ns)  Path(ns)    Netlist Resource(s)
  -------------------------------------------------------------------    -------------------
                         (clock clk rise edge)        0.000     0.000 r  
                                                      0.000     0.000 r  clk (IN)
                         net (fo=14513, unset)        0.029     0.029    clk
    SLICE_X60Y166        FDCE                                         r  issue_group_r_reg[3]_rep__3/C
  -------------------------------------------------------------------    -------------------
    SLICE_X60Y166        FDCE (Prop_GFF2_SLICEL_C_Q)
                                                      0.081     0.110 r  issue_group_r_reg[3]_rep__3/Q
                         net (fo=32, routed)          3.416     3.526    issue_group_r_reg[3]_rep__3_n_0
    RAMB18_X0Y48         RAMB18E2                                     r  coeff_selected_r_reg[0][49]/ADDRARDADDR[13]
  -------------------------------------------------------------------    -------------------

                         (clock clk rise edge)        2.000     2.000 r  
                                                      0.000     2.000 r  clk (IN)
                         net (fo=14513, unset)        0.039     2.039    clk
    RAMB18_X0Y48         RAMB18E2                                     r  coeff_selected_r_reg[0][49]/CLKARDCLK
                         clock pessimism              0.000     2.039    
                         clock uncertainty           -0.035     2.004    
    RAMB18_X0Y48         RAMB18E2 (Setup_RAMB18E2_L_RAMB180_CLKARDCLK_ADDRARDADDR[13])
                                                     -0.268     1.736    coeff_selected_r_reg[0][49]
  -------------------------------------------------------------------
                         required time                          1.736    
                         arrival time                          -3.526    
  -------------------------------------------------------------------
                         slack                                 -1.790    

Slack (VIOLATED) :        -1.759ns  (required time - arrival time)
  Source:                 issue_group_r_reg[1]_rep__3/C
                            (rising edge-triggered cell FDCE clocked by clk  {rise@0.000ns fall@1.000ns period=2.000ns})
  Destination:            coeff_selected_r_reg[0][58]/ADDRARDADDR[11]
                            (rising edge-triggered cell RAMB18E2 clocked by clk  {rise@0.000ns fall@1.000ns period=2.000ns})
  Path Group:             clk
  Path Type:              Setup (Max at Slow Process Corner)
  Requirement:            2.000ns  (clk rise@2.000ns - clk rise@0.000ns)
  Data Path Delay:        3.470ns  (logic 0.079ns (2.277%)  route 3.391ns (97.723%))
  Logic Levels:           0  
  Clock Path Skew:        0.009ns (DCD - SCD + CPR)
    Destination Clock Delay (DCD):    0.039ns = ( 2.039 - 2.000 ) 
    Source Clock Delay      (SCD):    0.030ns
    Clock Pessimism Removal (CPR):    0.000ns
  Clock Uncertainty:      0.035ns  ((TSJ^2 + TIJ^2)^1/2 + DJ) / 2 + PE
    Total System Jitter     (TSJ):    0.071ns
    Total Input Jitter      (TIJ):    0.000ns
    Discrete Jitter          (DJ):    0.000ns
    Phase Error              (PE):    0.000ns

    Location             Delay type                Incr(ns)  Path(ns)    Netlist Resource(s)
  -------------------------------------------------------------------    -------------------
                         (clock clk rise edge)        0.000     0.000 r  
                                                      0.000     0.000 r  clk (IN)
                         net (fo=14513, unset)        0.030     0.030    clk
    SLICE_X58Y165        FDCE                                         r  issue_group_r_reg[1]_rep__3/C
  -------------------------------------------------------------------    -------------------
    SLICE_X58Y165        FDCE (Prop_GFF2_SLICEM_C_Q)
                                                      0.079     0.109 r  issue_group_r_reg[1]_rep__3/Q
                         net (fo=32, routed)          3.391     3.500    issue_group_r_reg[1]_rep__3_n_0
    RAMB18_X2Y60         RAMB18E2                                     r  coeff_selected_r_reg[0][58]/ADDRARDADDR[11]
  -------------------------------------------------------------------    -------------------

                         (clock clk rise edge)        2.000     2.000 r  
                                                      0.000     2.000 r  clk (IN)
                         net (fo=14513, unset)        0.039     2.039    clk
    RAMB18_X2Y60         RAMB18E2                                     r  coeff_selected_r_reg[0][58]/CLKARDCLK
                         clock pessimism              0.000     2.039    
                         clock uncertainty           -0.035     2.004    
    RAMB18_X2Y60         RAMB18E2 (Setup_RAMB18E2_L_RAMB180_CLKARDCLK_ADDRARDADDR[11])
                                                     -0.263     1.741    coeff_selected_r_reg[0][58]
  -------------------------------------------------------------------
                         required time                          1.741    
                         arrival time                          -3.500    
  -------------------------------------------------------------------
                         slack                                 -1.759    

Slack (VIOLATED) :        -1.752ns  (required time - arrival time)
  Source:                 issue_group_r_reg[1]_rep__3/C
                            (rising edge-triggered cell FDCE clocked by clk  {rise@0.000ns fall@1.000ns period=2.000ns})
  Destination:            coeff_selected_r_reg[3][58]/ADDRARDADDR[11]
                            (rising edge-triggered cell RAMB18E2 clocked by clk  {rise@0.000ns fall@1.000ns period=2.000ns})
  Path Group:             clk
  Path Type:              Setup (Max at Slow Process Corner)
  Requirement:            2.000ns  (clk rise@2.000ns - clk rise@0.000ns)
  Data Path Delay:        3.449ns  (logic 0.079ns (2.291%)  route 3.370ns (97.709%))
  Logic Levels:           0  
  Clock Path Skew:        0.011ns (DCD - SCD + CPR)
    Destination Clock Delay (DCD):    0.041ns = ( 2.041 - 2.000 ) 
    Source Clock Delay      (SCD):    0.030ns
    Clock Pessimism Removal (CPR):    0.000ns
  Clock Uncertainty:      0.035ns  ((TSJ^2 + TIJ^2)^1/2 + DJ) / 2 + PE
    Total System Jitter     (TSJ):    0.071ns
    Total Input Jitter      (TIJ):    0.000ns
    Discrete Jitter          (DJ):    0.000ns
    Phase Error              (PE):    0.000ns

    Location             Delay type                Incr(ns)  Path(ns)    Netlist Resource(s)
  -------------------------------------------------------------------    -------------------
                         (clock clk rise edge)        0.000     0.000 r  
                                                      0.000     0.000 r  clk (IN)
                         net (fo=14513, unset)        0.030     0.030    clk
    SLICE_X58Y165        FDCE                                         r  issue_group_r_reg[1]_rep__3/C
  -------------------------------------------------------------------    -------------------
    SLICE_X58Y165        FDCE (Prop_GFF2_SLICEM_C_Q)
                                                      0.079     0.109 r  issue_group_r_reg[1]_rep__3/Q
                         net (fo=32, routed)          3.370     3.479    issue_group_r_reg[1]_rep__3_n_0
    RAMB18_X2Y63         RAMB18E2                                     r  coeff_selected_r_reg[3][58]/ADDRARDADDR[11]
  -------------------------------------------------------------------    -------------------

                         (clock clk rise edge)        2.000     2.000 r  
                                                      0.000     2.000 r  clk (IN)
                         net (fo=14513, unset)        0.041     2.041    clk
    RAMB18_X2Y63         RAMB18E2                                     r  coeff_selected_r_reg[3][58]/CLKARDCLK
                         clock pessimism              0.000     2.041    
                         clock uncertainty           -0.035     2.006    
    RAMB18_X2Y63         RAMB18E2 (Setup_RAMB18E2_U_RAMB181_CLKARDCLK_ADDRARDADDR[11])
                                                     -0.279     1.727    coeff_selected_r_reg[3][58]
  -------------------------------------------------------------------
                         required time                          1.727    
                         arrival time                          -3.479    
  -------------------------------------------------------------------
                         slack                                 -1.752    

Slack (VIOLATED) :        -1.694ns  (required time - arrival time)
  Source:                 issue_group_r_reg[3]_rep__3/C
                            (rising edge-triggered cell FDCE clocked by clk  {rise@0.000ns fall@1.000ns period=2.000ns})
  Destination:            coeff_selected_r_reg[0][48]/ADDRARDADDR[13]
                            (rising edge-triggered cell RAMB18E2 clocked by clk  {rise@0.000ns fall@1.000ns period=2.000ns})
  Path Group:             clk
  Path Type:              Setup (Max at Slow Process Corner)
  Requirement:            2.000ns  (clk rise@2.000ns - clk rise@0.000ns)
  Data Path Delay:        3.400ns  (logic 0.081ns (2.382%)  route 3.319ns (97.618%))
  Logic Levels:           0  
  Clock Path Skew:        0.010ns (DCD - SCD + CPR)
    Destination Clock Delay (DCD):    0.039ns = ( 2.039 - 2.000 ) 
    Source Clock Delay      (SCD):    0.029ns
    Clock Pessimism Removal (CPR):    0.000ns
  Clock Uncertainty:      0.035ns  ((TSJ^2 + TIJ^2)^1/2 + DJ) / 2 + PE
    Total System Jitter     (TSJ):    0.071ns
    Total Input Jitter      (TIJ):    0.000ns
    Discrete Jitter          (DJ):    0.000ns
    Phase Error              (PE):    0.000ns

    Location             Delay type                Incr(ns)  Path(ns)    Netlist Resource(s)
  -------------------------------------------------------------------    -------------------
                         (clock clk rise edge)        0.000     0.000 r  
                                                      0.000     0.000 r  clk (IN)
                         net (fo=14513, unset)        0.029     0.029    clk
    SLICE_X60Y166        FDCE                                         r  issue_group_r_reg[3]_rep__3/C
  -------------------------------------------------------------------    -------------------
    SLICE_X60Y166        FDCE (Prop_GFF2_SLICEL_C_Q)
                                                      0.081     0.110 r  issue_group_r_reg[3]_rep__3/Q
                         net (fo=32, routed)          3.319     3.429    issue_group_r_reg[3]_rep__3_n_0
    RAMB18_X0Y50         RAMB18E2                                     r  coeff_selected_r_reg[0][48]/ADDRARDADDR[13]
  -------------------------------------------------------------------    -------------------

                         (clock clk rise edge)        2.000     2.000 r  
                                                      0.000     2.000 r  clk (IN)
                         net (fo=14513, unset)        0.039     2.039    clk
    RAMB18_X0Y50         RAMB18E2                                     r  coeff_selected_r_reg[0][48]/CLKARDCLK
                         clock pessimism              0.000     2.039    
                         clock uncertainty           -0.035     2.004    
    RAMB18_X0Y50         RAMB18E2 (Setup_RAMB18E2_L_RAMB180_CLKARDCLK_ADDRARDADDR[13])
                                                     -0.268     1.736    coeff_selected_r_reg[0][48]
  -------------------------------------------------------------------
                         required time                          1.736    
                         arrival time                          -3.429    
  -------------------------------------------------------------------
                         slack                                 -1.694    

Slack (VIOLATED) :        -1.675ns  (required time - arrival time)
  Source:                 issue_group_r_reg[1]_rep__3/C
                            (rising edge-triggered cell FDCE clocked by clk  {rise@0.000ns fall@1.000ns period=2.000ns})
  Destination:            coeff_selected_r_reg[0][59]/ADDRARDADDR[11]
                            (rising edge-triggered cell RAMB18E2 clocked by clk  {rise@0.000ns fall@1.000ns period=2.000ns})
  Path Group:             clk
  Path Type:              Setup (Max at Slow Process Corner)
  Requirement:            2.000ns  (clk rise@2.000ns - clk rise@0.000ns)
  Data Path Delay:        3.386ns  (logic 0.079ns (2.333%)  route 3.307ns (97.667%))
  Logic Levels:           0  
  Clock Path Skew:        0.009ns (DCD - SCD + CPR)
    Destination Clock Delay (DCD):    0.039ns = ( 2.039 - 2.000 ) 
    Source Clock Delay      (SCD):    0.030ns
    Clock Pessimism Removal (CPR):    0.000ns
  Clock Uncertainty:      0.035ns  ((TSJ^2 + TIJ^2)^1/2 + DJ) / 2 + PE
    Total System Jitter     (TSJ):    0.071ns
    Total Input Jitter      (TIJ):    0.000ns
    Discrete Jitter          (DJ):    0.000ns
    Phase Error              (PE):    0.000ns

    Location             Delay type                Incr(ns)  Path(ns)    Netlist Resource(s)
  -------------------------------------------------------------------    -------------------
                         (clock clk rise edge)        0.000     0.000 r  
                                                      0.000     0.000 r  clk (IN)
                         net (fo=14513, unset)        0.030     0.030    clk
    SLICE_X58Y165        FDCE                                         r  issue_group_r_reg[1]_rep__3/C
  -------------------------------------------------------------------    -------------------
    SLICE_X58Y165        FDCE (Prop_GFF2_SLICEM_C_Q)
                                                      0.079     0.109 r  issue_group_r_reg[1]_rep__3/Q
                         net (fo=32, routed)          3.307     3.416    issue_group_r_reg[1]_rep__3_n_0
    RAMB18_X2Y58         RAMB18E2                                     r  coeff_selected_r_reg[0][59]/ADDRARDADDR[11]
  -------------------------------------------------------------------    -------------------

                         (clock clk rise edge)        2.000     2.000 r  
                                                      0.000     2.000 r  clk (IN)
                         net (fo=14513, unset)        0.039     2.039    clk
    RAMB18_X2Y58         RAMB18E2                                     r  coeff_selected_r_reg[0][59]/CLKARDCLK
                         clock pessimism              0.000     2.039    
                         clock uncertainty           -0.035     2.004    
    RAMB18_X2Y58         RAMB18E2 (Setup_RAMB18E2_L_RAMB180_CLKARDCLK_ADDRARDADDR[11])
                                                     -0.263     1.741    coeff_selected_r_reg[0][59]
  -------------------------------------------------------------------
                         required time                          1.741    
                         arrival time                          -3.416    
  -------------------------------------------------------------------
                         slack                                 -1.675    




