Copyright 1986-2022 Xilinx, Inc. All Rights Reserved. Copyright 2022-2025 Advanced Micro Devices, Inc. All Rights Reserved.
---------------------------------------------------------------------------------------------------------------------------------------------
| Tool Version : Vivado v.2025.2 (win64) Build 6299465 Fri Nov 14 19:35:11 GMT 2025
| Date         : Sat Sep  5 00:57:12 2026
| Host         : Finesse running 64-bit major release  (build 9200)
| Command      : report_utilization -file D:/Workspace/ITS_STUDY_V35_P2A_DCT2_64_R1/V35_P2A_DCT2_64/vivado/reports/p2a_utilization.rpt
| Design       : p2a_dct2_64_p4
| Device       : xcku5p-ffvb676-2-e
| Speed File   : -2
| Design State : Routed
---------------------------------------------------------------------------------------------------------------------------------------------

Utilization Design Information

Table of Contents
-----------------
1. CLB Logic
1.1 Summary of Registers by Type
2. CLB Logic Distribution
3. BLOCKRAM
4. ARITHMETIC
5. I/O
6. CLOCK
7. ADVANCED
8. CONFIGURATION
9. Primitives
10. Black Boxes
11. Instantiated Netlists

1. CLB Logic
------------

+----------------------------+-------+-------+------------+-----------+-------+
|          Site Type         |  Used | Fixed | Prohibited | Available | Util% |
+----------------------------+-------+-------+------------+-----------+-------+
| CLB LUTs                   |  9308 |     0 |          0 |    216960 |  4.29 |
|   LUT as Logic             |  9288 |     0 |          0 |    216960 |  4.28 |
|   LUT as Memory            |    20 |     0 |          0 |     99840 |  0.02 |
|     LUT as Distributed RAM |     0 |     0 |            |           |       |
|     LUT as Shift Register  |    20 |     0 |            |           |       |
| CLB Registers              | 12686 |     0 |          0 |    433920 |  2.92 |
|   Register as Flip Flop    | 12686 |     0 |          0 |    433920 |  2.92 |
|   Register as Latch        |     0 |     0 |          0 |    433920 |  0.00 |
| CARRY8                     |   770 |     0 |          0 |     27120 |  2.84 |
| F7 Muxes                   |   408 |     0 |          0 |    108480 |  0.38 |
| F8 Muxes                   |     0 |     0 |          0 |     54240 |  0.00 |
| F9 Muxes                   |     0 |     0 |          0 |     27120 |  0.00 |
| Unique Control Sets        |   117 |       |          0 |     54240 |  0.22 |
+----------------------------+-------+-------+------------+-----------+-------+
* Warning! LUT value is adjusted to account for LUT combining.
** Note: Available Control Sets calculated as Slices * 2, Review the Control Sets Report for more information regarding control sets.


1.1 Summary of Registers by Type
--------------------------------

+-------+--------------+-------------+--------------+
| Total | Clock Enable | Synchronous | Asynchronous |
+-------+--------------+-------------+--------------+
| 0     |            _ |           - |            - |
| 0     |            _ |           - |          Set |
| 0     |            _ |           - |        Reset |
| 0     |            _ |         Set |            - |
| 0     |            _ |       Reset |            - |
| 0     |          Yes |           - |            - |
| 0     |          Yes |           - |          Set |
| 1846  |          Yes |           - |        Reset |
| 0     |          Yes |         Set |            - |
| 10840 |          Yes |       Reset |            - |
+-------+--------------+-------------+--------------+


2. CLB Logic Distribution
-------------------------

+--------------------------------------------+-------+-------+------------+-----------+-------+
|                  Site Type                 |  Used | Fixed | Prohibited | Available | Util% |
+--------------------------------------------+-------+-------+------------+-----------+-------+
| CLB                                        |  2203 |     0 |          0 |     27120 |  8.12 |
|   CLBL                                     |  1197 |     0 |            |           |       |
|   CLBM                                     |  1006 |     0 |            |           |       |
| LUT as Logic                               |  9288 |     0 |          0 |    216960 |  4.28 |
|   using O5 output only                     |    22 |       |            |           |       |
|   using O6 output only                     |  6678 |       |            |           |       |
|   using O5 and O6                          |  2588 |       |            |           |       |
| LUT as Memory                              |    20 |     0 |          0 |     99840 |  0.02 |
|   LUT as Distributed RAM                   |     0 |     0 |            |           |       |
|     using O5 output only                   |     0 |       |            |           |       |
|     using O6 output only                   |     0 |       |            |           |       |
|     using O5 and O6                        |     0 |       |            |           |       |
|   LUT as Shift Register                    |    20 |     0 |            |           |       |
|     using O5 output only                   |     0 |       |            |           |       |
|     using O6 output only                   |     4 |       |            |           |       |
|     using O5 and O6                        |    16 |       |            |           |       |
| CLB Registers                              | 12686 |     0 |          0 |    433920 |  2.92 |
|   Register driven from within the CLB      |  6760 |       |            |           |       |
|   Register driven from outside the CLB     |  5926 |       |            |           |       |
|     LUT in front of the register is unused |  4377 |       |            |           |       |
|     LUT in front of the register is used   |  1549 |       |            |           |       |
+--------------------------------------------+-------+-------+------------+-----------+-------+


3. BLOCKRAM
-----------

+-------------------+------+-------+------------+-----------+-------+
|     Site Type     | Used | Fixed | Prohibited | Available | Util% |
+-------------------+------+-------+------------+-----------+-------+
| Block RAM Tile    |  128 |     0 |          0 |       480 | 26.67 |
|   RAMB36/FIFO*    |    0 |     0 |          0 |       480 |  0.00 |
|   RAMB18          |  256 |     0 |          0 |       960 | 26.67 |
|     RAMB18E2 only |  256 |       |            |           |       |
| URAM              |    0 |     0 |          0 |        64 |  0.00 |
+-------------------+------+-------+------------+-----------+-------+
* Note: Each Block RAM Tile only has one FIFO logic available and therefore can accommodate only one FIFO36E2 or one FIFO18E2. However, if a FIFO18E2 occupies a Block RAM Tile, that tile can still accommodate a RAMB18E2


4. ARITHMETIC
-------------

+----------------+------+-------+------------+-----------+-------+
|    Site Type   | Used | Fixed | Prohibited | Available | Util% |
+----------------+------+-------+------------+-----------+-------+
| DSPs           |  256 |     0 |          0 |      1824 | 14.04 |
|   DSP48E2 only |  256 |       |            |           |       |
+----------------+------+-------+------------+-----------+-------+


5. I/O
------

+------------------+------+-------+------------+-----------+-------+
|     Site Type    | Used | Fixed | Prohibited | Available | Util% |
+------------------+------+-------+------------+-----------+-------+
| Bonded IOB       |    0 |     0 |          0 |       280 |  0.00 |
|   HPIOB_M        |    0 |     0 |          0 |        96 |  0.00 |
|   HPIOB_S        |    0 |     0 |          0 |        96 |  0.00 |
|   HDIOB_M        |    0 |     0 |          0 |        36 |  0.00 |
|   HDIOB_S        |    0 |     0 |          0 |        36 |  0.00 |
|   HPIOB_SNGL     |    0 |     0 |          0 |        16 |  0.00 |
| HPIOBDIFFINBUF   |    0 |     0 |          0 |        96 |  0.00 |
| HPIOBDIFFOUTBUF  |    0 |     0 |          0 |        96 |  0.00 |
| HDIOBDIFFINBUF   |    0 |     0 |          0 |        48 |  0.00 |
| BITSLICE_CONTROL |    0 |     0 |          0 |        32 |  0.00 |
| BITSLICE_RX_TX   |    0 |     0 |          0 |      1248 |  0.00 |
| BITSLICE_TX      |    0 |     0 |          0 |        32 |  0.00 |
| RIU_OR           |    0 |     0 |          0 |        16 |  0.00 |
+------------------+------+-------+------------+-----------+-------+


6. CLOCK
--------

+------------+------+-------+------------+-----------+-------+
|  Site Type | Used | Fixed | Prohibited | Available | Util% |
+------------+------+-------+------------+-----------+-------+
| BUFGCE     |    0 |     0 |          0 |       112 |  0.00 |
| BUFGCE_DIV |    0 |     0 |          0 |        16 |  0.00 |
| BUFG_GT    |    0 |     0 |          0 |        96 |  0.00 |
| BUFGCTRL*  |    0 |     0 |          0 |        32 |  0.00 |
| PLL        |    0 |     0 |          0 |         8 |  0.00 |
| MMCM       |    0 |     0 |          0 |         4 |  0.00 |
+------------+------+-------+------------+-----------+-------+
* Note: Each used BUFGCTRL counts as two GLOBAL CLOCK BUFFERs. This table does not include global clocking resources, only buffer cell usage. See the Clock Utilization Report (report_clock_utilization) for detailed accounting of global clocking resource availability.


7. ADVANCED
-----------

+-----------------+------+-------+------------+-----------+-------+
|    Site Type    | Used | Fixed | Prohibited | Available | Util% |
+-----------------+------+-------+------------+-----------+-------+
| CMACE4          |    0 |     0 |          0 |         1 |  0.00 |
| GTYE4_CHANNEL   |    0 |     0 |          0 |        16 |  0.00 |
| GTYE4_COMMON    |    0 |     0 |          0 |         4 |  0.00 |
| OBUFDS_GTE4     |    0 |     0 |          0 |         8 |  0.00 |
| OBUFDS_GTE4_ADV |    0 |     0 |          0 |         8 |  0.00 |
| PCIE40E4        |    0 |     0 |          0 |         1 |  0.00 |
| SYSMONE4        |    0 |     0 |          0 |         1 |  0.00 |
+-----------------+------+-------+------------+-----------+-------+


8. CONFIGURATION
----------------

+-------------+------+-------+------------+-----------+-------+
|  Site Type  | Used | Fixed | Prohibited | Available | Util% |
+-------------+------+-------+------------+-----------+-------+
| BSCANE2     |    0 |     0 |          0 |         4 |  0.00 |
| DNA_PORTE2  |    0 |     0 |          0 |         1 |  0.00 |
| EFUSE_USR   |    0 |     0 |          0 |         1 |  0.00 |
| FRAME_ECCE4 |    0 |     0 |          0 |         1 |  0.00 |
| ICAPE3      |    0 |     0 |          0 |         2 |  0.00 |
| MASTER_JTAG |    0 |     0 |          0 |         1 |  0.00 |
| STARTUPE3   |    0 |     0 |          0 |         1 |  0.00 |
+-------------+------+-------+------------+-----------+-------+


9. Primitives
-------------

+----------+-------+---------------------+
| Ref Name |  Used | Functional Category |
+----------+-------+---------------------+
| FDRE     | 10840 |            Register |
| LUT2     |  9665 |                 CLB |
| FDCE     |  1846 |            Register |
| LUT3     |  1041 |                 CLB |
| LUT6     |  1023 |                 CLB |
| CARRY8   |   770 |                 CLB |
| MUXF7    |   408 |                 CLB |
| RAMB18E2 |   256 |            BLOCKRAM |
| DSP48E2  |   256 |          Arithmetic |
| LUT4     |    98 |                 CLB |
| SRL16E   |    36 |                 CLB |
| LUT5     |    35 |                 CLB |
| LUT1     |    14 |                 CLB |
+----------+-------+---------------------+


10. Black Boxes
---------------

+----------+------+
| Ref Name | Used |
+----------+------+


11. Instantiated Netlists
-------------------------

+----------+------+
| Ref Name | Used |
+----------+------+


