#-----------------------------------------------------------
# Vivado v2025.2 (64-bit)
# SW Build 6299465 on Fri Nov 14 19:35:11 GMT 2025
# IP Build 6300035 on Fri Nov 14 10:48:45 MST 2025
# SharedData Build 6298862 on Thu Nov 13 04:50:51 MST 2025
# Start of session at: Fri Sep  4 21:14:14 2026
# Process ID         : 19604
# Current directory  : D:/Workspace/ITS_STUDY_V35_P2A_DCT2_64
# Command line       : vivado.exe -mode batch -source D:\Workspace\ITS_STUDY_V35_P2A_DCT2_64\vivado\run_p2a_ooc.tcl
# Log file           : D:/Workspace/ITS_STUDY_V35_P2A_DCT2_64/vivado.log
# Journal file       : D:/Workspace/ITS_STUDY_V35_P2A_DCT2_64\vivado.jou
# Running On         : Finesse
# Platform           : Windows Server 2016 or Windows 10
# Operating System   : 26200
# Processor Detail   : Intel(R) Core(TM) Ultra 5 225H
# CPU Frequency      : 3686 MHz
# CPU Physical cores : 14
# CPU Logical cores  : 14
# Host memory        : 16364 MB
# Swap memory        : 22265 MB
# Total Virtual      : 38630 MB
# Available Virtual  : 7457 MB
#-----------------------------------------------------------
INFO: [Common 17-749] XILINX_TCLSTORE_USERAREA is set to 'D:/Workspace/ITS_STUDY_V35_P2A_DCT2_64/vivado/tclstore_run4/2025.2/XilinxTclStore'.
source {D:\Workspace\ITS_STUDY_V35_P2A_DCT2_64\vivado\run_p2a_ooc.tcl}
# set SCRIPT_DIR [file normalize [file dirname [info script]]]
# set ROOT [file normalize [file join $SCRIPT_DIR ..]]
# set RTL [file join $ROOT rtl p2a_dct2_64_p4.sv]
# set COEFF [file join $ROOT rtl dct2_64_coeff.hex]
# set REPORT [file join $ROOT vivado reports]
# file mkdir $REPORT
# set_param general.maxThreads 8
# create_project -in_memory -part xcku5p-ffvb676-2-e -force
create_project: Time (s): cpu = 00:00:34 ; elapsed = 00:00:07 . Memory (MB): peak = 574.809 ; gain = 240.086
# set_property include_dirs [list [file join $ROOT rtl]] [current_fileset]
# add_files -fileset sources_1 $RTL
# set_property file_type {SystemVerilog} [get_files $RTL]
# update_compile_order -fileset sources_1
# cd [file join $ROOT rtl]
# synth_design -top p2a_dct2_64_p4 -part xcku5p-ffvb676-2-e -mode out_of_context
Command: synth_design -top p2a_dct2_64_p4 -part xcku5p-ffvb676-2-e -mode out_of_context
Starting synth_design
Attempting to get a license for feature 'Synthesis' and/or device 'xcku5p'
INFO: [Common 17-349] Got license for feature 'Synthesis' and/or device 'xcku5p'
INFO: [Synth 8-7079] Multithreading enabled for synth_design using a maximum of 7 processes.
INFO: [Synth 8-7078] Launching helper process for spawning children vivado processes
INFO: [Synth 8-7075] Helper process launched with PID 39236
---------------------------------------------------------------------------------
Starting Synthesize : Time (s): cpu = 00:00:04 ; elapsed = 00:00:05 . Memory (MB): peak = 1106.699 ; gain = 531.891
---------------------------------------------------------------------------------
INFO: [Synth 8-6157] synthesizing module 'p2a_dct2_64_p4' [D:/Workspace/ITS_STUDY_V35_P2A_DCT2_64/rtl/p2a_dct2_64_p4.sv:17]
INFO: [Synth 8-3876] $readmem data file 'dct2_64_coeff_l0.hex' is read successfully [D:/Workspace/ITS_STUDY_V35_P2A_DCT2_64/rtl/p2a_dct2_64_p4.sv:64]
INFO: [Synth 8-3876] $readmem data file 'dct2_64_coeff_l1.hex' is read successfully [D:/Workspace/ITS_STUDY_V35_P2A_DCT2_64/rtl/p2a_dct2_64_p4.sv:65]
INFO: [Synth 8-3876] $readmem data file 'dct2_64_coeff_l2.hex' is read successfully [D:/Workspace/ITS_STUDY_V35_P2A_DCT2_64/rtl/p2a_dct2_64_p4.sv:66]
INFO: [Synth 8-3876] $readmem data file 'dct2_64_coeff_l3.hex' is read successfully [D:/Workspace/ITS_STUDY_V35_P2A_DCT2_64/rtl/p2a_dct2_64_p4.sv:67]
INFO: [Synth 8-6155] done synthesizing module 'p2a_dct2_64_p4' (0#1) [D:/Workspace/ITS_STUDY_V35_P2A_DCT2_64/rtl/p2a_dct2_64_p4.sv:17]
WARNING: [Synth 8-7137] Register vec_a_reg[0] in module p2a_dct2_64_p4 has both Set and reset with same priority. This may cause simulation mismatches. Consider rewriting code  [D:/Workspace/ITS_STUDY_V35_P2A_DCT2_64/rtl/p2a_dct2_64_p4.sv:183]
WARNING: [Synth 8-7137] Register vec_a_reg[1] in module p2a_dct2_64_p4 has both Set and reset with same priority. This may cause simulation mismatches. Consider rewriting code  [D:/Workspace/ITS_STUDY_V35_P2A_DCT2_64/rtl/p2a_dct2_64_p4.sv:183]
WARNING: [Synth 8-7137] Register vec_a_reg[2] in module p2a_dct2_64_p4 has both Set and reset with same priority. This may cause simulation mismatches. Consider rewriting code  [D:/Workspace/ITS_STUDY_V35_P2A_DCT2_64/rtl/p2a_dct2_64_p4.sv:183]
WARNING: [Synth 8-7137] Register vec_a_reg[3] in module p2a_dct2_64_p4 has both Set and reset with same priority. This may cause simulation mismatches. Consider rewriting code  [D:/Workspace/ITS_STUDY_V35_P2A_DCT2_64/rtl/p2a_dct2_64_p4.sv:183]
WARNING: [Synth 8-7137] Register vec_a_reg[4] in module p2a_dct2_64_p4 has both Set and reset with same priority. This may cause simulation mismatches. Consider rewriting code  [D:/Workspace/ITS_STUDY_V35_P2A_DCT2_64/rtl/p2a_dct2_64_p4.sv:183]
WARNING: [Synth 8-7137] Register vec_a_reg[5] in module p2a_dct2_64_p4 has both Set and reset with same priority. This may cause simulation mismatches. Consider rewriting code  [D:/Workspace/ITS_STUDY_V35_P2A_DCT2_64/rtl/p2a_dct2_64_p4.sv:183]
WARNING: [Synth 8-7137] Register vec_a_reg[6] in module p2a_dct2_64_p4 has both Set and reset with same priority. This may cause simulation mismatches. Consider rewriting code  [D:/Workspace/ITS_STUDY_V35_P2A_DCT2_64/rtl/p2a_dct2_64_p4.sv:183]
WARNING: [Synth 8-7137] Register vec_a_reg[7] in module p2a_dct2_64_p4 has both Set and reset with same priority. This may cause simulation mismatches. Consider rewriting code  [D:/Workspace/ITS_STUDY_V35_P2A_DCT2_64/rtl/p2a_dct2_64_p4.sv:183]
WARNING: [Synth 8-7137] Register vec_a_reg[8] in module p2a_dct2_64_p4 has both Set and reset with same priority. This may cause simulation mismatches. Consider rewriting code  [D:/Workspace/ITS_STUDY_V35_P2A_DCT2_64/rtl/p2a_dct2_64_p4.sv:183]
WARNING: [Synth 8-7137] Register vec_a_reg[9] in module p2a_dct2_64_p4 has both Set and reset with same priority. This may cause simulation mismatches. Consider rewriting code  [D:/Workspace/ITS_STUDY_V35_P2A_DCT2_64/rtl/p2a_dct2_64_p4.sv:183]
WARNING: [Synth 8-7137] Register vec_a_reg[10] in module p2a_dct2_64_p4 has both Set and reset with same priority. This may cause simulation mismatches. Consider rewriting code  [D:/Workspace/ITS_STUDY_V35_P2A_DCT2_64/rtl/p2a_dct2_64_p4.sv:183]
WARNING: [Synth 8-7137] Register vec_a_reg[11] in module p2a_dct2_64_p4 has both Set and reset with same priority. This may cause simulation mismatches. Consider rewriting code  [D:/Workspace/ITS_STUDY_V35_P2A_DCT2_64/rtl/p2a_dct2_64_p4.sv:183]
WARNING: [Synth 8-7137] Register vec_a_reg[12] in module p2a_dct2_64_p4 has both Set and reset with same priority. This may cause simulation mismatches. Consider rewriting code  [D:/Workspace/ITS_STUDY_V35_P2A_DCT2_64/rtl/p2a_dct2_64_p4.sv:183]
WARNING: [Synth 8-7137] Register vec_a_reg[13] in module p2a_dct2_64_p4 has both Set and reset with same priority. This may cause simulation mismatches. Consider rewriting code  [D:/Workspace/ITS_STUDY_V35_P2A_DCT2_64/rtl/p2a_dct2_64_p4.sv:183]
WARNING: [Synth 8-7137] Register vec_a_reg[14] in module p2a_dct2_64_p4 has both Set and reset with same priority. This may cause simulation mismatches. Consider rewriting code  [D:/Workspace/ITS_STUDY_V35_P2A_DCT2_64/rtl/p2a_dct2_64_p4.sv:183]
WARNING: [Synth 8-7137] Register vec_a_reg[15] in module p2a_dct2_64_p4 has both Set and reset with same priority. This may cause simulation mismatches. Consider rewriting code  [D:/Workspace/ITS_STUDY_V35_P2A_DCT2_64/rtl/p2a_dct2_64_p4.sv:183]
WARNING: [Synth 8-7137] Register vec_a_reg[16] in module p2a_dct2_64_p4 has both Set and reset with same priority. This may cause simulation mismatches. Consider rewriting code  [D:/Workspace/ITS_STUDY_V35_P2A_DCT2_64/rtl/p2a_dct2_64_p4.sv:183]
WARNING: [Synth 8-7137] Register vec_a_reg[17] in module p2a_dct2_64_p4 has both Set and reset with same priority. This may cause simulation mismatches. Consider rewriting code  [D:/Workspace/ITS_STUDY_V35_P2A_DCT2_64/rtl/p2a_dct2_64_p4.sv:183]
WARNING: [Synth 8-7137] Register vec_a_reg[18] in module p2a_dct2_64_p4 has both Set and reset with same priority. This may cause simulation mismatches. Consider rewriting code  [D:/Workspace/ITS_STUDY_V35_P2A_DCT2_64/rtl/p2a_dct2_64_p4.sv:183]
WARNING: [Synth 8-7137] Register vec_a_reg[19] in module p2a_dct2_64_p4 has both Set and reset with same priority. This may cause simulation mismatches. Consider rewriting code  [D:/Workspace/ITS_STUDY_V35_P2A_DCT2_64/rtl/p2a_dct2_64_p4.sv:183]
WARNING: [Synth 8-7137] Register vec_a_reg[20] in module p2a_dct2_64_p4 has both Set and reset with same priority. This may cause simulation mismatches. Consider rewriting code  [D:/Workspace/ITS_STUDY_V35_P2A_DCT2_64/rtl/p2a_dct2_64_p4.sv:183]
WARNING: [Synth 8-7137] Register vec_a_reg[21] in module p2a_dct2_64_p4 has both Set and reset with same priority. This may cause simulation mismatches. Consider rewriting code  [D:/Workspace/ITS_STUDY_V35_P2A_DCT2_64/rtl/p2a_dct2_64_p4.sv:183]
WARNING: [Synth 8-7137] Register vec_a_reg[22] in module p2a_dct2_64_p4 has both Set and reset with same priority. This may cause simulation mismatches. Consider rewriting code  [D:/Workspace/ITS_STUDY_V35_P2A_DCT2_64/rtl/p2a_dct2_64_p4.sv:183]
WARNING: [Synth 8-7137] Register vec_a_reg[23] in module p2a_dct2_64_p4 has both Set and reset with same priority. This may cause simulation mismatches. Consider rewriting code  [D:/Workspace/ITS_STUDY_V35_P2A_DCT2_64/rtl/p2a_dct2_64_p4.sv:183]
WARNING: [Synth 8-7137] Register vec_a_reg[24] in module p2a_dct2_64_p4 has both Set and reset with same priority. This may cause simulation mismatches. Consider rewriting code  [D:/Workspace/ITS_STUDY_V35_P2A_DCT2_64/rtl/p2a_dct2_64_p4.sv:183]
WARNING: [Synth 8-7137] Register vec_a_reg[25] in module p2a_dct2_64_p4 has both Set and reset with same priority. This may cause simulation mismatches. Consider rewriting code  [D:/Workspace/ITS_STUDY_V35_P2A_DCT2_64/rtl/p2a_dct2_64_p4.sv:183]
WARNING: [Synth 8-7137] Register vec_a_reg[26] in module p2a_dct2_64_p4 has both Set and reset with same priority. This may cause simulation mismatches. Consider rewriting code  [D:/Workspace/ITS_STUDY_V35_P2A_DCT2_64/rtl/p2a_dct2_64_p4.sv:183]
WARNING: [Synth 8-7137] Register vec_a_reg[27] in module p2a_dct2_64_p4 has both Set and reset with same priority. This may cause simulation mismatches. Consider rewriting code  [D:/Workspace/ITS_STUDY_V35_P2A_DCT2_64/rtl/p2a_dct2_64_p4.sv:183]
WARNING: [Synth 8-7137] Register vec_a_reg[28] in module p2a_dct2_64_p4 has both Set and reset with same priority. This may cause simulation mismatches. Consider rewriting code  [D:/Workspace/ITS_STUDY_V35_P2A_DCT2_64/rtl/p2a_dct2_64_p4.sv:183]
WARNING: [Synth 8-7137] Register vec_a_reg[29] in module p2a_dct2_64_p4 has both Set and reset with same priority. This may cause simulation mismatches. Consider rewriting code  [D:/Workspace/ITS_STUDY_V35_P2A_DCT2_64/rtl/p2a_dct2_64_p4.sv:183]
WARNING: [Synth 8-7137] Register vec_a_reg[30] in module p2a_dct2_64_p4 has both Set and reset with same priority. This may cause simulation mismatches. Consider rewriting code  [D:/Workspace/ITS_STUDY_V35_P2A_DCT2_64/rtl/p2a_dct2_64_p4.sv:183]
WARNING: [Synth 8-7137] Register vec_a_reg[31] in module p2a_dct2_64_p4 has both Set and reset with same priority. This may cause simulation mismatches. Consider rewriting code  [D:/Workspace/ITS_STUDY_V35_P2A_DCT2_64/rtl/p2a_dct2_64_p4.sv:183]
WARNING: [Synth 8-7137] Register vec_a_reg[32] in module p2a_dct2_64_p4 has both Set and reset with same priority. This may cause simulation mismatches. Consider rewriting code  [D:/Workspace/ITS_STUDY_V35_P2A_DCT2_64/rtl/p2a_dct2_64_p4.sv:183]
WARNING: [Synth 8-7137] Register vec_a_reg[33] in module p2a_dct2_64_p4 has both Set and reset with same priority. This may cause simulation mismatches. Consider rewriting code  [D:/Workspace/ITS_STUDY_V35_P2A_DCT2_64/rtl/p2a_dct2_64_p4.sv:183]
WARNING: [Synth 8-7137] Register vec_a_reg[34] in module p2a_dct2_64_p4 has both Set and reset with same priority. This may cause simulation mismatches. Consider rewriting code  [D:/Workspace/ITS_STUDY_V35_P2A_DCT2_64/rtl/p2a_dct2_64_p4.sv:183]
WARNING: [Synth 8-7137] Register vec_a_reg[35] in module p2a_dct2_64_p4 has both Set and reset with same priority. This may cause simulation mismatches. Consider rewriting code  [D:/Workspace/ITS_STUDY_V35_P2A_DCT2_64/rtl/p2a_dct2_64_p4.sv:183]
WARNING: [Synth 8-7137] Register vec_a_reg[36] in module p2a_dct2_64_p4 has both Set and reset with same priority. This may cause simulation mismatches. Consider rewriting code  [D:/Workspace/ITS_STUDY_V35_P2A_DCT2_64/rtl/p2a_dct2_64_p4.sv:183]
WARNING: [Synth 8-7137] Register vec_a_reg[37] in module p2a_dct2_64_p4 has both Set and reset with same priority. This may cause simulation mismatches. Consider rewriting code  [D:/Workspace/ITS_STUDY_V35_P2A_DCT2_64/rtl/p2a_dct2_64_p4.sv:183]
WARNING: [Synth 8-7137] Register vec_a_reg[38] in module p2a_dct2_64_p4 has both Set and reset with same priority. This may cause simulation mismatches. Consider rewriting code  [D:/Workspace/ITS_STUDY_V35_P2A_DCT2_64/rtl/p2a_dct2_64_p4.sv:183]
WARNING: [Synth 8-7137] Register vec_a_reg[39] in module p2a_dct2_64_p4 has both Set and reset with same priority. This may cause simulation mismatches. Consider rewriting code  [D:/Workspace/ITS_STUDY_V35_P2A_DCT2_64/rtl/p2a_dct2_64_p4.sv:183]
WARNING: [Synth 8-7137] Register vec_a_reg[40] in module p2a_dct2_64_p4 has both Set and reset with same priority. This may cause simulation mismatches. Consider rewriting code  [D:/Workspace/ITS_STUDY_V35_P2A_DCT2_64/rtl/p2a_dct2_64_p4.sv:183]
WARNING: [Synth 8-7137] Register vec_a_reg[41] in module p2a_dct2_64_p4 has both Set and reset with same priority. This may cause simulation mismatches. Consider rewriting code  [D:/Workspace/ITS_STUDY_V35_P2A_DCT2_64/rtl/p2a_dct2_64_p4.sv:183]
WARNING: [Synth 8-7137] Register vec_a_reg[42] in module p2a_dct2_64_p4 has both Set and reset with same priority. This may cause simulation mismatches. Consider rewriting code  [D:/Workspace/ITS_STUDY_V35_P2A_DCT2_64/rtl/p2a_dct2_64_p4.sv:183]
WARNING: [Synth 8-7137] Register vec_a_reg[43] in module p2a_dct2_64_p4 has both Set and reset with same priority. This may cause simulation mismatches. Consider rewriting code  [D:/Workspace/ITS_STUDY_V35_P2A_DCT2_64/rtl/p2a_dct2_64_p4.sv:183]
WARNING: [Synth 8-7137] Register vec_a_reg[44] in module p2a_dct2_64_p4 has both Set and reset with same priority. This may cause simulation mismatches. Consider rewriting code  [D:/Workspace/ITS_STUDY_V35_P2A_DCT2_64/rtl/p2a_dct2_64_p4.sv:183]
WARNING: [Synth 8-7137] Register vec_a_reg[45] in module p2a_dct2_64_p4 has both Set and reset with same priority. This may cause simulation mismatches. Consider rewriting code  [D:/Workspace/ITS_STUDY_V35_P2A_DCT2_64/rtl/p2a_dct2_64_p4.sv:183]
WARNING: [Synth 8-7137] Register vec_a_reg[46] in module p2a_dct2_64_p4 has both Set and reset with same priority. This may cause simulation mismatches. Consider rewriting code  [D:/Workspace/ITS_STUDY_V35_P2A_DCT2_64/rtl/p2a_dct2_64_p4.sv:183]
WARNING: [Synth 8-7137] Register vec_a_reg[47] in module p2a_dct2_64_p4 has both Set and reset with same priority. This may cause simulation mismatches. Consider rewriting code  [D:/Workspace/ITS_STUDY_V35_P2A_DCT2_64/rtl/p2a_dct2_64_p4.sv:183]
WARNING: [Synth 8-7137] Register vec_a_reg[48] in module p2a_dct2_64_p4 has both Set and reset with same priority. This may cause simulation mismatches. Consider rewriting code  [D:/Workspace/ITS_STUDY_V35_P2A_DCT2_64/rtl/p2a_dct2_64_p4.sv:183]
WARNING: [Synth 8-7137] Register vec_a_reg[49] in module p2a_dct2_64_p4 has both Set and reset with same priority. This may cause simulation mismatches. Consider rewriting code  [D:/Workspace/ITS_STUDY_V35_P2A_DCT2_64/rtl/p2a_dct2_64_p4.sv:183]
WARNING: [Synth 8-7137] Register vec_a_reg[50] in module p2a_dct2_64_p4 has both Set and reset with same priority. This may cause simulation mismatches. Consider rewriting code  [D:/Workspace/ITS_STUDY_V35_P2A_DCT2_64/rtl/p2a_dct2_64_p4.sv:183]
WARNING: [Synth 8-7137] Register vec_a_reg[51] in module p2a_dct2_64_p4 has both Set and reset with same priority. This may cause simulation mismatches. Consider rewriting code  [D:/Workspace/ITS_STUDY_V35_P2A_DCT2_64/rtl/p2a_dct2_64_p4.sv:183]
WARNING: [Synth 8-7137] Register vec_a_reg[52] in module p2a_dct2_64_p4 has both Set and reset with same priority. This may cause simulation mismatches. Consider rewriting code  [D:/Workspace/ITS_STUDY_V35_P2A_DCT2_64/rtl/p2a_dct2_64_p4.sv:183]
WARNING: [Synth 8-7137] Register vec_a_reg[53] in module p2a_dct2_64_p4 has both Set and reset with same priority. This may cause simulation mismatches. Consider rewriting code  [D:/Workspace/ITS_STUDY_V35_P2A_DCT2_64/rtl/p2a_dct2_64_p4.sv:183]
WARNING: [Synth 8-7137] Register vec_a_reg[54] in module p2a_dct2_64_p4 has both Set and reset with same priority. This may cause simulation mismatches. Consider rewriting code  [D:/Workspace/ITS_STUDY_V35_P2A_DCT2_64/rtl/p2a_dct2_64_p4.sv:183]
WARNING: [Synth 8-7137] Register vec_a_reg[55] in module p2a_dct2_64_p4 has both Set and reset with same priority. This may cause simulation mismatches. Consider rewriting code  [D:/Workspace/ITS_STUDY_V35_P2A_DCT2_64/rtl/p2a_dct2_64_p4.sv:183]
WARNING: [Synth 8-7137] Register vec_a_reg[56] in module p2a_dct2_64_p4 has both Set and reset with same priority. This may cause simulation mismatches. Consider rewriting code  [D:/Workspace/ITS_STUDY_V35_P2A_DCT2_64/rtl/p2a_dct2_64_p4.sv:183]
WARNING: [Synth 8-7137] Register vec_a_reg[57] in module p2a_dct2_64_p4 has both Set and reset with same priority. This may cause simulation mismatches. Consider rewriting code  [D:/Workspace/ITS_STUDY_V35_P2A_DCT2_64/rtl/p2a_dct2_64_p4.sv:183]
WARNING: [Synth 8-7137] Register vec_a_reg[58] in module p2a_dct2_64_p4 has both Set and reset with same priority. This may cause simulation mismatches. Consider rewriting code  [D:/Workspace/ITS_STUDY_V35_P2A_DCT2_64/rtl/p2a_dct2_64_p4.sv:183]
WARNING: [Synth 8-7137] Register vec_a_reg[59] in module p2a_dct2_64_p4 has both Set and reset with same priority. This may cause simulation mismatches. Consider rewriting code  [D:/Workspace/ITS_STUDY_V35_P2A_DCT2_64/rtl/p2a_dct2_64_p4.sv:183]
WARNING: [Synth 8-7137] Register vec_a_reg[60] in module p2a_dct2_64_p4 has both Set and reset with same priority. This may cause simulation mismatches. Consider rewriting code  [D:/Workspace/ITS_STUDY_V35_P2A_DCT2_64/rtl/p2a_dct2_64_p4.sv:183]
WARNING: [Synth 8-7137] Register vec_a_reg[61] in module p2a_dct2_64_p4 has both Set and reset with same priority. This may cause simulation mismatches. Consider rewriting code  [D:/Workspace/ITS_STUDY_V35_P2A_DCT2_64/rtl/p2a_dct2_64_p4.sv:183]
WARNING: [Synth 8-7137] Register vec_a_reg[62] in module p2a_dct2_64_p4 has both Set and reset with same priority. This may cause simulation mismatches. Consider rewriting code  [D:/Workspace/ITS_STUDY_V35_P2A_DCT2_64/rtl/p2a_dct2_64_p4.sv:183]
WARNING: [Synth 8-7137] Register vec_a_reg[63] in module p2a_dct2_64_p4 has both Set and reset with same priority. This may cause simulation mismatches. Consider rewriting code  [D:/Workspace/ITS_STUDY_V35_P2A_DCT2_64/rtl/p2a_dct2_64_p4.sv:183]
WARNING: [Synth 8-7137] Register vec_b_reg[0] in module p2a_dct2_64_p4 has both Set and reset with same priority. This may cause simulation mismatches. Consider rewriting code  [D:/Workspace/ITS_STUDY_V35_P2A_DCT2_64/rtl/p2a_dct2_64_p4.sv:185]
WARNING: [Synth 8-7137] Register vec_b_reg[1] in module p2a_dct2_64_p4 has both Set and reset with same priority. This may cause simulation mismatches. Consider rewriting code  [D:/Workspace/ITS_STUDY_V35_P2A_DCT2_64/rtl/p2a_dct2_64_p4.sv:185]
WARNING: [Synth 8-7137] Register vec_b_reg[2] in module p2a_dct2_64_p4 has both Set and reset with same priority. This may cause simulation mismatches. Consider rewriting code  [D:/Workspace/ITS_STUDY_V35_P2A_DCT2_64/rtl/p2a_dct2_64_p4.sv:185]
WARNING: [Synth 8-7137] Register vec_b_reg[3] in module p2a_dct2_64_p4 has both Set and reset with same priority. This may cause simulation mismatches. Consider rewriting code  [D:/Workspace/ITS_STUDY_V35_P2A_DCT2_64/rtl/p2a_dct2_64_p4.sv:185]
WARNING: [Synth 8-7137] Register vec_b_reg[4] in module p2a_dct2_64_p4 has both Set and reset with same priority. This may cause simulation mismatches. Consider rewriting code  [D:/Workspace/ITS_STUDY_V35_P2A_DCT2_64/rtl/p2a_dct2_64_p4.sv:185]
WARNING: [Synth 8-7137] Register vec_b_reg[5] in module p2a_dct2_64_p4 has both Set and reset with same priority. This may cause simulation mismatches. Consider rewriting code  [D:/Workspace/ITS_STUDY_V35_P2A_DCT2_64/rtl/p2a_dct2_64_p4.sv:185]
WARNING: [Synth 8-7137] Register vec_b_reg[6] in module p2a_dct2_64_p4 has both Set and reset with same priority. This may cause simulation mismatches. Consider rewriting code  [D:/Workspace/ITS_STUDY_V35_P2A_DCT2_64/rtl/p2a_dct2_64_p4.sv:185]
WARNING: [Synth 8-7137] Register vec_b_reg[7] in module p2a_dct2_64_p4 has both Set and reset with same priority. This may cause simulation mismatches. Consider rewriting code  [D:/Workspace/ITS_STUDY_V35_P2A_DCT2_64/rtl/p2a_dct2_64_p4.sv:185]
WARNING: [Synth 8-7137] Register vec_b_reg[8] in module p2a_dct2_64_p4 has both Set and reset with same priority. This may cause simulation mismatches. Consider rewriting code  [D:/Workspace/ITS_STUDY_V35_P2A_DCT2_64/rtl/p2a_dct2_64_p4.sv:185]
WARNING: [Synth 8-7137] Register vec_b_reg[9] in module p2a_dct2_64_p4 has both Set and reset with same priority. This may cause simulation mismatches. Consider rewriting code  [D:/Workspace/ITS_STUDY_V35_P2A_DCT2_64/rtl/p2a_dct2_64_p4.sv:185]
WARNING: [Synth 8-7137] Register vec_b_reg[10] in module p2a_dct2_64_p4 has both Set and reset with same priority. This may cause simulation mismatches. Consider rewriting code  [D:/Workspace/ITS_STUDY_V35_P2A_DCT2_64/rtl/p2a_dct2_64_p4.sv:185]
WARNING: [Synth 8-7137] Register vec_b_reg[11] in module p2a_dct2_64_p4 has both Set and reset with same priority. This may cause simulation mismatches. Consider rewriting code  [D:/Workspace/ITS_STUDY_V35_P2A_DCT2_64/rtl/p2a_dct2_64_p4.sv:185]
WARNING: [Synth 8-7137] Register vec_b_reg[12] in module p2a_dct2_64_p4 has both Set and reset with same priority. This may cause simulation mismatches. Consider rewriting code  [D:/Workspace/ITS_STUDY_V35_P2A_DCT2_64/rtl/p2a_dct2_64_p4.sv:185]
WARNING: [Synth 8-7137] Register vec_b_reg[13] in module p2a_dct2_64_p4 has both Set and reset with same priority. This may cause simulation mismatches. Consider rewriting code  [D:/Workspace/ITS_STUDY_V35_P2A_DCT2_64/rtl/p2a_dct2_64_p4.sv:185]
WARNING: [Synth 8-7137] Register vec_b_reg[14] in module p2a_dct2_64_p4 has both Set and reset with same priority. This may cause simulation mismatches. Consider rewriting code  [D:/Workspace/ITS_STUDY_V35_P2A_DCT2_64/rtl/p2a_dct2_64_p4.sv:185]
WARNING: [Synth 8-7137] Register vec_b_reg[15] in module p2a_dct2_64_p4 has both Set and reset with same priority. This may cause simulation mismatches. Consider rewriting code  [D:/Workspace/ITS_STUDY_V35_P2A_DCT2_64/rtl/p2a_dct2_64_p4.sv:185]
WARNING: [Synth 8-7137] Register vec_b_reg[16] in module p2a_dct2_64_p4 has both Set and reset with same priority. This may cause simulation mismatches. Consider rewriting code  [D:/Workspace/ITS_STUDY_V35_P2A_DCT2_64/rtl/p2a_dct2_64_p4.sv:185]
WARNING: [Synth 8-7137] Register vec_b_reg[17] in module p2a_dct2_64_p4 has both Set and reset with same priority. This may cause simulation mismatches. Consider rewriting code  [D:/Workspace/ITS_STUDY_V35_P2A_DCT2_64/rtl/p2a_dct2_64_p4.sv:185]
WARNING: [Synth 8-7137] Register vec_b_reg[18] in module p2a_dct2_64_p4 has both Set and reset with same priority. This may cause simulation mismatches. Consider rewriting code  [D:/Workspace/ITS_STUDY_V35_P2A_DCT2_64/rtl/p2a_dct2_64_p4.sv:185]
WARNING: [Synth 8-7137] Register vec_b_reg[19] in module p2a_dct2_64_p4 has both Set and reset with same priority. This may cause simulation mismatches. Consider rewriting code  [D:/Workspace/ITS_STUDY_V35_P2A_DCT2_64/rtl/p2a_dct2_64_p4.sv:185]
WARNING: [Synth 8-7137] Register vec_b_reg[20] in module p2a_dct2_64_p4 has both Set and reset with same priority. This may cause simulation mismatches. Consider rewriting code  [D:/Workspace/ITS_STUDY_V35_P2A_DCT2_64/rtl/p2a_dct2_64_p4.sv:185]
WARNING: [Synth 8-7137] Register vec_b_reg[21] in module p2a_dct2_64_p4 has both Set and reset with same priority. This may cause simulation mismatches. Consider rewriting code  [D:/Workspace/ITS_STUDY_V35_P2A_DCT2_64/rtl/p2a_dct2_64_p4.sv:185]
WARNING: [Synth 8-7137] Register vec_b_reg[22] in module p2a_dct2_64_p4 has both Set and reset with same priority. This may cause simulation mismatches. Consider rewriting code  [D:/Workspace/ITS_STUDY_V35_P2A_DCT2_64/rtl/p2a_dct2_64_p4.sv:185]
WARNING: [Synth 8-7137] Register vec_b_reg[23] in module p2a_dct2_64_p4 has both Set and reset with same priority. This may cause simulation mismatches. Consider rewriting code  [D:/Workspace/ITS_STUDY_V35_P2A_DCT2_64/rtl/p2a_dct2_64_p4.sv:185]
WARNING: [Synth 8-7137] Register vec_b_reg[24] in module p2a_dct2_64_p4 has both Set and reset with same priority. This may cause simulation mismatches. Consider rewriting code  [D:/Workspace/ITS_STUDY_V35_P2A_DCT2_64/rtl/p2a_dct2_64_p4.sv:185]
WARNING: [Synth 8-7137] Register vec_b_reg[25] in module p2a_dct2_64_p4 has both Set and reset with same priority. This may cause simulation mismatches. Consider rewriting code  [D:/Workspace/ITS_STUDY_V35_P2A_DCT2_64/rtl/p2a_dct2_64_p4.sv:185]
WARNING: [Synth 8-7137] Register vec_b_reg[26] in module p2a_dct2_64_p4 has both Set and reset with same priority. This may cause simulation mismatches. Consider rewriting code  [D:/Workspace/ITS_STUDY_V35_P2A_DCT2_64/rtl/p2a_dct2_64_p4.sv:185]
WARNING: [Synth 8-7137] Register vec_b_reg[27] in module p2a_dct2_64_p4 has both Set and reset with same priority. This may cause simulation mismatches. Consider rewriting code  [D:/Workspace/ITS_STUDY_V35_P2A_DCT2_64/rtl/p2a_dct2_64_p4.sv:185]
WARNING: [Synth 8-7137] Register vec_b_reg[28] in module p2a_dct2_64_p4 has both Set and reset with same priority. This may cause simulation mismatches. Consider rewriting code  [D:/Workspace/ITS_STUDY_V35_P2A_DCT2_64/rtl/p2a_dct2_64_p4.sv:185]
WARNING: [Synth 8-7137] Register vec_b_reg[29] in module p2a_dct2_64_p4 has both Set and reset with same priority. This may cause simulation mismatches. Consider rewriting code  [D:/Workspace/ITS_STUDY_V35_P2A_DCT2_64/rtl/p2a_dct2_64_p4.sv:185]
WARNING: [Synth 8-7137] Register vec_b_reg[30] in module p2a_dct2_64_p4 has both Set and reset with same priority. This may cause simulation mismatches. Consider rewriting code  [D:/Workspace/ITS_STUDY_V35_P2A_DCT2_64/rtl/p2a_dct2_64_p4.sv:185]
WARNING: [Synth 8-7137] Register vec_b_reg[31] in module p2a_dct2_64_p4 has both Set and reset with same priority. This may cause simulation mismatches. Consider rewriting code  [D:/Workspace/ITS_STUDY_V35_P2A_DCT2_64/rtl/p2a_dct2_64_p4.sv:185]
WARNING: [Synth 8-7137] Register vec_b_reg[32] in module p2a_dct2_64_p4 has both Set and reset with same priority. This may cause simulation mismatches. Consider rewriting code  [D:/Workspace/ITS_STUDY_V35_P2A_DCT2_64/rtl/p2a_dct2_64_p4.sv:185]
WARNING: [Synth 8-7137] Register vec_b_reg[33] in module p2a_dct2_64_p4 has both Set and reset with same priority. This may cause simulation mismatches. Consider rewriting code  [D:/Workspace/ITS_STUDY_V35_P2A_DCT2_64/rtl/p2a_dct2_64_p4.sv:185]
WARNING: [Synth 8-7137] Register vec_b_reg[34] in module p2a_dct2_64_p4 has both Set and reset with same priority. This may cause simulation mismatches. Consider rewriting code  [D:/Workspace/ITS_STUDY_V35_P2A_DCT2_64/rtl/p2a_dct2_64_p4.sv:185]
WARNING: [Synth 8-7137] Register vec_b_reg[35] in module p2a_dct2_64_p4 has both Set and reset with same priority. This may cause simulation mismatches. Consider rewriting code  [D:/Workspace/ITS_STUDY_V35_P2A_DCT2_64/rtl/p2a_dct2_64_p4.sv:185]
INFO: [Common 17-14] Message 'Synth 8-7137' appears 100 times and further instances of the messages will be disabled. Use the Tcl command set_msg_config to change the current settings.
WARNING: [Synth 8-4767] Trying to implement RAM 'fifo_group_reg' in registers. Block RAM or DRAM implementation is not possible; see log for reasons. [D:/Workspace/ITS_STUDY_V35_P2A_DCT2_64/rtl/p2a_dct2_64_p4.sv:395]
Reason is one or more of the following :
	1: RAM is sensitive to asynchronous reset signal. this RTL style is not supported. 
WARNING: [Synth 8-4767] Trying to implement RAM 'fifo_id_reg' in registers. Block RAM or DRAM implementation is not possible; see log for reasons. [D:/Workspace/ITS_STUDY_V35_P2A_DCT2_64/rtl/p2a_dct2_64_p4.sv:396]
Reason is one or more of the following :
	1: RAM is sensitive to asynchronous reset signal. this RTL style is not supported. 
WARNING: [Synth 8-4767] Trying to implement RAM 'fifo_first_reg' in registers. Block RAM or DRAM implementation is not possible; see log for reasons. [D:/Workspace/ITS_STUDY_V35_P2A_DCT2_64/rtl/p2a_dct2_64_p4.sv:397]
Reason is one or more of the following :
	1: RAM is sensitive to asynchronous reset signal. this RTL style is not supported. 
WARNING: [Synth 8-4767] Trying to implement RAM 'fifo_last_reg' in registers. Block RAM or DRAM implementation is not possible; see log for reasons. [D:/Workspace/ITS_STUDY_V35_P2A_DCT2_64/rtl/p2a_dct2_64_p4.sv:398]
Reason is one or more of the following :
	1: RAM is sensitive to asynchronous reset signal. this RTL style is not supported. 
---------------------------------------------------------------------------------
Finished Synthesize : Time (s): cpu = 00:00:07 ; elapsed = 00:00:08 . Memory (MB): peak = 1551.312 ; gain = 976.504
---------------------------------------------------------------------------------
---------------------------------------------------------------------------------
Finished Constraint Validation : Time (s): cpu = 00:00:09 ; elapsed = 00:00:10 . Memory (MB): peak = 1551.312 ; gain = 976.504
---------------------------------------------------------------------------------
---------------------------------------------------------------------------------
Start Loading Part and Timing Information
---------------------------------------------------------------------------------
Loading part: xcku5p-ffvb676-2-e
INFO: [Synth 8-6742] Reading net delay rules and data
INFO: [Device 21-403] Loading part xcku5p-ffvb676-2-e
---------------------------------------------------------------------------------
Finished Loading Part and Timing Information : Time (s): cpu = 00:00:09 ; elapsed = 00:00:10 . Memory (MB): peak = 1551.312 ; gain = 976.504
---------------------------------------------------------------------------------
---------------------------------------------------------------------------------
Finished RTL Optimization Phase 2 : Time (s): cpu = 00:00:22 ; elapsed = 00:00:20 . Memory (MB): peak = 2357.633 ; gain = 1782.824
---------------------------------------------------------------------------------
No constraint files found.
---------------------------------------------------------------------------------
Start RTL Component Statistics 
---------------------------------------------------------------------------------
Detailed RTL Component Info : 
+---Adders : 
	   2 Input   41 Bit       Adders := 4     
	   2 Input   40 Bit       Adders := 252   
	   3 Input   32 Bit       Adders := 1     
	   2 Input    6 Bit       Adders := 2     
	   2 Input    5 Bit       Adders := 2     
	   2 Input    4 Bit       Adders := 2     
+---Registers : 
	               41 Bit    Registers := 8     
	               40 Bit    Registers := 252   
	               32 Bit    Registers := 302   
	               16 Bit    Registers := 260   
	                9 Bit    Registers := 1     
	                6 Bit    Registers := 2     
	                5 Bit    Registers := 2     
	                4 Bit    Registers := 44    
	                1 Bit    Registers := 71    
+---Muxes : 
	   2 Input   32 Bit        Muxes := 3     
	   2 Input   16 Bit        Muxes := 64    
	   4 Input    6 Bit        Muxes := 1     
	   2 Input    4 Bit        Muxes := 3     
	   3 Input    2 Bit        Muxes := 1     
	   2 Input    1 Bit        Muxes := 91    
	   4 Input    1 Bit        Muxes := 1     
	   3 Input    1 Bit        Muxes := 1     
---------------------------------------------------------------------------------
Finished RTL Component Statistics 
---------------------------------------------------------------------------------
---------------------------------------------------------------------------------
Start Part Resource Summary
---------------------------------------------------------------------------------
Part Resources:
DSPs: 1824 (col length:96)
BRAMs: 960 (col length: RAMB18 96 RAMB36 48)
---------------------------------------------------------------------------------
Finished Part Resource Summary
---------------------------------------------------------------------------------
No constraint files found.
---------------------------------------------------------------------------------
Start Cross Boundary and Area Optimization
---------------------------------------------------------------------------------
DSP Report: Generating DSP prod_r_reg[0][19]0, operation Mode is: A*B.
DSP Report: operator prod_r_reg[0][19]0 is absorbed into DSP prod_r_reg[0][19]0.
DSP Report: Generating DSP prod_r_reg[0][18]0, operation Mode is: A*B.
DSP Report: operator prod_r_reg[0][18]0 is absorbed into DSP prod_r_reg[0][18]0.
DSP Report: Generating DSP prod_r_reg[0][17]0, operation Mode is: A*B.
DSP Report: operator prod_r_reg[0][17]0 is absorbed into DSP prod_r_reg[0][17]0.
DSP Report: Generating DSP prod_r_reg[0][16]0, operation Mode is: A*B.
DSP Report: operator prod_r_reg[0][16]0 is absorbed into DSP prod_r_reg[0][16]0.
DSP Report: Generating DSP prod_r_reg[1][61]0, operation Mode is: A*B.
DSP Report: operator prod_r_reg[1][61]0 is absorbed into DSP prod_r_reg[1][61]0.
DSP Report: Generating DSP prod_r_reg[1][60]0, operation Mode is: A*B.
DSP Report: operator prod_r_reg[1][60]0 is absorbed into DSP prod_r_reg[1][60]0.
DSP Report: Generating DSP prod_r_reg[2][0]0, operation Mode is: A*B.
DSP Report: operator prod_r_reg[2][0]0 is absorbed into DSP prod_r_reg[2][0]0.
DSP Report: Generating DSP prod_r_reg[3][61]0, operation Mode is: A*B.
DSP Report: operator prod_r_reg[3][61]0 is absorbed into DSP prod_r_reg[3][61]0.
DSP Report: Generating DSP prod_r_reg[3][60]0, operation Mode is: A*B.
DSP Report: operator prod_r_reg[3][60]0 is absorbed into DSP prod_r_reg[3][60]0.
DSP Report: Generating DSP prod_r_reg[2][61]0, operation Mode is: A*B.
DSP Report: operator prod_r_reg[2][61]0 is absorbed into DSP prod_r_reg[2][61]0.
DSP Report: Generating DSP prod_r_reg[2][60]0, operation Mode is: A*B.
DSP Report: operator prod_r_reg[2][60]0 is absorbed into DSP prod_r_reg[2][60]0.
DSP Report: Generating DSP prod_r_reg[2][51]0, operation Mode is: A*B.
DSP Report: operator prod_r_reg[2][51]0 is absorbed into DSP prod_r_reg[2][51]0.
DSP Report: Generating DSP prod_r_reg[2][50]0, operation Mode is: A*B.
DSP Report: operator prod_r_reg[2][50]0 is absorbed into DSP prod_r_reg[2][50]0.
DSP Report: Generating DSP prod_r_reg[0][51]0, operation Mode is: A*B.
DSP Report: operator prod_r_reg[0][51]0 is absorbed into DSP prod_r_reg[0][51]0.
DSP Report: Generating DSP prod_r_reg[0][50]0, operation Mode is: A*B.
DSP Report: operator prod_r_reg[0][50]0 is absorbed into DSP prod_r_reg[0][50]0.
DSP Report: Generating DSP prod_r_reg[0][61]0, operation Mode is: A*B.
DSP Report: operator prod_r_reg[0][61]0 is absorbed into DSP prod_r_reg[0][61]0.
DSP Report: Generating DSP prod_r_reg[0][60]0, operation Mode is: A*B.
DSP Report: operator prod_r_reg[0][60]0 is absorbed into DSP prod_r_reg[0][60]0.
DSP Report: Generating DSP prod_r_reg[1][51]0, operation Mode is: A*B.
DSP Report: operator prod_r_reg[1][51]0 is absorbed into DSP prod_r_reg[1][51]0.
DSP Report: Generating DSP prod_r_reg[1][50]0, operation Mode is: A*B.
DSP Report: operator prod_r_reg[1][50]0 is absorbed into DSP prod_r_reg[1][50]0.
DSP Report: Generating DSP prod_r_reg[2][63]0, operation Mode is: A*B.
DSP Report: operator prod_r_reg[2][63]0 is absorbed into DSP prod_r_reg[2][63]0.
DSP Report: Generating DSP prod_r_reg[2][62]0, operation Mode is: A*B.
DSP Report: operator prod_r_reg[2][62]0 is absorbed into DSP prod_r_reg[2][62]0.
DSP Report: Generating DSP prod_r_reg[2][49]0, operation Mode is: A*B.
DSP Report: operator prod_r_reg[2][49]0 is absorbed into DSP prod_r_reg[2][49]0.
DSP Report: Generating DSP prod_r_reg[2][48]0, operation Mode is: A*B.
DSP Report: operator prod_r_reg[2][48]0 is absorbed into DSP prod_r_reg[2][48]0.
DSP Report: Generating DSP prod_r_reg[3][43]0, operation Mode is: A*B.
DSP Report: operator prod_r_reg[3][43]0 is absorbed into DSP prod_r_reg[3][43]0.
DSP Report: Generating DSP prod_r_reg[3][42]0, operation Mode is: A*B.
DSP Report: operator prod_r_reg[3][42]0 is absorbed into DSP prod_r_reg[3][42]0.
DSP Report: Generating DSP prod_r_reg[3][41]0, operation Mode is: A*B.
DSP Report: operator prod_r_reg[3][41]0 is absorbed into DSP prod_r_reg[3][41]0.
DSP Report: Generating DSP prod_r_reg[3][40]0, operation Mode is: A*B.
DSP Report: operator prod_r_reg[3][40]0 is absorbed into DSP prod_r_reg[3][40]0.
DSP Report: Generating DSP prod_r_reg[0][63]0, operation Mode is: A*B.
DSP Report: operator prod_r_reg[0][63]0 is absorbed into DSP prod_r_reg[0][63]0.
DSP Report: Generating DSP prod_r_reg[0][62]0, operation Mode is: A*B.
DSP Report: operator prod_r_reg[0][62]0 is absorbed into DSP prod_r_reg[0][62]0.
DSP Report: Generating DSP prod_r_reg[0][49]0, operation Mode is: A*B.
DSP Report: operator prod_r_reg[0][49]0 is absorbed into DSP prod_r_reg[0][49]0.
DSP Report: Generating DSP prod_r_reg[0][48]0, operation Mode is: A*B.
DSP Report: operator prod_r_reg[0][48]0 is absorbed into DSP prod_r_reg[0][48]0.
DSP Report: Generating DSP prod_r_reg[0][41]0, operation Mode is: A*B.
DSP Report: operator prod_r_reg[0][41]0 is absorbed into DSP prod_r_reg[0][41]0.
DSP Report: Generating DSP prod_r_reg[0][40]0, operation Mode is: A*B.
DSP Report: operator prod_r_reg[0][40]0 is absorbed into DSP prod_r_reg[0][40]0.
DSP Report: Generating DSP prod_r_reg[1][43]0, operation Mode is: A*B.
DSP Report: operator prod_r_reg[1][43]0 is absorbed into DSP prod_r_reg[1][43]0.
DSP Report: Generating DSP prod_r_reg[1][42]0, operation Mode is: A*B.
DSP Report: operator prod_r_reg[1][42]0 is absorbed into DSP prod_r_reg[1][42]0.
DSP Report: Generating DSP prod_r_reg[1][41]0, operation Mode is: A*B.
DSP Report: operator prod_r_reg[1][41]0 is absorbed into DSP prod_r_reg[1][41]0.
DSP Report: Generating DSP prod_r_reg[1][40]0, operation Mode is: A*B.
DSP Report: operator prod_r_reg[1][40]0 is absorbed into DSP prod_r_reg[1][40]0.
