Copyright 1986-2022 Xilinx, Inc. All Rights Reserved. Copyright 2022-2025 Advanced Micro Devices, Inc. All Rights Reserved.
---------------------------------------------------------------------------------------------------------------------------------------------------------------------------------------------
| Tool Version      : Vivado v.2025.2 (win64) Build 6299465 Fri Nov 14 19:35:11 GMT 2025
| Date              : Sun Sep  6 15:31:31 2026
| Host              : Finesse running 64-bit major release  (build 9200)
| Command           : report_timing_summary -delay_type min -max_paths 20 -file D:/Workspace/ITS_STUDY_V35_P2F_B2_R1/03_verification/vivado/reports/report_timing_hold_summary_postroute.rpt
| Design            : p2f_dct2_64_b1_step102
| Device            : xcku5p-ffvb676
| Speed File        : -2  PRODUCTION 1.29 05-01-2022
| Design State      : Routed
| Temperature Grade : E
---------------------------------------------------------------------------------------------------------------------------------------------------------------------------------------------

Timing Summary Report

------------------------------------------------------------------------------------------------
| Timer Settings
| --------------
------------------------------------------------------------------------------------------------

  Enable Multi Corner Analysis               :  Yes
  Enable Pessimism Removal                   :  Yes
  Pessimism Removal Resolution               :  Nearest Common Node
  Enable Input Delay Default Clock           :  No
  Enable Preset / Clear Arcs                 :  No
  Disable Flight Delays                      :  No
  Ignore I/O Paths                           :  No
  Timing Early Launch at Borrowing Latches   :  No
  Borrow Time for Max Delay Exceptions       :  Yes
  Merge Timing Exceptions                    :  Yes
  Inter-SLR Compensation                     :  Conservative

  Corner  Analyze    Analyze    
  Name    Max Paths  Min Paths  
  ------  ---------  ---------  
  Slow    Yes        Yes        
  Fast    Yes        Yes        


------------------------------------------------------------------------------------------------
| Report Methodology
| ------------------
------------------------------------------------------------------------------------------------

No report available as report_methodology has not been run prior. Run report_methodology on the current design for the summary of methodology violations.



check_timing report

Table of Contents
-----------------
1. checking no_clock (0)
2. checking constant_clock (0)
3. checking pulse_width_clock (0)
4. checking unconstrained_internal_endpoints (0)
5. checking no_input_delay (1042)
6. checking no_output_delay (126)
7. checking multiple_clock (0)
8. checking generated_clocks (0)
9. checking loops (0)
10. checking partial_input_delay (0)
11. checking partial_output_delay (0)
12. checking latch_loops (0)

1. checking no_clock (0)
------------------------
 There are 0 register/latch pins with no clock.


2. checking constant_clock (0)
------------------------------
 There are 0 register/latch pins with constant_clock.


3. checking pulse_width_clock (0)
---------------------------------
 There are 0 register/latch pins which need pulse_width check


4. checking unconstrained_internal_endpoints (0)
------------------------------------------------
 There are 0 pins that are not constrained for maximum delay.

 There are 0 pins that are not constrained for maximum delay due to constant clock.


5. checking no_input_delay (1042)
---------------------------------
 There are 1042 input ports with no input delay specified. (HIGH)

 There are 0 input ports with no input delay but user has a false path constraint.


6. checking no_output_delay (126)
---------------------------------
 There are 126 ports with no output delay specified. (HIGH)

 There are 0 ports with no output delay but user has a false path constraint

 There are 0 ports with no output delay but with a timing clock defined on it or propagating through it


7. checking multiple_clock (0)
------------------------------
 There are 0 register/latch pins with multiple clocks.


8. checking generated_clocks (0)
--------------------------------
 There are 0 generated clocks that are not connected to a clock source.


9. checking loops (0)
---------------------
 There are 0 combinational loops in the design.


10. checking partial_input_delay (0)
------------------------------------
 There are 0 input ports with partial input delay specified.


11. checking partial_output_delay (0)
-------------------------------------
 There are 0 ports with partial output delay specified.


12. checking latch_loops (0)
----------------------------
 There are 0 combinational latch loops in the design through latch input



------------------------------------------------------------------------------------------------
| Design Timing Summary
| ---------------------
------------------------------------------------------------------------------------------------

    WHS(ns)      THS(ns)  THS Failing Endpoints  THS Total Endpoints     WPWS(ns)     TPWS(ns)  TPWS Failing Endpoints  TPWS Total Endpoints  
    -------      -------  ---------------------  -------------------     --------     --------  ----------------------  --------------------  
      0.042        0.000                      0                33652        0.725        0.000                       0                 22812  


All user specified timing constraints are met.


------------------------------------------------------------------------------------------------
| Clock Summary
| -------------
------------------------------------------------------------------------------------------------

Clock  Waveform(ns)         Period(ns)      Frequency(MHz)
-----  ------------         ----------      --------------
clk    {0.000 1.000}        2.000           500.000         


------------------------------------------------------------------------------------------------
| Intra Clock Table
| -----------------
------------------------------------------------------------------------------------------------

Clock             WHS(ns)      THS(ns)  THS Failing Endpoints  THS Total Endpoints     WPWS(ns)     TPWS(ns)  TPWS Failing Endpoints  TPWS Total Endpoints  
-----             -------      -------  ---------------------  -------------------     --------     --------  ----------------------  --------------------  
clk                 0.042        0.000                      0                33652        0.725        0.000                       0                 22812  


------------------------------------------------------------------------------------------------
| Inter Clock Table
| -----------------
------------------------------------------------------------------------------------------------

From Clock    To Clock          WHS(ns)      THS(ns)  THS Failing Endpoints  THS Total Endpoints  
----------    --------          -------      -------  ---------------------  -------------------  


------------------------------------------------------------------------------------------------
| Other Path Groups Table
| -----------------------
------------------------------------------------------------------------------------------------

Path Group    From Clock    To Clock          WHS(ns)      THS(ns)  THS Failing Endpoints  THS Total Endpoints  
----------    ----------    --------          -------      -------  ---------------------  -------------------  


------------------------------------------------------------------------------------------------
| Timing Details
| --------------
------------------------------------------------------------------------------------------------


---------------------------------------------------------------------------------------------------
From Clock:  clk
  To Clock:  clk

Setup :           NA  Failing Endpoints,  Worst Slack           NA  ,  Total Violation           NA
Hold  :            0  Failing Endpoints,  Worst Slack        0.042ns,  Total Violation        0.000ns
PW    :            0  Failing Endpoints,  Worst Slack        0.725ns,  Total Violation        0.000ns
---------------------------------------------------------------------------------------------------


Min Delay Paths
--------------------------------------------------------------------------------------
Slack (MET) :             0.042ns  (arrival time - required time)
  Source:                 red_s1_vector_reg[28][0]/C
                            (rising edge-triggered cell FDCE clocked by clk  {rise@0.000ns fall@1.000ns period=2.000ns})
  Destination:            red_s1_vector_reg[28][0]/D
                            (rising edge-triggered cell FDCE clocked by clk  {rise@0.000ns fall@1.000ns period=2.000ns})
  Path Group:             clk
  Path Type:              Hold (Min at Fast Process Corner)
  Requirement:            0.000ns  (clk rise@0.000ns - clk rise@0.000ns)
  Data Path Delay:        0.094ns  (logic 0.053ns (56.474%)  route 0.041ns (43.526%))
  Logic Levels:           1  (LUT5=1)
  Clock Path Skew:        0.006ns (DCD - SCD - CPR)
    Destination Clock Delay (DCD):    0.018ns
    Source Clock Delay      (SCD):    0.012ns
    Clock Pessimism Removal (CPR):    -0.000ns

    Location             Delay type                Incr(ns)  Path(ns)    Netlist Resource(s)
  -------------------------------------------------------------------    -------------------
                         (clock clk rise edge)        0.000     0.000 r  
                                                      0.000     0.000 r  clk (IN)
                         net (fo=22811, unset)        0.012     0.012    clk
    SLICE_X73Y91         FDCE                                         r  red_s1_vector_reg[28][0]/C
  -------------------------------------------------------------------    -------------------
    SLICE_X73Y91         FDCE (Prop_DFF_SLICEL_C_Q)
                                                      0.039     0.051 r  red_s1_vector_reg[28][0]/Q
                         net (fo=2, routed)           0.025     0.076    red_s1_vector_reg[28][0]
    SLICE_X73Y91         LUT5 (Prop_D6LUT_SLICEL_I4_O)
                                                      0.014     0.090 r  red_s1_vector[28][0]_i_1/O
                         net (fo=1, routed)           0.016     0.106    red_s1_vector[28][0]_i_1_n_0
    SLICE_X73Y91         FDCE                                         r  red_s1_vector_reg[28][0]/D
  -------------------------------------------------------------------    -------------------

                         (clock clk rise edge)        0.000     0.000 r  
                                                      0.000     0.000 r  clk (IN)
                         net (fo=22811, unset)        0.018     0.018    clk
    SLICE_X73Y91         FDCE                                         r  red_s1_vector_reg[28][0]/C
                         clock pessimism              0.000     0.018    
    SLICE_X73Y91         FDCE (Hold_DFF_SLICEL_C_D)
                                                      0.046     0.064    red_s1_vector_reg[28][0]
  -------------------------------------------------------------------
                         required time                         -0.064    
                         arrival time                           0.106    
  -------------------------------------------------------------------
                         slack                                  0.042    

Slack (MET) :             0.042ns  (arrival time - required time)
  Source:                 result_ready_reg[2]/C
                            (rising edge-triggered cell FDCE clocked by clk  {rise@0.000ns fall@1.000ns period=2.000ns})
  Destination:            result_ready_reg[2]/D
                            (rising edge-triggered cell FDCE clocked by clk  {rise@0.000ns fall@1.000ns period=2.000ns})
  Path Group:             clk
  Path Type:              Hold (Min at Fast Process Corner)
  Requirement:            0.000ns  (clk rise@0.000ns - clk rise@0.000ns)
  Data Path Delay:        0.094ns  (logic 0.054ns (57.540%)  route 0.040ns (42.460%))
  Logic Levels:           1  (LUT6=1)
  Clock Path Skew:        0.006ns (DCD - SCD - CPR)
    Destination Clock Delay (DCD):    0.018ns
    Source Clock Delay      (SCD):    0.012ns
    Clock Pessimism Removal (CPR):    -0.000ns

    Location             Delay type                Incr(ns)  Path(ns)    Netlist Resource(s)
  -------------------------------------------------------------------    -------------------
                         (clock clk rise edge)        0.000     0.000 r  
                                                      0.000     0.000 r  clk (IN)
                         net (fo=22811, unset)        0.012     0.012    clk
    SLICE_X73Y179        FDCE                                         r  result_ready_reg[2]/C
  -------------------------------------------------------------------    -------------------
    SLICE_X73Y179        FDCE (Prop_BFF_SLICEL_C_Q)
                                                      0.039     0.051 r  result_ready_reg[2]/Q
                         net (fo=2, routed)           0.025     0.076    result_ready_reg[2]__0
    SLICE_X73Y179        LUT6 (Prop_B6LUT_SLICEL_I5_O)
                                                      0.015     0.091 r  result_ready[2]_i_1/O
                         net (fo=1, routed)           0.015     0.106    result_ready[2]_i_1_n_0
    SLICE_X73Y179        FDCE                                         r  result_ready_reg[2]/D
  -------------------------------------------------------------------    -------------------

                         (clock clk rise edge)        0.000     0.000 r  
                                                      0.000     0.000 r  clk (IN)
                         net (fo=22811, unset)        0.018     0.018    clk
    SLICE_X73Y179        FDCE                                         r  result_ready_reg[2]/C
                         clock pessimism              0.000     0.018    
    SLICE_X73Y179        FDCE (Hold_BFF_SLICEL_C_D)
                                                      0.046     0.064    result_ready_reg[2]
  -------------------------------------------------------------------
                         required time                         -0.064    
                         arrival time                           0.106    
  -------------------------------------------------------------------
                         slack                                  0.042    

Slack (MET) :             0.042ns  (arrival time - required time)
  Source:                 red_s0_vector_reg[62][0]/C
                            (rising edge-triggered cell FDCE clocked by clk  {rise@0.000ns fall@1.000ns period=2.000ns})
  Destination:            red_s0_vector_reg[62][0]/D
                            (rising edge-triggered cell FDCE clocked by clk  {rise@0.000ns fall@1.000ns period=2.000ns})
  Path Group:             clk
  Path Type:              Hold (Min at Fast Process Corner)
  Requirement:            0.000ns  (clk rise@0.000ns - clk rise@0.000ns)
  Data Path Delay:        0.094ns  (logic 0.053ns (56.327%)  route 0.041ns (43.673%))
  Logic Levels:           1  (LUT5=1)
  Clock Path Skew:        0.006ns (DCD - SCD - CPR)
    Destination Clock Delay (DCD):    0.018ns
    Source Clock Delay      (SCD):    0.012ns
    Clock Pessimism Removal (CPR):    -0.000ns

    Location             Delay type                Incr(ns)  Path(ns)    Netlist Resource(s)
  -------------------------------------------------------------------    -------------------
                         (clock clk rise edge)        0.000     0.000 r  
                                                      0.000     0.000 r  clk (IN)
                         net (fo=22811, unset)        0.012     0.012    clk
    SLICE_X69Y87         FDCE                                         r  red_s0_vector_reg[62][0]/C
  -------------------------------------------------------------------    -------------------
    SLICE_X69Y87         FDCE (Prop_DFF_SLICEL_C_Q)
                                                      0.039     0.051 r  red_s0_vector_reg[62][0]/Q
                         net (fo=2, routed)           0.025     0.076    red_s0_vector_reg[62][0]
    SLICE_X69Y87         LUT5 (Prop_D6LUT_SLICEL_I4_O)
                                                      0.014     0.090 r  red_s0_vector[62][0]_i_1/O
                         net (fo=1, routed)           0.016     0.106    red_s0_vector[62][0]_i_1_n_0
    SLICE_X69Y87         FDCE                                         r  red_s0_vector_reg[62][0]/D
  -------------------------------------------------------------------    -------------------

                         (clock clk rise edge)        0.000     0.000 r  
                                                      0.000     0.000 r  clk (IN)
                         net (fo=22811, unset)        0.018     0.018    clk
    SLICE_X69Y87         FDCE                                         r  red_s0_vector_reg[62][0]/C
                         clock pessimism              0.000     0.018    
    SLICE_X69Y87         FDCE (Hold_DFF_SLICEL_C_D)
                                                      0.046     0.064    red_s0_vector_reg[62][0]
  -------------------------------------------------------------------
                         required time                         -0.064    
                         arrival time                           0.106    
  -------------------------------------------------------------------
                         slack                                  0.042    

Slack (MET) :             0.043ns  (arrival time - required time)
  Source:                 sched_coeff_reg_reg[114][7]/C
                            (rising edge-triggered cell FDCE clocked by clk  {rise@0.000ns fall@1.000ns period=2.000ns})
  Destination:            operand_coeff_reg_reg[114][7]/D
                            (rising edge-triggered cell FDCE clocked by clk  {rise@0.000ns fall@1.000ns period=2.000ns})
  Path Group:             clk
  Path Type:              Hold (Min at Fast Process Corner)
  Requirement:            0.000ns  (clk rise@0.000ns - clk rise@0.000ns)
  Data Path Delay:        0.097ns  (logic 0.039ns (40.206%)  route 0.058ns (59.794%))
  Logic Levels:           0  
  Clock Path Skew:        0.007ns (DCD - SCD - CPR)
    Destination Clock Delay (DCD):    0.019ns
    Source Clock Delay      (SCD):    0.012ns
    Clock Pessimism Removal (CPR):    -0.000ns

    Location             Delay type                Incr(ns)  Path(ns)    Netlist Resource(s)
  -------------------------------------------------------------------    -------------------
                         (clock clk rise edge)        0.000     0.000 r  
                                                      0.000     0.000 r  clk (IN)
                         net (fo=22811, unset)        0.012     0.012    clk
    SLICE_X88Y57         FDCE                                         r  sched_coeff_reg_reg[114][7]/C
  -------------------------------------------------------------------    -------------------
    SLICE_X88Y57         FDCE (Prop_BFF_SLICEL_C_Q)
                                                      0.039     0.051 r  sched_coeff_reg_reg[114][7]/Q
                         net (fo=1, routed)           0.058     0.109    sched_coeff_reg_reg[114][7]
    SLICE_X88Y56         FDCE                                         r  operand_coeff_reg_reg[114][7]/D
  -------------------------------------------------------------------    -------------------

                         (clock clk rise edge)        0.000     0.000 r  
                                                      0.000     0.000 r  clk (IN)
                         net (fo=22811, unset)        0.019     0.019    clk
    SLICE_X88Y56         FDCE                                         r  operand_coeff_reg_reg[114][7]/C
                         clock pessimism              0.000     0.019    
    SLICE_X88Y56         FDCE (Hold_EFF2_SLICEL_C_D)
                                                      0.047     0.066    operand_coeff_reg_reg[114][7]
  -------------------------------------------------------------------
                         required time                         -0.066    
                         arrival time                           0.109    
  -------------------------------------------------------------------
                         slack                                  0.043    

Slack (MET) :             0.044ns  (arrival time - required time)
  Source:                 red_s0_vector_reg[10][0]/C
                            (rising edge-triggered cell FDCE clocked by clk  {rise@0.000ns fall@1.000ns period=2.000ns})
  Destination:            red_s0_vector_reg[10][0]/D
                            (rising edge-triggered cell FDCE clocked by clk  {rise@0.000ns fall@1.000ns period=2.000ns})
  Path Group:             clk
  Path Type:              Hold (Min at Fast Process Corner)
  Requirement:            0.000ns  (clk rise@0.000ns - clk rise@0.000ns)
  Data Path Delay:        0.096ns  (logic 0.053ns (55.391%)  route 0.043ns (44.609%))
  Logic Levels:           1  (LUT6=1)
  Clock Path Skew:        0.006ns (DCD - SCD - CPR)
    Destination Clock Delay (DCD):    0.018ns
    Source Clock Delay      (SCD):    0.012ns
    Clock Pessimism Removal (CPR):    -0.000ns

    Location             Delay type                Incr(ns)  Path(ns)    Netlist Resource(s)
  -------------------------------------------------------------------    -------------------
                         (clock clk rise edge)        0.000     0.000 r  
                                                      0.000     0.000 r  clk (IN)
                         net (fo=22811, unset)        0.012     0.012    clk
    SLICE_X65Y88         FDCE                                         r  red_s0_vector_reg[10][0]/C
  -------------------------------------------------------------------    -------------------
    SLICE_X65Y88         FDCE (Prop_DFF_SLICEL_C_Q)
                                                      0.039     0.051 r  red_s0_vector_reg[10][0]/Q
                         net (fo=3, routed)           0.027     0.078    red_s0_vector_reg_n_0_[10][0]
    SLICE_X65Y88         LUT6 (Prop_D6LUT_SLICEL_I5_O)
                                                      0.014     0.092 r  red_s0_vector[10][0]_i_1/O
                         net (fo=1, routed)           0.016     0.108    red_s0_vector[10][0]_i_1_n_0
    SLICE_X65Y88         FDCE                                         r  red_s0_vector_reg[10][0]/D
  -------------------------------------------------------------------    -------------------

                         (clock clk rise edge)        0.000     0.000 r  
                                                      0.000     0.000 r  clk (IN)
                         net (fo=22811, unset)        0.018     0.018    clk
    SLICE_X65Y88         FDCE                                         r  red_s0_vector_reg[10][0]/C
                         clock pessimism              0.000     0.018    
    SLICE_X65Y88         FDCE (Hold_DFF_SLICEL_C_D)
                                                      0.046     0.064    red_s0_vector_reg[10][0]
  -------------------------------------------------------------------
                         required time                         -0.064    
                         arrival time                           0.108    
  -------------------------------------------------------------------
                         slack                                  0.044    

Slack (MET) :             0.044ns  (arrival time - required time)
  Source:                 red_s0_vector_reg[6][0]/C
                            (rising edge-triggered cell FDCE clocked by clk  {rise@0.000ns fall@1.000ns period=2.000ns})
  Destination:            red_s0_vector_reg[6][0]/D
                            (rising edge-triggered cell FDCE clocked by clk  {rise@0.000ns fall@1.000ns period=2.000ns})
  Path Group:             clk
  Path Type:              Hold (Min at Fast Process Corner)
  Requirement:            0.000ns  (clk rise@0.000ns - clk rise@0.000ns)
  Data Path Delay:        0.096ns  (logic 0.054ns (56.436%)  route 0.042ns (43.564%))
  Logic Levels:           1  (LUT6=1)
  Clock Path Skew:        0.006ns (DCD - SCD - CPR)
    Destination Clock Delay (DCD):    0.018ns
    Source Clock Delay      (SCD):    0.012ns
    Clock Pessimism Removal (CPR):    -0.000ns

    Location             Delay type                Incr(ns)  Path(ns)    Netlist Resource(s)
  -------------------------------------------------------------------    -------------------
                         (clock clk rise edge)        0.000     0.000 r  
                                                      0.000     0.000 r  clk (IN)
                         net (fo=22811, unset)        0.012     0.012    clk
    SLICE_X65Y88         FDCE                                         r  red_s0_vector_reg[6][0]/C
  -------------------------------------------------------------------    -------------------
    SLICE_X65Y88         FDCE (Prop_BFF_SLICEL_C_Q)
                                                      0.039     0.051 r  red_s0_vector_reg[6][0]/Q
                         net (fo=5, routed)           0.027     0.078    red_s0_vector_reg_n_0_[6][0]
    SLICE_X65Y88         LUT6 (Prop_B6LUT_SLICEL_I5_O)
                                                      0.015     0.093 r  red_s0_vector[6][0]_i_1/O
                         net (fo=1, routed)           0.015     0.108    red_s0_vector[6][0]_i_1_n_0
    SLICE_X65Y88         FDCE                                         r  red_s0_vector_reg[6][0]/D
  -------------------------------------------------------------------    -------------------

                         (clock clk rise edge)        0.000     0.000 r  
                                                      0.000     0.000 r  clk (IN)
                         net (fo=22811, unset)        0.018     0.018    clk
    SLICE_X65Y88         FDCE                                         r  red_s0_vector_reg[6][0]/C
                         clock pessimism              0.000     0.018    
    SLICE_X65Y88         FDCE (Hold_BFF_SLICEL_C_D)
                                                      0.046     0.064    red_s0_vector_reg[6][0]
  -------------------------------------------------------------------
                         required time                         -0.064    
                         arrival time                           0.108    
  -------------------------------------------------------------------
                         slack                                  0.044    

Slack (MET) :             0.044ns  (arrival time - required time)
  Source:                 result_ready_reg[1]/C
                            (rising edge-triggered cell FDCE clocked by clk  {rise@0.000ns fall@1.000ns period=2.000ns})
  Destination:            result_ready_reg[1]/D
                            (rising edge-triggered cell FDCE clocked by clk  {rise@0.000ns fall@1.000ns period=2.000ns})
  Path Group:             clk
  Path Type:              Hold (Min at Fast Process Corner)
  Requirement:            0.000ns  (clk rise@0.000ns - clk rise@0.000ns)
  Data Path Delay:        0.096ns  (logic 0.053ns (55.296%)  route 0.043ns (44.704%))
  Logic Levels:           1  (LUT6=1)
  Clock Path Skew:        0.006ns (DCD - SCD - CPR)
    Destination Clock Delay (DCD):    0.018ns
    Source Clock Delay      (SCD):    0.012ns
    Clock Pessimism Removal (CPR):    -0.000ns

    Location             Delay type                Incr(ns)  Path(ns)    Netlist Resource(s)
  -------------------------------------------------------------------    -------------------
                         (clock clk rise edge)        0.000     0.000 r  
                                                      0.000     0.000 r  clk (IN)
                         net (fo=22811, unset)        0.012     0.012    clk
    SLICE_X73Y179        FDCE                                         r  result_ready_reg[1]/C
  -------------------------------------------------------------------    -------------------
    SLICE_X73Y179        FDCE (Prop_CFF_SLICEL_C_Q)
                                                      0.039     0.051 r  result_ready_reg[1]/Q
                         net (fo=2, routed)           0.026     0.077    result_ready_reg[1]__0
    SLICE_X73Y179        LUT6 (Prop_C6LUT_SLICEL_I5_O)
                                                      0.014     0.091 r  result_ready[1]_i_1/O
                         net (fo=1, routed)           0.017     0.108    result_ready[1]_i_1_n_0
    SLICE_X73Y179        FDCE                                         r  result_ready_reg[1]/D
  -------------------------------------------------------------------    -------------------

                         (clock clk rise edge)        0.000     0.000 r  
                                                      0.000     0.000 r  clk (IN)
                         net (fo=22811, unset)        0.018     0.018    clk
    SLICE_X73Y179        FDCE                                         r  result_ready_reg[1]/C
                         clock pessimism              0.000     0.018    
    SLICE_X73Y179        FDCE (Hold_CFF_SLICEL_C_D)
                                                      0.046     0.064    result_ready_reg[1]
  -------------------------------------------------------------------
                         required time                         -0.064    
                         arrival time                           0.108    
  -------------------------------------------------------------------
                         slack                                  0.044    

Slack (MET) :             0.046ns  (arrival time - required time)
  Source:                 sched_coeff_reg_reg[53][5]/C
                            (rising edge-triggered cell FDCE clocked by clk  {rise@0.000ns fall@1.000ns period=2.000ns})
  Destination:            operand_coeff_reg_reg[53][5]/D
                            (rising edge-triggered cell FDCE clocked by clk  {rise@0.000ns fall@1.000ns period=2.000ns})
  Path Group:             clk
  Path Type:              Hold (Min at Fast Process Corner)
  Requirement:            0.000ns  (clk rise@0.000ns - clk rise@0.000ns)
  Data Path Delay:        0.099ns  (logic 0.038ns (38.384%)  route 0.061ns (61.616%))
  Logic Levels:           0  
  Clock Path Skew:        0.006ns (DCD - SCD - CPR)
    Destination Clock Delay (DCD):    0.019ns
    Source Clock Delay      (SCD):    0.013ns
    Clock Pessimism Removal (CPR):    -0.000ns

    Location             Delay type                Incr(ns)  Path(ns)    Netlist Resource(s)
  -------------------------------------------------------------------    -------------------
                         (clock clk rise edge)        0.000     0.000 r  
                                                      0.000     0.000 r  clk (IN)
                         net (fo=22811, unset)        0.013     0.013    clk
    SLICE_X75Y58         FDCE                                         r  sched_coeff_reg_reg[53][5]/C
  -------------------------------------------------------------------    -------------------
    SLICE_X75Y58         FDCE (Prop_BFF_SLICEM_C_Q)
                                                      0.038     0.051 r  sched_coeff_reg_reg[53][5]/Q
                         net (fo=1, routed)           0.061     0.112    sched_coeff_reg_reg[53][5]
    SLICE_X75Y58         FDCE                                         r  operand_coeff_reg_reg[53][5]/D
  -------------------------------------------------------------------    -------------------

                         (clock clk rise edge)        0.000     0.000 r  
                                                      0.000     0.000 r  clk (IN)
                         net (fo=22811, unset)        0.019     0.019    clk
    SLICE_X75Y58         FDCE                                         r  operand_coeff_reg_reg[53][5]/C
                         clock pessimism              0.000     0.019    
    SLICE_X75Y58         FDCE (Hold_AFF2_SLICEM_C_D)
                                                      0.047     0.066    operand_coeff_reg_reg[53][5]
  -------------------------------------------------------------------
                         required time                         -0.066    
                         arrival time                           0.112    
  -------------------------------------------------------------------
                         slack                                  0.046    

Slack (MET) :             0.047ns  (arrival time - required time)
  Source:                 sched_coeff_reg_reg[108][7]/C
                            (rising edge-triggered cell FDCE clocked by clk  {rise@0.000ns fall@1.000ns period=2.000ns})
  Destination:            operand_coeff_reg_reg[108][7]/D
                            (rising edge-triggered cell FDCE clocked by clk  {rise@0.000ns fall@1.000ns period=2.000ns})
  Path Group:             clk
  Path Type:              Hold (Min at Fast Process Corner)
  Requirement:            0.000ns  (clk rise@0.000ns - clk rise@0.000ns)
  Data Path Delay:        0.100ns  (logic 0.038ns (38.000%)  route 0.062ns (62.000%))
  Logic Levels:           0  
  Clock Path Skew:        0.006ns (DCD - SCD - CPR)
    Destination Clock Delay (DCD):    0.019ns
    Source Clock Delay      (SCD):    0.013ns
    Clock Pessimism Removal (CPR):    -0.000ns

    Location             Delay type                Incr(ns)  Path(ns)    Netlist Resource(s)
  -------------------------------------------------------------------    -------------------
                         (clock clk rise edge)        0.000     0.000 r  
                                                      0.000     0.000 r  clk (IN)
                         net (fo=22811, unset)        0.013     0.013    clk
    SLICE_X81Y56         FDCE                                         r  sched_coeff_reg_reg[108][7]/C
  -------------------------------------------------------------------    -------------------
    SLICE_X81Y56         FDCE (Prop_AFF_SLICEM_C_Q)
                                                      0.038     0.051 r  sched_coeff_reg_reg[108][7]/Q
                         net (fo=1, routed)           0.062     0.113    sched_coeff_reg_reg[108][7]
    SLICE_X81Y56         FDCE                                         r  operand_coeff_reg_reg[108][7]/D
  -------------------------------------------------------------------    -------------------

                         (clock clk rise edge)        0.000     0.000 r  
                                                      0.000     0.000 r  clk (IN)
                         net (fo=22811, unset)        0.019     0.019    clk
    SLICE_X81Y56         FDCE                                         r  operand_coeff_reg_reg[108][7]/C
                         clock pessimism              0.000     0.019    
    SLICE_X81Y56         FDCE (Hold_EFF2_SLICEM_C_D)
                                                      0.047     0.066    operand_coeff_reg_reg[108][7]
  -------------------------------------------------------------------
                         required time                         -0.066    
                         arrival time                           0.113    
  -------------------------------------------------------------------
                         slack                                  0.047    

Slack (MET) :             0.047ns  (arrival time - required time)
  Source:                 sched_coeff_reg_reg[120][4]/C
                            (rising edge-triggered cell FDCE clocked by clk  {rise@0.000ns fall@1.000ns period=2.000ns})
  Destination:            operand_coeff_reg_reg[120][4]/D
                            (rising edge-triggered cell FDCE clocked by clk  {rise@0.000ns fall@1.000ns period=2.000ns})
  Path Group:             clk
  Path Type:              Hold (Min at Fast Process Corner)
  Requirement:            0.000ns  (clk rise@0.000ns - clk rise@0.000ns)
  Data Path Delay:        0.100ns  (logic 0.038ns (38.000%)  route 0.062ns (62.000%))
  Logic Levels:           0  
  Clock Path Skew:        0.006ns (DCD - SCD - CPR)
    Destination Clock Delay (DCD):    0.019ns
    Source Clock Delay      (SCD):    0.013ns
    Clock Pessimism Removal (CPR):    -0.000ns

    Location             Delay type                Incr(ns)  Path(ns)    Netlist Resource(s)
  -------------------------------------------------------------------    -------------------
                         (clock clk rise edge)        0.000     0.000 r  
                                                      0.000     0.000 r  clk (IN)
                         net (fo=22811, unset)        0.013     0.013    clk
    SLICE_X67Y78         FDCE                                         r  sched_coeff_reg_reg[120][4]/C
  -------------------------------------------------------------------    -------------------
    SLICE_X67Y78         FDCE (Prop_AFF_SLICEM_C_Q)
                                                      0.038     0.051 r  sched_coeff_reg_reg[120][4]/Q
                         net (fo=1, routed)           0.062     0.113    sched_coeff_reg_reg[120][4]
    SLICE_X67Y78         FDCE                                         r  operand_coeff_reg_reg[120][4]/D
  -------------------------------------------------------------------    -------------------

                         (clock clk rise edge)        0.000     0.000 r  
                                                      0.000     0.000 r  clk (IN)
                         net (fo=22811, unset)        0.019     0.019    clk
    SLICE_X67Y78         FDCE                                         r  operand_coeff_reg_reg[120][4]/C
                         clock pessimism              0.000     0.019    
    SLICE_X67Y78         FDCE (Hold_EFF2_SLICEM_C_D)
                                                      0.047     0.066    operand_coeff_reg_reg[120][4]
  -------------------------------------------------------------------
                         required time                         -0.066    
                         arrival time                           0.113    
  -------------------------------------------------------------------
                         slack                                  0.047    

Slack (MET) :             0.047ns  (arrival time - required time)
  Source:                 sched_coeff_reg_reg[125][5]/C
                            (rising edge-triggered cell FDCE clocked by clk  {rise@0.000ns fall@1.000ns period=2.000ns})
  Destination:            operand_coeff_reg_reg[125][5]/D
                            (rising edge-triggered cell FDCE clocked by clk  {rise@0.000ns fall@1.000ns period=2.000ns})
  Path Group:             clk
  Path Type:              Hold (Min at Fast Process Corner)
  Requirement:            0.000ns  (clk rise@0.000ns - clk rise@0.000ns)
  Data Path Delay:        0.100ns  (logic 0.037ns (37.000%)  route 0.063ns (63.000%))
  Logic Levels:           0  
  Clock Path Skew:        0.006ns (DCD - SCD - CPR)
    Destination Clock Delay (DCD):    0.019ns
    Source Clock Delay      (SCD):    0.013ns
    Clock Pessimism Removal (CPR):    -0.000ns

    Location             Delay type                Incr(ns)  Path(ns)    Netlist Resource(s)
  -------------------------------------------------------------------    -------------------
                         (clock clk rise edge)        0.000     0.000 r  
                                                      0.000     0.000 r  clk (IN)
                         net (fo=22811, unset)        0.013     0.013    clk
    SLICE_X61Y64         FDCE                                         r  sched_coeff_reg_reg[125][5]/C
  -------------------------------------------------------------------    -------------------
    SLICE_X61Y64         FDCE (Prop_FFF_SLICEM_C_Q)
                                                      0.037     0.050 r  sched_coeff_reg_reg[125][5]/Q
                         net (fo=1, routed)           0.063     0.113    sched_coeff_reg_reg[125][5]
    SLICE_X61Y65         FDCE                                         r  operand_coeff_reg_reg[125][5]/D
  -------------------------------------------------------------------    -------------------

                         (clock clk rise edge)        0.000     0.000 r  
                                                      0.000     0.000 r  clk (IN)
                         net (fo=22811, unset)        0.019     0.019    clk
    SLICE_X61Y65         FDCE                                         r  operand_coeff_reg_reg[125][5]/C
                         clock pessimism              0.000     0.019    
    SLICE_X61Y65         FDCE (Hold_GFF2_SLICEM_C_D)
                                                      0.047     0.066    operand_coeff_reg_reg[125][5]
  -------------------------------------------------------------------
                         required time                         -0.066    
                         arrival time                           0.113    
  -------------------------------------------------------------------
                         slack                                  0.047    

Slack (MET) :             0.047ns  (arrival time - required time)
  Source:                 sched_coeff_reg_reg[53][7]/C
                            (rising edge-triggered cell FDCE clocked by clk  {rise@0.000ns fall@1.000ns period=2.000ns})
  Destination:            operand_coeff_reg_reg[53][7]/D
                            (rising edge-triggered cell FDCE clocked by clk  {rise@0.000ns fall@1.000ns period=2.000ns})
  Path Group:             clk
  Path Type:              Hold (Min at Fast Process Corner)
  Requirement:            0.000ns  (clk rise@0.000ns - clk rise@0.000ns)
  Data Path Delay:        0.100ns  (logic 0.038ns (38.000%)  route 0.062ns (62.000%))
  Logic Levels:           0  
  Clock Path Skew:        0.006ns (DCD - SCD - CPR)
    Destination Clock Delay (DCD):    0.019ns
    Source Clock Delay      (SCD):    0.013ns
    Clock Pessimism Removal (CPR):    -0.000ns

    Location             Delay type                Incr(ns)  Path(ns)    Netlist Resource(s)
  -------------------------------------------------------------------    -------------------
                         (clock clk rise edge)        0.000     0.000 r  
                                                      0.000     0.000 r  clk (IN)
                         net (fo=22811, unset)        0.013     0.013    clk
    SLICE_X74Y58         FDCE                                         r  sched_coeff_reg_reg[53][7]/C
  -------------------------------------------------------------------    -------------------
    SLICE_X74Y58         FDCE (Prop_CFF_SLICEM_C_Q)
                                                      0.038     0.051 r  sched_coeff_reg_reg[53][7]/Q
                         net (fo=1, routed)           0.062     0.113    sched_coeff_reg_reg[53][7]
    SLICE_X74Y58         FDCE                                         r  operand_coeff_reg_reg[53][7]/D
  -------------------------------------------------------------------    -------------------

                         (clock clk rise edge)        0.000     0.000 r  
                                                      0.000     0.000 r  clk (IN)
                         net (fo=22811, unset)        0.019     0.019    clk
    SLICE_X74Y58         FDCE                                         r  operand_coeff_reg_reg[53][7]/C
                         clock pessimism              0.000     0.019    
    SLICE_X74Y58         FDCE (Hold_AFF2_SLICEM_C_D)
                                                      0.047     0.066    operand_coeff_reg_reg[53][7]
  -------------------------------------------------------------------
                         required time                         -0.066    
                         arrival time                           0.113    
  -------------------------------------------------------------------
                         slack                                  0.047    

Slack (MET) :             0.047ns  (arrival time - required time)
  Source:                 sched_coeff_reg_reg[60][7]/C
                            (rising edge-triggered cell FDCE clocked by clk  {rise@0.000ns fall@1.000ns period=2.000ns})
  Destination:            operand_coeff_reg_reg[60][7]/D
                            (rising edge-triggered cell FDCE clocked by clk  {rise@0.000ns fall@1.000ns period=2.000ns})
  Path Group:             clk
  Path Type:              Hold (Min at Fast Process Corner)
  Requirement:            0.000ns  (clk rise@0.000ns - clk rise@0.000ns)
  Data Path Delay:        0.100ns  (logic 0.038ns (38.000%)  route 0.062ns (62.000%))
  Logic Levels:           0  
  Clock Path Skew:        0.006ns (DCD - SCD - CPR)
    Destination Clock Delay (DCD):    0.019ns
    Source Clock Delay      (SCD):    0.013ns
    Clock Pessimism Removal (CPR):    -0.000ns

    Location             Delay type                Incr(ns)  Path(ns)    Netlist Resource(s)
  -------------------------------------------------------------------    -------------------
                         (clock clk rise edge)        0.000     0.000 r  
                                                      0.000     0.000 r  clk (IN)
                         net (fo=22811, unset)        0.013     0.013    clk
    SLICE_X66Y53         FDCE                                         r  sched_coeff_reg_reg[60][7]/C
  -------------------------------------------------------------------    -------------------
    SLICE_X66Y53         FDCE (Prop_CFF_SLICEM_C_Q)
                                                      0.038     0.051 r  sched_coeff_reg_reg[60][7]/Q
                         net (fo=1, routed)           0.062     0.113    sched_coeff_reg_reg[60][7]
    SLICE_X66Y53         FDCE                                         r  operand_coeff_reg_reg[60][7]/D
  -------------------------------------------------------------------    -------------------

                         (clock clk rise edge)        0.000     0.000 r  
                                                      0.000     0.000 r  clk (IN)
                         net (fo=22811, unset)        0.019     0.019    clk
    SLICE_X66Y53         FDCE                                         r  operand_coeff_reg_reg[60][7]/C
                         clock pessimism              0.000     0.019    
    SLICE_X66Y53         FDCE (Hold_CFF2_SLICEM_C_D)
                                                      0.047     0.066    operand_coeff_reg_reg[60][7]
  -------------------------------------------------------------------
                         required time                         -0.066    
                         arrival time                           0.113    
  -------------------------------------------------------------------
                         slack                                  0.047    

Slack (MET) :             0.047ns  (arrival time - required time)
  Source:                 sched_coeff_reg_reg[96][4]/C
                            (rising edge-triggered cell FDCE clocked by clk  {rise@0.000ns fall@1.000ns period=2.000ns})
  Destination:            operand_coeff_reg_reg[96][4]/D
                            (rising edge-triggered cell FDCE clocked by clk  {rise@0.000ns fall@1.000ns period=2.000ns})
  Path Group:             clk
  Path Type:              Hold (Min at Fast Process Corner)
  Requirement:            0.000ns  (clk rise@0.000ns - clk rise@0.000ns)
  Data Path Delay:        0.100ns  (logic 0.038ns (38.000%)  route 0.062ns (62.000%))
  Logic Levels:           0  
  Clock Path Skew:        0.006ns (DCD - SCD - CPR)
    Destination Clock Delay (DCD):    0.019ns
    Source Clock Delay      (SCD):    0.013ns
    Clock Pessimism Removal (CPR):    -0.000ns

    Location             Delay type                Incr(ns)  Path(ns)    Netlist Resource(s)
  -------------------------------------------------------------------    -------------------
                         (clock clk rise edge)        0.000     0.000 r  
                                                      0.000     0.000 r  clk (IN)
                         net (fo=22811, unset)        0.013     0.013    clk
    SLICE_X93Y67         FDCE                                         r  sched_coeff_reg_reg[96][4]/C
  -------------------------------------------------------------------    -------------------
    SLICE_X93Y67         FDCE (Prop_CFF_SLICEM_C_Q)
                                                      0.038     0.051 r  sched_coeff_reg_reg[96][4]/Q
                         net (fo=1, routed)           0.062     0.113    sched_coeff_reg_reg[96][4]
    SLICE_X93Y66         FDCE                                         r  operand_coeff_reg_reg[96][4]/D
  -------------------------------------------------------------------    -------------------

                         (clock clk rise edge)        0.000     0.000 r  
                                                      0.000     0.000 r  clk (IN)
                         net (fo=22811, unset)        0.019     0.019    clk
    SLICE_X93Y66         FDCE                                         r  operand_coeff_reg_reg[96][4]/C
                         clock pessimism              0.000     0.019    
    SLICE_X93Y66         FDCE (Hold_GFF2_SLICEM_C_D)
                                                      0.047     0.066    operand_coeff_reg_reg[96][4]
  -------------------------------------------------------------------
                         required time                         -0.066    
                         arrival time                           0.113    
  -------------------------------------------------------------------
                         slack                                  0.047    

Slack (MET) :             0.047ns  (arrival time - required time)
  Source:                 sched_coeff_reg_reg[107][6]/C
                            (rising edge-triggered cell FDCE clocked by clk  {rise@0.000ns fall@1.000ns period=2.000ns})
  Destination:            operand_coeff_reg_reg[107][6]/D
                            (rising edge-triggered cell FDCE clocked by clk  {rise@0.000ns fall@1.000ns period=2.000ns})
  Path Group:             clk
  Path Type:              Hold (Min at Fast Process Corner)
  Requirement:            0.000ns  (clk rise@0.000ns - clk rise@0.000ns)
  Data Path Delay:        0.100ns  (logic 0.039ns (39.000%)  route 0.061ns (61.000%))
  Logic Levels:           0  
  Clock Path Skew:        0.006ns (DCD - SCD - CPR)
    Destination Clock Delay (DCD):    0.019ns
    Source Clock Delay      (SCD):    0.013ns
    Clock Pessimism Removal (CPR):    -0.000ns

    Location             Delay type                Incr(ns)  Path(ns)    Netlist Resource(s)
  -------------------------------------------------------------------    -------------------
                         (clock clk rise edge)        0.000     0.000 r  
                                                      0.000     0.000 r  clk (IN)
                         net (fo=22811, unset)        0.013     0.013    clk
    SLICE_X15Y64         FDCE                                         r  sched_coeff_reg_reg[107][6]/C
  -------------------------------------------------------------------    -------------------
    SLICE_X15Y64         FDCE (Prop_GFF_SLICEM_C_Q)
                                                      0.039     0.052 r  sched_coeff_reg_reg[107][6]/Q
                         net (fo=1, routed)           0.061     0.113    sched_coeff_reg_reg[107][6]
    SLICE_X15Y64         FDCE                                         r  operand_coeff_reg_reg[107][6]/D
  -------------------------------------------------------------------    -------------------

                         (clock clk rise edge)        0.000     0.000 r  
                                                      0.000     0.000 r  clk (IN)
                         net (fo=22811, unset)        0.019     0.019    clk
    SLICE_X15Y64         FDCE                                         r  operand_coeff_reg_reg[107][6]/C
                         clock pessimism              0.000     0.019    
    SLICE_X15Y64         FDCE (Hold_AFF2_SLICEM_C_D)
                                                      0.047     0.066    operand_coeff_reg_reg[107][6]
  -------------------------------------------------------------------
                         required time                         -0.066    
                         arrival time                           0.113    
  -------------------------------------------------------------------
                         slack                                  0.047    

Slack (MET) :             0.047ns  (arrival time - required time)
  Source:                 sched_coeff_reg_reg[32][6]/C
                            (rising edge-triggered cell FDCE clocked by clk  {rise@0.000ns fall@1.000ns period=2.000ns})
  Destination:            operand_coeff_reg_reg[32][6]/D
                            (rising edge-triggered cell FDCE clocked by clk  {rise@0.000ns fall@1.000ns period=2.000ns})
  Path Group:             clk
  Path Type:              Hold (Min at Fast Process Corner)
  Requirement:            0.000ns  (clk rise@0.000ns - clk rise@0.000ns)
  Data Path Delay:        0.100ns  (logic 0.039ns (39.000%)  route 0.061ns (61.000%))
  Logic Levels:           0  
  Clock Path Skew:        0.006ns (DCD - SCD - CPR)
    Destination Clock Delay (DCD):    0.019ns
    Source Clock Delay      (SCD):    0.013ns
    Clock Pessimism Removal (CPR):    -0.000ns

    Location             Delay type                Incr(ns)  Path(ns)    Netlist Resource(s)
  -------------------------------------------------------------------    -------------------
                         (clock clk rise edge)        0.000     0.000 r  
                                                      0.000     0.000 r  clk (IN)
                         net (fo=22811, unset)        0.013     0.013    clk
    SLICE_X31Y89         FDCE                                         r  sched_coeff_reg_reg[32][6]/C
  -------------------------------------------------------------------    -------------------
    SLICE_X31Y89         FDCE (Prop_GFF_SLICEM_C_Q)
                                                      0.039     0.052 r  sched_coeff_reg_reg[32][6]/Q
                         net (fo=1, routed)           0.061     0.113    sched_coeff_reg_reg[32][6]
    SLICE_X31Y89         FDCE                                         r  operand_coeff_reg_reg[32][6]/D
  -------------------------------------------------------------------    -------------------

                         (clock clk rise edge)        0.000     0.000 r  
                                                      0.000     0.000 r  clk (IN)
                         net (fo=22811, unset)        0.019     0.019    clk
    SLICE_X31Y89         FDCE                                         r  operand_coeff_reg_reg[32][6]/C
                         clock pessimism              0.000     0.019    
    SLICE_X31Y89         FDCE (Hold_AFF2_SLICEM_C_D)
                                                      0.047     0.066    operand_coeff_reg_reg[32][6]
  -------------------------------------------------------------------
                         required time                         -0.066    
                         arrival time                           0.113    
  -------------------------------------------------------------------
                         slack                                  0.047    

Slack (MET) :             0.047ns  (arrival time - required time)
  Source:                 sched_coeff_reg_reg[40][1]/C
                            (rising edge-triggered cell FDCE clocked by clk  {rise@0.000ns fall@1.000ns period=2.000ns})
  Destination:            operand_coeff_reg_reg[40][1]/D
                            (rising edge-triggered cell FDCE clocked by clk  {rise@0.000ns fall@1.000ns period=2.000ns})
  Path Group:             clk
  Path Type:              Hold (Min at Fast Process Corner)
  Requirement:            0.000ns  (clk rise@0.000ns - clk rise@0.000ns)
  Data Path Delay:        0.100ns  (logic 0.039ns (39.000%)  route 0.061ns (61.000%))
  Logic Levels:           0  
  Clock Path Skew:        0.006ns (DCD - SCD - CPR)
    Destination Clock Delay (DCD):    0.019ns
    Source Clock Delay      (SCD):    0.013ns
    Clock Pessimism Removal (CPR):    -0.000ns

    Location             Delay type                Incr(ns)  Path(ns)    Netlist Resource(s)
  -------------------------------------------------------------------    -------------------
                         (clock clk rise edge)        0.000     0.000 r  
                                                      0.000     0.000 r  clk (IN)
                         net (fo=22811, unset)        0.013     0.013    clk
    SLICE_X20Y85         FDCE                                         r  sched_coeff_reg_reg[40][1]/C
  -------------------------------------------------------------------    -------------------
    SLICE_X20Y85         FDCE (Prop_GFF_SLICEM_C_Q)
                                                      0.039     0.052 r  sched_coeff_reg_reg[40][1]/Q
                         net (fo=1, routed)           0.061     0.113    sched_coeff_reg_reg[40][1]
    SLICE_X20Y85         FDCE                                         r  operand_coeff_reg_reg[40][1]/D
  -------------------------------------------------------------------    -------------------

                         (clock clk rise edge)        0.000     0.000 r  
                                                      0.000     0.000 r  clk (IN)
                         net (fo=22811, unset)        0.019     0.019    clk
    SLICE_X20Y85         FDCE                                         r  operand_coeff_reg_reg[40][1]/C
                         clock pessimism              0.000     0.019    
    SLICE_X20Y85         FDCE (Hold_AFF2_SLICEM_C_D)
                                                      0.047     0.066    operand_coeff_reg_reg[40][1]
  -------------------------------------------------------------------
                         required time                         -0.066    
                         arrival time                           0.113    
  -------------------------------------------------------------------
                         slack                                  0.047    

Slack (MET) :             0.048ns  (arrival time - required time)
  Source:                 red_s0_vector_reg[63][0]/C
                            (rising edge-triggered cell FDCE clocked by clk  {rise@0.000ns fall@1.000ns period=2.000ns})
  Destination:            red_s0_vector_reg[63][0]/D
                            (rising edge-triggered cell FDCE clocked by clk  {rise@0.000ns fall@1.000ns period=2.000ns})
  Path Group:             clk
  Path Type:              Hold (Min at Fast Process Corner)
  Requirement:            0.000ns  (clk rise@0.000ns - clk rise@0.000ns)
  Data Path Delay:        0.100ns  (logic 0.053ns (53.250%)  route 0.047ns (46.750%))
  Logic Levels:           1  (LUT5=1)
  Clock Path Skew:        0.006ns (DCD - SCD - CPR)
    Destination Clock Delay (DCD):    0.018ns
    Source Clock Delay      (SCD):    0.012ns
    Clock Pessimism Removal (CPR):    -0.000ns

    Location             Delay type                Incr(ns)  Path(ns)    Netlist Resource(s)
  -------------------------------------------------------------------    -------------------
                         (clock clk rise edge)        0.000     0.000 r  
                                                      0.000     0.000 r  clk (IN)
                         net (fo=22811, unset)        0.012     0.012    clk
    SLICE_X69Y87         FDCE                                         r  red_s0_vector_reg[63][0]/C
  -------------------------------------------------------------------    -------------------
    SLICE_X69Y87         FDCE (Prop_CFF_SLICEL_C_Q)
                                                      0.039     0.051 r  red_s0_vector_reg[63][0]/Q
                         net (fo=18, routed)          0.030     0.081    red_s0_vector_reg_n_0_[63][0]
    SLICE_X69Y87         LUT5 (Prop_C6LUT_SLICEL_I4_O)
                                                      0.014     0.095 r  red_s0_vector[63][0]_i_1/O
                         net (fo=1, routed)           0.017     0.112    red_s0_vector[63][0]_i_1_n_0
    SLICE_X69Y87         FDCE                                         r  red_s0_vector_reg[63][0]/D
  -------------------------------------------------------------------    -------------------

                         (clock clk rise edge)        0.000     0.000 r  
                                                      0.000     0.000 r  clk (IN)
                         net (fo=22811, unset)        0.018     0.018    clk
    SLICE_X69Y87         FDCE                                         r  red_s0_vector_reg[63][0]/C
                         clock pessimism              0.000     0.018    
    SLICE_X69Y87         FDCE (Hold_CFF_SLICEL_C_D)
                                                      0.046     0.064    red_s0_vector_reg[63][0]
  -------------------------------------------------------------------
                         required time                         -0.064    
                         arrival time                           0.112    
  -------------------------------------------------------------------
                         slack                                  0.048    

Slack (MET) :             0.048ns  (arrival time - required time)
  Source:                 red_s2_vector_reg[6][0]/C
                            (rising edge-triggered cell FDCE clocked by clk  {rise@0.000ns fall@1.000ns period=2.000ns})
  Destination:            red_s2_vector_reg[6][0]/D
                            (rising edge-triggered cell FDCE clocked by clk  {rise@0.000ns fall@1.000ns period=2.000ns})
  Path Group:             clk
  Path Type:              Hold (Min at Fast Process Corner)
  Requirement:            0.000ns  (clk rise@0.000ns - clk rise@0.000ns)
  Data Path Delay:        0.100ns  (logic 0.052ns (52.079%)  route 0.048ns (47.921%))
  Logic Levels:           1  (LUT4=1)
  Clock Path Skew:        0.006ns (DCD - SCD - CPR)
    Destination Clock Delay (DCD):    0.019ns
    Source Clock Delay      (SCD):    0.013ns
    Clock Pessimism Removal (CPR):    -0.000ns

    Location             Delay type                Incr(ns)  Path(ns)    Netlist Resource(s)
  -------------------------------------------------------------------    -------------------
                         (clock clk rise edge)        0.000     0.000 r  
                                                      0.000     0.000 r  clk (IN)
                         net (fo=22811, unset)        0.013     0.013    clk
    SLICE_X62Y109        FDCE                                         r  red_s2_vector_reg[6][0]/C
  -------------------------------------------------------------------    -------------------
    SLICE_X62Y109        FDCE (Prop_BFF_SLICEM_C_Q)
                                                      0.038     0.051 r  red_s2_vector_reg[6][0]/Q
                         net (fo=2, routed)           0.027     0.078    red_s2_vector_reg_n_0_[6][0]
    SLICE_X62Y109        LUT4 (Prop_B6LUT_SLICEM_I3_O)
                                                      0.014     0.092 r  red_s2_vector[6][0]_i_1/O
                         net (fo=1, routed)           0.021     0.113    red_s2_vector[6][0]_i_1_n_0
    SLICE_X62Y109        FDCE                                         r  red_s2_vector_reg[6][0]/D
  -------------------------------------------------------------------    -------------------

                         (clock clk rise edge)        0.000     0.000 r  
                                                      0.000     0.000 r  clk (IN)
                         net (fo=22811, unset)        0.019     0.019    clk
    SLICE_X62Y109        FDCE                                         r  red_s2_vector_reg[6][0]/C
                         clock pessimism              0.000     0.019    
    SLICE_X62Y109        FDCE (Hold_BFF_SLICEM_C_D)
                                                      0.046     0.065    red_s2_vector_reg[6][0]
  -------------------------------------------------------------------
                         required time                         -0.065    
                         arrival time                           0.113    
  -------------------------------------------------------------------
                         slack                                  0.048    

Slack (MET) :             0.048ns  (arrival time - required time)
  Source:                 sched_coeff_reg_reg[0][4]/C
                            (rising edge-triggered cell FDCE clocked by clk  {rise@0.000ns fall@1.000ns period=2.000ns})
  Destination:            operand_coeff_reg_reg[0][4]/D
                            (rising edge-triggered cell FDCE clocked by clk  {rise@0.000ns fall@1.000ns period=2.000ns})
  Path Group:             clk
  Path Type:              Hold (Min at Fast Process Corner)
  Requirement:            0.000ns  (clk rise@0.000ns - clk rise@0.000ns)
  Data Path Delay:        0.101ns  (logic 0.038ns (37.624%)  route 0.063ns (62.376%))
  Logic Levels:           0  
  Clock Path Skew:        0.006ns (DCD - SCD - CPR)
    Destination Clock Delay (DCD):    0.019ns
    Source Clock Delay      (SCD):    0.013ns
    Clock Pessimism Removal (CPR):    -0.000ns

    Location             Delay type                Incr(ns)  Path(ns)    Netlist Resource(s)
  -------------------------------------------------------------------    -------------------
                         (clock clk rise edge)        0.000     0.000 r  
                                                      0.000     0.000 r  clk (IN)
                         net (fo=22811, unset)        0.013     0.013    clk
    SLICE_X49Y115        FDCE                                         r  sched_coeff_reg_reg[0][4]/C
  -------------------------------------------------------------------    -------------------
    SLICE_X49Y115        FDCE (Prop_AFF_SLICEM_C_Q)
                                                      0.038     0.051 r  sched_coeff_reg_reg[0][4]/Q
                         net (fo=1, routed)           0.063     0.114    sched_coeff_reg_reg[0][4]
    SLICE_X49Y115        FDCE                                         r  operand_coeff_reg_reg[0][4]/D
  -------------------------------------------------------------------    -------------------

                         (clock clk rise edge)        0.000     0.000 r  
                                                      0.000     0.000 r  clk (IN)
                         net (fo=22811, unset)        0.019     0.019    clk
    SLICE_X49Y115        FDCE                                         r  operand_coeff_reg_reg[0][4]/C
                         clock pessimism              0.000     0.019    
    SLICE_X49Y115        FDCE (Hold_EFF2_SLICEM_C_D)
                                                      0.047     0.066    operand_coeff_reg_reg[0][4]
  -------------------------------------------------------------------
                         required time                         -0.066    
                         arrival time                           0.114    
  -------------------------------------------------------------------
                         slack                                  0.048    





Pulse Width Checks
--------------------------------------------------------------------------------------
Clock Name:         clk
Waveform(ns):       { 0.000 1.000 }
Period(ns):         2.000
Sources:            { clk }

Check Type        Corner  Lib Pin  Reference Pin  Required(ns)  Actual(ns)  Slack(ns)  Location       Pin
Min Period        n/a     FDCE/C   n/a            0.550         2.000       1.450      SLICE_X66Y132  bf_active_reg/C
Min Period        n/a     FDCE/C   n/a            0.550         2.000       1.450      SLICE_X76Y127  bf_bank_reg/C
Min Period        n/a     FDCE/C   n/a            0.550         2.000       1.450      SLICE_X66Y128  bf_bank_reg_rep/C
Min Period        n/a     FDCE/C   n/a            0.550         2.000       1.450      SLICE_X60Y126  bf_bank_reg_rep__0/C
Min Period        n/a     FDCE/C   n/a            0.550         2.000       1.450      SLICE_X59Y126  bf_bank_reg_rep__1/C
Min Period        n/a     FDCE/C   n/a            0.550         2.000       1.450      SLICE_X60Y126  bf_bank_reg_rep__10/C
Min Period        n/a     FDCE/C   n/a            0.550         2.000       1.450      SLICE_X68Y127  bf_bank_reg_rep__2/C
Min Period        n/a     FDCE/C   n/a            0.550         2.000       1.450      SLICE_X75Y128  bf_bank_reg_rep__3/C
Min Period        n/a     FDCE/C   n/a            0.550         2.000       1.450      SLICE_X62Y110  bf_bank_reg_rep__4/C
Min Period        n/a     FDCE/C   n/a            0.550         2.000       1.450      SLICE_X61Y119  bf_bank_reg_rep__5/C
Min Period        n/a     FDCE/C   n/a            0.550         2.000       1.450      SLICE_X68Y126  bf_bank_reg_rep__6/C
Min Period        n/a     FDCE/C   n/a            0.550         2.000       1.450      SLICE_X63Y115  bf_bank_reg_rep__7/C
Min Period        n/a     FDCE/C   n/a            0.550         2.000       1.450      SLICE_X61Y123  bf_bank_reg_rep__8/C
Min Period        n/a     FDCE/C   n/a            0.550         2.000       1.450      SLICE_X66Y122  bf_bank_reg_rep__9/C
Min Period        n/a     FDCE/C   n/a            0.550         2.000       1.450      SLICE_X67Y123  bf_cycle_reg[0]/C
Min Period        n/a     FDCE/C   n/a            0.550         2.000       1.450      SLICE_X66Y124  bf_cycle_reg[1]/C
Min Period        n/a     FDCE/C   n/a            0.550         2.000       1.450      SLICE_X66Y120  bf_cycle_reg[2]/C
Min Period        n/a     FDCE/C   n/a            0.550         2.000       1.450      SLICE_X67Y123  bf_cycle_reg[3]/C
Min Period        n/a     FDCE/C   n/a            0.550         2.000       1.450      SLICE_X66Y124  bf_cycle_reg[4]/C
Min Period        n/a     FDCE/C   n/a            0.550         2.000       1.450      SLICE_X66Y120  bf_cycle_reg[5]/C
Low Pulse Width   Slow    FDCE/C   n/a            0.275         1.000       0.725      SLICE_X66Y132  bf_active_reg/C
Low Pulse Width   Fast    FDCE/C   n/a            0.275         1.000       0.725      SLICE_X66Y132  bf_active_reg/C
Low Pulse Width   Slow    FDCE/C   n/a            0.275         1.000       0.725      SLICE_X76Y127  bf_bank_reg/C
Low Pulse Width   Fast    FDCE/C   n/a            0.275         1.000       0.725      SLICE_X76Y127  bf_bank_reg/C
Low Pulse Width   Slow    FDCE/C   n/a            0.275         1.000       0.725      SLICE_X66Y128  bf_bank_reg_rep/C
Low Pulse Width   Fast    FDCE/C   n/a            0.275         1.000       0.725      SLICE_X66Y128  bf_bank_reg_rep/C
Low Pulse Width   Slow    FDCE/C   n/a            0.275         1.000       0.725      SLICE_X60Y126  bf_bank_reg_rep__0/C
Low Pulse Width   Fast    FDCE/C   n/a            0.275         1.000       0.725      SLICE_X60Y126  bf_bank_reg_rep__0/C
Low Pulse Width   Slow    FDCE/C   n/a            0.275         1.000       0.725      SLICE_X59Y126  bf_bank_reg_rep__1/C
Low Pulse Width   Fast    FDCE/C   n/a            0.275         1.000       0.725      SLICE_X59Y126  bf_bank_reg_rep__1/C
Low Pulse Width   Slow    FDCE/C   n/a            0.275         1.000       0.725      SLICE_X60Y126  bf_bank_reg_rep__10/C
Low Pulse Width   Fast    FDCE/C   n/a            0.275         1.000       0.725      SLICE_X60Y126  bf_bank_reg_rep__10/C
Low Pulse Width   Slow    FDCE/C   n/a            0.275         1.000       0.725      SLICE_X68Y127  bf_bank_reg_rep__2/C
Low Pulse Width   Fast    FDCE/C   n/a            0.275         1.000       0.725      SLICE_X68Y127  bf_bank_reg_rep__2/C
Low Pulse Width   Slow    FDCE/C   n/a            0.275         1.000       0.725      SLICE_X75Y128  bf_bank_reg_rep__3/C
Low Pulse Width   Fast    FDCE/C   n/a            0.275         1.000       0.725      SLICE_X75Y128  bf_bank_reg_rep__3/C
Low Pulse Width   Slow    FDCE/C   n/a            0.275         1.000       0.725      SLICE_X62Y110  bf_bank_reg_rep__4/C
Low Pulse Width   Fast    FDCE/C   n/a            0.275         1.000       0.725      SLICE_X62Y110  bf_bank_reg_rep__4/C
Low Pulse Width   Slow    FDCE/C   n/a            0.275         1.000       0.725      SLICE_X61Y119  bf_bank_reg_rep__5/C
Low Pulse Width   Fast    FDCE/C   n/a            0.275         1.000       0.725      SLICE_X61Y119  bf_bank_reg_rep__5/C
High Pulse Width  Slow    FDCE/C   n/a            0.275         1.000       0.725      SLICE_X66Y132  bf_active_reg/C
High Pulse Width  Fast    FDCE/C   n/a            0.275         1.000       0.725      SLICE_X66Y132  bf_active_reg/C
High Pulse Width  Slow    FDCE/C   n/a            0.275         1.000       0.725      SLICE_X76Y127  bf_bank_reg/C
High Pulse Width  Fast    FDCE/C   n/a            0.275         1.000       0.725      SLICE_X76Y127  bf_bank_reg/C
High Pulse Width  Slow    FDCE/C   n/a            0.275         1.000       0.725      SLICE_X66Y128  bf_bank_reg_rep/C
High Pulse Width  Fast    FDCE/C   n/a            0.275         1.000       0.725      SLICE_X66Y128  bf_bank_reg_rep/C
High Pulse Width  Slow    FDCE/C   n/a            0.275         1.000       0.725      SLICE_X60Y126  bf_bank_reg_rep__0/C
High Pulse Width  Fast    FDCE/C   n/a            0.275         1.000       0.725      SLICE_X60Y126  bf_bank_reg_rep__0/C
High Pulse Width  Slow    FDCE/C   n/a            0.275         1.000       0.725      SLICE_X59Y126  bf_bank_reg_rep__1/C
High Pulse Width  Fast    FDCE/C   n/a            0.275         1.000       0.725      SLICE_X59Y126  bf_bank_reg_rep__1/C
High Pulse Width  Slow    FDCE/C   n/a            0.275         1.000       0.725      SLICE_X60Y126  bf_bank_reg_rep__10/C
High Pulse Width  Fast    FDCE/C   n/a            0.275         1.000       0.725      SLICE_X60Y126  bf_bank_reg_rep__10/C
High Pulse Width  Slow    FDCE/C   n/a            0.275         1.000       0.725      SLICE_X68Y127  bf_bank_reg_rep__2/C
High Pulse Width  Fast    FDCE/C   n/a            0.275         1.000       0.725      SLICE_X68Y127  bf_bank_reg_rep__2/C
High Pulse Width  Slow    FDCE/C   n/a            0.275         1.000       0.725      SLICE_X75Y128  bf_bank_reg_rep__3/C
High Pulse Width  Fast    FDCE/C   n/a            0.275         1.000       0.725      SLICE_X75Y128  bf_bank_reg_rep__3/C
High Pulse Width  Slow    FDCE/C   n/a            0.275         1.000       0.725      SLICE_X62Y110  bf_bank_reg_rep__4/C
High Pulse Width  Fast    FDCE/C   n/a            0.275         1.000       0.725      SLICE_X62Y110  bf_bank_reg_rep__4/C
High Pulse Width  Slow    FDCE/C   n/a            0.275         1.000       0.725      SLICE_X61Y119  bf_bank_reg_rep__5/C
High Pulse Width  Fast    FDCE/C   n/a            0.275         1.000       0.725      SLICE_X61Y119  bf_bank_reg_rep__5/C



