Reading pref.tcl

# 2020.4

# vsim -c work.step12b_dct2_64_wrapper_tb -do "run -all; quit -f" 
# Start time: 15:07:27 on Sep 13,2026
# ** Note: (vsim-3813) Design is being optimized due to module recompilation...
# //  ModelSim SE-64 2020.4 Oct 13 2020
# //
# //  Copyright 1991-2020 Mentor Graphics Corporation
# //  All Rights Reserved.
# //
# //  ModelSim SE-64 and its associated documentation contain trade
# //  secrets and commercial or financial information that are the property of
# //  Mentor Graphics Corporation and are privileged, confidential,
# //  and exempt from disclosure under the Freedom of Information Act,
# //  5 U.S.C. Section 552. Furthermore, this information
# //  is prohibited from disclosure under the Trade Secrets Act,
# //  18 U.S.C. Section 1905.
# //
# Loading sv_std.std
# Loading work.step12b_dct2_64_wrapper_tb(fast)
# run -all
# WRAP_START t=2105000 phase=1 lc=0 lb=0 readyA=1 readyB=0 since=34
# WRAP_START t=2137000 phase=1 lc=1 lb=1 readyA=0 readyB=1 since=15
# WRAP_START t=2169000 phase=1 lc=2 lb=0 readyA=1 readyB=0 since=15
# WRAP_LAST t=2181000 phase=1 vid=0
# WRAP_START t=2201000 phase=1 lc=3 lb=1 readyA=0 readyB=1 since=15
# WRAP_LAST t=2213000 phase=1 vid=1
# WRAP_START t=2233000 phase=1 lc=4 lb=0 readyA=1 readyB=0 since=15
# WRAP_LAST t=2245000 phase=1 vid=2
# WRAP_START t=2265000 phase=1 lc=5 lb=1 readyA=0 readyB=1 since=15
# WRAP_LAST t=2277000 phase=1 vid=3
# WRAP_START t=2297000 phase=1 lc=6 lb=0 readyA=1 readyB=0 since=15
# WRAP_LAST t=2309000 phase=1 vid=4
# WRAP_START t=2329000 phase=1 lc=7 lb=1 readyA=0 readyB=1 since=15
# WRAP_LAST t=2341000 phase=1 vid=5
# WRAP_START t=2361000 phase=1 lc=8 lb=0 readyA=1 readyB=0 since=15
# WRAP_LAST t=2373000 phase=1 vid=6
# WRAP_START t=2393000 phase=1 lc=9 lb=1 readyA=0 readyB=1 since=15
# WRAP_LAST t=2405000 phase=1 vid=7
# WRAP_START t=2425000 phase=1 lc=10 lb=0 readyA=1 readyB=0 since=15
# WRAP_LAST t=2437000 phase=1 vid=8
# WRAP_START t=2457000 phase=1 lc=11 lb=1 readyA=0 readyB=1 since=15
# WRAP_LAST t=2469000 phase=1 vid=9
# WRAP_START t=2489000 phase=1 lc=12 lb=0 readyA=1 readyB=0 since=15
# WRAP_LAST t=2501000 phase=1 vid=10
# WRAP_START t=2521000 phase=1 lc=13 lb=1 readyA=0 readyB=1 since=15
# WRAP_LAST t=2533000 phase=1 vid=11
# WRAP_START t=2553000 phase=1 lc=14 lb=0 readyA=1 readyB=0 since=15
# WRAP_LAST t=2565000 phase=1 vid=12
# WRAP_START t=2585000 phase=1 lc=15 lb=1 readyA=0 readyB=1 since=15
# WRAP_LAST t=2597000 phase=1 vid=13
# WRAP_START t=2617000 phase=1 lc=16 lb=0 readyA=1 readyB=0 since=15
# WRAP_LAST t=2629000 phase=1 vid=14
# WRAP_START t=2649000 phase=1 lc=17 lb=1 readyA=0 readyB=1 since=15
# WRAP_LAST t=2661000 phase=1 vid=15
# WRAP_START t=2681000 phase=1 lc=18 lb=0 readyA=1 readyB=0 since=15
# WRAP_LAST t=2693000 phase=1 vid=16
# WRAP_START t=2713000 phase=1 lc=19 lb=1 readyA=0 readyB=1 since=15
# WRAP_LAST t=2725000 phase=1 vid=17
# WRAP_START t=2745000 phase=1 lc=20 lb=0 readyA=1 readyB=0 since=15
# WRAP_LAST t=2757000 phase=1 vid=18
# WRAP_START t=2777000 phase=1 lc=21 lb=1 readyA=0 readyB=1 since=15
# WRAP_LAST t=2789000 phase=1 vid=19
# WRAP_START t=2809000 phase=1 lc=22 lb=0 readyA=1 readyB=0 since=15
# WRAP_LAST t=2821000 phase=1 vid=20
# WRAP_START t=2841000 phase=1 lc=23 lb=1 readyA=0 readyB=1 since=15
# WRAP_LAST t=2853000 phase=1 vid=21
# WRAP_START t=2873000 phase=1 lc=24 lb=0 readyA=1 readyB=0 since=15
# WRAP_LAST t=2885000 phase=1 vid=22
# WRAP_START t=2905000 phase=1 lc=25 lb=1 readyA=0 readyB=1 since=15
# WRAP_LAST t=2917000 phase=1 vid=23
# WRAP_START t=2937000 phase=1 lc=26 lb=0 readyA=1 readyB=0 since=15
# WRAP_LAST t=2949000 phase=1 vid=24
# WRAP_START t=2969000 phase=1 lc=27 lb=1 readyA=0 readyB=1 since=15
# WRAP_LAST t=2981000 phase=1 vid=25
# WRAP_START t=3001000 phase=1 lc=28 lb=0 readyA=1 readyB=0 since=15
# WRAP_LAST t=3013000 phase=1 vid=26
# WRAP_START t=3033000 phase=1 lc=29 lb=1 readyA=0 readyB=1 since=15
# WRAP_LAST t=3045000 phase=1 vid=27
# WRAP_START t=3065000 phase=1 lc=30 lb=0 readyA=1 readyB=0 since=15
# WRAP_LAST t=3077000 phase=1 vid=28
# WRAP_START t=3097000 phase=1 lc=31 lb=1 readyA=0 readyB=1 since=15
# WRAP_LAST t=3109000 phase=1 vid=29
# WRAP_START t=3129000 phase=1 lc=32 lb=0 readyA=1 readyB=0 since=15
# WRAP_LAST t=3141000 phase=1 vid=30
# WRAP_START t=3161000 phase=1 lc=33 lb=1 readyA=0 readyB=1 since=15
# WRAP_LAST t=3173000 phase=1 vid=31
# WRAP_START t=3193000 phase=1 lc=34 lb=0 readyA=1 readyB=0 since=15
# WRAP_LAST t=3205000 phase=1 vid=32
# WRAP_START t=3225000 phase=1 lc=35 lb=1 readyA=0 readyB=1 since=15
# WRAP_LAST t=3237000 phase=1 vid=33
# WRAP_START t=3257000 phase=1 lc=36 lb=0 readyA=1 readyB=0 since=15
# WRAP_LAST t=3269000 phase=1 vid=34
# WRAP_START t=3289000 phase=1 lc=37 lb=1 readyA=0 readyB=1 since=15
# WRAP_LAST t=3301000 phase=1 vid=35
# WRAP_START t=3321000 phase=1 lc=38 lb=0 readyA=1 readyB=0 since=15
# WRAP_LAST t=3333000 phase=1 vid=36
# WRAP_START t=3353000 phase=1 lc=39 lb=1 readyA=0 readyB=1 since=15
# WRAP_LAST t=3365000 phase=1 vid=37
# WRAP_START t=3385000 phase=1 lc=40 lb=0 readyA=1 readyB=0 since=15
# WRAP_LAST t=3397000 phase=1 vid=38
# WRAP_START t=3417000 phase=1 lc=41 lb=1 readyA=0 readyB=1 since=15
# WRAP_LAST t=3429000 phase=1 vid=39
# WRAP_START t=3449000 phase=1 lc=42 lb=0 readyA=1 readyB=0 since=15
# WRAP_LAST t=3461000 phase=1 vid=40
# WRAP_START t=3481000 phase=1 lc=43 lb=1 readyA=0 readyB=1 since=15
# WRAP_LAST t=3493000 phase=1 vid=41
# WRAP_START t=3513000 phase=1 lc=44 lb=0 readyA=1 readyB=0 since=15
# WRAP_LAST t=3525000 phase=1 vid=42
# WRAP_START t=3545000 phase=1 lc=45 lb=1 readyA=0 readyB=1 since=15
# WRAP_LAST t=3557000 phase=1 vid=43
# WRAP_START t=3577000 phase=1 lc=46 lb=0 readyA=1 readyB=0 since=15
# WRAP_LAST t=3589000 phase=1 vid=44
# WRAP_START t=3609000 phase=1 lc=47 lb=1 readyA=0 readyB=1 since=15
# WRAP_LAST t=3621000 phase=1 vid=45
# WRAP_START t=3641000 phase=1 lc=48 lb=0 readyA=1 readyB=0 since=15
# WRAP_LAST t=3653000 phase=1 vid=46
# WRAP_START t=3673000 phase=1 lc=49 lb=1 readyA=0 readyB=1 since=15
# WRAP_LAST t=3685000 phase=1 vid=47
# WRAP_START t=3705000 phase=1 lc=50 lb=0 readyA=1 readyB=0 since=15
# WRAP_LAST t=3717000 phase=1 vid=48
# WRAP_START t=3737000 phase=1 lc=51 lb=1 readyA=0 readyB=1 since=15
# WRAP_LAST t=3749000 phase=1 vid=49
# WRAP_START t=3769000 phase=1 lc=52 lb=0 readyA=1 readyB=0 since=15
# WRAP_LAST t=3781000 phase=1 vid=50
# WRAP_START t=3801000 phase=1 lc=53 lb=1 readyA=0 readyB=1 since=15
# WRAP_LAST t=3813000 phase=1 vid=51
# WRAP_START t=3833000 phase=1 lc=54 lb=0 readyA=1 readyB=0 since=15
# WRAP_LAST t=3845000 phase=1 vid=52
# WRAP_START t=3865000 phase=1 lc=55 lb=1 readyA=0 readyB=1 since=15
# WRAP_LAST t=3877000 phase=1 vid=53
# WRAP_START t=3897000 phase=1 lc=56 lb=0 readyA=1 readyB=0 since=15
# WRAP_LAST t=3909000 phase=1 vid=54
# WRAP_START t=3929000 phase=1 lc=57 lb=1 readyA=0 readyB=1 since=15
# WRAP_LAST t=3941000 phase=1 vid=55
# WRAP_START t=3961000 phase=1 lc=58 lb=0 readyA=1 readyB=0 since=15
# WRAP_LAST t=3973000 phase=1 vid=56
# WRAP_START t=3993000 phase=1 lc=59 lb=1 readyA=0 readyB=1 since=15
# WRAP_LAST t=4005000 phase=1 vid=57
# WRAP_START t=4025000 phase=1 lc=60 lb=0 readyA=1 readyB=0 since=15
# WRAP_LAST t=4037000 phase=1 vid=58
# WRAP_START t=4057000 phase=1 lc=61 lb=1 readyA=0 readyB=1 since=15
# WRAP_LAST t=4069000 phase=1 vid=59
# WRAP_START t=4089000 phase=1 lc=62 lb=0 readyA=1 readyB=0 since=15
# WRAP_LAST t=4101000 phase=1 vid=60
# WRAP_START t=4121000 phase=1 lc=63 lb=1 readyA=0 readyB=1 since=15
# WRAP_LAST t=4133000 phase=1 vid=61
# WRAP_LAST t=4165000 phase=1 vid=62
# WRAP_LAST t=4197000 phase=1 vid=63
# WRAP_START t=4239000 phase=2 lc=0 lb=0 readyA=1 readyB=0 since=34
# WRAP_START t=4271000 phase=2 lc=1 lb=1 readyA=0 readyB=1 since=15
# WRAP_START t=4303000 phase=2 lc=2 lb=0 readyA=1 readyB=0 since=15
# WRAP_LAST t=4315000 phase=2 vid=64
# WRAP_START t=4335000 phase=2 lc=3 lb=1 readyA=0 readyB=1 since=15
# WRAP_LAST t=4347000 phase=2 vid=65
# WRAP_START t=4367000 phase=2 lc=4 lb=0 readyA=1 readyB=0 since=15
# WRAP_LAST t=4379000 phase=2 vid=66
# WRAP_START t=4399000 phase=2 lc=5 lb=1 readyA=0 readyB=1 since=15
# WRAP_LAST t=4411000 phase=2 vid=67
# WRAP_START t=4431000 phase=2 lc=6 lb=0 readyA=1 readyB=0 since=15
# WRAP_LAST t=4443000 phase=2 vid=68
# WRAP_START t=4463000 phase=2 lc=7 lb=1 readyA=0 readyB=1 since=15
# WRAP_LAST t=4475000 phase=2 vid=69
# WRAP_START t=4495000 phase=2 lc=8 lb=0 readyA=1 readyB=0 since=15
# WRAP_LAST t=4507000 phase=2 vid=70
# WRAP_START t=4527000 phase=2 lc=9 lb=1 readyA=0 readyB=1 since=15
# WRAP_LAST t=4539000 phase=2 vid=71
# WRAP_START t=4559000 phase=2 lc=10 lb=0 readyA=1 readyB=0 since=15
# WRAP_LAST t=4571000 phase=2 vid=72
# WRAP_START t=4591000 phase=2 lc=11 lb=1 readyA=0 readyB=1 since=15
# WRAP_LAST t=4603000 phase=2 vid=73
# WRAP_START t=4623000 phase=2 lc=12 lb=0 readyA=1 readyB=0 since=15
# WRAP_LAST t=4635000 phase=2 vid=74
# WRAP_START t=4655000 phase=2 lc=13 lb=1 readyA=0 readyB=1 since=15
# WRAP_LAST t=4667000 phase=2 vid=75
# WRAP_START t=4687000 phase=2 lc=14 lb=0 readyA=1 readyB=0 since=15
# WRAP_LAST t=4699000 phase=2 vid=76
# WRAP_START t=4719000 phase=2 lc=15 lb=1 readyA=0 readyB=1 since=15
# WRAP_LAST t=4731000 phase=2 vid=77
# WRAP_START t=4751000 phase=2 lc=16 lb=0 readyA=1 readyB=0 since=15
# WRAP_LAST t=4763000 phase=2 vid=78
# WRAP_START t=4783000 phase=2 lc=17 lb=1 readyA=0 readyB=1 since=15
# WRAP_LAST t=4795000 phase=2 vid=79
# WRAP_START t=4815000 phase=2 lc=18 lb=0 readyA=1 readyB=0 since=15
# WRAP_LAST t=4827000 phase=2 vid=80
# WRAP_START t=4847000 phase=2 lc=19 lb=1 readyA=0 readyB=1 since=15
# WRAP_LAST t=4859000 phase=2 vid=81
# WRAP_START t=4879000 phase=2 lc=20 lb=0 readyA=1 readyB=0 since=15
# WRAP_LAST t=4891000 phase=2 vid=82
# WRAP_START t=4911000 phase=2 lc=21 lb=1 readyA=0 readyB=1 since=15
# WRAP_LAST t=4923000 phase=2 vid=83
# WRAP_START t=4943000 phase=2 lc=22 lb=0 readyA=1 readyB=0 since=15
# WRAP_LAST t=4955000 phase=2 vid=84
# WRAP_START t=4975000 phase=2 lc=23 lb=1 readyA=0 readyB=1 since=15
# WRAP_LAST t=4987000 phase=2 vid=85
# WRAP_START t=5007000 phase=2 lc=24 lb=0 readyA=1 readyB=0 since=15
# WRAP_LAST t=5019000 phase=2 vid=86
# WRAP_START t=5039000 phase=2 lc=25 lb=1 readyA=0 readyB=1 since=15
# WRAP_LAST t=5051000 phase=2 vid=87
# WRAP_START t=5071000 phase=2 lc=26 lb=0 readyA=1 readyB=0 since=15
# WRAP_LAST t=5083000 phase=2 vid=88
# WRAP_START t=5103000 phase=2 lc=27 lb=1 readyA=0 readyB=1 since=15
# WRAP_LAST t=5115000 phase=2 vid=89
# WRAP_START t=5135000 phase=2 lc=28 lb=0 readyA=1 readyB=0 since=15
# WRAP_LAST t=5147000 phase=2 vid=90
# WRAP_START t=5167000 phase=2 lc=29 lb=1 readyA=0 readyB=1 since=15
# WRAP_LAST t=5179000 phase=2 vid=91
# WRAP_START t=5199000 phase=2 lc=30 lb=0 readyA=1 readyB=0 since=15
# WRAP_LAST t=5211000 phase=2 vid=92
# WRAP_START t=5231000 phase=2 lc=31 lb=1 readyA=0 readyB=1 since=15
# WRAP_LAST t=5243000 phase=2 vid=93
# WRAP_START t=5263000 phase=2 lc=32 lb=0 readyA=1 readyB=0 since=15
# WRAP_LAST t=5275000 phase=2 vid=94
# WRAP_START t=5295000 phase=2 lc=33 lb=1 readyA=0 readyB=1 since=15
# WRAP_LAST t=5307000 phase=2 vid=95
# WRAP_START t=5327000 phase=2 lc=34 lb=0 readyA=1 readyB=0 since=15
# WRAP_LAST t=5339000 phase=2 vid=96
# WRAP_START t=5359000 phase=2 lc=35 lb=1 readyA=0 readyB=1 since=15
# WRAP_LAST t=5371000 phase=2 vid=97
# WRAP_START t=5391000 phase=2 lc=36 lb=0 readyA=1 readyB=0 since=15
# WRAP_LAST t=5403000 phase=2 vid=98
# WRAP_START t=5423000 phase=2 lc=37 lb=1 readyA=0 readyB=1 since=15
# WRAP_LAST t=5435000 phase=2 vid=99
# WRAP_START t=5455000 phase=2 lc=38 lb=0 readyA=1 readyB=0 since=15
# WRAP_LAST t=5467000 phase=2 vid=100
# WRAP_START t=5487000 phase=2 lc=39 lb=1 readyA=0 readyB=1 since=15
# WRAP_LAST t=5499000 phase=2 vid=101
# WRAP_START t=5519000 phase=2 lc=40 lb=0 readyA=1 readyB=0 since=15
# WRAP_LAST t=5531000 phase=2 vid=102
# WRAP_START t=5551000 phase=2 lc=41 lb=1 readyA=0 readyB=1 since=15
# WRAP_LAST t=5563000 phase=2 vid=103
# WRAP_START t=5583000 phase=2 lc=42 lb=0 readyA=1 readyB=0 since=15
# WRAP_LAST t=5595000 phase=2 vid=104
# WRAP_START t=5615000 phase=2 lc=43 lb=1 readyA=0 readyB=1 since=15
# WRAP_LAST t=5627000 phase=2 vid=105
# WRAP_START t=5647000 phase=2 lc=44 lb=0 readyA=1 readyB=0 since=15
# WRAP_LAST t=5659000 phase=2 vid=106
# WRAP_START t=5679000 phase=2 lc=45 lb=1 readyA=0 readyB=1 since=15
# WRAP_LAST t=5691000 phase=2 vid=107
# WRAP_START t=5711000 phase=2 lc=46 lb=0 readyA=1 readyB=0 since=15
# WRAP_LAST t=5723000 phase=2 vid=108
# WRAP_START t=5743000 phase=2 lc=47 lb=1 readyA=0 readyB=1 since=15
# WRAP_LAST t=5755000 phase=2 vid=109
# WRAP_START t=5775000 phase=2 lc=48 lb=0 readyA=1 readyB=0 since=15
# WRAP_LAST t=5787000 phase=2 vid=110
# WRAP_START t=5807000 phase=2 lc=49 lb=1 readyA=0 readyB=1 since=15
# WRAP_LAST t=5819000 phase=2 vid=111
# WRAP_START t=5839000 phase=2 lc=50 lb=0 readyA=1 readyB=0 since=15
# WRAP_LAST t=5851000 phase=2 vid=112
# WRAP_START t=5871000 phase=2 lc=51 lb=1 readyA=0 readyB=1 since=15
# WRAP_LAST t=5883000 phase=2 vid=113
# WRAP_START t=5903000 phase=2 lc=52 lb=0 readyA=1 readyB=0 since=15
# WRAP_LAST t=5915000 phase=2 vid=114
# WRAP_START t=5935000 phase=2 lc=53 lb=1 readyA=0 readyB=1 since=15
# WRAP_LAST t=5947000 phase=2 vid=115
# WRAP_START t=5967000 phase=2 lc=54 lb=0 readyA=1 readyB=0 since=15
# WRAP_LAST t=5979000 phase=2 vid=116
# WRAP_START t=5999000 phase=2 lc=55 lb=1 readyA=0 readyB=1 since=15
# WRAP_LAST t=6011000 phase=2 vid=117
# WRAP_START t=6031000 phase=2 lc=56 lb=0 readyA=1 readyB=0 since=15
# WRAP_LAST t=6043000 phase=2 vid=118
# WRAP_START t=6063000 phase=2 lc=57 lb=1 readyA=0 readyB=1 since=15
# WRAP_LAST t=6075000 phase=2 vid=119
# WRAP_START t=6095000 phase=2 lc=58 lb=0 readyA=1 readyB=0 since=15
# WRAP_LAST t=6107000 phase=2 vid=120
# WRAP_START t=6127000 phase=2 lc=59 lb=1 readyA=0 readyB=1 since=15
# WRAP_LAST t=6139000 phase=2 vid=121
# WRAP_START t=6159000 phase=2 lc=60 lb=0 readyA=1 readyB=0 since=15
# WRAP_LAST t=6171000 phase=2 vid=122
# WRAP_START t=6191000 phase=2 lc=61 lb=1 readyA=0 readyB=1 since=15
# WRAP_LAST t=6203000 phase=2 vid=123
# WRAP_START t=6223000 phase=2 lc=62 lb=0 readyA=1 readyB=0 since=15
# WRAP_LAST t=6235000 phase=2 vid=124
# WRAP_START t=6255000 phase=2 lc=63 lb=1 readyA=0 readyB=1 since=15
# WRAP_LAST t=6267000 phase=2 vid=125
# WRAP_LAST t=6299000 phase=2 vid=126
# WRAP_LAST t=6331000 phase=2 vid=127
# STEP12B_WRAPPER_PASS cycles=2410 output_beats=1024
# ** Note: $finish    : 03_verification/tb/step12b_dct2_64_wrapper_tb.sv(366)
#    Time: 6882001 ps  Iteration: 0  Instance: /step12b_dct2_64_wrapper_tb
# End time: 15:07:28 on Sep 13,2026, Elapsed time: 0:00:01
# Errors: 0, Warnings: 0
