{
  "version": "V3.5-17-Step12B-cycle-model",
  "status": "PASS",
  "cases": [
    {
      "kind": "zero",
      "cycles": 2130,
      "vectors": 128,
      "vector_ii": {
        "vertical": [
          16
        ],
        "horizontal": [
          16
        ]
      },
      "result_writes": 1024,
      "result_fires": 1024,
      "stats": {
        "input_cache_full": 0,
        "staging_wait": 0,
        "result_capacity_wait": 0,
        "output_backpressure": 0,
        "epoch_scrub": 0
      }
    },
    {
      "kind": "sparse",
      "cycles": 2135,
      "vectors": 128,
      "vector_ii": {
        "vertical": [
          16
        ],
        "horizontal": [
          16
        ]
      },
      "result_writes": 1024,
      "result_fires": 1024,
      "stats": {
        "input_cache_full": 0,
        "staging_wait": 0,
        "result_capacity_wait": 0,
        "output_backpressure": 0,
        "epoch_scrub": 0
      }
    },
    {
      "kind": "alternating",
      "cycles": 6226,
      "vectors": 128,
      "vector_ii": {
        "vertical": [
          16
        ],
        "horizontal": [
          16
        ]
      },
      "result_writes": 1024,
      "result_fires": 1024,
      "stats": {
        "input_cache_full": 0,
        "staging_wait": 0,
        "result_capacity_wait": 0,
        "output_backpressure": 0,
        "epoch_scrub": 0
      }
    },
    {
      "kind": "random",
      "cycles": 6225,
      "vectors": 128,
      "vector_ii": {
        "vertical": [
          16
        ],
        "horizontal": [
          16
        ]
      },
      "result_writes": 1024,
      "result_fires": 1024,
      "stats": {
        "input_cache_full": 0,
        "staging_wait": 0,
        "result_capacity_wait": 0,
        "output_backpressure": 0,
        "epoch_scrub": 0
      }
    }
  ],
  "backpressure": {
    "kind": "backpressure",
    "cycles": 2565,
    "vectors": 128,
    "vector_ii": {
      "vertical": [
        16
      ],
      "horizontal": [
        16
      ]
    },
    "result_writes": 1024,
    "result_fires": 1024,
    "stats": {
      "input_cache_full": 0,
      "staging_wait": 0,
      "result_capacity_wait": 0,
      "output_backpressure": 755,
      "epoch_scrub": 0
    }
  }
}
Model Technology ModelSim SE-64 vlog 2020.4 Compiler 2020.10 Oct 13 2020
Start time: 17:13:37 on Sep 11,2026
vlog -sv -work work "+incdir+02_rtl/rtl" 02_rtl/rtl/p2f_dct2_64_b1_step102.sv 02_rtl/rtl/step12b_dct2_64_wrapper.sv 03_verification/tb/step12b_dct2_64_wrapper_tb.sv 
-- Compiling module p2f_dct2_64_b1_step102
-- Compiling module step12b_dct2_64_wrapper
-- Compiling module step12b_dct2_64_wrapper_tb

Top level modules:
	step12b_dct2_64_wrapper_tb
End time: 17:13:37 on Sep 11,2026, Elapsed time: 0:00:00
Errors: 0, Warnings: 0
Model Technology ModelSim SE-64 vlog 2020.4 Compiler 2020.10 Oct 13 2020
Start time: 17:13:39 on Sep 11,2026
vlog -sv -work work "+define+SYNTHESIS" "+incdir+02_rtl/rtl" 02_rtl/rtl/p2f_dct2_64_b1_step102.sv 02_rtl/rtl/step12b_dct2_64_wrapper.sv 03_verification/tb/step12b_dct2_64_wrapper_tb.sv 
-- Compiling module p2f_dct2_64_b1_step102
-- Compiling module step12b_dct2_64_wrapper
-- Compiling module step12b_dct2_64_wrapper_tb

Top level modules:
	step12b_dct2_64_wrapper_tb
End time: 17:13:39 on Sep 11,2026, Elapsed time: 0:00:00
Errors: 0, Warnings: 0
V35_17_STEP12B_FUNCTIONAL_SMOKE_PASS
