Reading pref.tcl

# 2020.4

# vsim -c work.step12b_dct2_64_wrapper_two_tu_tb -do "run -all; quit -f" 
# Start time: 15:07:47 on Sep 13,2026
# ** Note: (vsim-3812) Design is being optimized...
# //  ModelSim SE-64 2020.4 Oct 13 2020
# //
# //  Copyright 1991-2020 Mentor Graphics Corporation
# //  All Rights Reserved.
# //
# //  ModelSim SE-64 and its associated documentation contain trade
# //  secrets and commercial or financial information that are the property of
# //  Mentor Graphics Corporation and are privileged, confidential,
# //  and exempt from disclosure under the Freedom of Information Act,
# //  5 U.S.C. Section 552. Furthermore, this information
# //  is prohibited from disclosure under the Trade Secrets Act,
# //  18 U.S.C. Section 1905.
# //
# Loading sv_std.std
# Loading work.step12b_dct2_64_wrapper_two_tu_tb(fast)
# run -all
# STEP12B_TWO_TU_PASS cycles=7093 output_beats=2048 done=2
# ** Note: $finish    : 03_verification/tb/step12b_dct2_64_wrapper_two_tu_tb.sv(128)
#    Time: 16250001 ps  Iteration: 0  Instance: /step12b_dct2_64_wrapper_two_tu_tb
# End time: 15:07:48 on Sep 13,2026, Elapsed time: 0:00:01
# Errors: 0, Warnings: 0
