Copyright 1986-2022 Xilinx, Inc. All Rights Reserved. Copyright 2022-2025 Advanced Micro Devices, Inc. All Rights Reserved.
---------------------------------------------------------------------------------------------------------------------------------------------
| Tool Version : Vivado v.2025.2 (win64) Build 6299465 Fri Nov 14 19:35:11 GMT 2025
| Date         : Sun Sep 13 10:16:18 2026
| Host         : Finesse running 64-bit major release  (build 9200)
| Command      : report_high_fanout_nets -max_nets 200 -file 05_audit/current/18/m1_synth/report_high_fanout_postsynth.rpt
| Design       : step12b_dct2_64_wrapper
| Device       : xcku5p
| Design State : Synthesized
---------------------------------------------------------------------------------------------------------------------------------------------

High Fan-out Nets Information

1. Summary
----------

+---------------------------------------------------+--------+-------------+
| Net Name                                          | Fanout | Driver Type |
+---------------------------------------------------+--------+-------------+
| frozen_r4c/output_active_i_2_n_0                  |  18321 | LUT1        |
| stage_read_vector[2]                              |  13440 | FDRE        |
| stage_read_vector[3]                              |  13440 | FDRE        |
| stage_read_vector[4]                              |  13312 | FDRE        |
| stage_read_vector[5]                              |  13248 | FDRE        |
| it_data_addr[6]                                   |  12931 | PORT        |
| it_data_addr[7]                                   |  12931 | PORT        |
| it_data_addr[2]                                   |  12908 | PORT        |
| it_data_addr[3]                                   |  12908 | PORT        |
| it_data_addr[4]                                   |  12908 | PORT        |
| it_data_addr[5]                                   |  12908 | PORT        |
| stage_read_vector_reg__1_n_0                      |   9906 | FDRE        |
| input_tag_b3_reg_r3_0_63_0_6_i_1_n_0              |   9888 | LUT1        |
| debug_stage16_valid_i_1_n_0                       |   2430 | LUT1        |
| frozen_r4c/red_s0_data[0]                         |   1056 | LUT5        |
| frozen_r4c/stage16_mem[0][50][15]_i_1_n_0         |   1041 | LUT3        |
| frozen_r4c/stage16_mem[1][50][15]_i_1_n_0         |   1041 | LUT3        |
| frozen_r4c/stage16_mem[2][50][15]_i_1_n_0         |   1041 | LUT3        |
| frozen_r4c/stage16_mem[3][50][15]_i_1_n_0         |   1041 | LUT3        |
| launch_bank_reg_n_0                               |   1028 | FDRE        |
| frozen_r4c/r4a_vector_buf_a[0]                    |   1024 | LUT2        |
| frozen_r4c/r4a_vector_buf_b[0]                    |   1024 | LUT2        |
| frozen_r4c/result_group[0]                        |    998 | FDCE        |
| frozen_r4c/result_group[2]                        |    983 | FDCE        |
| frozen_r4c/result_group[3]                        |    958 | FDCE        |
| frozen_r4c/result_group[1]                        |    909 | FDCE        |
| input_tag_a3_reg_r1_0_63_0_6_i_10_n_0             |    900 | LUT3        |
| input_tag_a3_reg_r1_0_63_0_6_i_11_n_0             |    900 | LUT3        |
| input_tag_a3_reg_r1_0_63_0_6_i_12_n_0             |    900 | LUT3        |
| input_tag_a3_reg_r1_0_63_0_6_i_13_n_0             |    900 | LUT3        |
| input_tag_a3_reg_r1_0_63_0_6_i_8_n_0              |    900 | LUT3        |
| input_tag_a3_reg_r1_0_63_0_6_i_9_n_0              |    900 | LUT3        |
| input_tag_a3_reg_r2_0_63_0_6_i_1_n_0              |    900 | LUT3        |
| input_tag_a3_reg_r2_0_63_0_6_i_2_n_0              |    900 | LUT3        |
| input_tag_a3_reg_r2_0_63_0_6_i_3_n_0              |    900 | LUT3        |
| input_tag_a3_reg_r2_0_63_0_6_i_4_n_0              |    900 | LUT3        |
| input_tag_a3_reg_r2_0_63_0_6_i_5_n_0              |    900 | LUT3        |
| input_tag_a3_reg_r2_0_63_0_6_i_6_n_0              |    900 | LUT3        |
| input_tag_a3_reg_r3_0_63_0_6_i_1_n_0              |    900 | LUT3        |
| input_tag_a3_reg_r3_0_63_0_6_i_2_n_0              |    900 | LUT3        |
| input_tag_a3_reg_r3_0_63_0_6_i_3_n_0              |    900 | LUT3        |
| input_tag_a3_reg_r3_0_63_0_6_i_4_n_0              |    900 | LUT3        |
| input_tag_a3_reg_r3_0_63_0_6_i_5_n_0              |    900 | LUT3        |
| input_tag_a3_reg_r3_0_63_0_6_i_6_n_0              |    900 | LUT3        |
| input_tag_a3_reg_r5_0_63_0_6_i_1_n_0              |    900 | LUT3        |
| input_tag_a3_reg_r5_0_63_0_6_i_2_n_0              |    900 | LUT3        |
| input_tag_a3_reg_r5_0_63_0_6_i_3_n_0              |    900 | LUT3        |
| input_tag_a3_reg_r5_0_63_0_6_i_4_n_0              |    900 | LUT3        |
| input_tag_a3_reg_r5_0_63_0_6_i_5_n_0              |    900 | LUT3        |
| input_tag_a3_reg_r5_0_63_0_6_i_6_n_0              |    900 | LUT3        |
| input_tag_b3_reg_r1_0_63_0_6_i_10_n_0             |    900 | LUT3        |
| input_tag_b3_reg_r1_0_63_0_6_i_11_n_0             |    900 | LUT3        |
| input_tag_b3_reg_r1_0_63_0_6_i_12_n_0             |    900 | LUT3        |
| input_tag_b3_reg_r1_0_63_0_6_i_13_n_0             |    900 | LUT3        |
| input_tag_b3_reg_r1_0_63_0_6_i_8_n_0              |    900 | LUT3        |
| input_tag_b3_reg_r1_0_63_0_6_i_9_n_0              |    900 | LUT3        |
| input_tag_b3_reg_r2_0_63_0_6_i_1_n_0              |    900 | LUT3        |
| input_tag_b3_reg_r2_0_63_0_6_i_2_n_0              |    900 | LUT3        |
| input_tag_b3_reg_r2_0_63_0_6_i_3_n_0              |    900 | LUT3        |
| input_tag_b3_reg_r2_0_63_0_6_i_4_n_0              |    900 | LUT3        |
| input_tag_b3_reg_r2_0_63_0_6_i_5_n_0              |    900 | LUT3        |
| input_tag_b3_reg_r2_0_63_0_6_i_6_n_0              |    900 | LUT3        |
| input_tag_b3_reg_r3_0_63_0_6_i_2_n_0              |    900 | LUT3        |
| input_tag_b3_reg_r3_0_63_0_6_i_3_n_0              |    900 | LUT3        |
| input_tag_b3_reg_r3_0_63_0_6_i_4_n_0              |    900 | LUT3        |
| input_tag_b3_reg_r3_0_63_0_6_i_5_n_0              |    900 | LUT3        |
| input_tag_b3_reg_r3_0_63_0_6_i_6_n_0              |    900 | LUT3        |
| input_tag_b3_reg_r3_0_63_0_6_i_7_n_0              |    900 | LUT3        |
| input_tag_b3_reg_r5_0_63_0_6_i_1_n_0              |    900 | LUT3        |
| input_tag_b3_reg_r5_0_63_0_6_i_2_n_0              |    900 | LUT3        |
| input_tag_b3_reg_r5_0_63_0_6_i_3_n_0              |    900 | LUT3        |
| input_tag_b3_reg_r5_0_63_0_6_i_4_n_0              |    900 | LUT3        |
| input_tag_b3_reg_r5_0_63_0_6_i_5_n_0              |    900 | LUT3        |
| input_tag_b3_reg_r5_0_63_0_6_i_6_n_0              |    900 | LUT3        |
| result_mem_reg_0_63_0_6_i_1_n_0                   |    864 | LUT3        |
| result_mem_reg_0_63_0_6_i_2_n_0                   |    864 | LUT2        |
| inter_wr_addr0[4]                                 |    736 | LUT3        |
| inter_wr_addr3[4]                                 |    736 | LUT3        |
| intermediate_mem0_reg_0_63_0_6_i_10_n_0           |    576 | LUT6        |
| intermediate_mem0_reg_0_63_0_6_i_11_n_0           |    576 | LUT6        |
| intermediate_mem0_reg_0_63_0_6_i_12_n_0           |    576 | LUT6        |
| intermediate_mem0_reg_0_63_0_6_i_13_n_0           |    576 | LUT6        |
| intermediate_mem0_reg_0_63_7_13_i_10_n_0          |    576 | LUT6        |
| intermediate_mem0_reg_0_63_7_13_i_11_n_0          |    576 | LUT6        |
| intermediate_mem0_reg_0_63_7_13_i_8_n_0           |    576 | LUT6        |
| intermediate_mem0_reg_0_63_7_13_i_9_n_0           |    576 | LUT6        |
| it_data_in[0]                                     |    512 | PORT        |
| it_data_in[10]                                    |    512 | PORT        |
| it_data_in[11]                                    |    512 | PORT        |
| it_data_in[12]                                    |    512 | PORT        |
| it_data_in[13]                                    |    512 | PORT        |
| it_data_in[14]                                    |    512 | PORT        |
| it_data_in[15]                                    |    512 | PORT        |
| it_data_in[1]                                     |    512 | PORT        |
| it_data_in[2]                                     |    512 | PORT        |
| it_data_in[3]                                     |    512 | PORT        |
| it_data_in[4]                                     |    512 | PORT        |
| it_data_in[5]                                     |    512 | PORT        |
| it_data_in[6]                                     |    512 | PORT        |
| it_data_in[7]                                     |    512 | PORT        |
| it_data_in[8]                                     |    512 | PORT        |
| it_data_in[9]                                     |    512 | PORT        |
| frozen_r4c/red_s1_data[0]                         |    480 | LUT5        |
| frozen_r4c/red_s0_data[63][23]_i_1_n_0            |    480 | LUT6        |
| it_data_addr[9]                                   |    414 | PORT        |
| it_data_addr[8]                                   |    398 | PORT        |
| inter_wr_addr3[5]                                 |    368 | LUT5        |
| inter_wr_addr1[5]                                 |    368 | LUT5        |
| inter_wr_addr2[5]                                 |    368 | LUT5        |
| inter_wr_addr0[5]                                 |    368 | LUT5        |
| frozen_r4c/signal_reg[42][23]_i_1_n_0             |    360 | LUT4        |
| frozen_r4c/signal_reg[26][21]_i_1_n_0             |    352 | LUT6        |
| frozen_r4c/signal_reg[72][21]_i_1_n_0             |    352 | LUT4        |
| intermediate_mem0_reg_0_63_14_15_i_6_n_0          |    320 | LUT6        |
| inter_wr_addr0[2]                                 |    320 | LUT6        |
| intermediate_mem0_reg_0_63_14_15_i_5_n_0          |    320 | LUT6        |
| inter_wr_addr0[3]                                 |    320 | LUT6        |
| frozen_r4c/red_s1_data[27][23]_i_1_n_0            |    288 | LUT6        |
| it_data_addr[10]                                  |    262 | PORT        |
| input_tag_a3_reg_r1_192_255_0_6_i_1_n_0           |    200 | LUT6        |
| input_tag_a3_reg_r1_256_319_0_6_i_1_n_0           |    200 | LUT6        |
| input_tag_a3_reg_r1_320_383_0_6_i_1_n_0           |    200 | LUT6        |
| input_tag_a3_reg_r1_64_127_0_6_i_1_n_0            |    200 | LUT6        |
| input_tag_b3_reg_r1_128_191_0_6_i_1_n_0           |    200 | LUT6        |
| input_tag_b3_reg_r1_192_255_0_6_i_1_n_0           |    200 | LUT6        |
| input_tag_a3_reg_r1_704_767_0_6_i_1_n_0           |    200 | LUT6        |
| input_tag_b3_reg_r1_256_319_0_6_i_1_n_0           |    200 | LUT6        |
| input_tag_a3_reg_r1_768_831_0_6_i_1_n_0           |    200 | LUT6        |
| input_tag_b3_reg_r1_768_831_0_6_i_1_n_0           |    200 | LUT6        |
| input_tag_b3_reg_r1_320_383_0_6_i_1_n_0           |    200 | LUT6        |
| input_tag_a3_reg_r1_576_639_0_6_i_1_n_0           |    200 | LUT6        |
| input_tag_a3_reg_r1_832_895_0_6_i_1_n_0           |    200 | LUT6        |
| input_tag_a3_reg_r1_896_959_0_6_i_1_n_0           |    200 | LUT6        |
| input_tag_b3_reg_r1_704_767_0_6_i_1_n_0           |    200 | LUT6        |
| input_tag_a3_reg_r1_128_191_0_6_i_1_n_0           |    200 | LUT6        |
| input_tag_a3_reg_r1_960_1023_0_6_i_1_n_0          |    200 | LUT6        |
| input_tag_b3_reg_r1_384_447_0_6_i_1_n_0           |    200 | LUT6        |
| input_tag_a3_reg_r1_384_447_0_6_i_1_n_0           |    200 | LUT6        |
| input_tag_a3_reg_r1_448_511_0_6_i_1_n_0           |    200 | LUT6        |
| input_tag_b3_reg_r1_0_63_0_6_i_14_n_0             |    200 | LUT6        |
| input_tag_a3_reg_r1_512_575_0_6_i_1_n_0           |    200 | LUT6        |
| input_tag_b3_reg_r1_448_511_0_6_i_1_n_0           |    200 | LUT6        |
| input_tag_b3_reg_r1_512_575_0_6_i_1_n_0           |    200 | LUT6        |
| input_tag_b3_reg_r1_576_639_0_6_i_1_n_0           |    200 | LUT6        |
| input_tag_a3_reg_r1_0_63_0_6_i_14_n_0             |    200 | LUT6        |
| input_tag_b3_reg_r1_960_1023_0_6_i_1_n_0          |    200 | LUT6        |
| input_tag_b3_reg_r1_896_959_0_6_i_1_n_0           |    200 | LUT6        |
| input_tag_b3_reg_r1_832_895_0_6_i_1_n_0           |    200 | LUT6        |
| input_tag_b3_reg_r1_640_703_0_6_i_1_n_0           |    200 | LUT6        |
| input_tag_a3_reg_r1_640_703_0_6_i_1_n_0           |    200 | LUT6        |
| input_tag_b3_reg_r1_64_127_0_6_i_1_n_0            |    200 | LUT6        |
| it_data_addr[11]                                  |    198 | PORT        |
| frozen_r4c/red_s3_data[0]                         |    192 | LUT6        |
| frozen_r4c/red_s2_data[15][23]_i_1_n_0            |    192 | LUT6        |
| frozen_r4c/red_s2_data[0]                         |    192 | LUT5        |
| frozen_r4c/output_group_reg[1]_rep__0_n_0         |    186 | FDCE        |
| frozen_r4c/signal_reg[24][23]_i_1_n_0             |    186 | LUT4        |
| frozen_r4c/dot_value_bank[0][13][23]_i_1_n_0      |    186 | LUT6        |
| frozen_r4c/bf_bank_reg_rep__7_n_0                 |    186 | FDCE        |
| frozen_r4c/dot_value_bank[1][13][23]_i_1_n_0      |    186 | LUT6        |
| debug_stage16_col_reg[5]_i_1_n_15                 |    169 | CARRY8      |
| inter_wr_en038_out                                |    167 | LUT5        |
| debug_stage16_col_reg[5]_i_1_n_14                 |    166 | CARRY8      |
| frozen_r4c/sched_bank_reg_reg[0]_rep_n_0          |    162 | FDCE        |
| result_pending_index[6]                           |    160 | FDRE        |
| result_pending_index[7]                           |    160 | FDRE        |
| frozen_r4c/bf_bank_reg_rep__9_n_0                 |    158 | FDCE        |
| frozen_r4c/bf_bank_reg_rep_n_0                    |    156 | FDCE        |
| frozen_r4c/bf_bank_reg_rep__17_n_0                |    154 | FDCE        |
| frozen_r4c/bf_bank_reg_rep__16_n_0                |    154 | FDCE        |
| frozen_r4c/bf_bank_reg_rep__8_n_0                 |    154 | FDCE        |
| frozen_r4c/r4a_issue_cycle_reg[0][3]_rep__4_n_0   |    146 | FDCE        |
| frozen_r4c/sched_bank_reg_reg[0]_rep__0_n_0       |    144 | FDCE        |
| frozen_r4c/signal_reg[108][21]_i_1_n_0            |    144 | LUT6        |
| frozen_r4c/sched_bank_reg_reg_n_0_[0]             |    144 | FDCE        |
| frozen_r4c/signal_reg[118][21]_i_1_n_0            |    144 | LUT4        |
| frozen_r4c/signal_reg[97][21]_i_1_n_0             |    144 | LUT4        |
| frozen_r4c/signal_reg[123][21]_i_1_n_0            |    144 | LUT4        |
| frozen_r4c/r4a_issue_cycle_reg[0][2]_rep__0_n_0   |    144 | FDCE        |
| frozen_r4c/bf_bank_reg_rep__10_n_0                |    144 | FDCE        |
| frozen_r4c/signal_reg[94][21]_i_1_n_0             |    144 | LUT4        |
| frozen_r4c/signal_reg[101][21]_i_1_n_0            |    144 | LUT5        |
| frozen_r4c/signal_reg[107][21]_i_1_n_0            |    144 | LUT4        |
| frozen_r4c/signal_reg[114][21]_i_1_n_0            |    144 | LUT4        |
| frozen_r4c/r4a_issue_active_reg[0]__0             |    142 | FDCE        |
| frozen_r4c/bf_bank_reg_n_0                        |    140 | FDCE        |
| p_55_in                                           |    139 | LUT6        |
| stage_read_group_reg[0]_rep__13_n_0               |    138 | FDRE        |
| frozen_r4c/r4a_issue_cycle_reg[0][1]_rep__0_n_0   |    134 | FDCE        |
| stage_read_group_reg[1]_rep__13_n_0               |    133 | FDRE        |
| frozen_r4c/result_valid                           |    133 | FDCE        |
| frozen_r4c/bf_bank_reg_rep__13_n_0                |    132 | FDCE        |
| frozen_r4c/r4a_issue_cycle_reg[0][0]_rep__4_n_0   |    132 | FDCE        |
| stage_a[63][7]_i_24_n_0                           |    128 | LUT4        |
| frozen_r4c/sched_valid_reg_reg[88]_rep__1_n_0     |    128 | FDCE        |
| frozen_r4c/sched_src_sel_reg_reg_n_0_[0][0]       |    128 | FDCE        |
| stage_a[63][15]_i_203_n_0                         |    128 | LUT4        |
| frozen_r4c/sched_valid_reg_reg[88]_rep_n_0        |    128 | FDCE        |
| stage_a[63][15]_i_364_n_0                         |    128 | LUT3        |
| frozen_r4c/sched_src_sel_reg_reg[0][0]_rep__0_n_0 |    128 | FDCE        |
+---------------------------------------------------+--------+-------------+


